
> procedural-world-engine@1.0.0 test
> vitest run

node.exe : [33mThe CJS build of Vite's Node API is deprecated. See https://vite.dev/guide/troubleshooting.html#vite
-cjs-node-api-deprecated for more details.[39m
C:\Program Files\nodejs\npm.ps1:29 знак:3
+   & $NODE_EXE $NPM_CLI_JS $args
+   ~~~~~~~~~~~~~~~~~~~~~~~~~~~~~
    + CategoryInfo          : NotSpecified: ([33mThe CJS bu...e details.[39m:String) [], RemoteException
    + FullyQualifiedErrorId : NativeCommandError
 

[7m[1m[36m RUN [39m[22m[27m [36mv1.6.1[39m [90mC:/Intel/tQandtD[39m

 [32mтЬУ[39m tests/unit/world/lod.test.ts [2m ([22m[2m71 tests[22m[2m)[22m[90m 50[2mms[22m[39m
[90mstderr[2m | tests/unit/world/serialization.test.ts[2m > [22m[2mModification Application on Deserialization
[2m > [22m[2mapplyModifications[2m > [22m[2mshould preserve modification timestamps[22m[39m
Invalid tile index 10 in height changes for chunk (0, 0)

[90mstderr[2m | tests/unit/world/serialization.test.ts[2m > [22m[2mModification Application on Deserialization
[2m > [22m[2mapplyModifications[2m > [22m[2mshould skip modifications for chunks not in cache[22m[39m
Cannot apply modifications to chunk (5, 5): chunk not in cache

[90mstderr[2m | tests/unit/world/serialization.test.ts[2m > [22m[2mModification Application on Deserialization
[2m > [22m[2mapplyModifications[2m > [22m[2mshould handle invalid tile indices gracefully[22m[39m
Invalid tile index 999 in height changes for chunk (0, 0)

[90mstderr[2m | tests/unit/world/serialization.test.ts[2m > [22m[2mModification Application on Deserialization
[2m > [22m[2mapplyModifications[2m > [22m[2mshould handle invalid structure indices gracefully[22m[39m
Invalid structure index 999 in removals for chunk (0, 0)

[90mstderr[2m | tests/unit/gen/rivers.test.ts[2m > [22m[2mRiverNetworkGenerator[2m > [22m[2mNetwork Generati
on[2m > [22m[2mgenerateNetwork returns valid RiverNetwork structure[22m[39m
River network contains cycles, flow calculation may be inaccurate

[90mstderr[2m | tests/unit/gen/rivers.test.ts[2m > [22m[2mRiverNetworkGenerator[2m > [22m[2mNetwork Generati
on[2m > [22m[2mgenerateNetwork with neighbors parameter accepts Map[22m[39m
River network contains cycles, flow calculation may be inaccurate

[90mstderr[2m | tests/unit/gen/rivers.test.ts[2m > [22m[2mRiverNetworkGenerator[2m > [22m[2mNetwork Generati
on[2m > [22m[2msegments have required properties[22m[39m
River network contains cycles, flow calculation may be inaccurate

[90mstderr[2m | tests/unit/gen/rivers.test.ts[2m > [22m[2mRiverNetworkGenerator[2m > [22m[2mMulti-Pass Pipel
ine[2m > [22m[2mpipeline executes with all features enabled[22m[39m
River network contains cycles, flow calculation may be inaccurate

[90mstderr[2m | tests/unit/gen/rivers.test.ts[2m > [22m[2mRiverNetworkGenerator[2m > [22m[2mMulti-Pass Pipel
ine[2m > [22m[2mpipeline executes with all features disabled[22m[39m
River network contains cycles, flow calculation may be inaccurate

[90mstderr[2m | tests/unit/gen/rivers.test.ts[2m > [22m[2mRiverNetworkGenerator[2m > [22m[2mMulti-Pass Pipel
ine[2m > [22m[2mlakes are only generated when enabled[22m[39m
River network contains cycles, flow calculation may be inaccurate
River network contains cycles, flow calculation may be inaccurate

[90mstderr[2m | tests/unit/gen/rivers.test.ts[2m > [22m[2mRiverNetworkGenerator[2m > [22m[2mFlow and Width C
alculation[2m > [22m[2mall segments have positive flow values[22m[39m
River network contains cycles, flow calculation may be inaccurate

[90mstderr[2m | tests/unit/gen/rivers.test.ts[2m > [22m[2mRiverNetworkGenerator[2m > [22m[2mFlow and Width C
alculation[2m > [22m[2mall segments have positive width values[22m[39m
River network contains cycles, flow calculation may be inaccurate

[90mstderr[2m | tests/unit/gen/rivers.test.ts[2m > [22m[2mRiverNetworkGenerator[2m > [22m[2mFlow and Width C
alculation[2m > [22m[2mwidth calculation uses logarithmic scaling[22m[39m
River network contains cycles, flow calculation may be inaccurate

[90mstderr[2m | tests/unit/gen/rivers.test.ts[2m > [22m[2mRiverNetworkGenerator[2m > [22m[2mTile-to-Segment 
Mapping[2m > [22m[2mtileToSegment map is populated correctly[22m[39m
River network contains cycles, flow calculation may be inaccurate

[90mstderr[2m | tests/unit/gen/rivers.test.ts[2m > [22m[2mRiverNetworkGenerator[2m > [22m[2mTile-to-Segment 
Mapping[2m > [22m[2mtileToSegment map size matches segment count[22m[39m
River network contains cycles, flow calculation may be inaccurate

[90mstderr[2m | tests/unit/gen/rivers.test.ts[2m > [22m[2mRiverNetworkGenerator[2m > [22m[2mConfiguration[2
m > [22m[2mrespects widthScale parameter[22m[39m
River network contains cycles, flow calculation may be inaccurate
River network contains cycles, flow calculation may be inaccurate

[90mstderr[2m | tests/unit/gen/rivers.test.ts[2m > [22m[2mRiverNetworkGenerator[2m > [22m[2mDeterminism[2m 
> [22m[2msame seed produces same network[22m[39m
River network contains cycles, flow calculation may be inaccurate
River network contains cycles, flow calculation may be inaccurate

[90mstderr[2m | tests/unit/gen/rivers.test.ts[2m > [22m[2mRiverNetworkGenerator[2m > [22m[2mLake Detection[
2m > [22m[2mdetects lake in simple depression[22m[39m
River network contains cycles, flow calculation may be inaccurate

[90mstderr[2m | tests/unit/gen/rivers.test.ts[2m > [22m[2mRiverNetworkGenerator[2m > [22m[2mLake Detection[
2m > [22m[2mlake has valid properties[22m[39m
River network contains cycles, flow calculation may be inaccurate

[90mstderr[2m | tests/unit/gen/rivers.test.ts[2m > [22m[2mRiverNetworkGenerator[2m > [22m[2mLake Detection[
2m > [22m[2mrespects maximum lake size constraint[22m[39m
River network contains cycles, flow calculation may be inaccurate

[90mstderr[2m | tests/unit/gen/rivers.test.ts[2m > [22m[2mRiverNetworkGenerator[2m > [22m[2mLake Detection[
2m > [22m[2mlake elevation is at lowest point in depression[22m[39m
River network contains cycles, flow calculation may be inaccurate

[90mstderr[2m | tests/unit/gen/rivers.test.ts[2m > [22m[2mRiverNetworkGenerator[2m > [22m[2mLake Detection[
2m > [22m[2mhandles multiple depressions[22m[39m
River network contains cycles, flow calculation may be inaccurate

 [32mтЬУ[39m tests/unit/world/serialization.test.ts [2m ([22m[2m80 tests[22m[2m)[22m[90m 114[2mms[22m[39m
 [32mтЬУ[39m tests/unit/gen/rivers.test.ts [2m ([22m[2m35 tests[22m[2m)[22m[90m 114[2mms[22m[39m
 [32mтЬУ[39m tests/integration/serialization-integration.test.ts [2m ([22m[2m22 tests[22m[2m)[22m[33m 1191[2mms[22m[39m
 [32mтЬУ[39m tests/unit/world/modification-tracking.test.ts [2m ([22m[2m28 tests[22m[2m)[22m[90m 175[2mms[22m[39m
[90mstderr[2m | tests/unit/world/modification-tracking.test.ts[2m > [22m[2mModification Tracking System[2m > 
[22m[2mEdge Cases[2m > [22m[2mshould handle invalid tile indices gracefully[22m[39m
Invalid tile index 9999 in height changes for chunk (0, 0)

[90mstderr[2m | tests/unit/world/modification-tracking.test.ts[2m > [22m[2mModification Tracking System[2m > 
[22m[2mEdge Cases[2m > [22m[2mshould handle invalid structure indices gracefully[22m[39m
Invalid structure index 999 in removals for chunk (0, 0)

[90mstderr[2m | tests/unit/world/modification-tracking.test.ts[2m > [22m[2mModification Tracking System[2m > 
[22m[2mEdge Cases[2m > [22m[2mshould handle modifications to missing chunks gracefully[22m[39m
Cannot apply modifications to chunk (0, 0): chunk not in cache

[90mstderr[2m | tests/unit/world/modification-tracking.test.ts[2m > [22m[2mModification Tracking System[2m > 
[22m[2mRound-trip Serialization[2m > [22m[2mshould preserve modifications through binary round-trip[22m[39m
Invalid structure index 0 in removals for chunk (0, 0)

 [32mтЬУ[39m tests/unit/core/noise.test.ts [2m ([22m[2m58 tests[22m[2m)[22m[90m 65[2mms[22m[39m
 [32mтЬУ[39m tests/bugfix/incremental-generation-biome-fix.exploration.test.ts [2m ([22m[2m6 tests[22m[2m)[22m[33m 4275[2mms[22m[39m
[90mstdout[2m | tests/bugfix/incremental-generation-biome-fix.exploration.test.ts[2m > [22m[2mIncremental Generation Biome Fix - Bug Condition Exploration[2m > [22m[2mProperty 1a: Bug Condition - TERRAIN Stage Never Advances[22m[39m

=== BUG DEMONSTRATION ===
After 11 iterations, stage is: COMPLETE
Stage progression: BIOMES -> BIOMES -> BIOMES -> BIOMES -> BIOMES -> BIOMES -> BIOMES -> BIOMES -> BIOMES -> BIOMES -> COMPLETE
Unique stages visited: BIOMES, COMPLETE
Completed: true

тЬУ FIX VERIFIED: Generation completed successfully
  - All stages advanced properly
  - No infinite loops detected

[90mstdout[2m | tests/bugfix/incremental-generation-biome-fix.exploration.test.ts[2m > [22m[2mIncremental Generation Biome Fix - Bug Condition Exploration[2m > [22m[2mProperty 1b: Bug Condition - BIOMES Stage Never Advances[22m[39m

=== BUG DEMONSTRATION - BIOMES STAGE ===
After 11 iterations, stage is: COMPLETE
Stage progression: BIOMES -> BIOMES -> BIOMES -> BIOMES -> BIOMES -> BIOMES -> BIOMES -> BIOMES -> BIOMES -> RIVERS -> COMPLETE
Unique stages visited: BIOMES, RIVERS, COMPLETE
Completed: true

тЬУ FIX VERIFIED: Generation completed successfully
  - All stages advanced properly
  - No infinite loops detected

[90mstdout[2m | tests/bugfix/incremental-generation-biome-fix.exploration.test.ts[2m > [22m[2mIncremental Generation Biome Fix - Bug Condition Exploration[2m > [22m[2mProperty 1c: Bug Condition - Work Regenerated on Every Call[22m[39m

=== BUG DEMONSTRATION - REDUNDANT WORK ===
Stage after first BIOMES call: BIOMES
Stage after second call: BIOMES
Heightmap reference changed: false
BiomeMap reference changed (1st->2nd): false
First BIOMES call time: 16.16ms
Second call time (next stage): 16.09ms

тЬУ FIX VERIFIED: Work NOT regenerated
  - BiomeMap reference unchanged: true
  - Heightmap reference unchanged: true
  - Completion tracking prevents redundant work

[90mstdout[2m | tests/bugfix/incremental-generation-biome-fix.exploration.test.ts[2m > [22m[2mIncremental Generation Biome Fix - Bug Condition Exploration[2m > [22m[2mProperty 1d: Bug Condition - BiomeMap Missing After First Call[22m[39m

=== BUG DEMONSTRATION - PREMATURE RENDERING ===
Stage after first continueGeneration() call: BIOMES
BiomeMap exists: true
Heightmap exists: true

тЬУ FIX VERIFIED: BiomeMap defined after first continueGeneration() call
  - DemoApp calls continueGeneration() at least twice before emitting CHUNK_LOADED
  - Proper biome colors on first render

[90mstdout[2m | tests/bugfix/incremental-generation-biome-fix.exploration.test.ts[2m > [22m[2mIncremental Generation Biome Fix - Bug Condition Exploration[2m > [22m[2mProperty 1e: Bug Condition - Chunks Never Complete[22m[39m

=== BUG DEMONSTRATION - ZERO COMPLETION RATE ===
Total chunks: 9
Total continueGeneration() calls: 94
Completed chunks: 9
Completion rate: 100.0%

Stage distribution:
  COMPLETE: 9 chunks (100.0%)

Calls per chunk:
  Chunk (0,0): 7 calls, stage: COMPLETE
  Chunk (0,1): 8 calls, stage: COMPLETE
  Chunk (0,2): 8 calls, stage: COMPLETE
  Chunk (1,0): 8 calls, stage: COMPLETE
  Chunk (1,1): 7 calls, stage: COMPLETE
  Chunk (1,2): 26 calls, stage: COMPLETE
  Chunk (2,0): 7 calls, stage: COMPLETE
  Chunk (2,1): 9 calls, stage: COMPLETE
  Chunk (2,2): 14 calls, stage: COMPLETE

тЬУ FIX VERIFIED: 100.0% completion rate
  - Stages advance properly
  - Chunks complete generation
  - System is functional

[90mstdout[2m | tests/bugfix/incremental-generation-biome-fix.exploration.test.ts[2m > [22m[2mIncremental Generation Biome Fix - Bug Condition Exploration[2m > [22m[2mProperty 1f: Bug Condition - Work Done Before Budget Check[22m[39m

=== BUG DEMONSTRATION - TIME BUDGET DESIGN FLAW ===

PART 1: TERRAIN Stage - All-or-Nothing Execution
Elapsed time: 16.55ms
Time budget: 16ms
Heightmap generated: true
Stage after call: BIOMES
Function returned: false

тЬЧ DESIGN FLAW CONFIRMED: TERRAIN stage is all-or-nothing
  - Entire heightmap generated in one call
  - Budget check happens AFTER all work completes
  - No incremental progress within the stage
  - Code: executeTerrainStage() generates heightmap (lines 177-183),
    THEN checks budget (lines 186-187)

PART 2: BIOMES Stage - Infinite Loop Due to No Progress Tracking
Call 1: 16.06ms, biomeMap=true, stage=BIOMES, result=false
Call 2: 27.28ms, biomeMap=true, stage=BIOMES, result=false
Call 3: 16.16ms, biomeMap=true, stage=BIOMES, result=false
Call 4: 16.23ms, biomeMap=true, stage=BIOMES, result=false
Call 5: 16.07ms, biomeMap=true, stage=BIOMES, result=false
Call 6: 16.25ms, biomeMap=true, stage=BIOMES, result=false
Call 7: 10.50ms, biomeMap=true, stage=COMPLETE, result=true

Analysis:
Average time per call: 16.94ms
All calls stayed at BIOMES: false
No biomeMap generated: false
Final stage: COMPLETE
Final biomeMap generated: true

тЬУ FIX VERIFIED: BIOMES stage advances after work completes
  - BiomeMap generated and stage advanced to COMPLETE
  - Completion tracking prevents infinite loop

 [32mтЬУ[39m tests/unit/world/incremental-generator.test.ts [2m ([22m[2m38 tests[22m[2m)[22m[33m 3515[2mms[22m[39m
 [32mтЬУ[39m tests/property/seamless-chunk-boundaries.property.test.ts [2m ([22m[2m10 tests[22m[2m)[22m[33m 5909[2mms[22m[39m
[90mstdout[2m | tests/property/seamless-chunk-boundaries.property.test.ts[2m > [22m[2mSeamless Chunk Boundaries - Bug Condition Exploration[2m > [22m[2mhorizontal adjacent chunks have seamless boundaries (no 1-unit gap)[22m[39m
Horizontal Boundary Analysis:
  Chunk (0,0) right edge at world x=32
  Chunk (1,0) left edge at world x=32
  Gap between chunks: 0 unit(s)
  Average height difference: 0.000000

[90mstdout[2m | tests/property/seamless-chunk-boundaries.property.test.ts[2m > [22m[2mSeamless Chunk Boundaries - Bug Condition Exploration[2m > [22m[2mvertical adjacent chunks have seamless boundaries (no 1-unit gap)[22m[39m
Vertical Boundary Analysis:
  Chunk (0,0) bottom edge at world y=32
  Chunk (0,1) top edge at world y=32
  Gap between chunks: 0 unit(s)
  Average height difference: 0.000000

[90mstdout[2m | tests/property/seamless-chunk-boundaries.property.test.ts[2m > [22m[2mSeamless Chunk Boundaries - Bug Condition Exploration[2m > [22m[2mfour chunks meeting at corner have seamless boundaries (no gaps)[22m[39m
Corner Meeting Point Analysis:
  Chunk (0,0) corner at (32, 32)
  Chunk (1,0) corner at (32, 32)
  Chunk (0,1) corner at (32, 32)
  Chunk (1,1) corner at (32, 32)
  Gap in X direction: 0 unit(s)
  Gap in Y direction: 0 unit(s)

 [32mтЬУ[39m tests/unit/world/worker-pool.test.ts [2m ([22m[2m36 tests[22m[2m)[22m[90m 29[2mms[22m[39m
 [32mтЬУ[39m tests/property/rivers.property.test.ts [2m ([22m[2m12 tests[22m [2m|[22m [33m1 skipped[39m[2m)[22m[33m 16533[2mms[22m[39m
[90mstderr[2m | tests/property/rivers.property.test.ts[2m > [22m[2mRiverNetworkGenerator Properties[2m > [22m
[2mProperty 11: Lakes form in depressions below elevation threshold and not in ocean biomes[22m[39m
River network contains cycles, flow calculation may be inaccurate
River network contains cycles, flow calculation may be inaccurate
River network contains cycles, flow calculation may be inaccurate
River network contains cycles, flow calculation may be inaccurate
River network contains cycles, flow calculation may be inaccurate
River network contains cycles, flow calculation may be inaccurate
River network contains cycles, flow calculation may be inaccurate
River network contains cycles, flow calculation may be inaccurate
River network contains cycles, flow calculation may be inaccurate
River network contains cycles, flow calculation may be inaccurate
River network contains cycles, flow calculation may be inaccurate
River network contains cycles, flow calculation may be inaccurate
River network contains cycles, flow calculation may be inaccurate
River network contains cycles, flow calculation may be inaccurate
River network contains cycles, flow calculation may be inaccurate
River network contains cycles, flow calculation may be inaccurate
River network contains cycles, flow calculation may be inaccurate
River network contains cycles, flow calculation may be inaccurate
River network contains cycles, flow calculation may be inaccurate
River network contains cycles, flow calculation may be inaccurate
River network contains cycles, flow calculation may be inaccurate
River network contains cycles, flow calculation may be inaccurate
River network contains cycles, flow calculation may be inaccurate
River network contains cycles, flow calculation may be inaccurate
River network contains cycles, flow calculation may be inaccurate
River network contains cycles, flow calculation may be inaccurate
River network contains cycles, flow calculation may be inaccurate
River network contains cycles, flow calculation may be inaccurate
River network contains cycles, flow calculation may be inaccurate
River network contains cycles, flow calculation may be inaccurate
River network contains cycles, flow calculation may be inaccurate
River network contains cycles, flow calculation may be inaccurate
River network contains cycles, flow calculation may be inaccurate
River network contains cycles, flow calculation may be inaccurate
River network contains cycles, flow calculation may be inaccurate
River network contains cycles, flow calculation may be inaccurate
River network contains cycles, flow calculation may be inaccurate
River network contains cycles, flow calculation may be inaccurate
River network contains cycles, flow calculation may be inaccurate
River network contains cycles, flow calculation may be inaccurate
River network contains cycles, flow calculation may be inaccurate
River network contains cycles, flow calculation may be inaccurate
River network contains cycles, flow calculation may be inaccurate
River network contains cycles, flow calculation may be inaccurate
River network contains cycles, flow calculation may be inaccurate
River network contains cycles, flow calculation may be inaccurate
River network contains cycles, flow calculation may be inaccurate
River network contains cycles, flow calculation may be inaccurate
River network contains cycles, flow calculation may be inaccurate
River network contains cycles, flow calculation may be inaccurate
River network contains cycles, flow calculation may be inaccurate
River network contains cycles, flow calculation may be inaccurate
River network contains cycles, flow calculation may be inaccurate
River network contains cycles, flow calculation may be inaccurate
River network contains cycles, flow calculation may be inaccurate
River network contains cycles, flow calculation may be inaccurate
River network contains cycles, flow calculation may be inaccurate
River network contains cycles, flow calculation may be inaccurate
River network contains cycles, flow calculation may be inaccurate
River network contains cycles, flow calculation may be inaccurate
River network contains cycles, flow calculation may be inaccurate
River network contains cycles, flow calculation may be inaccurate
River network contains cycles, flow calculation may be inaccurate
River network contains cycles, flow calculation may be inaccurate
River network contains cycles, flow calculation may be inaccurate
River network contains cycles, flow calculation may be inaccurate
River network contains cycles, flow calculation may be inaccurate
River network contains cycles, flow calculation may be inaccurate
River network contains cycles, flow calculation may be inaccurate
River network contains cycles, flow calculation may be inaccurate
River network contains cycles, flow calculation may be inaccurate
River network contains cycles, flow calculation may be inaccurate
River network contains cycles, flow calculation may be inaccurate
River network contains cycles, flow calculation may be inaccurate
River network contains cycles, flow calculation may be inaccurate
River network contains cycles, flow calculation may be inaccurate
River network contains cycles, flow calculation may be inaccurate
River network contains cycles, flow calculation may be inaccurate
River network contains cycles, flow calculation may be inaccurate
River network contains cycles, flow calculation may be inaccurate
River network contains cycles, flow calculation may be inaccurate
River network contains cycles, flow calculation may be inaccurate

[90mstderr[2m | tests/property/rivers.property.test.ts[2m > [22m[2mRiverNetworkGenerator Properties[2m > [22m
[2mProperty 8: Tributaries merge into main rivers at closest point within merge distance[22m[39m
River network contains cycles, flow calculation may be inaccurate
River network contains cycles, flow calculation may be inaccurate
River network contains cycles, flow calculation may be inaccurate
River network contains cycles, flow calculation may be inaccurate
River network contains cycles, flow calculation may be inaccurate
River network contains cycles, flow calculation may be inaccurate
River network contains cycles, flow calculation may be inaccurate
River network contains cycles, flow calculation may be inaccurate
River network contains cycles, flow calculation may be inaccurate
River network contains cycles, flow calculation may be inaccurate
River network contains cycles, flow calculation may be inaccurate
River network contains cycles, flow calculation may be inaccurate
River network contains cycles, flow calculation may be inaccurate
River network contains cycles, flow calculation may be inaccurate
River network contains cycles, flow calculation may be inaccurate
River network contains cycles, flow calculation may be inaccurate
River network contains cycles, flow calculation may be inaccurate
River network contains cycles, flow calculation may be inaccurate
River network contains cycles, flow calculation may be inaccurate
River network contains cycles, flow calculation may be inaccurate
River network contains cycles, flow calculation may be inaccurate
River network contains cycles, flow calculation may be inaccurate
River network contains cycles, flow calculation may be inaccurate
River network contains cycles, flow calculation may be inaccurate
River network contains cycles, flow calculation may be inaccurate
River network contains cycles, flow calculation may be inaccurate
River network contains cycles, flow calculation may be inaccurate
River network contains cycles, flow calculation may be inaccurate
River network contains cycles, flow calculation may be inaccurate
River network contains cycles, flow calculation may be inaccurate
River network contains cycles, flow calculation may be inaccurate
River network contains cycles, flow calculation may be inaccurate
River network contains cycles, flow calculation may be inaccurate
River network contains cycles, flow calculation may be inaccurate
River network contains cycles, flow calculation may be inaccurate
River network contains cycles, flow calculation may be inaccurate
River network contains cycles, flow calculation may be inaccurate
River network contains cycles, flow calculation may be inaccurate
River network contains cycles, flow calculation may be inaccurate
River network contains cycles, flow calculation may be inaccurate
River network contains cycles, flow calculation may be inaccurate
River network contains cycles, flow calculation may be inaccurate
River network contains cycles, flow calculation may be inaccurate
River network contains cycles, flow calculation may be inaccurate
River network contains cycles, flow calculation may be inaccurate
River network contains cycles, flow calculation may be inaccurate
River network contains cycles, flow calculation may be inaccurate
River network contains cycles, flow calculation may be inaccurate
River network contains cycles, flow calculation may be inaccurate
River network contains cycles, flow calculation may be inaccurate
River network contains cycles, flow calculation may be inaccurate
River network contains cycles, flow calculation may be inaccurate
River network contains cycles, flow calculation may be inaccurate
River network contains cycles, flow calculation may be inaccurate
River network contains cycles, flow calculation may be inaccurate
River network contains cycles, flow calculation may be inaccurate
River network contains cycles, flow calculation may be inaccurate
River network contains cycles, flow calculation may be inaccurate
River network contains cycles, flow calculation may be inaccurate
River network contains cycles, flow calculation may be inaccurate
River network contains cycles, flow calculation may be inaccurate
River network contains cycles, flow calculation may be inaccurate
River network contains cycles, flow calculation may be inaccurate
River network contains cycles, flow calculation may be inaccurate
River network contains cycles, flow calculation may be inaccurate
River network contains cycles, flow calculation may be inaccurate
River network contains cycles, flow calculation may be inaccurate
River network contains cycles, flow calculation may be inaccurate
River network contains cycles, flow calculation may be inaccurate
River network contains cycles, flow calculation may be inaccurate
River network contains cycles, flow calculation may be inaccurate
River network contains cycles, flow calculation may be inaccurate
River network contains cycles, flow calculation may be inaccurate
River network contains cycles, flow calculation may be inaccurate
River network contains cycles, flow calculation may be inaccurate
River network contains cycles, flow calculation may be inaccurate
River network contains cycles, flow calculation may be inaccurate
River network contains cycles, flow calculation may be inaccurate
River network contains cycles, flow calculation may be inaccurate
River network contains cycles, flow calculation may be inaccurate
River network contains cycles, flow calculation may be inaccurate
River network contains cycles, flow calculation may be inaccurate
River network contains cycles, flow calculation may be inaccurate
River network contains cycles, flow calculation may be inaccurate
River network contains cycles, flow calculation may be inaccurate
River network contains cycles, flow calculation may be inaccurate
River network contains cycles, flow calculation may be inaccurate
River network contains cycles, flow calculation may be inaccurate
River network contains cycles, flow calculation may be inaccurate
River network contains cycles, flow calculation may be inaccurate
River network contains cycles, flow calculation may be inaccurate
River network contains cycles, flow calculation may be inaccurate
River network contains cycles, flow calculation may be inaccurate
River network contains cycles, flow calculation may be inaccurate
River network contains cycles, flow calculation may be inaccurate
River network contains cycles, flow calculation may be inaccurate

[90mstderr[2m | tests/property/rivers.property.test.ts[2m > [22m[2mRiverNetworkGenerator Properties[2m > [22m
[2mProperty 10: River networks are acyclic - no segment can be reached from itself[22m[39m
River network contains cycles, flow calculation may be inaccurate
River network contains cycles, flow calculation may be inaccurate
River network contains cycles, flow calculation may be inaccurate
River network contains cycles, flow calculation may be inaccurate
River network contains cycles, flow calculation may be inaccurate
River network contains cycles, flow calculation may be inaccurate
River network contains cycles, flow calculation may be inaccurate
River network contains cycles, flow calculation may be inaccurate
River network contains cycles, flow calculation may be inaccurate
River network contains cycles, flow calculation may be inaccurate
River network contains cycles, flow calculation may be inaccurate
River network contains cycles, flow calculation may be inaccurate
River network contains cycles, flow calculation may be inaccurate
River network contains cycles, flow calculation may be inaccurate
River network contains cycles, flow calculation may be inaccurate
River network contains cycles, flow calculation may be inaccurate
River network contains cycles, flow calculation may be inaccurate
River network contains cycles, flow calculation may be inaccurate
River network contains cycles, flow calculation may be inaccurate
River network contains cycles, flow calculation may be inaccurate
River network contains cycles, flow calculation may be inaccurate
River network contains cycles, flow calculation may be inaccurate
River network contains cycles, flow calculation may be inaccurate
River network contains cycles, flow calculation may be inaccurate
River network contains cycles, flow calculation may be inaccurate
River network contains cycles, flow calculation may be inaccurate
River network contains cycles, flow calculation may be inaccurate
River network contains cycles, flow calculation may be inaccurate
River network contains cycles, flow calculation may be inaccurate
River network contains cycles, flow calculation may be inaccurate
River network contains cycles, flow calculation may be inaccurate
River network contains cycles, flow calculation may be inaccurate
River network contains cycles, flow calculation may be inaccurate
River network contains cycles, flow calculation may be inaccurate
River network contains cycles, flow calculation may be inaccurate
River network contains cycles, flow calculation may be inaccurate
River network contains cycles, flow calculation may be inaccurate
River network contains cycles, flow calculation may be inaccurate
River network contains cycles, flow calculation may be inaccurate
River network contains cycles, flow calculation may be inaccurate
River network contains cycles, flow calculation may be inaccurate
River network contains cycles, flow calculation may be inaccurate
River network contains cycles, flow calculation may be inaccurate
River network contains cycles, flow calculation may be inaccurate
River network contains cycles, flow calculation may be inaccurate
River network contains cycles, flow calculation may be inaccurate
River network contains cycles, flow calculation may be inaccurate
River network contains cycles, flow calculation may be inaccurate
River network contains cycles, flow calculation may be inaccurate
River network contains cycles, flow calculation may be inaccurate
River network contains cycles, flow calculation may be inaccurate
River network contains cycles, flow calculation may be inaccurate
River network contains cycles, flow calculation may be inaccurate
River network contains cycles, flow calculation may be inaccurate
River network contains cycles, flow calculation may be inaccurate
River network contains cycles, flow calculation may be inaccurate
River network contains cycles, flow calculation may be inaccurate
River network contains cycles, flow calculation may be inaccurate
River network contains cycles, flow calculation may be inaccurate
River network contains cycles, flow calculation may be inaccurate
River network contains cycles, flow calculation may be inaccurate
River network contains cycles, flow calculation may be inaccurate
River network contains cycles, flow calculation may be inaccurate
River network contains cycles, flow calculation may be inaccurate
River network contains cycles, flow calculation may be inaccurate
River network contains cycles, flow calculation may be inaccurate
River network contains cycles, flow calculation may be inaccurate
River network contains cycles, flow calculation may be inaccurate
River network contains cycles, flow calculation may be inaccurate
River network contains cycles, flow calculation may be inaccurate
River network contains cycles, flow calculation may be inaccurate
River network contains cycles, flow calculation may be inaccurate
River network contains cycles, flow calculation may be inaccurate
River network contains cycles, flow calculation may be inaccurate
River network contains cycles, flow calculation may be inaccurate
River network contains cycles, flow calculation may be inaccurate
River network contains cycles, flow calculation may be inaccurate
River network contains cycles, flow calculation may be inaccurate
River network contains cycles, flow calculation may be inaccurate
River network contains cycles, flow calculation may be inaccurate
River network contains cycles, flow calculation may be inaccurate
River network contains cycles, flow calculation may be inaccurate
River network contains cycles, flow calculation may be inaccurate
River network contains cycles, flow calculation may be inaccurate
River network contains cycles, flow calculation may be inaccurate
River network contains cycles, flow calculation may be inaccurate
River network contains cycles, flow calculation may be inaccurate
River network contains cycles, flow calculation may be inaccurate
River network contains cycles, flow calculation may be inaccurate
River network contains cycles, flow calculation may be inaccurate
River network contains cycles, flow calculation may be inaccurate

[90mstderr[2m | tests/property/rivers.property.test.ts[2m > [22m[2mRiverNetworkGenerator Properties[2m > [22m
[2mProperty 12: Rivers terminate at lake boundaries and large lakes have outlets[22m[39m
River network contains cycles, flow calculation may be inaccurate
River network contains cycles, flow calculation may be inaccurate
River network contains cycles, flow calculation may be inaccurate
River network contains cycles, flow calculation may be inaccurate
River network contains cycles, flow calculation may be inaccurate
River network contains cycles, flow calculation may be inaccurate
River network contains cycles, flow calculation may be inaccurate
River network contains cycles, flow calculation may be inaccurate
River network contains cycles, flow calculation may be inaccurate
River network contains cycles, flow calculation may be inaccurate
River network contains cycles, flow calculation may be inaccurate
River network contains cycles, flow calculation may be inaccurate
River network contains cycles, flow calculation may be inaccurate
River network contains cycles, flow calculation may be inaccurate
River network contains cycles, flow calculation may be inaccurate
River network contains cycles, flow calculation may be inaccurate
River network contains cycles, flow calculation may be inaccurate
River network contains cycles, flow calculation may be inaccurate
River network contains cycles, flow calculation may be inaccurate
River network contains cycles, flow calculation may be inaccurate
River network contains cycles, flow calculation may be inaccurate
River network contains cycles, flow calculation may be inaccurate
River network contains cycles, flow calculation may be inaccurate
River network contains cycles, flow calculation may be inaccurate
River network contains cycles, flow calculation may be inaccurate
River network contains cycles, flow calculation may be inaccurate
River network contains cycles, flow calculation may be inaccurate
River network contains cycles, flow calculation may be inaccurate
River network contains cycles, flow calculation may be inaccurate
River network contains cycles, flow calculation may be inaccurate
River network contains cycles, flow calculation may be inaccurate
River network contains cycles, flow calculation may be inaccurate
River network contains cycles, flow calculation may be inaccurate
River network contains cycles, flow calculation may be inaccurate
River network contains cycles, flow calculation may be inaccurate
River network contains cycles, flow calculation may be inaccurate
River network contains cycles, flow calculation may be inaccurate
River network contains cycles, flow calculation may be inaccurate
River network contains cycles, flow calculation may be inaccurate
River network contains cycles, flow calculation may be inaccurate
River network contains cycles, flow calculation may be inaccurate
River network contains cycles, flow calculation may be inaccurate
River network contains cycles, flow calculation may be inaccurate
River network contains cycles, flow calculation may be inaccurate
River network contains cycles, flow calculation may be inaccurate
River network contains cycles, flow calculation may be inaccurate
River network contains cycles, flow calculation may be inaccurate
River network contains cycles, flow calculation may be inaccurate
River network contains cycles, flow calculation may be inaccurate
River network contains cycles, flow calculation may be inaccurate
River network contains cycles, flow calculation may be inaccurate
River network contains cycles, flow calculation may be inaccurate
River network contains cycles, flow calculation may be inaccurate
River network contains cycles, flow calculation may be inaccurate
River network contains cycles, flow calculation may be inaccurate
River network contains cycles, flow calculation may be inaccurate
River network contains cycles, flow calculation may be inaccurate
River network contains cycles, flow calculation may be inaccurate
River network contains cycles, flow calculation may be inaccurate
River network contains cycles, flow calculation may be inaccurate
River network contains cycles, flow calculation may be inaccurate
River network contains cycles, flow calculation may be inaccurate
River network contains cycles, flow calculation may be inaccurate
River network contains cycles, flow calculation may be inaccurate
River network contains cycles, flow calculation may be inaccurate
River network contains cycles, flow calculation may be inaccurate
River network contains cycles, flow calculation may be inaccurate
River network contains cycles, flow calculation may be inaccurate
River network contains cycles, flow calculation may be inaccurate
River network contains cycles, flow calculation may be inaccurate
River network contains cycles, flow calculation may be inaccurate
River network contains cycles, flow calculation may be inaccurate
River network contains cycles, flow calculation may be inaccurate
River network contains cycles, flow calculation may be inaccurate
River network contains cycles, flow calculation may be inaccurate
River network contains cycles, flow calculation may be inaccurate
River network contains cycles, flow calculation may be inaccurate
River network contains cycles, flow calculation may be inaccurate
River network contains cycles, flow calculation may be inaccurate
River network contains cycles, flow calculation may be inaccurate
River network contains cycles, flow calculation may be inaccurate
River network contains cycles, flow calculation may be inaccurate
River network contains cycles, flow calculation may be inaccurate
River network contains cycles, flow calculation may be inaccurate
River network contains cycles, flow calculation may be inaccurate
River network contains cycles, flow calculation may be inaccurate
River network contains cycles, flow calculation may be inaccurate
River network contains cycles, flow calculation may be inaccurate
River network contains cycles, flow calculation may be inaccurate
River network contains cycles, flow calculation may be inaccurate
River network contains cycles, flow calculation may be inaccurate
River network contains cycles, flow calculation may be inaccurate
River network contains cycles, flow calculation may be inaccurate
River network contains cycles, flow calculation may be inaccurate
River network contains cycles, flow calculation may be inaccurate
River network contains cycles, flow calculation may be inaccurate
River network contains cycles, flow calculation may be inaccurate
River network contains cycles, flow calculation may be inaccurate
River network contains cycles, flow calculation may be inaccurate
River network contains cycles, flow calculation may be inaccurate

[90mstderr[2m | tests/property/rivers.property.test.ts[2m > [22m[2mRiverNetworkGenerator Properties[2m > [22m
[2mProperty 13: Rivers form deltas with branching channels when reaching ocean[22m[39m
River network contains cycles, flow calculation may be inaccurate
River network contains cycles, flow calculation may be inaccurate
River network contains cycles, flow calculation may be inaccurate
River network contains cycles, flow calculation may be inaccurate
River network contains cycles, flow calculation may be inaccurate
River network contains cycles, flow calculation may be inaccurate
River network contains cycles, flow calculation may be inaccurate
River network contains cycles, flow calculation may be inaccurate
River network contains cycles, flow calculation may be inaccurate
River network contains cycles, flow calculation may be inaccurate
River network contains cycles, flow calculation may be inaccurate
River network contains cycles, flow calculation may be inaccurate
River network contains cycles, flow calculation may be inaccurate
River network contains cycles, flow calculation may be inaccurate
River network contains cycles, flow calculation may be inaccurate
River network contains cycles, flow calculation may be inaccurate
River network contains cycles, flow calculation may be inaccurate
River network contains cycles, flow calculation may be inaccurate
River network contains cycles, flow calculation may be inaccurate
River network contains cycles, flow calculation may be inaccurate
River network contains cycles, flow calculation may be inaccurate
River network contains cycles, flow calculation may be inaccurate
River network contains cycles, flow calculation may be inaccurate
River network contains cycles, flow calculation may be inaccurate
River network contains cycles, flow calculation may be inaccurate
River network contains cycles, flow calculation may be inaccurate
River network contains cycles, flow calculation may be inaccurate
River network contains cycles, flow calculation may be inaccurate
River network contains cycles, flow calculation may be inaccurate
River network contains cycles, flow calculation may be inaccurate
River network contains cycles, flow calculation may be inaccurate
River network contains cycles, flow calculation may be inaccurate
River network contains cycles, flow calculation may be inaccurate
River network contains cycles, flow calculation may be inaccurate
River network contains cycles, flow calculation may be inaccurate
River network contains cycles, flow calculation may be inaccurate
River network contains cycles, flow calculation may be inaccurate
River network contains cycles, flow calculation may be inaccurate
River network contains cycles, flow calculation may be inaccurate
River network contains cycles, flow calculation may be inaccurate
River network contains cycles, flow calculation may be inaccurate
River network contains cycles, flow calculation may be inaccurate
River network contains cycles, flow calculation may be inaccurate
River network contains cycles, flow calculation may be inaccurate
River network contains cycles, flow calculation may be inaccurate
River network contains cycles, flow calculation may be inaccurate
River network contains cycles, flow calculation may be inaccurate
River network contains cycles, flow calculation may be inaccurate
River network contains cycles, flow calculation may be inaccurate
River network contains cycles, flow calculation may be inaccurate
River network contains cycles, flow calculation may be inaccurate
River network contains cycles, flow calculation may be inaccurate
River network contains cycles, flow calculation may be inaccurate
River network contains cycles, flow calculation may be inaccurate
River network contains cycles, flow calculation may be inaccurate
River network contains cycles, flow calculation may be inaccurate
River network contains cycles, flow calculation may be inaccurate
River network contains cycles, flow calculation may be inaccurate
River network contains cycles, flow calculation may be inaccurate
River network contains cycles, flow calculation may be inaccurate
River network contains cycles, flow calculation may be inaccurate
River network contains cycles, flow calculation may be inaccurate
River network contains cycles, flow calculation may be inaccurate
River network contains cycles, flow calculation may be inaccurate
River network contains cycles, flow calculation may be inaccurate
River network contains cycles, flow calculation may be inaccurate
River network contains cycles, flow calculation may be inaccurate
River network contains cycles, flow calculation may be inaccurate
River network contains cycles, flow calculation may be inaccurate
River network contains cycles, flow calculation may be inaccurate
River network contains cycles, flow calculation may be inaccurate
River network contains cycles, flow calculation may be inaccurate
River network contains cycles, flow calculation may be inaccurate
River network contains cycles, flow calculation may be inaccurate
River network contains cycles, flow calculation may be inaccurate
River network contains cycles, flow calculation may be inaccurate
River network contains cycles, flow calculation may be inaccurate
River network contains cycles, flow calculation may be inaccurate
River network contains cycles, flow calculation may be inaccurate
River network contains cycles, flow calculation may be inaccurate
River network contains cycles, flow calculation may be inaccurate
River network contains cycles, flow calculation may be inaccurate
River network contains cycles, flow calculation may be inaccurate
River network contains cycles, flow calculation may be inaccurate
River network contains cycles, flow calculation may be inaccurate
River network contains cycles, flow calculation may be inaccurate
River network contains cycles, flow calculation may be inaccurate
River network contains cycles, flow calculation may be inaccurate
River network contains cycles, flow calculation may be inaccurate
River network contains cycles, flow calculation may be inaccurate
River network contains cycles, flow calculation may be inaccurate
River network contains cycles, flow calculation may be inaccurate
River network contains cycles, flow calculation may be inaccurate
River network contains cycles, flow calculation may be inaccurate
River network contains cycles, flow calculation may be inaccurate
River network contains cycles, flow calculation may be inaccurate
River network contains cycles, flow calculation may be inaccurate
River network contains cycles, flow calculation may be inaccurate
River network contains cycles, flow calculation may be inaccurate
River network contains cycles, flow calculation may be inaccurate

[90mstderr[2m | tests/property/rivers.property.test.ts[2m > [22m[2mRiverNetworkGenerator Properties[2m > [22m
[2mProperty 14: Delta child channels have narrower width than parent channels[22m[39m
River network contains cycles, flow calculation may be inaccurate
River network contains cycles, flow calculation may be inaccurate
River network contains cycles, flow calculation may be inaccurate
River network contains cycles, flow calculation may be inaccurate
River network contains cycles, flow calculation may be inaccurate
River network contains cycles, flow calculation may be inaccurate
River network contains cycles, flow calculation may be inaccurate
River network contains cycles, flow calculation may be inaccurate
River network contains cycles, flow calculation may be inaccurate
River network contains cycles, flow calculation may be inaccurate
River network contains cycles, flow calculation may be inaccurate
River network contains cycles, flow calculation may be inaccurate
River network contains cycles, flow calculation may be inaccurate
River network contains cycles, flow calculation may be inaccurate
River network contains cycles, flow calculation may be inaccurate
River network contains cycles, flow calculation may be inaccurate
River network contains cycles, flow calculation may be inaccurate
River network contains cycles, flow calculation may be inaccurate
River network contains cycles, flow calculation may be inaccurate
River network contains cycles, flow calculation may be inaccurate
River network contains cycles, flow calculation may be inaccurate
River network contains cycles, flow calculation may be inaccurate
River network contains cycles, flow calculation may be inaccurate
River network contains cycles, flow calculation may be inaccurate
River network contains cycles, flow calculation may be inaccurate
River network contains cycles, flow calculation may be inaccurate
River network contains cycles, flow calculation may be inaccurate
River network contains cycles, flow calculation may be inaccurate
River network contains cycles, flow calculation may be inaccurate
River network contains cycles, flow calculation may be inaccurate
River network contains cycles, flow calculation may be inaccurate
River network contains cycles, flow calculation may be inaccurate
River network contains cycles, flow calculation may be inaccurate
River network contains cycles, flow calculation may be inaccurate
River network contains cycles, flow calculation may be inaccurate
River network contains cycles, flow calculation may be inaccurate
River network contains cycles, flow calculation may be inaccurate
River network contains cycles, flow calculation may be inaccurate
River network contains cycles, flow calculation may be inaccurate
River network contains cycles, flow calculation may be inaccurate
River network contains cycles, flow calculation may be inaccurate
River network contains cycles, flow calculation may be inaccurate
River network contains cycles, flow calculation may be inaccurate
River network contains cycles, flow calculation may be inaccurate
River network contains cycles, flow calculation may be inaccurate
River network contains cycles, flow calculation may be inaccurate
River network contains cycles, flow calculation may be inaccurate
River network contains cycles, flow calculation may be inaccurate
River network contains cycles, flow calculation may be inaccurate
River network contains cycles, flow calculation may be inaccurate
River network contains cycles, flow calculation may be inaccurate
River network contains cycles, flow calculation may be inaccurate
River network contains cycles, flow calculation may be inaccurate
River network contains cycles, flow calculation may be inaccurate
River network contains cycles, flow calculation may be inaccurate
River network contains cycles, flow calculation may be inaccurate
River network contains cycles, flow calculation may be inaccurate
River network contains cycles, flow calculation may be inaccurate
River network contains cycles, flow calculation may be inaccurate
River network contains cycles, flow calculation may be inaccurate
River network contains cycles, flow calculation may be inaccurate
River network contains cycles, flow calculation may be inaccurate
River network contains cycles, flow calculation may be inaccurate
River network contains cycles, flow calculation may be inaccurate
River network contains cycles, flow calculation may be inaccurate
River network contains cycles, flow calculation may be inaccurate
River network contains cycles, flow calculation may be inaccurate
River network contains cycles, flow calculation may be inaccurate
River network contains cycles, flow calculation may be inaccurate
River network contains cycles, flow calculation may be inaccurate
River network contains cycles, flow calculation may be inaccurate
River network contains cycles, flow calculation may be inaccurate
River network contains cycles, flow calculation may be inaccurate
River network contains cycles, flow calculation may be inaccurate
River network contains cycles, flow calculation may be inaccurate
River network contains cycles, flow calculation may be inaccurate
River network contains cycles, flow calculation may be inaccurate
River network contains cycles, flow calculation may be inaccurate
River network contains cycles, flow calculation may be inaccurate
River network contains cycles, flow calculation may be inaccurate
River network contains cycles, flow calculation may be inaccurate
River network contains cycles, flow calculation may be inaccurate
River network contains cycles, flow calculation may be inaccurate
River network contains cycles, flow calculation may be inaccurate
River network contains cycles, flow calculation may be inaccurate
River network contains cycles, flow calculation may be inaccurate
River network contains cycles, flow calculation may be inaccurate
River network contains cycles, flow calculation may be inaccurate
River network contains cycles, flow calculation may be inaccurate
River network contains cycles, flow calculation may be inaccurate
River network contains cycles, flow calculation may be inaccurate
River network contains cycles, flow calculation may be inaccurate
River network contains cycles, flow calculation may be inaccurate
River network contains cycles, flow calculation may be inaccurate
River network contains cycles, flow calculation may be inaccurate
River network contains cycles, flow calculation may be inaccurate
River network contains cycles, flow calculation may be inaccurate
River network contains cycles, flow calculation may be inaccurate
River network contains cycles, flow calculation may be inaccurate
River network contains cycles, flow calculation may be inaccurate

[90mstderr[2m | tests/property/rivers.property.test.ts[2m > [22m[2mRiverNetworkGenerator Properties[2m > [22m
[2mProperty 15: River width increases with flow and stays within bounds[22m[39m
River network contains cycles, flow calculation may be inaccurate
River network contains cycles, flow calculation may be inaccurate
River network contains cycles, flow calculation may be inaccurate
River network contains cycles, flow calculation may be inaccurate
River network contains cycles, flow calculation may be inaccurate
River network contains cycles, flow calculation may be inaccurate
River network contains cycles, flow calculation may be inaccurate
River network contains cycles, flow calculation may be inaccurate
River network contains cycles, flow calculation may be inaccurate
River network contains cycles, flow calculation may be inaccurate
River network contains cycles, flow calculation may be inaccurate
River network contains cycles, flow calculation may be inaccurate
River network contains cycles, flow calculation may be inaccurate
River network contains cycles, flow calculation may be inaccurate
River network contains cycles, flow calculation may be inaccurate
River network contains cycles, flow calculation may be inaccurate
River network contains cycles, flow calculation may be inaccurate
River network contains cycles, flow calculation may be inaccurate
River network contains cycles, flow calculation may be inaccurate
River network contains cycles, flow calculation may be inaccurate
River network contains cycles, flow calculation may be inaccurate
River network contains cycles, flow calculation may be inaccurate
River network contains cycles, flow calculation may be inaccurate
River network contains cycles, flow calculation may be inaccurate
River network contains cycles, flow calculation may be inaccurate
River network contains cycles, flow calculation may be inaccurate
River network contains cycles, flow calculation may be inaccurate
River network contains cycles, flow calculation may be inaccurate
River network contains cycles, flow calculation may be inaccurate
River network contains cycles, flow calculation may be inaccurate
River network contains cycles, flow calculation may be inaccurate
River network contains cycles, flow calculation may be inaccurate
River network contains cycles, flow calculation may be inaccurate
River network contains cycles, flow calculation may be inaccurate
River network contains cycles, flow calculation may be inaccurate
River network contains cycles, flow calculation may be inaccurate
River network contains cycles, flow calculation may be inaccurate
River network contains cycles, flow calculation may be inaccurate
River network contains cycles, flow calculation may be inaccurate
River network contains cycles, flow calculation may be inaccurate
River network contains cycles, flow calculation may be inaccurate
River network contains cycles, flow calculation may be inaccurate
River network contains cycles, flow calculation may be inaccurate
River network contains cycles, flow calculation may be inaccurate
River network contains cycles, flow calculation may be inaccurate
River network contains cycles, flow calculation may be inaccurate
River network contains cycles, flow calculation may be inaccurate
River network contains cycles, flow calculation may be inaccurate
River network contains cycles, flow calculation may be inaccurate
River network contains cycles, flow calculation may be inaccurate
River network contains cycles, flow calculation may be inaccurate
River network contains cycles, flow calculation may be inaccurate
River network contains cycles, flow calculation may be inaccurate
River network contains cycles, flow calculation may be inaccurate
River network contains cycles, flow calculation may be inaccurate
River network contains cycles, flow calculation may be inaccurate
River network contains cycles, flow calculation may be inaccurate
River network contains cycles, flow calculation may be inaccurate
River network contains cycles, flow calculation may be inaccurate
River network contains cycles, flow calculation may be inaccurate
River network contains cycles, flow calculation may be inaccurate
River network contains cycles, flow calculation may be inaccurate
River network contains cycles, flow calculation may be inaccurate
River network contains cycles, flow calculation may be inaccurate
River network contains cycles, flow calculation may be inaccurate
River network contains cycles, flow calculation may be inaccurate
River network contains cycles, flow calculation may be inaccurate
River network contains cycles, flow calculation may be inaccurate
River network contains cycles, flow calculation may be inaccurate
River network contains cycles, flow calculation may be inaccurate
River network contains cycles, flow calculation may be inaccurate
River network contains cycles, flow calculation may be inaccurate
River network contains cycles, flow calculation may be inaccurate
River network contains cycles, flow calculation may be inaccurate
River network contains cycles, flow calculation may be inaccurate
River network contains cycles, flow calculation may be inaccurate
River network contains cycles, flow calculation may be inaccurate
River network contains cycles, flow calculation may be inaccurate
River network contains cycles, flow calculation may be inaccurate
River network contains cycles, flow calculation may be inaccurate
River network contains cycles, flow calculation may be inaccurate
River network contains cycles, flow calculation may be inaccurate
River network contains cycles, flow calculation may be inaccurate
River network contains cycles, flow calculation may be inaccurate
River network contains cycles, flow calculation may be inaccurate
River network contains cycles, flow calculation may be inaccurate
River network contains cycles, flow calculation may be inaccurate
River network contains cycles, flow calculation may be inaccurate
River network contains cycles, flow calculation may be inaccurate
River network contains cycles, flow calculation may be inaccurate
River network contains cycles, flow calculation may be inaccurate
River network contains cycles, flow calculation may be inaccurate
River network contains cycles, flow calculation may be inaccurate
River network contains cycles, flow calculation may be inaccurate

[90mstderr[2m | tests/property/rivers.property.test.ts[2m > [22m[2mRiverNetworkGenerator Properties[2m > [22m
[2mProperty 16: River width transitions are smooth with no abrupt jumps[22m[39m
River network contains cycles, flow calculation may be inaccurate
River network contains cycles, flow calculation may be inaccurate
River network contains cycles, flow calculation may be inaccurate
River network contains cycles, flow calculation may be inaccurate
River network contains cycles, flow calculation may be inaccurate
River network contains cycles, flow calculation may be inaccurate
River network contains cycles, flow calculation may be inaccurate
River network contains cycles, flow calculation may be inaccurate
River network contains cycles, flow calculation may be inaccurate
River network contains cycles, flow calculation may be inaccurate
River network contains cycles, flow calculation may be inaccurate
River network contains cycles, flow calculation may be inaccurate
River network contains cycles, flow calculation may be inaccurate
River network contains cycles, flow calculation may be inaccurate
River network contains cycles, flow calculation may be inaccurate
River network contains cycles, flow calculation may be inaccurate
River network contains cycles, flow calculation may be inaccurate
River network contains cycles, flow calculation may be inaccurate
River network contains cycles, flow calculation may be inaccurate
River network contains cycles, flow calculation may be inaccurate
River network contains cycles, flow calculation may be inaccurate
River network contains cycles, flow calculation may be inaccurate
River network contains cycles, flow calculation may be inaccurate
River network contains cycles, flow calculation may be inaccurate
River network contains cycles, flow calculation may be inaccurate
River network contains cycles, flow calculation may be inaccurate
River network contains cycles, flow calculation may be inaccurate
River network contains cycles, flow calculation may be inaccurate
River network contains cycles, flow calculation may be inaccurate
River network contains cycles, flow calculation may be inaccurate
River network contains cycles, flow calculation may be inaccurate
River network contains cycles, flow calculation may be inaccurate
River network contains cycles, flow calculation may be inaccurate
River network contains cycles, flow calculation may be inaccurate
River network contains cycles, flow calculation may be inaccurate
River network contains cycles, flow calculation may be inaccurate
River network contains cycles, flow calculation may be inaccurate
River network contains cycles, flow calculation may be inaccurate
River network contains cycles, flow calculation may be inaccurate
River network contains cycles, flow calculation may be inaccurate
River network contains cycles, flow calculation may be inaccurate
River network contains cycles, flow calculation may be inaccurate
River network contains cycles, flow calculation may be inaccurate
River network contains cycles, flow calculation may be inaccurate
River network contains cycles, flow calculation may be inaccurate
River network contains cycles, flow calculation may be inaccurate
River network contains cycles, flow calculation may be inaccurate
River network contains cycles, flow calculation may be inaccurate
River network contains cycles, flow calculation may be inaccurate
River network contains cycles, flow calculation may be inaccurate
River network contains cycles, flow calculation may be inaccurate
River network contains cycles, flow calculation may be inaccurate
River network contains cycles, flow calculation may be inaccurate
River network contains cycles, flow calculation may be inaccurate
River network contains cycles, flow calculation may be inaccurate
River network contains cycles, flow calculation may be inaccurate
River network contains cycles, flow calculation may be inaccurate
River network contains cycles, flow calculation may be inaccurate
River network contains cycles, flow calculation may be inaccurate
River network contains cycles, flow calculation may be inaccurate
River network contains cycles, flow calculation may be inaccurate
River network contains cycles, flow calculation may be inaccurate
River network contains cycles, flow calculation may be inaccurate
River network contains cycles, flow calculation may be inaccurate
River network contains cycles, flow calculation may be inaccurate
River network contains cycles, flow calculation may be inaccurate
River network contains cycles, flow calculation may be inaccurate
River network contains cycles, flow calculation may be inaccurate
River network contains cycles, flow calculation may be inaccurate
River network contains cycles, flow calculation may be inaccurate
River network contains cycles, flow calculation may be inaccurate
River network contains cycles, flow calculation may be inaccurate
River network contains cycles, flow calculation may be inaccurate
River network contains cycles, flow calculation may be inaccurate
River network contains cycles, flow calculation may be inaccurate
River network contains cycles, flow calculation may be inaccurate
River network contains cycles, flow calculation may be inaccurate
River network contains cycles, flow calculation may be inaccurate
River network contains cycles, flow calculation may be inaccurate
River network contains cycles, flow calculation may be inaccurate
River network contains cycles, flow calculation may be inaccurate
River network contains cycles, flow calculation may be inaccurate
River network contains cycles, flow calculation may be inaccurate
River network contains cycles, flow calculation may be inaccurate
River network contains cycles, flow calculation may be inaccurate
River network contains cycles, flow calculation may be inaccurate
River network contains cycles, flow calculation may be inaccurate
River network contains cycles, flow calculation may be inaccurate
River network contains cycles, flow calculation may be inaccurate
River network contains cycles, flow calculation may be inaccurate

 [32mтЬУ[39m tests/unit/world/chunk-manager.test.ts [2m ([22m[2m77 tests[22m[2m)[22m[33m 17671[2mms[22m[39m
 [32mтЬУ[39m tests/unit/world/chunk.test.ts [2m ([22m[2m54 tests[22m[2m)[22m[90m 49[2mms[22m[39m
 [32mтЬУ[39m tests/integration/full-generation-pipeline.test.ts [2m ([22m[2m20 tests[22m[2m)[22m[33m 8218[2mms[22m[39m
 [32mтЬУ[39m tests/property/serialization.property.test.ts [2m ([22m[2m3 tests[22m[2m)[22m[33m 476[2mms[22m[39m
 [32mтЬУ[39m demo/src/core/DemoApp.modification-persistence.test.ts [2m ([22m[2m12 tests[22m[2m)[22m[33m 21359[2mms[22m[39m
[90mstdout[2m | demo/src/core/DemoApp.modification-persistence.test.ts[2m > [22m[2mDemoApp Modification Persistence Integration[2m > [22m[2mJSON Format Save/Load with Modifications[2m > [22m[2mshould preserve terrain modifications through JSON save/load cycle[22m[39m
DemoApp initialized successfully
Chunk (-1, -1) generation metrics: {
  terrainTime: [33m10.511199999999917[39m,
  biomeTime: [33m170.76299999999992[39m,
  resourceTime: [33m1.2464999999997417[39m,
  structureTime: [33m0.8396999999999935[39m,
  riverTime: [33m0.6970999999998639[39m,
  totalTime: [33m184.2455[39m
}
Chunk (0, -1) generation metrics: {
  terrainTime: [33m0.6657000000000153[39m,
  biomeTime: [33m184.31320000000005[39m,
  resourceTime: [33m0.6442000000001826[39m,
  structureTime: [33m0.13000000000010914[39m,
  riverTime: [33m0.015000000000327418[39m,
  totalTime: [33m185.81029999999964[39m
}
Chunk (1, -1) generation metrics: {
  terrainTime: [33m0.5205000000000837[39m,
  biomeTime: [33m106.06629999999996[39m,
  resourceTime: [33m0.2003999999997177[39m,
  structureTime: [33m0.11079999999992651[39m,
  riverTime: [33m0.1774000000000342[39m,
  totalTime: [33m107.19090000000006[39m
}
Chunk (-1, 0) generation metrics: {
  terrainTime: [33m0.457300000000032[39m,
  biomeTime: [33m124.99369999999999[39m,
  resourceTime: [33m0.0862000000001899[39m,
  structureTime: [33m0.16069999999990614[39m,
  riverTime: [33m0.22499999999990905[39m,
  totalTime: [33m125.9659999999999[39m
}
Chunk (0, 0) generation metrics: {
  terrainTime: [33m0.6000999999996566[39m,
  biomeTime: [33m1791.4026[39m,
  resourceTime: [33m0.14400000000023283[39m,
  structureTime: [33m0.22419999999965512[39m,
  riverTime: [33m0.0136000000002241[39m,
  totalTime: [33m1792.4295000000002[39m
}
Chunk (1, 0) generation metrics: {
  terrainTime: [33m0.4713999999994485[39m,
  biomeTime: [33m113.53669999999966[39m,
  resourceTime: [33m0.08690000000024156[39m,
  structureTime: [33m0.17919999999958236[39m,
  riverTime: [33m0.013400000000729051[39m,
  totalTime: [33m114.32800000000043[39m
}
Chunk (-1, 1) generation metrics: {
  terrainTime: [33m0.5026000000007116[39m,
  biomeTime: [33m158.21150000000034[39m,
  resourceTime: [33m0.0911999999998443[39m,
  structureTime: [33m0.173200000000179[39m,
  riverTime: [33m0.011599999999816646[39m,
  totalTime: [33m159.03520000000026[39m
}
Chunk (0, 1) generation metrics: {
  terrainTime: [33m0.5522000000000844[39m,
  biomeTime: [33m114.32049999999981[39m,
  resourceTime: [33m0.07690000000002328[39m,
  structureTime: [33m0.10540000000037253[39m,
  riverTime: [33m0.01540000000022701[39m,
  totalTime: [33m115.11319999999978[39m
}
Chunk (1, 1) generation metrics: {
  terrainTime: [33m0.41459999999915453[39m,
  biomeTime: [33m117.7509[39m,
  resourceTime: [33m0.04929999999967549[39m,
  structureTime: [33m0.0533000000004904[39m,
  riverTime: [33m0.00860000000011496[39m,
  totalTime: [33m118.3094000000001[39m
}
Loaded 9 chunks in 2907.71ms
World generated with seed: 12345
TerrainEditor initialized
Terrain modification completed in 1.25ms
DemoApp initialized successfully

[90mstdout[2m | demo/src/core/DemoApp.modification-persistence.test.ts[2m > [22m[2mDemoApp Modification Persistence Integration[2m > [22m[2mJSON Format Save/Load with Modifications[2m > [22m[2mshould preserve multiple terrain modifications through JSON save/load[22m[39m
DemoApp initialized successfully
Chunk (-1, -1) generation metrics: {
  terrainTime: [33m0.4290000000000873[39m,
  biomeTime: [33m103.17019999999957[39m,
  resourceTime: [33m0.09400000000005093[39m,
  structureTime: [33m0.09700000000066211[39m,
  riverTime: [33m0.2283000000006723[39m,
  totalTime: [33m104.08899999999994[39m
}
Chunk (0, -1) generation metrics: {
  terrainTime: [33m0.43699999999989814[39m,
  biomeTime: [33m136.6211000000003[39m,
  resourceTime: [33m0.08209999999962747[39m,
  structureTime: [33m0.053100000000085856[39m,
  riverTime: [33m0.011700000000018917[39m,
  totalTime: [33m137.22119999999995[39m
}
Chunk (1, -1) generation metrics: {
  terrainTime: [33m0.4411000000000058[39m,
  biomeTime: [33m138.57669999999962[39m,
  resourceTime: [33m0.08959999999933643[39m,
  structureTime: [33m0.07459999999991851[39m,
  riverTime: [33m0.06120000000009895[39m,
  totalTime: [33m139.26320000000032[39m
}
Chunk (-1, 0) generation metrics: {
  terrainTime: [33m0.4147999999995591[39m,
  biomeTime: [33m101.66330000000016[39m,
  resourceTime: [33m0.08680000000003929[39m,
  structureTime: [33m0.10890000000017608[39m,
  riverTime: [33m0.814900000000307[39m,
  totalTime: [33m103.10709999999926[39m
}
Chunk (0, 0) generation metrics: {
  terrainTime: [33m0.42990000000008877[39m,
  biomeTime: [33m122.78399999999965[39m,
  resourceTime: [33m0.08390000000053988[39m,
  structureTime: [33m0.06709999999930005[39m,
  riverTime: [33m0.010599999999612919[39m,
  totalTime: [33m123.39869999999974[39m
}
Chunk (1, 0) generation metrics: {
  terrainTime: [33m0.5318999999999505[39m,
  biomeTime: [33m102.52990000000045[39m,
  resourceTime: [33m0.08629999999993743[39m,
  structureTime: [33m0.10930000000007567[39m,
  riverTime: [33m0.01099999999951251[39m,
  totalTime: [33m103.28880000000026[39m
}
Chunk (-1, 1) generation metrics: {
  terrainTime: [33m0.41300000000046566[39m,
  biomeTime: [33m1693.5921000000008[39m,
  resourceTime: [33m0.09159999999974389[39m,
  structureTime: [33m0.19899999999870488[39m,
  riverTime: [33m0.03139999999984866[39m,
  totalTime: [33m1694.3472999999994[39m
}
Chunk (0, 1) generation metrics: {
  terrainTime: [33m1.9138000000002648[39m,
  biomeTime: [33m101.10540000000037[39m,
  resourceTime: [33m0.08649999999943248[39m,
  structureTime: [33m0.069100000000617[39m,
  riverTime: [33m0.020300000000133878[39m,
  totalTime: [33m103.21759999999995[39m
}
Chunk (1, 1) generation metrics: {
  terrainTime: [33m0.37489999999888823[39m,
  biomeTime: [33m130.10219999999936[39m,
  resourceTime: [33m0.08129999999982829[39m,
  structureTime: [33m0.0724000000009255[39m,
  riverTime: [33m0.011300000000119326[39m,
  totalTime: [33m130.66239999999925[39m
}
Loaded 9 chunks in 2640.47ms
World generated with seed: 12345
TerrainEditor initialized
Terrain modification completed in 0.11ms
Terrain modification completed in 0.08ms
DemoApp initialized successfully

[90mstdout[2m | demo/src/core/DemoApp.modification-persistence.test.ts[2m > [22m[2mDemoApp Modification Persistence Integration[2m > [22m[2mJSON Format Save/Load with Modifications[2m > [22m[2mshould preserve modifications across multiple chunks[22m[39m
DemoApp initialized successfully
Chunk (-1, -1) generation metrics: {
  terrainTime: [33m0.45939999999973224[39m,
  biomeTime: [33m103.25669999999991[39m,
  resourceTime: [33m0.08510000000023865[39m,
  structureTime: [33m0.06799999999930151[39m,
  riverTime: [33m0.12479999999959546[39m,
  totalTime: [33m104.01289999999972[39m
}
Chunk (0, -1) generation metrics: {
  terrainTime: [33m0.4151000000001659[39m,
  biomeTime: [33m98.95290000000023[39m,
  resourceTime: [33m0.07660000000032596[39m,
  structureTime: [33m0.0724000000009255[39m,
  riverTime: [33m0.012199999999211286[39m,
  totalTime: [33m99.54730000000018[39m
}
Chunk (1, -1) generation metrics: {
  terrainTime: [33m0.3967999999986205[39m,
  biomeTime: [33m120.09050000000025[39m,
  resourceTime: [33m0.0897000000004482[39m,
  structureTime: [33m0.066899999999805[39m,
  riverTime: [33m0.04280000000107975[39m,
  totalTime: [33m120.70470000000023[39m
}
Chunk (-1, 0) generation metrics: {
  terrainTime: [33m0.4094999999997526[39m,
  biomeTime: [33m89.24079999999958[39m,
  resourceTime: [33m0.04860000000007858[39m,
  structureTime: [33m0.05370000000038999[39m,
  riverTime: [33m0.0820000000003347[39m,
  totalTime: [33m89.84699999999975[39m
}
Chunk (0, 0) generation metrics: {
  terrainTime: [33m0.2749999999996362[39m,
  biomeTime: [33m100.57200000000012[39m,
  resourceTime: [33m0.08420000000114669[39m,
  structureTime: [33m0.06379999999990105[39m,
  riverTime: [33m0.012500000000727596[39m,
  totalTime: [33m101.02480000000105[39m
}
Chunk (1, 0) generation metrics: {
  terrainTime: [33m0.40680000000065775[39m,
  biomeTime: [33m116.5609999999997[39m,
  resourceTime: [33m0.09070000000065193[39m,
  structureTime: [33m0.0639999999984866[39m,
  riverTime: [33m0.010999999998603016[39m,
  totalTime: [33m117.14869999999974[39m
}
Chunk (-1, 1) generation metrics: {
  terrainTime: [33m0.40049999999973807[39m,
  biomeTime: [33m120.61709999999948[39m,
  resourceTime: [33m0.10180000000036671[39m,
  structureTime: [33m0.06259999999929278[39m,
  riverTime: [33m0.011200000000826549[39m,
  totalTime: [33m121.20930000000044[39m
}
Chunk (0, 1) generation metrics: {
  terrainTime: [33m4.735800000000381[39m,
  biomeTime: [33m115.14799999999923[39m,
  resourceTime: [33m0.08730000000105065[39m,
  structureTime: [33m0.06060000000070431[39m,
  riverTime: [33m0.010800000000017462[39m,
  totalTime: [33m120.05979999999909[39m
}
Chunk (1, 1) generation metrics: {
  terrainTime: [33m0.4190999999991618[39m,
  biomeTime: [33m110.6913999999997[39m,
  resourceTime: [33m0.0853000000006432[39m,
  structureTime: [33m0.053299999999580905[39m,
  riverTime: [33m0.010299999999915599[39m,
  totalTime: [33m111.27559999999903[39m
}
Loaded 9 chunks in 986.24ms
World generated with seed: 12345
TerrainEditor initialized
Terrain modification completed in 0.15ms
Terrain modification completed in 0.19ms
DemoApp initialized successfully

[90mstdout[2m | demo/src/core/DemoApp.modification-persistence.test.ts[2m > [22m[2mDemoApp Modification Persistence Integration[2m > [22m[2mBinary Format Save/Load with Modifications[2m > [22m[2mshould preserve terrain modifications through binary save/load cycle[22m[39m
DemoApp initialized successfully
Chunk (-1, -1) generation metrics: {
  terrainTime: [33m0.396999999999025[39m,
  biomeTime: [33m106.39899999999943[39m,
  resourceTime: [33m0.08519999999953143[39m,
  structureTime: [33m0.06240000000070722[39m,
  riverTime: [33m0.12589999999909196[39m,
  totalTime: [33m107.08699999999953[39m
}
Chunk (0, -1) generation metrics: {
  terrainTime: [33m0.4231999999992695[39m,
  biomeTime: [33m1665.0386999999992[39m,
  resourceTime: [33m0.0816000000013446[39m,
  structureTime: [33m0.04650000000037835[39m,
  riverTime: [33m0.011599999999816646[39m,
  totalTime: [33m1665.6162000000004[39m
}
Chunk (1, -1) generation metrics: {
  terrainTime: [33m0.469199999999546[39m,
  biomeTime: [33m114.32129999999961[39m,
  resourceTime: [33m0.07860000000073342[39m,
  structureTime: [33m0.052999999999883585[39m,
  riverTime: [33m0.03979999999864958[39m,
  totalTime: [33m114.97769999999946[39m
}
Chunk (-1, 0) generation metrics: {
  terrainTime: [33m0.37229999999908614[39m,
  biomeTime: [33m108.76450000000114[39m,
  resourceTime: [33m0.07630000000062864[39m,
  structureTime: [33m0.08799999999973807[39m,
  riverTime: [33m0.12019999999938591[39m,
  totalTime: [33m109.4380999999994[39m
}
Chunk (0, 0) generation metrics: {
  terrainTime: [33m0.3912000000000262[39m,
  biomeTime: [33m106.83340000000135[39m,
  resourceTime: [33m0.08209999999962747[39m,
  structureTime: [33m0.05940000000009604[39m,
  riverTime: [33m0.011300000000119326[39m,
  totalTime: [33m107.39459999999963[39m
}
Chunk (1, 0) generation metrics: {
  terrainTime: [33m0.3996999999999389[39m,
  biomeTime: [33m111.8744999999999[39m,
  resourceTime: [33m0.08539999999993597[39m,
  structureTime: [33m0.08029999999962456[39m,
  riverTime: [33m0.010000000000218279[39m,
  totalTime: [33m112.46659999999974[39m
}
Chunk (-1, 1) generation metrics: {
  terrainTime: [33m0.3919000000005326[39m,
  biomeTime: [33m112.22730000000047[39m,
  resourceTime: [33m0.08069999999861466[39m,
  structureTime: [33m0.055400000001100125[39m,
  riverTime: [33m0.010800000000017462[39m,
  totalTime: [33m112.78040000000146[39m
}
Chunk (0, 1) generation metrics: {
  terrainTime: [33m0.3999000000003434[39m,
  biomeTime: [33m109.97820000000138[39m,
  resourceTime: [33m0.08429999999862048[39m,
  structureTime: [33m0.053600000001097214[39m,
  riverTime: [33m0.015499999999519787[39m,
  totalTime: [33m110.54659999999967[39m
}
Chunk (1, 1) generation metrics: {
  terrainTime: [33m1.0673999999999069[39m,
  biomeTime: [33m107.3210999999992[39m,
  resourceTime: [33m0.08729999999923166[39m,
  structureTime: [33m0.069100000000617[39m,
  riverTime: [33m0.01330000000052678[39m,
  totalTime: [33m108.57510000000002[39m
}
Loaded 9 chunks in 2550.23ms
World generated with seed: 12345
TerrainEditor initialized
Terrain modification completed in 0.40ms
DemoApp initialized successfully

[90mstdout[2m | demo/src/core/DemoApp.modification-persistence.test.ts[2m > [22m[2mDemoApp Modification Persistence Integration[2m > [22m[2mBinary Format Save/Load with Modifications[2m > [22m[2mshould preserve modifications with compression enabled[22m[39m
DemoApp initialized successfully
Chunk (-1, -1) generation metrics: {
  terrainTime: [33m0.41820000000006985[39m,
  biomeTime: [33m109.46080000000075[39m,
  resourceTime: [33m0.0860000000011496[39m,
  structureTime: [33m0.06339999999909196[39m,
  riverTime: [33m0.12589999999909196[39m,
  totalTime: [33m110.17469999999958[39m
}
Chunk (0, -1) generation metrics: {
  terrainTime: [33m0.4327000000012049[39m,
  biomeTime: [33m94.64890000000014[39m,
  resourceTime: [33m0.08439999999973224[39m,
  structureTime: [33m0.06750000000101863[39m,
  riverTime: [33m0.010200000000622822[39m,
  totalTime: [33m95.26339999999982[39m
}
Chunk (1, -1) generation metrics: {
  terrainTime: [33m0.41159999999945285[39m,
  biomeTime: [33m104.40140000000065[39m,
  resourceTime: [33m0.08430000000043947[39m,
  structureTime: [33m0.05730000000039581[39m,
  riverTime: [33m0.04900000000088767[39m,
  totalTime: [33m105.02340000000004[39m
}
Chunk (-1, 0) generation metrics: {
  terrainTime: [33m0.41120000000046275[39m,
  biomeTime: [33m101.50849999999991[39m,
  resourceTime: [33m0.08799999999973807[39m,
  structureTime: [33m0.10729999999966822[39m,
  riverTime: [33m0.13069999999970605[39m,
  totalTime: [33m102.26419999999962[39m
}
Chunk (0, 0) generation metrics: {
  terrainTime: [33m0.4441999999999098[39m,
  biomeTime: [33m101.72849999999926[39m,
  resourceTime: [33m0.08389999999963038[39m,
  structureTime: [33m0.06489999999939755[39m,
  riverTime: [33m0.012899999999717693[39m,
  totalTime: [33m102.35189999999966[39m
}
Chunk (1, 0) generation metrics: {
  terrainTime: [33m0.40760000000045693[39m,
  biomeTime: [33m105.09230000000025[39m,
  resourceTime: [33m0.09070000000065193[39m,
  structureTime: [33m0.12099999999918509[39m,
  riverTime: [33m0.012400000001434819[39m,
  totalTime: [33m105.7435000000005[39m
}
Chunk (-1, 1) generation metrics: {
  terrainTime: [33m0.4606000000003405[39m,
  biomeTime: [33m1616.6875[39m,
  resourceTime: [33m0.07420000000092841[39m,
  structureTime: [33m0.06409999999959837[39m,
  riverTime: [33m0.010100000001330045[39m,
  totalTime: [33m1617.3459000000003[39m
}
Chunk (0, 1) generation metrics: {
  terrainTime: [33m0.37290000000029977[39m,
  biomeTime: [33m99.72189999999864[39m,
  resourceTime: [33m0.08390000000144937[39m,
  structureTime: [33m0.06769999999960419[39m,
  riverTime: [33m0.010500000000320142[39m,
  totalTime: [33m100.27460000000065[39m
}
Chunk (1, 1) generation metrics: {
  terrainTime: [33m0.4135999999998603[39m,
  biomeTime: [33m101.26819999999861[39m,
  resourceTime: [33m0.08159999999952561[39m,
  structureTime: [33m0.059599999998681596[39m,
  riverTime: [33m0.010800000000017462[39m,
  totalTime: [33m101.84939999999915[39m
}
Loaded 9 chunks in 2442.00ms
World generated with seed: 12345
TerrainEditor initialized
Terrain modification completed in 0.41ms
DemoApp initialized successfully

[90mstdout[2m | demo/src/core/DemoApp.modification-persistence.test.ts[2m > [22m[2mDemoApp Modification Persistence Integration[2m > [22m[2mDifferent Tool Modifications Persistence[2m > [22m[2mshould preserve RAISE tool modifications[22m[39m
DemoApp initialized successfully
Chunk (-1, -1) generation metrics: {
  terrainTime: [33m0.8551000000006752[39m,
  biomeTime: [33m96.72279999999955[39m,
  resourceTime: [33m0.09430000000065775[39m,
  structureTime: [33m0.05820000000130676[39m,
  riverTime: [33m0.11590000000069267[39m,
  totalTime: [33m97.86099999999897[39m
}
Chunk (0, -1) generation metrics: {
  terrainTime: [33m0.41560000000026776[39m,
  biomeTime: [33m103.85720000000038[39m,
  resourceTime: [33m0.0750000000007276[39m,
  structureTime: [33m0.056300000000192085[39m,
  riverTime: [33m0.010000000000218279[39m,
  totalTime: [33m104.42819999999847[39m
}
Chunk (1, -1) generation metrics: {
  terrainTime: [33m0.3932999999997264[39m,
  biomeTime: [33m99.73979999999938[39m,
  resourceTime: [33m0.0885999999991327[39m,
  structureTime: [33m0.06009999999878346[39m,
  riverTime: [33m0.0408000000006723[39m,
  totalTime: [33m100.33649999999943[39m
}
Chunk (-1, 0) generation metrics: {
  terrainTime: [33m0.41630000000077416[39m,
  biomeTime: [33m95.47199999999975[39m,
  resourceTime: [33m0.08790000000044529[39m,
  structureTime: [33m0.08760000000074797[39m,
  riverTime: [33m0.12019999999938591[39m,
  totalTime: [33m96.1981999999989[39m
}
Chunk (0, 0) generation metrics: {
  terrainTime: [33m0.4091000000007625[39m,
  biomeTime: [33m95.11119999999937[39m,
  resourceTime: [33m0.08479999999872234[39m,
  structureTime: [33m0.0555000000003929[39m,
  riverTime: [33m0.010600000001431908[39m,
  totalTime: [33m95.68509999999878[39m
}
Chunk (1, 0) generation metrics: {
  terrainTime: [33m0.4248999999999796[39m,
  biomeTime: [33m111.38320000000022[39m,
  resourceTime: [33m0.09510000000045693[39m,
  structureTime: [33m0.07949999999982538[39m,
  riverTime: [33m0.011300000000119326[39m,
  totalTime: [33m112.00959999999941[39m
}
Chunk (-1, 1) generation metrics: {
  terrainTime: [33m0.4282999999995809[39m,
  biomeTime: [33m107.21339999999873[39m,
  resourceTime: [33m0.08510000000023865[39m,
  structureTime: [33m0.061700000000200816[39m,
  riverTime: [33m0.010099999999511056[39m,
  totalTime: [33m107.8148000000001[39m
}
Chunk (0, 1) generation metrics: {
  terrainTime: [33m0.40420000000085565[39m,
  biomeTime: [33m107.03800000000047[39m,
  resourceTime: [33m0.08510000000023865[39m,
  structureTime: [33m0.06189999999878637[39m,
  riverTime: [33m0.009900000000925502[39m,
  totalTime: [33m107.61449999999968[39m
}
Chunk (1, 1) generation metrics: {
  terrainTime: [33m0.37989999999990687[39m,
  biomeTime: [33m106.58280000000013[39m,
  resourceTime: [33m0.09109999999964202[39m,
  structureTime: [33m0.06489999999939755[39m,
  riverTime: [33m0.011000000000422006[39m,
  totalTime: [33m107.17689999999857[39m
}
Loaded 9 chunks in 930.57ms
World generated with seed: 12345
TerrainEditor initialized
Terrain modification completed in 0.13ms
DemoApp initialized successfully

[90mstdout[2m | demo/src/core/DemoApp.modification-persistence.test.ts[2m > [22m[2mDemoApp Modification Persistence Integration[2m > [22m[2mDifferent Tool Modifications Persistence[2m > [22m[2mshould preserve LOWER tool modifications[22m[39m
DemoApp initialized successfully
Chunk (-1, -1) generation metrics: {
  terrainTime: [33m0.4422000000013213[39m,
  biomeTime: [33m104.98569999999927[39m,
  resourceTime: [33m0.08830000000125438[39m,
  structureTime: [33m0.06890000000021246[39m,
  riverTime: [33m0.13400000000001455[39m,
  totalTime: [33m105.73699999999917[39m
}
Chunk (0, -1) generation metrics: {
  terrainTime: [33m0.4151000000001659[39m,
  biomeTime: [33m95.5582000000013[39m,
  resourceTime: [33m0.08560000000034051[39m,
  structureTime: [33m0.06610000000000582[39m,
  riverTime: [33m0.010599999999612919[39m,
  totalTime: [33m96.15339999999924[39m
}
Chunk (1, -1) generation metrics: {
  terrainTime: [33m0.4254000000000815[39m,
  biomeTime: [33m103.88960000000043[39m,
  resourceTime: [33m0.08790000000044529[39m,
  structureTime: [33m0.054799999999886495[39m,
  riverTime: [33m0.043000000001484295[39m,
  totalTime: [33m104.51680000000124[39m
}
Chunk (-1, 0) generation metrics: {
  terrainTime: [33m0.4223999999994703[39m,
  biomeTime: [33m100.39770000000135[39m,
  resourceTime: [33m0.07929999999942083[39m,
  structureTime: [33m0.08120000000053551[39m,
  riverTime: [33m0.4580000000005384[39m,
  totalTime: [33m101.45999999999913[39m
}
Chunk (0, 0) generation metrics: {
  terrainTime: [33m0.3680999999996857[39m,
  biomeTime: [33m96.38839999999982[39m,
  resourceTime: [33m0.08599999999933061[39m,
  structureTime: [33m0.05910000000221771[39m,
  riverTime: [33m0.009900000000925502[39m,
  totalTime: [33m96.92589999999836[39m
}
Chunk (1, 0) generation metrics: {
  terrainTime: [33m0.40600000000267755[39m,
  biomeTime: [33m199.84219999999914[39m,
  resourceTime: [33m0.07330000000001746[39m,
  structureTime: [33m0.07660000000032596[39m,
  riverTime: [33m0.010200000000622822[39m,
  totalTime: [33m200.42469999999958[39m
}
Chunk (-1, 1) generation metrics: {
  terrainTime: [33m0.6247999999977765[39m,
  biomeTime: [33m99.23519999999917[39m,
  resourceTime: [33m0.09090000000287546[39m,
  structureTime: [33m0.060499999999592546[39m,
  riverTime: [33m0.01179999999658321[39m,
  totalTime: [33m100.03800000000047[39m
}
Chunk (0, 1) generation metrics: {
  terrainTime: [33m0.4157000000013795[39m,
  biomeTime: [33m109.21700000000055[39m,
  resourceTime: [33m0.04839999999967404[39m,
  structureTime: [33m0.04160000000047148[39m,
  riverTime: [33m0.008200000000215368[39m,
  totalTime: [33m109.744200000001[39m
}
Chunk (1, 1) generation metrics: {
  terrainTime: [33m0.2779999999984284[39m,
  biomeTime: [33m102.17900000000009[39m,
  resourceTime: [33m0.08979999999792199[39m,
  structureTime: [33m0.05639999999766587[39m,
  riverTime: [33m0.011299999998300336[39m,
  totalTime: [33m102.62940000000162[39m
}
Loaded 9 chunks in 1018.99ms
World generated with seed: 12345
TerrainEditor initialized
Terrain modification completed in 0.10ms
DemoApp initialized successfully

[90mstdout[2m | demo/src/core/DemoApp.modification-persistence.test.ts[2m > [22m[2mDemoApp Modification Persistence Integration[2m > [22m[2mDifferent Tool Modifications Persistence[2m > [22m[2mshould preserve SMOOTH tool modifications[22m[39m
DemoApp initialized successfully
Chunk (-1, -1) generation metrics: {
  terrainTime: [33m0.4609999999993306[39m,
  biomeTime: [33m96.72999999999956[39m,
  resourceTime: [33m0.08489999999801512[39m,
  structureTime: [33m0.07010000000082073[39m,
  riverTime: [33m0.12129999999888241[39m,
  totalTime: [33m97.4868000000024[39m
}
Chunk (0, -1) generation metrics: {
  terrainTime: [33m0.43620000000009895[39m,
  biomeTime: [33m110.88969999999972[39m,
  resourceTime: [33m0.08480000000054133[39m,
  structureTime: [33m0.05400000000008731[39m,
  riverTime: [33m0.010800000000017462[39m,
  totalTime: [33m111.49069999999847[39m
}
Chunk (1, -1) generation metrics: {
  terrainTime: [33m0.7543000000005122[39m,
  biomeTime: [33m109.5570000000007[39m,
  resourceTime: [33m0.08550000000104774[39m,
  structureTime: [33m0.11449999999967986[39m,
  riverTime: [33m0.04130000000077416[39m,
  totalTime: [33m110.57190000000264[39m
}
Chunk (-1, 0) generation metrics: {
  terrainTime: [33m0.47810000000026776[39m,
  biomeTime: [33m117.05370000000039[39m,
  resourceTime: [33m0.08849999999802094[39m,
  structureTime: [33m0.09730000000126893[39m,
  riverTime: [33m0.12470000000030268[39m,
  totalTime: [33m117.86379999999917[39m
}
Chunk (0, 0) generation metrics: {
  terrainTime: [33m0.430899999999383[39m,
  biomeTime: [33m111.76740000000063[39m,
  resourceTime: [33m0.11230000000068685[39m,
  structureTime: [33m0.10029999999824213[39m,
  riverTime: [33m0.014999999999417923[39m,
  totalTime: [33m112.45219999999972[39m
}
Chunk (1, 0) generation metrics: {
  terrainTime: [33m0.506600000000617[39m,
  biomeTime: [33m827.6663000000008[39m,
  resourceTime: [33m1.599500000000262[39m,
  structureTime: [33m0.9680999999982305[39m,
  riverTime: [33m0.14710000000195578[39m,
  totalTime: [33m831.0204999999987[39m
}
Chunk (-1, 1) generation metrics: {
  terrainTime: [33m8.814599999997881[39m,
  biomeTime: [33m424.2050999999992[39m,
  resourceTime: [33m0.07380000000193832[39m,
  structureTime: [33m0.0713999999970838[39m,
  riverTime: [33m0.009299999997892883[39m,
  totalTime: [33m433.2574999999997[39m
}
Chunk (0, 1) generation metrics: {
  terrainTime: [33m1.9364999999997963[39m,
  biomeTime: [33m118.056700000001[39m,
  resourceTime: [33m0.08130000000164728[39m,
  structureTime: [33m0.05639999999766587[39m,
  riverTime: [33m0.011099999999714782[39m,
  totalTime: [33m120.16089999999895[39m
}
Chunk (1, 1) generation metrics: {
  terrainTime: [33m0.41740000000208966[39m,
  biomeTime: [33m106.45190000000002[39m,
  resourceTime: [33m0.09130000000004657[39m,
  structureTime: [33m0.0639999999984866[39m,
  riverTime: [33m0.010699999998905696[39m,
  totalTime: [33m107.05140000000029[39m
}
Loaded 9 chunks in 2043.93ms
World generated with seed: 12345
TerrainEditor initialized
Terrain modification completed in 1.37ms
DemoApp initialized successfully

[90mstdout[2m | demo/src/core/DemoApp.modification-persistence.test.ts[2m > [22m[2mDemoApp Modification Persistence Integration[2m > [22m[2mComplete Save/Load Workflow[2m > [22m[2mshould preserve modifications through complete save/load workflow[22m[39m
DemoApp initialized successfully
Chunk (-1, -1) generation metrics: {
  terrainTime: [33m0.4261000000005879[39m,
  biomeTime: [33m111.57900000000154[39m,
  resourceTime: [33m0.08320000000094296[39m,
  structureTime: [33m0.09000000000014552[39m,
  riverTime: [33m0.38170000000172877[39m,
  totalTime: [33m112.57630000000063[39m
}
Chunk (0, -1) generation metrics: {
  terrainTime: [33m3.9259000000020023[39m,
  biomeTime: [33m105.13650000000052[39m,
  resourceTime: [33m0.08650000000125146[39m,
  structureTime: [33m0.06619999999747961[39m,
  riverTime: [33m0.010699999998905696[39m,
  totalTime: [33m109.24760000000242[39m
}
Chunk (1, -1) generation metrics: {
  terrainTime: [33m0.4249000000017986[39m,
  biomeTime: [33m102.59349999999904[39m,
  resourceTime: [33m0.08760000000256696[39m,
  structureTime: [33m0.05860000000029686[39m,
  riverTime: [33m0.03509999999732827[39m,
  totalTime: [33m103.21559999999954[39m
}
Chunk (-1, 0) generation metrics: {
  terrainTime: [33m0.4471000000012282[39m,
  biomeTime: [33m120.65450000000055[39m,
  resourceTime: [33m0.1110000000007858[39m,
  structureTime: [33m0.10759999999936554[39m,
  riverTime: [33m0.10800000000017462[39m,
  totalTime: [33m121.44759999999951[39m
}
Chunk (0, 0) generation metrics: {
  terrainTime: [33m0.518900000002759[39m,
  biomeTime: [33m157.58520000000135[39m,
  resourceTime: [33m0.12029999999867869[39m,
  structureTime: [33m0.07099999999991269[39m,
  riverTime: [33m0.013699999999516876[39m,
  totalTime: [33m158.32819999999992[39m
}
Chunk (1, 0) generation metrics: {
  terrainTime: [33m0.5573000000003958[39m,
  biomeTime: [33m159.3633000000009[39m,
  resourceTime: [33m0.12119999999777065[39m,
  structureTime: [33m0.11480000000301516[39m,
  riverTime: [33m0.015099999996891711[39m,
  totalTime: [33m160.1951999999983[39m
}
Chunk (-1, 1) generation metrics: {
  terrainTime: [33m0.6692000000002736[39m,
  biomeTime: [33m200.10119999999733[39m,
  resourceTime: [33m0.1540000000022701[39m,
  structureTime: [33m0.0797999999995227[39m,
  riverTime: [33m0.018600000003061723[39m,
  totalTime: [33m201.04720000000088[39m
}
Chunk (0, 1) generation metrics: {
  terrainTime: [33m0.7200999999986379[39m,
  biomeTime: [33m201.5695999999989[39m,
  resourceTime: [33m0.14450000000215368[39m,
  structureTime: [33m0.08130000000164728[39m,
  riverTime: [33m0.016700000000128057[39m,
  totalTime: [33m202.5568999999996[39m
}
Chunk (1, 1) generation metrics: {
  terrainTime: [33m0.6797000000005937[39m,
  biomeTime: [33m166.85689999999886[39m,
  resourceTime: [33m0.13170000000172877[39m,
  structureTime: [33m0.0805000000000291[39m,
  riverTime: [33m0.018899999999121064[39m,
  totalTime: [33m167.78989999999976[39m
}
Loaded 9 chunks in 1338.05ms
World generated with seed: 12345
TerrainEditor initialized
Terrain modification completed in 0.23ms
Terrain modification completed in 0.21ms
DemoApp initialized successfully
DemoApp initialized successfully

[90mstdout[2m | demo/src/core/DemoApp.modification-persistence.test.ts[2m > [22m[2mDemoApp Modification Persistence Integration[2m > [22m[2mComplete Save/Load Workflow[2m > [22m[2mshould handle save/load with no modifications[22m[39m
DemoApp initialized successfully
Chunk (-1, -1) generation metrics: {
  terrainTime: [33m0.5992999999980384[39m,
  biomeTime: [33m163.17169999999896[39m,
  resourceTime: [33m0.1264999999984866[39m,
  structureTime: [33m0.07180000000153086[39m,
  riverTime: [33m0.1860999999989872[39m,
  totalTime: [33m164.17640000000029[39m
}
Chunk (0, -1) generation metrics: {
  terrainTime: [33m0.9050999999999476[39m,
  biomeTime: [33m171.71140000000014[39m,
  resourceTime: [33m0.15859999999884167[39m,
  structureTime: [33m0.09039999999731663[39m,
  riverTime: [33m0.008000000001629815[39m,
  totalTime: [33m172.89830000000075[39m
}
Chunk (1, -1) generation metrics: {
  terrainTime: [33m0.7829000000019732[39m,
  biomeTime: [33m189.75550000000294[39m,
  resourceTime: [33m0.14099999999962165[39m,
  structureTime: [33m0.07690000000002328[39m,
  riverTime: [33m0.0419000000001688[39m,
  totalTime: [33m190.8211999999985[39m
}
Chunk (-1, 0) generation metrics: {
  terrainTime: [33m0.7080000000023574[39m,
  biomeTime: [33m163.13270000000193[39m,
  resourceTime: [33m0.12809999999808497[39m,
  structureTime: [33m0.11200000000098953[39m,
  riverTime: [33m0.1172999999980675[39m,
  totalTime: [33m164.21970000000147[39m
}
Chunk (0, 0) generation metrics: {
  terrainTime: [33m0.5923999999977241[39m,
  biomeTime: [33m158.35130000000208[39m,
  resourceTime: [33m0.12280000000100699[39m,
  structureTime: [33m0.07270000000062282[39m,
  riverTime: [33m0.006199999999807915[39m,
  totalTime: [33m159.16559999999663[39m
}
Chunk (1, 0) generation metrics: {
  terrainTime: [33m0.5633000000016182[39m,
  biomeTime: [33m170.89619999999923[39m,
  resourceTime: [33m0.1279000000031374[39m,
  structureTime: [33m0.11529999999766005[39m,
  riverTime: [33m0.006600000000617001[39m,
  totalTime: [33m171.7342000000026[39m
}
Chunk (-1, 1) generation metrics: {
  terrainTime: [33m0.632900000000518[39m,
  biomeTime: [33m182.373599999999[39m,
  resourceTime: [33m0.125[39m,
  structureTime: [33m0.0658000000003085[39m,
  riverTime: [33m0.006199999999807915[39m,
  totalTime: [33m183.22460000000137[39m
}
Chunk (0, 1) generation metrics: {
  terrainTime: [33m0.5900000000001455[39m,
  biomeTime: [33m188.41460000000006[39m,
  resourceTime: [33m0.13790000000153668[39m,
  structureTime: [33m0.08610000000044238[39m,
  riverTime: [33m0.007399999998597195[39m,
  totalTime: [33m189.25840000000244[39m
}
Chunk (1, 1) generation metrics: {
  terrainTime: [33m0.7027999999991152[39m,
  biomeTime: [33m175.5073999999986[39m,
  resourceTime: [33m0.07310000000143191[39m,
  structureTime: [33m0.06309999999939464[39m,
  riverTime: [33m0.006900000000314321[39m,
  totalTime: [33m176.3734000000004[39m
}
Loaded 9 chunks in 1573.51ms
World generated with seed: 12345
TerrainEditor initialized
DemoApp initialized successfully

[90mstdout[2m | demo/src/core/DemoApp.modification-persistence.test.ts[2m > [22m[2mDemoApp Modification Persistence Integration[2m > [22m[2mModification Metadata Preservation[2m > [22m[2mshould preserve modification timestamps[22m[39m
DemoApp initialized successfully
Chunk (-1, -1) generation metrics: {
  terrainTime: [33m0.6398999999983062[39m,
  biomeTime: [33m143.0498000000007[39m,
  resourceTime: [33m0.1253000000033353[39m,
  structureTime: [33m0.07860000000073342[39m,
  riverTime: [33m0.12529999999969732[39m,
  totalTime: [33m144.03939999999784[39m
}
Chunk (0, -1) generation metrics: {
  terrainTime: [33m0.6160999999992782[39m,
  biomeTime: [33m147.09270000000106[39m,
  resourceTime: [33m0.12470000000030268[39m,
  structureTime: [33m0.07920000000012806[39m,
  riverTime: [33m0.007099999998899875[39m,
  totalTime: [33m147.9402000000009[39m
}
Chunk (1, -1) generation metrics: {
  terrainTime: [33m0.6427999999978056[39m,
  biomeTime: [33m149.64749999999913[39m,
  resourceTime: [33m0.12220000000161235[39m,
  structureTime: [33m0.07770000000164146[39m,
  riverTime: [33m0.03809999999793945[39m,
  totalTime: [33m150.54959999999846[39m
}
Chunk (-1, 0) generation metrics: {
  terrainTime: [33m0.5934000000015658[39m,
  biomeTime: [33m140.4549999999981[39m,
  resourceTime: [33m0.13229999999748543[39m,
  structureTime: [33m0.13739999999961583[39m,
  riverTime: [33m0.12259999999878346[39m,
  totalTime: [33m141.46510000000126[39m
}
Chunk (0, 0) generation metrics: {
  terrainTime: [33m0.6415000000015425[39m,
  biomeTime: [33m142.90929999999935[39m,
  resourceTime: [33m0.12770000000091386[39m,
  structureTime: [33m0.08159999999770662[39m,
  riverTime: [33m0.006799999999202555[39m,
  totalTime: [33m143.79249999999956[39m
}
Chunk (1, 0) generation metrics: {
  terrainTime: [33m0.6550999999999476[39m,
  biomeTime: [33m142.009399999999[39m,
  resourceTime: [33m0.13249999999970896[39m,
  structureTime: [33m0.12069999999948777[39m,
  riverTime: [33m0.006600000000617001[39m,
  totalTime: [33m142.95059999999648[39m
}
Chunk (-1, 1) generation metrics: {
  terrainTime: [33m0.628099999998085[39m,
  biomeTime: [33m153.02700000000186[39m,
  resourceTime: [33m0.1304999999993015[39m,
  structureTime: [33m0.13790000000153668[39m,
  riverTime: [33m0.02019999999902211[39m,
  totalTime: [33m153.97859999999855[39m
}
Chunk (0, 1) generation metrics: {
  terrainTime: [33m0.6239999999997963[39m,
  biomeTime: [33m149.78129999999874[39m,
  resourceTime: [33m0.12749999999869033[39m,
  structureTime: [33m0.08159999999770662[39m,
  riverTime: [33m0.0059000000001105946[39m,
  totalTime: [33m150.65169999999853[39m
}
Chunk (1, 1) generation metrics: {
  terrainTime: [33m0.6065999999991618[39m,
  biomeTime: [33m194.91929999999775[39m,
  resourceTime: [33m0.14059999999881256[39m,
  structureTime: [33m0.09670000000187429[39m,
  riverTime: [33m0.006999999997788109[39m,
  totalTime: [33m195.7969000000012[39m
}
Loaded 9 chunks in 1373.34ms
World generated with seed: 12345
TerrainEditor initialized
Terrain modification completed in 0.16ms
DemoApp initialized successfully

[90mstdout[2m | demo/src/core/DemoApp.modification-persistence.test.ts[2m > [22m[2mDemoApp Modification Persistence Integration[2m > [22m[2mModification Metadata Preservation[2m > [22m[2mshould preserve modification tile indices[22m[39m
DemoApp initialized successfully
Chunk (-1, -1) generation metrics: {
  terrainTime: [33m0.730200000001787[39m,
  biomeTime: [33m164.52020000000266[39m,
  resourceTime: [33m0.13030000000071595[39m,
  structureTime: [33m0.09130000000004657[39m,
  riverTime: [33m0.1301000000021304[39m,
  totalTime: [33m165.6268999999993[39m
}
Chunk (0, -1) generation metrics: {
  terrainTime: [33m0.6568999999981315[39m,
  biomeTime: [33m129.3847999999998[39m,
  resourceTime: [33m0.12050000000090222[39m,
  structureTime: [33m0.06199999999807915[39m,
  riverTime: [33m0.0059000000001105946[39m,
  totalTime: [33m130.2505999999994[39m
}
Chunk (1, -1) generation metrics: {
  terrainTime: [33m0.5894999999982247[39m,
  biomeTime: [33m151.4932000000008[39m,
  resourceTime: [33m0.1150999999990745[39m,
  structureTime: [33m0.05889999999999418[39m,
  riverTime: [33m0.03810000000157743[39m,
  totalTime: [33m152.34619999999995[39m
}
Chunk (-1, 0) generation metrics: {
  terrainTime: [33m0.5784999999996217[39m,
  biomeTime: [33m135.67429999999877[39m,
  resourceTime: [33m0.1220000000030268[39m,
  structureTime: [33m0.1304999999993015[39m,
  riverTime: [33m0.12440000000060536[39m,
  totalTime: [33m136.65260000000126[39m
}
Chunk (0, 0) generation metrics: {
  terrainTime: [33m0.592000000000553[39m,
  biomeTime: [33m137.6787000000004[39m,
  resourceTime: [33m0.07530000000042492[39m,
  structureTime: [33m0.05670000000100117[39m,
  riverTime: [33m0.0054000000018277206[39m,
  totalTime: [33m138.4291000000012[39m
}
Chunk (1, 0) generation metrics: {
  terrainTime: [33m0.8341000000000349[39m,
  biomeTime: [33m136.54689999999755[39m,
  resourceTime: [33m0.06999999999970896[39m,
  structureTime: [33m0.07520000000295113[39m,
  riverTime: [33m0.005300000000715954[39m,
  totalTime: [33m137.55199999999968[39m
}
Chunk (-1, 1) generation metrics: {
  terrainTime: [33m0.4144000000014785[39m,
  biomeTime: [33m142.46419999999853[39m,
  resourceTime: [33m0.12290000000211876[39m,
  structureTime: [33m0.07739999999830616[39m,
  riverTime: [33m0.006099999998696148[39m,
  totalTime: [33m143.10399999999936[39m
}
Chunk (0, 1) generation metrics: {
  terrainTime: [33m0.5780000000013388[39m,
  biomeTime: [33m153.65450000000055[39m,
  resourceTime: [33m0.12320000000181608[39m,
  structureTime: [33m0.07430000000022119[39m,
  riverTime: [33m0.006799999999202555[39m,
  totalTime: [33m154.45760000000155[39m
}
Chunk (1, 1) generation metrics: {
  terrainTime: [33m0.6078999999990629[39m,
  biomeTime: [33m139.58439999999973[39m,
  resourceTime: [33m0.12609999999767751[39m,
  structureTime: [33m0.07879999999931897[39m,
  riverTime: [33m0.006900000000314321[39m,
  totalTime: [33m140.4261000000006[39m
}
Loaded 9 chunks in 1300.43ms
World generated with seed: 12345
TerrainEditor initialized
Terrain modification completed in 0.37ms
DemoApp initialized successfully

 [32mтЬУ[39m tests/integration/save-load-cycle.test.ts [2m ([22m[2m10 tests[22m[2m)[22m[90m 241[2mms[22m[39m
[90mstderr[2m | tests/integration/save-load-cycle.test.ts[2m > [22m[2mSave/Load Cycle Integration Tests[2m > 
[22m[2mComplete world state preservation[2m > [22m[2mshould preserve all world state including modifications thr
ough complete save/load cycle[22m[39m
Invalid structure index 0 in removals for chunk (-1, -1)

 [32mтЬУ[39m demo/src/ui/ControlPanel.state.test.ts [2m ([22m[2m39 tests[22m[2m)[22m[90m 95[2mms[22m[39m
[90mstdout[2m | demo/src/ui/ControlPanel.state.test.ts[2m > [22m[2mUI State Management[2m > [22m[2mState Updates and Subscriptions[2m > [22m[2mshould notify subscribers when state changes[22m[39m
DemoApp initialized successfully
DemoApp destroyed

[90mstdout[2m | demo/src/ui/ControlPanel.state.test.ts[2m > [22m[2mUI State Management[2m > [22m[2mState Updates and Subscriptions[2m > [22m[2mshould support multiple subscribers[22m[39m
DemoApp initialized successfully
DemoApp destroyed

[90mstdout[2m | demo/src/ui/ControlPanel.state.test.ts[2m > [22m[2mUI State Management[2m > [22m[2mState Updates and Subscriptions[2m > [22m[2mshould allow unsubscribing from state updates[22m[39m
DemoApp initialized successfully
DemoApp destroyed

[90mstdout[2m | demo/src/ui/ControlPanel.state.test.ts[2m > [22m[2mUI State Management[2m > [22m[2mState Updates and Subscriptions[2m > [22m[2mshould handle partial state updates[22m[39m
DemoApp initialized successfully
DemoApp destroyed

[90mstdout[2m | demo/src/ui/ControlPanel.state.test.ts[2m > [22m[2mUI State Management[2m > [22m[2mState Updates and Subscriptions[2m > [22m[2mshould update visibility settings[22m[39m
DemoApp initialized successfully
DemoApp destroyed

[90mstdout[2m | demo/src/ui/ControlPanel.state.test.ts[2m > [22m[2mUI State Management[2m > [22m[2mState Updates and Subscriptions[2m > [22m[2mshould update camera position and target[22m[39m
DemoApp initialized successfully
DemoApp destroyed

[90mstdout[2m | demo/src/ui/ControlPanel.state.test.ts[2m > [22m[2mUI State Management[2m > [22m[2mState Updates and Subscriptions[2m > [22m[2mshould update terrain tool selection[22m[39m
DemoApp initialized successfully
DemoApp destroyed

[90mstdout[2m | demo/src/ui/ControlPanel.state.test.ts[2m > [22m[2mUI State Management[2m > [22m[2mState Updates and Subscriptions[2m > [22m[2mshould update performance metrics[22m[39m
DemoApp initialized successfully
DemoApp destroyed

[90mstdout[2m | demo/src/ui/ControlPanel.state.test.ts[2m > [22m[2mUI State Management[2m > [22m[2mState Updates and Subscriptions[2m > [22m[2mshould not throw when subscriber throws error[22m[39m
DemoApp initialized successfully
DemoApp destroyed

[90mstderr[2m | demo/src/ui/ControlPanel.state.test.ts[2m > [22m[2mUI State Management[2m > [22m[2mState Upd
ates and Subscriptions[2m > [22m[2mshould not throw when subscriber throws error[22m[39m
Error in state subscriber: Error: Subscriber error
    at [90mC:\Intel\tQandtD\[39mdemo\src\ui\ControlPanel.state.test.ts:179:15
    at mockCall [90m(file:///C:/Intel/tQandtD/[39mnode_modules/[4m@vitest[24m/spy/dist/index.js:50:17[90m)[39m
    at spy [90m(file:///C:/Intel/tQandtD/[39mnode_modules/[4mtinyspy[24m/dist/index.js:42:80[90m)[39m
    at DemoApp.notifySubscribers [90m(C:\Intel\tQandtD\[39mdemo\src\core\DemoApp.ts:941:9[90m)[39m
    at DemoApp.updateState [90m(C:\Intel\tQandtD\[39mdemo\src\core\DemoApp.ts:291:10[90m)[39m
    at [90mC:\Intel\tQandtD\[39mdemo\src\ui\ControlPanel.state.test.ts:193:13
    at Proxy.assertThrows [90m(C:\Intel\tQandtD\[39mnode_modules\[4mchai[24m\lib\chai\core\assertions.js:2644:7
[90m)[39m
    at Proxy.methodWrapper [90m(C:\Intel\tQandtD\[39mnode_modules\[4mchai[24m\lib\chai\utils\addMethod.js:57:25
[90m)[39m
    at Proxy.<anonymous> [90m(file:///C:/Intel/tQandtD/[39mnode_modules/[4m@vitest[24m/expect/dist/index.js:850:
16[90m)[39m
[90mstdout[2m | demo/src/ui/ControlPanel.state.test.ts[2m > [22m[2mUI State Management[2m > [22m[2mConfiguration Validation[2m > [22m[2mshould validate terrain configuration parameters[22m[39m
DemoApp initialized successfully
DemoApp destroyed

    at Proxy.overwritingMethodWrapper [90m(C:\Intel\tQandtD\[39mnode_modules\[4mchai[24m\lib\chai\utils\overwrit
eMethod.js:78:33[90m)[39m

[90mstdout[2m | demo/src/ui/ControlPanel.state.test.ts[2m > [22m[2mUI State Management[2m > [22m[2mConfiguration Validation[2m > [22m[2mshould validate biome configuration parameters[22m[39m
DemoApp initialized successfully
DemoApp destroyed

[90mstdout[2m | demo/src/ui/ControlPanel.state.test.ts[2m > [22m[2mUI State Management[2m > [22m[2mConfiguration Validation[2m > [22m[2mshould validate river configuration parameters[22m[39m
DemoApp initialized successfully
DemoApp destroyed

[90mstdout[2m | demo/src/ui/ControlPanel.state.test.ts[2m > [22m[2mUI State Management[2m > [22m[2mConfiguration Validation[2m > [22m[2mshould validate resource configuration parameters[22m[39m
DemoApp initialized successfully
DemoApp destroyed

[90mstdout[2m | demo/src/ui/ControlPanel.state.test.ts[2m > [22m[2mUI State Management[2m > [22m[2mConfiguration Validation[2m > [22m[2mshould validate structure configuration parameters[22m[39m
DemoApp initialized successfully
DemoApp destroyed

[90mstdout[2m | demo/src/ui/ControlPanel.state.test.ts[2m > [22m[2mUI State Management[2m > [22m[2mConfiguration Validation[2m > [22m[2mshould preserve existing config when updating partial config[22m[39m
DemoApp initialized successfully
DemoApp destroyed

[90mstdout[2m | demo/src/ui/ControlPanel.state.test.ts[2m > [22m[2mUI State Management[2m > [22m[2mConfiguration Validation[2m > [22m[2mshould handle nested configuration updates[22m[39m
DemoApp initialized successfully
DemoApp destroyed

[90mstdout[2m | demo/src/ui/ControlPanel.state.test.ts[2m > [22m[2mUI State Management[2m > [22m[2mConfiguration Validation[2m > [22m[2mshould validate seed parameter[22m[39m
DemoApp initialized successfully
DemoApp destroyed

[90mstdout[2m | demo/src/ui/ControlPanel.state.test.ts[2m > [22m[2mUI State Management[2m > [22m[2mConfiguration Validation[2m > [22m[2mshould validate chunk size parameter[22m[39m
DemoApp initialized successfully
DemoApp destroyed

[90mstdout[2m | demo/src/ui/ControlPanel.state.test.ts[2m > [22m[2mUI State Management[2m > [22m[2mPreset Loading and Parameter Synchronization[2m > [22m[2mshould load preset configuration[22m[39m
DemoApp initialized successfully
DemoApp destroyed

[90mstdout[2m | demo/src/ui/ControlPanel.state.test.ts[2m > [22m[2mUI State Management[2m > [22m[2mPreset Loading and Parameter Synchronization[2m > [22m[2mshould notify callbacks when preset is selected[22m[39m
DemoApp initialized successfully
DemoApp destroyed

[90mstdout[2m | demo/src/ui/ControlPanel.state.test.ts[2m > [22m[2mUI State Management[2m > [22m[2mPreset Loading and Parameter Synchronization[2m > [22m[2mshould synchronize all terrain parameters from preset[22m[39m
DemoApp initialized successfully
DemoApp destroyed

[90mstdout[2m | demo/src/ui/ControlPanel.state.test.ts[2m > [22m[2mUI State Management[2m > [22m[2mPreset Loading and Parameter Synchronization[2m > [22m[2mshould synchronize biome parameters from preset[22m[39m
DemoApp initialized successfully
DemoApp destroyed

[90mstdout[2m | demo/src/ui/ControlPanel.state.test.ts[2m > [22m[2mUI State Management[2m > [22m[2mPreset Loading and Parameter Synchronization[2m > [22m[2mshould synchronize river parameters from preset[22m[39m
DemoApp initialized successfully
DemoApp destroyed

[90mstdout[2m | demo/src/ui/ControlPanel.state.test.ts[2m > [22m[2mUI State Management[2m > [22m[2mPreset Loading and Parameter Synchronization[2m > [22m[2mshould synchronize enhanced biome parameters from preset[22m[39m
DemoApp initialized successfully
DemoApp destroyed

[90mstdout[2m | demo/src/ui/ControlPanel.state.test.ts[2m > [22m[2mUI State Management[2m > [22m[2mPreset Loading and Parameter Synchronization[2m > [22m[2mshould synchronize resource and structure parameters from preset[22m[39m
DemoApp initialized successfully
DemoApp destroyed

[90mstdout[2m | demo/src/ui/ControlPanel.state.test.ts[2m > [22m[2mUI State Management[2m > [22m[2mPreset Loading and Parameter Synchronization[2m > [22m[2mshould synchronize LOD and worker pool parameters from preset[22m[39m
DemoApp initialized successfully
DemoApp destroyed

[90mstdout[2m | demo/src/ui/ControlPanel.state.test.ts[2m > [22m[2mUI State Management[2m > [22m[2mPreset Loading and Parameter Synchronization[2m > [22m[2mshould handle all built-in presets[22m[39m
DemoApp initialized successfully
DemoApp destroyed

[90mstdout[2m | demo/src/ui/ControlPanel.state.test.ts[2m > [22m[2mUI State Management[2m > [22m[2mPreset Loading and Parameter Synchronization[2m > [22m[2mshould return all available presets[22m[39m
DemoApp initialized successfully
DemoApp destroyed

[90mstdout[2m | demo/src/ui/ControlPanel.state.test.ts[2m > [22m[2mUI State Management[2m > [22m[2mPreset Loading and Parameter Synchronization[2m > [22m[2mshould register parameter change callbacks[22m[39m
DemoApp initialized successfully
DemoApp destroyed

[90mstdout[2m | demo/src/ui/ControlPanel.state.test.ts[2m > [22m[2mUI State Management[2m > [22m[2mPreset Loading and Parameter Synchronization[2m > [22m[2mshould support multiple parameter change callbacks[22m[39m
DemoApp initialized successfully
DemoApp destroyed

[90mstdout[2m | demo/src/ui/ControlPanel.state.test.ts[2m > [22m[2mUI State Management[2m > [22m[2mState Consistency[2m > [22m[2mshould maintain state consistency across updates[22m[39m
DemoApp initialized successfully
DemoApp destroyed

[90mstdout[2m | demo/src/ui/ControlPanel.state.test.ts[2m > [22m[2mUI State Management[2m > [22m[2mState Consistency[2m > [22m[2mshould maintain configuration consistency[22m[39m
DemoApp initialized successfully
DemoApp destroyed

[90mstdout[2m | demo/src/ui/ControlPanel.state.test.ts[2m > [22m[2mUI State Management[2m > [22m[2mState Consistency[2m > [22m[2mshould handle rapid state updates[22m[39m
DemoApp initialized successfully
DemoApp destroyed

[90mstdout[2m | demo/src/ui/ControlPanel.state.test.ts[2m > [22m[2mUI State Management[2m > [22m[2mState Consistency[2m > [22m[2mshould handle concurrent subscriptions[22m[39m
DemoApp initialized successfully
DemoApp destroyed

[90mstdout[2m | demo/src/ui/ControlPanel.state.test.ts[2m > [22m[2mUI State Management[2m > [22m[2mEdge Cases[2m > [22m[2mshould handle empty state updates[22m[39m
DemoApp initialized successfully
DemoApp destroyed

[90mstdout[2m | demo/src/ui/ControlPanel.state.test.ts[2m > [22m[2mUI State Management[2m > [22m[2mEdge Cases[2m > [22m[2mshould handle undefined values in state updates[22m[39m
DemoApp initialized successfully
DemoApp destroyed

[90mstdout[2m | demo/src/ui/ControlPanel.state.test.ts[2m > [22m[2mUI State Management[2m > [22m[2mEdge Cases[2m > [22m[2mshould handle null values in configuration[22m[39m
DemoApp initialized successfully
DemoApp destroyed

[90mstdout[2m | demo/src/ui/ControlPanel.state.test.ts[2m > [22m[2mUI State Management[2m > [22m[2mEdge Cases[2m > [22m[2mshould handle preset not found[22m[39m
DemoApp initialized successfully
DemoApp destroyed

[90mstdout[2m | demo/src/ui/ControlPanel.state.test.ts[2m > [22m[2mUI State Management[2m > [22m[2mEdge Cases[2m > [22m[2mshould handle subscriber errors gracefully[22m[39m
DemoApp initialized successfully
DemoApp destroyed

[90mstderr[2m | demo/src/ui/ControlPanel.state.test.ts[2m > [22m[2mUI State Management[2m > [22m[2mEdge Case
s[2m > [22m[2mshould handle subscriber errors gracefully[22m[39m
Error in state subscriber: Error: Test error
    at [90mC:\Intel\tQandtD\[39mdemo\src\ui\ControlPanel.state.test.ts:630:15
    at mockCall [90m(file:///C:/Intel/tQandtD/[39mnode_modules/[4m@vitest[24m/spy/dist/index.js:50:17[90m)[39m
    at spy [90m(file:///C:/Intel/tQandtD/[39mnode_modules/[4mtinyspy[24m/dist/index.js:42:80[90m)[39m
    at DemoApp.notifySubscribers [90m(C:\Intel\tQandtD\[39mdemo\src\core\DemoApp.ts:941:9[90m)[39m
    at DemoApp.updateState [90m(C:\Intel\tQandtD\[39mdemo\src\core\DemoApp.ts:291:10[90m)[39m
    at [90mC:\Intel\tQandtD\[39mdemo\src\ui\ControlPanel.state.test.ts:644:13
    at Proxy.assertThrows [90m(C:\Intel\tQandtD\[39mnode_modules\[4mchai[24m\lib\chai\core\assertions.js:2644:7
[90m)[39m
    at Proxy.methodWrapper [90m(C:\Intel\tQandtD\[39mnode_modules\[4mchai[24m\lib\chai\utils\addMethod.js:57:25
[90m)[39m
    at Proxy.<anonymous> [90m(file:///C:/Intel/tQandtD/[39mnode_modules/[4m@vitest[24m/expect/dist/index.js:850:
16[90m)[39m
    at Proxy.overwritingMethodWrapper [90m(C:\Intel\tQandtD\[39mnode_modules\[4mchai[24m\lib\chai\utils\overwrit
eMethod.js:78:33[90m)[39m

 [32mтЬУ[39m demo/src/ui/IncrementalGeneration.integration.test.ts [2m ([22m[2m21 tests[22m [2m|[22m [33m5 skipped[39m[2m)[22m[33m 14333[2mms[22m[39m
[90mstdout[2m | demo/src/ui/IncrementalGeneration.integration.test.ts[2m > [22m[2mIncremental Generation Integration[2m > [22m[2mEnable Incremental тЖТ Generate тЖТ Verify Progressive Rendering[2m > [22m[2mshould complete all generation stages in correct order[22m[39m
DemoApp initialized successfully
Chunk (0, 0) generation metrics: {
  terrainTime: [33m0.880299999997078[39m,
  biomeTime: [33m197.59649999999965[39m,
  resourceTime: [33m0.5069000000003143[39m,
  structureTime: [33m0.17469999999957508[39m,
  riverTime: [33m0.029099999999743886[39m,
  totalTime: [33m199.3810999999987[39m
}
DemoApp destroyed

[90mstdout[2m | demo/src/ui/IncrementalGeneration.integration.test.ts[2m > [22m[2mIncremental Generation Integration[2m > [22m[2mEnable Incremental тЖТ Generate тЖТ Verify Progressive Rendering[2m > [22m[2mshould handle time budget configuration changes[22m[39m
DemoApp initialized successfully
Chunk (0, 0) generation metrics: {
  terrainTime: [33m1.125899999999092[39m,
  biomeTime: [33m149.35680000000139[39m,
  resourceTime: [33m0.12960000000020955[39m,
  structureTime: [33m0.12989999999990687[39m,
  riverTime: [33m0.01989999999932479[39m,
  totalTime: [33m150.80679999999847[39m
}
DemoApp destroyed
DemoApp initialized successfully
Chunk (0, 0) generation metrics: {
  terrainTime: [33m0.7309999999997672[39m,
  biomeTime: [33m136.27000000000044[39m,
  resourceTime: [33m0.12069999999948777[39m,
  structureTime: [33m0.17290000000139116[39m,
  riverTime: [33m0.017599999999220017[39m,
  totalTime: [33m137.3646000000008[39m
}
DemoApp destroyed
DemoApp initialized successfully
Chunk (0, 0) generation metrics: {
  terrainTime: [33m0.8227999999980966[39m,
  biomeTime: [33m135.1947[39m,
  resourceTime: [33m0.12910000000192667[39m,
  structureTime: [33m0.11600000000180444[39m,
  riverTime: [33m0.020300000000133878[39m,
  totalTime: [33m136.32750000000306[39m
}
DemoApp destroyed
DemoApp initialized successfully
Chunk (0, 0) generation metrics: {
  terrainTime: [33m0.6163000000015018[39m,
  biomeTime: [33m147.03859999999986[39m,
  resourceTime: [33m0.13329999999768916[39m,
  structureTime: [33m0.15649999999732245[39m,
  riverTime: [33m0.03329999999914435[39m,
  totalTime: [33m148.03499999999985[39m
}
DemoApp destroyed
DemoApp initialized successfully
DemoApp destroyed

[90mstdout[2m | demo/src/ui/IncrementalGeneration.integration.test.ts[2m > [22m[2mIncremental Generation Integration[2m > [22m[2mFrame Rate Maintenance During Generation[2m > [22m[2mshould update FPS metrics during incremental generation[22m[39m
DemoApp initialized successfully
Chunk (0, 0) generation metrics: {
  terrainTime: [33m0.42339999999967404[39m,
  biomeTime: [33m154.6317999999992[39m,
  resourceTime: [33m0.1639999999970314[39m,
  structureTime: [33m0.09429999999701977[39m,
  riverTime: [33m0.019100000001344597[39m,
  totalTime: [33m155.38920000000144[39m
}
DemoApp destroyed

[90mstdout[2m | demo/src/ui/IncrementalGeneration.integration.test.ts[2m > [22m[2mIncremental Generation Integration[2m > [22m[2mFrame Rate Maintenance During Generation[2m > [22m[2mshould handle rapid continue calls without degradation[22m[39m
DemoApp initialized successfully
Chunk (-1, -1) generation metrics: {
  terrainTime: [33m0.6743999999998778[39m,
  biomeTime: [33m147.60399999999936[39m,
  resourceTime: [33m0.1330999999991036[39m,
  structureTime: [33m0.07560000000012224[39m,
  riverTime: [33m0.29939999999987776[39m,
  totalTime: [33m148.82960000000094[39m
}
Chunk (0, -1) generation metrics: {
  terrainTime: [33m0.6967000000004191[39m,
  biomeTime: [33m155.65780000000086[39m,
  resourceTime: [33m0.0771999999997206[39m,
  structureTime: [33m0.06959999999889988[39m,
  riverTime: [33m0.011500000000523869[39m,
  totalTime: [33m156.5563000000002[39m
}
Chunk (1, -1) generation metrics: {
  terrainTime: [33m0.4136999999973341[39m,
  biomeTime: [33m154.07790000000023[39m,
  resourceTime: [33m0.12730000000010477[39m,
  structureTime: [33m0.0911999999989348[39m,
  riverTime: [33m0.0918999999994412[39m,
  totalTime: [33m154.85129999999845[39m
}
Chunk (-1, 0) generation metrics: {
  terrainTime: [33m0.63379999999961[39m,
  biomeTime: [33m154.08469999999943[39m,
  resourceTime: [33m0.1136000000005879[39m,
  structureTime: [33m0.12459999999919091[39m,
  riverTime: [33m0.40689999999813153[39m,
  totalTime: [33m155.4522999999972[39m
}
Chunk (0, 0) generation metrics: {
  terrainTime: [33m0.6250999999974738[39m,
  biomeTime: [33m142.6742000000013[39m,
  resourceTime: [33m0.12769999999727588[39m,
  structureTime: [33m0.07530000000042492[39m,
  riverTime: [33m0.01389999999810243[39m,
  totalTime: [33m143.53869999999733[39m
}
Chunk (1, 0) generation metrics: {
  terrainTime: [33m0.6211000000002969[39m,
  biomeTime: [33m161.08790000000226[39m,
  resourceTime: [33m0.12210000000050059[39m,
  structureTime: [33m0.11819999999715947[39m,
  riverTime: [33m0.014599999998608837[39m,
  totalTime: [33m161.988400000002[39m
}
Chunk (-1, 1) generation metrics: {
  terrainTime: [33m0.6346000000012282[39m,
  biomeTime: [33m156.28470000000016[39m,
  resourceTime: [33m0.12410000000090804[39m,
  structureTime: [33m0.0882000000019616[39m,
  riverTime: [33m0.01420000000143773[39m,
  totalTime: [33m157.17250000000058[39m
}
Chunk (0, 1) generation metrics: {
  terrainTime: [33m0.6273000000001048[39m,
  biomeTime: [33m170.08330000000205[39m,
  resourceTime: [33m0.21539999999731663[39m,
  structureTime: [33m0.07089999999880092[39m,
  riverTime: [33m0.014699999999720603[39m,
  totalTime: [33m171.03390000000218[39m
}
Chunk (1, 1) generation metrics: {
  terrainTime: [33m0.634699999998702[39m,
  biomeTime: [33m171.93049999999857[39m,
  resourceTime: [33m0.1264000000010128[39m,
  structureTime: [33m0.08399999999892316[39m,
  riverTime: [33m0.015299999999115244[39m,
  totalTime: [33m172.81489999999758[39m
}
DemoApp destroyed

[90mstdout[2m | demo/src/ui/IncrementalGeneration.integration.test.ts[2m > [22m[2mIncremental Generation Integration[2m > [22m[2mStage Completion Verification[2m > [22m[2mshould complete all stages for all chunks[22m[39m
DemoApp initialized successfully
Chunk (-1, -1) generation metrics: {
  terrainTime: [33m1.7036000000007334[39m,
  biomeTime: [33m145.14979999999923[39m,
  resourceTime: [33m0.1268000000018219[39m,
  structureTime: [33m0.09240000000136206[39m,
  riverTime: [33m0.1977999999980966[39m,
  totalTime: [33m147.2963000000018[39m
}
Chunk (0, -1) generation metrics: {
  terrainTime: [33m0.6419000000023516[39m,
  biomeTime: [33m145.5106999999989[39m,
  resourceTime: [33m0.12779999999838765[39m,
  structureTime: [33m0.09330000000045402[39m,
  riverTime: [33m0.016199999998207204[39m,
  totalTime: [33m146.41709999999875[39m
}
Chunk (1, -1) generation metrics: {
  terrainTime: [33m0.6247999999977765[39m,
  biomeTime: [33m142.3798999999999[39m,
  resourceTime: [33m0.06950000000142609[39m,
  structureTime: [33m0.06370000000242726[39m,
  riverTime: [33m0.0419000000001688[39m,
  totalTime: [33m143.20160000000033[39m
}
Chunk (-1, 0) generation metrics: {
  terrainTime: [33m0.412400000001071[39m,
  biomeTime: [33m142.21150000000125[39m,
  resourceTime: [33m0.06780000000071595[39m,
  structureTime: [33m0.10540000000037253[39m,
  riverTime: [33m0.11419999999998254[39m,
  totalTime: [33m142.93249999999898[39m
}
Chunk (0, 0) generation metrics: {
  terrainTime: [33m0.5848000000005413[39m,
  biomeTime: [33m149.35979999999836[39m,
  resourceTime: [33m0.12220000000161235[39m,
  structureTime: [33m0.08450000000084401[39m,
  riverTime: [33m0.016399999996792758[39m,
  totalTime: [33m150.23849999999948[39m
}
Chunk (1, 0) generation metrics: {
  terrainTime: [33m0.6090000000003783[39m,
  biomeTime: [33m141.58780000000115[39m,
  resourceTime: [33m0.12780000000202563[39m,
  structureTime: [33m0.10610000000087894[39m,
  riverTime: [33m0.01450000000113505[39m,
  totalTime: [33m142.46699999999691[39m
}
Chunk (-1, 1) generation metrics: {
  terrainTime: [33m0.6216000000022177[39m,
  biomeTime: [33m141.46399999999994[39m,
  resourceTime: [33m0.12730000000010477[39m,
  structureTime: [33m0.09139999999752035[39m,
  riverTime: [33m0.016100000000733417[39m,
  totalTime: [33m142.34529999999722[39m
}
Chunk (0, 1) generation metrics: {
  terrainTime: [33m0.5923999999977241[39m,
  biomeTime: [33m142.32600000000093[39m,
  resourceTime: [33m0.13500000000203727[39m,
  structureTime: [33m0.08719999999811989[39m,
  riverTime: [33m0.015800000001036096[39m,
  totalTime: [33m143.183100000002[39m
}
Chunk (1, 1) generation metrics: {
  terrainTime: [33m0.610899999999674[39m,
  biomeTime: [33m145.96329999999944[39m,
  resourceTime: [33m0.12919999999940046[39m,
  structureTime: [33m0.09140000000115833[39m,
  riverTime: [33m0.014599999998608837[39m,
  totalTime: [33m146.83520000000135[39m
}
DemoApp destroyed

[90mstdout[2m | demo/src/ui/IncrementalGeneration.integration.test.ts[2m > [22m[2mIncremental Generation Integration[2m > [22m[2mStage Completion Verification[2m > [22m[2mshould emit completion event when all stages finish[22m[39m
DemoApp initialized successfully
Chunk (0, 0) generation metrics: {
  terrainTime: [33m0.5864000000001397[39m,
  biomeTime: [33m139.01360000000204[39m,
  resourceTime: [33m0.12330000000292785[39m,
  structureTime: [33m0.07920000000012806[39m,
  riverTime: [33m0.014400000000023283[39m,
  totalTime: [33m139.84000000000015[39m
}
DemoApp destroyed

[90mstdout[2m | demo/src/ui/IncrementalGeneration.integration.test.ts[2m > [22m[2mIncremental Generation Integration[2m > [22m[2mStage Completion Verification[2m > [22m[2mshould verify terrain stage completes first[22m[39m
DemoApp initialized successfully
Chunk (0, 0) generation metrics: {
  terrainTime: [33m0.6228999999984808[39m,
  biomeTime: [33m144.98180000000139[39m,
  resourceTime: [33m0.1389999999992142[39m,
  structureTime: [33m0.14760000000023865[39m,
  riverTime: [33m0.02509999999892898[39m,
  totalTime: [33m145.9523999999983[39m
}
DemoApp destroyed

[90mstdout[2m | demo/src/ui/IncrementalGeneration.integration.test.ts[2m > [22m[2mIncremental Generation Integration[2m > [22m[2mStage Completion Verification[2m > [22m[2mshould verify all stages execute in sequence[22m[39m
DemoApp initialized successfully
Chunk (0, 0) generation metrics: {
  terrainTime: [33m0.632900000000518[39m,
  biomeTime: [33m144.39410000000134[39m,
  resourceTime: [33m0.12399999999979627[39m,
  structureTime: [33m0.08830000000307336[39m,
  riverTime: [33m0.017299999999522697[39m,
  totalTime: [33m145.27769999999873[39m
}
DemoApp destroyed

[90mstdout[2m | demo/src/ui/IncrementalGeneration.integration.test.ts[2m > [22m[2mIncremental Generation Integration[2m > [22m[2mStage Completion Verification[2m > [22m[2mshould handle completion of multiple chunks simultaneously[22m[39m
DemoApp initialized successfully
Chunk (-1, -1) generation metrics: {
  terrainTime: [33m0.4078000000008615[39m,
  biomeTime: [33m128.9974000000002[39m,
  resourceTime: [33m0.1304999999993015[39m,
  structureTime: [33m0.08240000000296277[39m,
  riverTime: [33m0.18690000000060536[39m,
  totalTime: [33m129.82140000000072[39m
}
Chunk (0, -1) generation metrics: {
  terrainTime: [33m0.6281999999991967[39m,
  biomeTime: [33m136.78089999999793[39m,
  resourceTime: [33m0.10689999999885913[39m,
  structureTime: [33m0.08120000000053551[39m,
  riverTime: [33m0.014400000000023283[39m,
  totalTime: [33m137.6389999999992[39m
}
Chunk (1, -1) generation metrics: {
  terrainTime: [33m1.8227000000006228[39m,
  biomeTime: [33m152.11679999999978[39m,
  resourceTime: [33m0.06750000000101863[39m,
  structureTime: [33m0.07259999999951106[39m,
  riverTime: [33m0.04200000000128057[39m,
  totalTime: [33m154.14170000000013[39m
}
Chunk (-1, 0) generation metrics: {
  terrainTime: [33m0.406699999999546[39m,
  biomeTime: [33m131.45650000000023[39m,
  resourceTime: [33m0.12770000000091386[39m,
  structureTime: [33m0.12779999999838765[39m,
  riverTime: [33m0.1827000000012049[39m,
  totalTime: [33m132.32170000000042[39m
}
Chunk (0, 0) generation metrics: {
  terrainTime: [33m0.6265999999995984[39m,
  biomeTime: [33m148.09049999999843[39m,
  resourceTime: [33m0.12470000000030268[39m,
  structureTime: [33m0.08879999999771826[39m,
  riverTime: [33m0.01479999999719439[39m,
  totalTime: [33m148.96619999999893[39m
}
Chunk (1, 0) generation metrics: {
  terrainTime: [33m0.6179000000011001[39m,
  biomeTime: [33m152.1165000000001[39m,
  resourceTime: [33m0.1224999999976717[39m,
  structureTime: [33m0.12419999999838183[39m,
  riverTime: [33m0.015500000001338776[39m,
  totalTime: [33m153.02130000000034[39m
}
Chunk (-1, 1) generation metrics: {
  terrainTime: [33m0.5966999999982363[39m,
  biomeTime: [33m141.1195000000007[39m,
  resourceTime: [33m0.11089999999967404[39m,
  structureTime: [33m0.06379999999990105[39m,
  riverTime: [33m0.009900000000925502[39m,
  totalTime: [33m141.9235000000008[39m
}
Chunk (0, 1) generation metrics: {
  terrainTime: [33m0.3874999999970896[39m,
  biomeTime: [33m142.77079999999842[39m,
  resourceTime: [33m0.17399999999906868[39m,
  structureTime: [33m0.0974000000023807[39m,
  riverTime: [33m0.014600000002246816[39m,
  totalTime: [33m143.46459999999934[39m
}
Chunk (1, 1) generation metrics: {
  terrainTime: [33m0.9304000000011001[39m,
  biomeTime: [33m162.12660000000324[39m,
  resourceTime: [33m0.12150000000110595[39m,
  structureTime: [33m0.08539999999993597[39m,
  riverTime: [33m0.013699999999516876[39m,
  totalTime: [33m163.3012000000017[39m
}
DemoApp destroyed

[90mstdout[2m | demo/src/ui/IncrementalGeneration.integration.test.ts[2m > [22m[2mIncremental Generation Integration[2m > [22m[2mIntegration with Other Features[2m > [22m[2mshould work correctly with LOD system enabled[22m[39m
DemoApp initialized successfully
Chunk (-1, -1) generation metrics: {
  terrainTime: [33m0.6134999999994761[39m,
  biomeTime: [33m146.84339999999793[39m,
  resourceTime: [33m0.12569999999686843[39m,
  structureTime: [33m0.08520000000135042[39m,
  riverTime: [33m0.2550000000046566[39m,
  totalTime: [33m147.97050000000309[39m
}
Chunk (0, -1) generation metrics: {
  terrainTime: [33m0.6209000000017113[39m,
  biomeTime: [33m143.35699999999633[39m,
  resourceTime: [33m0.48479999999835854[39m,
  structureTime: [33m0.0753000000040629[39m,
  riverTime: [33m0.006999999997788109[39m,
  totalTime: [33m144.56850000000122[39m
}
Chunk (1, -1) generation metrics: {
  terrainTime: [33m0.5881999999983236[39m,
  biomeTime: [33m145.2546000000002[39m,
  resourceTime: [33m0.5352999999959138[39m,
  structureTime: [33m0.07389999999577412[39m,
  riverTime: [33m0.050900000002002344[39m,
  totalTime: [33m146.52620000000024[39m
}
Chunk (-1, 0) generation metrics: {
  terrainTime: [33m0.5547000000005937[39m,
  biomeTime: [33m147.2222000000038[39m,
  resourceTime: [33m0.11000000000058208[39m,
  structureTime: [33m0.11330000000452856[39m,
  riverTime: [33m0.14879999999538995[39m,
  totalTime: [33m148.1707000000024[39m
}
Chunk (0, 0) generation metrics: {
  terrainTime: [33m0.5851000000038766[39m,
  biomeTime: [33m133.47340000000258[39m,
  resourceTime: [33m0.14759999999660067[39m,
  structureTime: [33m0.07699999999749707[39m,
  riverTime: [33m0.005799999998998828[39m,
  totalTime: [33m134.31320000000414[39m
}
Chunk (1, 0) generation metrics: {
  terrainTime: [33m0.5866000000023632[39m,
  biomeTime: [33m149.86969999999565[39m,
  resourceTime: [33m0.12580000000161817[39m,
  structureTime: [33m0.10529999999562278[39m,
  riverTime: [33m0.006300000000919681[39m,
  totalTime: [33m150.71560000000318[39m
}
Chunk (-1, 1) generation metrics: {
  terrainTime: [33m0.604299999999057[39m,
  biomeTime: [33m143.69989999999962[39m,
  resourceTime: [33m0.11349999999947613[39m,
  structureTime: [33m0.08009999999922002[39m,
  riverTime: [33m0.005600000004051253[39m,
  totalTime: [33m144.52339999999822[39m
}
Chunk (0, 1) generation metrics: {
  terrainTime: [33m0.578800000002957[39m,
  biomeTime: [33m151.6779000000024[39m,
  resourceTime: [33m0.06620000000111759[39m,
  structureTime: [33m0.05520000000251457[39m,
  riverTime: [33m0.004300000000512227[39m,
  totalTime: [33m152.41979999999603[39m
}
Chunk (1, 1) generation metrics: {
  terrainTime: [33m0.388200000001234[39m,
  biomeTime: [33m145.3451999999961[39m,
  resourceTime: [33m0.07030000000668224[39m,
  structureTime: [33m0.06169999999838183[39m,
  riverTime: [33m0.004300000000512227[39m,
  totalTime: [33m145.8874999999971[39m
}
DemoApp destroyed

[90mstdout[2m | demo/src/ui/IncrementalGeneration.integration.test.ts[2m > [22m[2mIncremental Generation Integration[2m > [22m[2mIntegration with Other Features[2m > [22m[2mshould work correctly with worker pool enabled[22m[39m
DemoApp initialized successfully
DemoApp destroyed

[90mstdout[2m | demo/src/ui/IncrementalGeneration.integration.test.ts[2m > [22m[2mIncremental Generation Integration[2m > [22m[2mIntegration with Other Features[2m > [22m[2mshould disable incremental generation when configured[22m[39m
DemoApp initialized successfully
Chunk (0, 0) generation metrics: {
  terrainTime: [33m0.6321000000025379[39m,
  biomeTime: [33m142.91120000000228[39m,
  resourceTime: [33m0.12589999999909196[39m,
  structureTime: [33m0.09309999999823049[39m,
  riverTime: [33m0.006099999998696148[39m,
  totalTime: [33m143.79200000000128[39m
}
Loaded 1 chunks in 144.08ms
DemoApp destroyed

[90mstdout[2m | demo/src/ui/IncrementalGeneration.integration.test.ts[2m > [22m[2mIncremental Generation Integration[2m > [22m[2mError Handling and Edge Cases[2m > [22m[2mshould handle continue calls when no chunks are in progress[22m[39m
DemoApp initialized successfully
DemoApp destroyed

[90mstdout[2m | demo/src/ui/IncrementalGeneration.integration.test.ts[2m > [22m[2mIncremental Generation Integration[2m > [22m[2mError Handling and Edge Cases[2m > [22m[2mshould handle continue calls when incremental is disabled[22m[39m
DemoApp initialized successfully
DemoApp destroyed

[90mstdout[2m | demo/src/ui/IncrementalGeneration.integration.test.ts[2m > [22m[2mIncremental Generation Integration[2m > [22m[2mError Handling and Edge Cases[2m > [22m[2mshould handle rapid enable/disable toggling[22m[39m
DemoApp initialized successfully
Chunk (0, 0) generation metrics: {
  terrainTime: [33m0.41640000000188593[39m,
  biomeTime: [33m150.15540000000328[39m,
  resourceTime: [33m0.11920000000100117[39m,
  structureTime: [33m0.08420000000478467[39m,
  riverTime: [33m0.006900000000314321[39m,
  totalTime: [33m150.80109999999695[39m
}
DemoApp destroyed

[90mstdout[2m | demo/src/ui/IncrementalGeneration.integration.test.ts[2m > [22m[2mIncremental Generation Integration[2m > [22m[2mError Handling and Edge Cases[2m > [22m[2mshould handle generation of already loaded chunks[22m[39m
DemoApp initialized successfully
Chunk (0, 0) generation metrics: {
  terrainTime: [33m0.6414000000004307[39m,
  biomeTime: [33m138.34709999999905[39m,
  resourceTime: [33m0.12190000000555301[39m,
  structureTime: [33m0.08200000000215368[39m,
  riverTime: [33m0.0072000000000116415[39m,
  totalTime: [33m139.2187999999951[39m
}
DemoApp destroyed

 [32mтЬУ[39m tests/property/enhanced-biome.property.test.ts [2m ([22m[2m6 tests[22m[2m)[22m[33m 339[2mms[22m[39m
 [32mтЬУ[39m demo/src/editor/TerrainEditor.integration.test.ts [2m ([22m[2m16 tests[22m[2m)[22m[33m 21719[2mms[22m[39m
[90mstdout[2m | demo/src/editor/TerrainEditor.integration.test.ts[2m > [22m[2mTerrain Modification Flow Integration[2m > [22m[2mTool Selection and Terrain Modification[2m > [22m[2mshould complete full workflow: select tool тЖТ modify terrain тЖТ verify mesh update[22m[39m
DemoApp initialized successfully
Chunk (-1, -1) generation metrics: {
  terrainTime: [33m15.955699999998615[39m,
  biomeTime: [33m230.79420000000027[39m,
  resourceTime: [33m0.966100000001461[39m,
  structureTime: [33m1.1474999999991269[39m,
  riverTime: [33m1.9009000000005472[39m,
  totalTime: [33m251.02360000000044[39m
}
Chunk (0, -1) generation metrics: {
  terrainTime: [33m0.8378999999986263[39m,
  biomeTime: [33m207.40639999999985[39m,
  resourceTime: [33m1.4575999999979103[39m,
  structureTime: [33m0.14579999999841675[39m,
  riverTime: [33m0.02629999999771826[39m,
  totalTime: [33m209.93730000000141[39m
}
Chunk (1, -1) generation metrics: {
  terrainTime: [33m1.0123999999996158[39m,
  biomeTime: [33m178.1803[39m,
  resourceTime: [33m0.4631999999983236[39m,
  structureTime: [33m0.15539999999964493[39m,
  riverTime: [33m0.018000000000029104[39m,
  totalTime: [33m180.0177999999978[39m
}
Chunk (-1, 0) generation metrics: {
  terrainTime: [33m0.9400999999998021[39m,
  biomeTime: [33m197.97249999999985[39m,
  resourceTime: [33m0.16739999999845168[39m,
  structureTime: [33m0.15399999999863212[39m,
  riverTime: [33m0.4050999999999476[39m,
  totalTime: [33m199.70799999999872[39m
}
Chunk (0, 0) generation metrics: {
  terrainTime: [33m1.2044000000023516[39m,
  biomeTime: [33m208.0580000000009[39m,
  resourceTime: [33m0.13700000000244472[39m,
  structureTime: [33m0.29720000000088476[39m,
  riverTime: [33m0.017299999999522697[39m,
  totalTime: [33m209.7668999999987[39m
}
Chunk (1, 0) generation metrics: {
  terrainTime: [33m1.0318999999981315[39m,
  biomeTime: [33m158.47190000000046[39m,
  resourceTime: [33m0.1323000000011234[39m,
  structureTime: [33m0.15020000000004075[39m,
  riverTime: [33m0.01810000000114087[39m,
  totalTime: [33m159.85649999999805[39m
}
Chunk (-1, 1) generation metrics: {
  terrainTime: [33m0.9334999999991851[39m,
  biomeTime: [33m165.5050999999985[39m,
  resourceTime: [33m0.14179999999760184[39m,
  structureTime: [33m0.1287000000011176[39m,
  riverTime: [33m0.029200000000855653[39m,
  totalTime: [33m166.78960000000006[39m
}
Chunk (0, 1) generation metrics: {
  terrainTime: [33m1.007900000000518[39m,
  biomeTime: [33m171.64110000000073[39m,
  resourceTime: [33m0.127199999998993[39m,
  structureTime: [33m0.10939999999754946[39m,
  riverTime: [33m0.05019999999785796[39m,
  totalTime: [33m172.9844000000012[39m
}
Chunk (1, 1) generation metrics: {
  terrainTime: [33m0.8847999999998137[39m,
  biomeTime: [33m158.86769999999888[39m,
  resourceTime: [33m0.131600000000617[39m,
  structureTime: [33m0.3580999999976484[39m,
  riverTime: [33m0.018299999999726424[39m,
  totalTime: [33m160.31470000000263[39m
}
Loaded 9 chunks in 1727.17ms
World generated with seed: 54321
TerrainEditor initialized
Terrain modification completed in 1.88ms

[90mstdout[2m | demo/src/editor/TerrainEditor.integration.test.ts[2m > [22m[2mTerrain Modification Flow Integration[2m > [22m[2mTool Selection and Terrain Modification[2m > [22m[2mshould update mesh within 100ms after modification[22m[39m
DemoApp initialized successfully
Chunk (-1, -1) generation metrics: {
  terrainTime: [33m1.2304999999978463[39m,
  biomeTime: [33m180.9953999999998[39m,
  resourceTime: [33m0.16049999999813735[39m,
  structureTime: [33m0.09479999999894062[39m,
  riverTime: [33m0.5118000000002212[39m,
  totalTime: [33m183.08899999999994[39m
}
Chunk (0, -1) generation metrics: {
  terrainTime: [33m0.7086999999992258[39m,
  biomeTime: [33m168.5589[39m,
  resourceTime: [33m0.12889999999970314[39m,
  structureTime: [33m0.07419999999910942[39m,
  riverTime: [33m0.014699999999720603[39m,
  totalTime: [33m169.50700000000143[39m
}
Chunk (1, -1) generation metrics: {
  terrainTime: [33m0.6463000000003376[39m,
  biomeTime: [33m132.137999999999[39m,
  resourceTime: [33m0.07050000000162981[39m,
  structureTime: [33m0.05829999999696156[39m,
  riverTime: [33m0.010199999996984843[39m,
  totalTime: [33m132.9439999999995[39m
}
Chunk (-1, 0) generation metrics: {
  terrainTime: [33m0.41120000000228174[39m,
  biomeTime: [33m141.02660000000105[39m,
  resourceTime: [33m0.12150000000110595[39m,
  structureTime: [33m0.08550000000104774[39m,
  riverTime: [33m0.18509999999878346[39m,
  totalTime: [33m141.85269999999946[39m
}
Chunk (0, 0) generation metrics: {
  terrainTime: [33m0.598599999997532[39m,
  biomeTime: [33m138.0679999999993[39m,
  resourceTime: [33m0.06899999999950523[39m,
  structureTime: [33m0.06730000000243308[39m,
  riverTime: [33m0.00999999999839929[39m,
  totalTime: [33m138.83209999999963[39m
}
Chunk (1, 0) generation metrics: {
  terrainTime: [33m0.40490000000136206[39m,
  biomeTime: [33m139.9269000000022[39m,
  resourceTime: [33m0.12360000000262517[39m,
  structureTime: [33m0.08030000000144355[39m,
  riverTime: [33m0.01479999999719439[39m,
  totalTime: [33m140.57200000000012[39m
}
Chunk (-1, 1) generation metrics: {
  terrainTime: [33m0.6190999999998894[39m,
  biomeTime: [33m155.3742999999995[39m,
  resourceTime: [33m0.1124999999992724[39m,
  structureTime: [33m0.09130000000004657[39m,
  riverTime: [33m0.02260000000023865[39m,
  totalTime: [33m156.2446000000018[39m
}
Chunk (0, 1) generation metrics: {
  terrainTime: [33m0.6047999999973399[39m,
  biomeTime: [33m145.6395999999986[39m,
  resourceTime: [33m0.12819999999919673[39m,
  structureTime: [33m0.07730000000083237[39m,
  riverTime: [33m0.03020000000105938[39m,
  totalTime: [33m146.5070999999989[39m
}
Chunk (1, 1) generation metrics: {
  terrainTime: [33m0.5802000000003318[39m,
  biomeTime: [33m151.7059999999983[39m,
  resourceTime: [33m0.06999999999970896[39m,
  structureTime: [33m0.10100000000238651[39m,
  riverTime: [33m0.00999999999839929[39m,
  totalTime: [33m152.48849999999948[39m
}
Loaded 9 chunks in 1364.17ms
World generated with seed: 54321
TerrainEditor initialized
Terrain modification completed in 0.33ms

[90mstdout[2m | demo/src/editor/TerrainEditor.integration.test.ts[2m > [22m[2mTerrain Modification Flow Integration[2m > [22m[2mTool Selection and Terrain Modification[2m > [22m[2mshould work with different tools in sequence[22m[39m
DemoApp initialized successfully
Chunk (-1, -1) generation metrics: {
  terrainTime: [33m0.4032999999981257[39m,
  biomeTime: [33m160.613400000002[39m,
  resourceTime: [33m0.1650999999983469[39m,
  structureTime: [33m0.08290000000124564[39m,
  riverTime: [33m0.28390000000217697[39m,
  totalTime: [33m161.5722999999998[39m
}
Chunk (0, -1) generation metrics: {
  terrainTime: [33m0.7842000000018743[39m,
  biomeTime: [33m189.58879999999772[39m,
  resourceTime: [33m0.13399999999819556[39m,
  structureTime: [33m0.07920000000012806[39m,
  riverTime: [33m0.02710000000297441[39m,
  totalTime: [33m190.63750000000073[39m
}
Chunk (1, -1) generation metrics: {
  terrainTime: [33m0.9694000000017695[39m,
  biomeTime: [33m130.0502000000015[39m,
  resourceTime: [33m0.1287000000011176[39m,
  structureTime: [33m1.5296000000016647[39m,
  riverTime: [33m0.01720000000204891[39m,
  totalTime: [33m132.72200000000157[39m
}
Chunk (-1, 0) generation metrics: {
  terrainTime: [33m0.6610000000000582[39m,
  biomeTime: [33m133.87870000000112[39m,
  resourceTime: [33m0.11920000000100117[39m,
  structureTime: [33m0.07829999999739812[39m,
  riverTime: [33m0.18400000000110595[39m,
  totalTime: [33m134.9431999999979[39m
}
Chunk (0, 0) generation metrics: {
  terrainTime: [33m0.5946999999978289[39m,
  biomeTime: [33m131.57340000000113[39m,
  resourceTime: [33m0.14789999999993597[39m,
  structureTime: [33m0.07839999999850988[39m,
  riverTime: [33m0.015200000001641456[39m,
  totalTime: [33m132.43119999999908[39m
}
Chunk (1, 0) generation metrics: {
  terrainTime: [33m0.5620999999991909[39m,
  biomeTime: [33m122.38460000000123[39m,
  resourceTime: [33m0.11939999999958673[39m,
  structureTime: [33m0.06550000000061118[39m,
  riverTime: [33m0.014099999996687984[39m,
  totalTime: [33m123.16330000000016[39m
}
Chunk (-1, 1) generation metrics: {
  terrainTime: [33m0.6146000000007916[39m,
  biomeTime: [33m150.0040999999983[39m,
  resourceTime: [33m0.12460000000282889[39m,
  structureTime: [33m0.09070000000065193[39m,
  riverTime: [33m0.0220999999983178[39m,
  totalTime: [33m150.88000000000102[39m
}
Chunk (0, 1) generation metrics: {
  terrainTime: [33m0.6011000000034983[39m,
  biomeTime: [33m148.0629000000008[39m,
  resourceTime: [33m0.1264000000010128[39m,
  structureTime: [33m0.0724000000009255[39m,
  riverTime: [33m0.03229999999894062[39m,
  totalTime: [33m148.91719999999987[39m
}
Chunk (1, 1) generation metrics: {
  terrainTime: [33m0.6040000000029977[39m,
  biomeTime: [33m146.29009999999835[39m,
  resourceTime: [33m0.12360000000262517[39m,
  structureTime: [33m0.12159999999857973[39m,
  riverTime: [33m0.01420000000143773[39m,
  totalTime: [33m147.17399999999907[39m
}
Loaded 9 chunks in 1324.23ms
World generated with seed: 54321
TerrainEditor initialized
Terrain modification completed in 0.15ms
Terrain modification completed in 0.23ms
Terrain modification completed in 0.46ms

[90mstdout[2m | demo/src/editor/TerrainEditor.integration.test.ts[2m > [22m[2mTerrain Modification Flow Integration[2m > [22m[2mTool Selection and Terrain Modification[2m > [22m[2mshould handle rapid successive modifications[22m[39m
DemoApp initialized successfully
Chunk (-1, -1) generation metrics: {
  terrainTime: [33m0.6430000000000291[39m,
  biomeTime: [33m139.1719000000012[39m,
  resourceTime: [33m0.12419999999838183[39m,
  structureTime: [33m0.06009999999878346[39m,
  riverTime: [33m0.2147000000004482[39m,
  totalTime: [33m140.23379999999815[39m
}
Chunk (0, -1) generation metrics: {
  terrainTime: [33m0.623700000000099[39m,
  biomeTime: [33m143.6916999999994[39m,
  resourceTime: [33m0.12310000000070431[39m,
  structureTime: [33m0.07290000000284635[39m,
  riverTime: [33m0.015299999999115244[39m,
  totalTime: [33m144.5457000000024[39m
}
Chunk (1, -1) generation metrics: {
  terrainTime: [33m0.619699999999284[39m,
  biomeTime: [33m138.89600000000064[39m,
  resourceTime: [33m0.1264000000010128[39m,
  structureTime: [33m0.0684000000001106[39m,
  riverTime: [33m0.014999999999417923[39m,
  totalTime: [33m139.7438000000002[39m
}
Chunk (-1, 0) generation metrics: {
  terrainTime: [33m0.6160999999992782[39m,
  biomeTime: [33m134.75369999999748[39m,
  resourceTime: [33m0.12619999999878928[39m,
  structureTime: [33m0.07210000000122818[39m,
  riverTime: [33m0.19610000000102445[39m,
  totalTime: [33m135.78619999999864[39m
}
Chunk (0, 0) generation metrics: {
  terrainTime: [33m0.684399999998277[39m,
  biomeTime: [33m139.40719999999783[39m,
  resourceTime: [33m0.12650000000212458[39m,
  structureTime: [33m0.08880000000135624[39m,
  riverTime: [33m0.01659999999901629[39m,
  totalTime: [33m140.34490000000005[39m
}
Chunk (1, 0) generation metrics: {
  terrainTime: [33m0.583200000000943[39m,
  biomeTime: [33m133.09280000000217[39m,
  resourceTime: [33m0.12130000000252039[39m,
  structureTime: [33m0.07260000000314903[39m,
  riverTime: [33m0.014699999999720603[39m,
  totalTime: [33m133.90710000000036[39m
}
Chunk (-1, 1) generation metrics: {
  terrainTime: [33m0.7214999999996508[39m,
  biomeTime: [33m153.01460000000225[39m,
  resourceTime: [33m0.12819999999919673[39m,
  structureTime: [33m0.06669999999940046[39m,
  riverTime: [33m0.022700000001350418[39m,
  totalTime: [33m153.97470000000249[39m
}
Chunk (0, 1) generation metrics: {
  terrainTime: [33m0.6057000000000698[39m,
  biomeTime: [33m176.58300000000236[39m,
  resourceTime: [33m0.1264999999984866[39m,
  structureTime: [33m0.07990000000063446[39m,
  riverTime: [33m0.03139999999984866[39m,
  totalTime: [33m177.44830000000002[39m
}
Chunk (1, 1) generation metrics: {
  terrainTime: [33m0.6163000000015018[39m,
  biomeTime: [33m157.55839999999807[39m,
  resourceTime: [33m0.1323000000011234[39m,
  structureTime: [33m0.12889999999970314[39m,
  riverTime: [33m0.015499999997700797[39m,
  totalTime: [33m158.47479999999996[39m
}
Loaded 9 chunks in 1326.06ms
World generated with seed: 54321
TerrainEditor initialized
Terrain modification completed in 0.20ms
Terrain modification completed in 0.15ms
Terrain modification completed in 0.10ms
Terrain modification completed in 0.26ms
Terrain modification completed in 0.12ms

[90mstdout[2m | demo/src/editor/TerrainEditor.integration.test.ts[2m > [22m[2mTerrain Modification Flow Integration[2m > [22m[2mSave/Load Persistence[2m > [22m[2mshould persist modifications through save тЖТ load cycle[22m[39m
DemoApp initialized successfully
Chunk (-1, -1) generation metrics: {
  terrainTime: [33m0.6216999999996915[39m,
[90mstderr[2m | demo/src/editor/TerrainEditor.integration.test.ts[2m > [22m[2mTerrain Modification Flow Integra
tion[2m > [22m[2mSave/Load Persistence[2m > [22m[2mshould persist modifications through save тЖТ load cycle[2
2m[39m
Deserialized world seed (54321) differs from chunk manager seed (12345)

[90mstderr[2m | demo/src/editor/TerrainEditor.integration.test.ts[2m > [22m[2mTerrain Modification Flow Integra
tion[2m > [22m[2mSave/Load Persistence[2m > [22m[2mshould persist multiple modifications across different chun
ks[22m[39m
Deserialized world seed (54321) differs from chunk manager seed (12345)

  biomeTime: [33m152.0731999999989[39m,
  resourceTime: [33m0.13039999999818974[39m,
  structureTime: [33m0.07470000000103028[39m,
  riverTime: [33m0.26719999999841093[39m,
  totalTime: [33m153.189699999999[39m
}
Chunk (0, -1) generation metrics: {
  terrainTime: [33m0.6155999999973574[39m,
  biomeTime: [33m142.113400000002[39m,
  resourceTime: [33m0.12520000000222353[39m,
  structureTime: [33m0.0750000000007276[39m,
  riverTime: [33m0.01480000000083237[39m,
  totalTime: [33m142.96750000000247[39m
}
Chunk (1, -1) generation metrics: {
  terrainTime: [33m0.6703999999990629[39m,
  biomeTime: [33m157.3070000000007[39m,
  resourceTime: [33m0.13390000000072177[39m,
  structureTime: [33m0.07849999999962165[39m,
  riverTime: [33m0.016700000000128057[39m,
  totalTime: [33m158.22899999999936[39m
}
Chunk (-1, 0) generation metrics: {
  terrainTime: [33m0.6203000000023167[39m,
  biomeTime: [33m148.8215999999993[39m,
  resourceTime: [33m0.12549999999828287[39m,
  structureTime: [33m0.07470000000103028[39m,
  riverTime: [33m0.19680000000153086[39m,
  totalTime: [33m149.85989999999947[39m
}
Chunk (0, 0) generation metrics: {
  terrainTime: [33m0.6182000000007974[39m,
  biomeTime: [33m155.23050000000148[39m,
  resourceTime: [33m0.12619999999878928[39m,
  structureTime: [33m0.069100000000617[39m,
  riverTime: [33m0.015299999999115244[39m,
  totalTime: [33m156.07930000000124[39m
}
Chunk (1, 0) generation metrics: {
  terrainTime: [33m1.3848999999972875[39m,
  biomeTime: [33m147.36679999999978[39m,
  resourceTime: [33m0.4275999999990745[39m,
  structureTime: [33m0.07279999999809661[39m,
  riverTime: [33m0.013799999996990664[39m,
  totalTime: [33m149.44440000000031[39m
}
Chunk (-1, 1) generation metrics: {
  terrainTime: [33m0.5973999999987427[39m,
  biomeTime: [33m153.8737000000001[39m,
  resourceTime: [33m0.12489999999888823[39m,
  structureTime: [33m0.06409999999959837[39m,
  riverTime: [33m0.02260000000023865[39m,
  totalTime: [33m154.701299999997[39m
}
Chunk (0, 1) generation metrics: {
  terrainTime: [33m0.6059999999997672[39m,
  biomeTime: [33m151.21410000000105[39m,
  resourceTime: [33m0.1261000000013155[39m,
  structureTime: [33m0.07189999999900465[39m,
  riverTime: [33m0.030900000001565786[39m,
  totalTime: [33m152.0686999999998[39m
}
Chunk (1, 1) generation metrics: {
  terrainTime: [33m0.603000000002794[39m,
  biomeTime: [33m170.14750000000276[39m,
  resourceTime: [33m0.12480000000141445[39m,
  structureTime: [33m0.11549999999988358[39m,
  riverTime: [33m0.01569999999992433[39m,
  totalTime: [33m171.0671000000002[39m
}
Loaded 9 chunks in 1389.58ms
World generated with seed: 54321
TerrainEditor initialized
Terrain modification completed in 0.24ms
DemoApp initialized successfully

[90mstdout[2m | demo/src/editor/TerrainEditor.integration.test.ts[2m > [22m[2mTerrain Modification Flow Integration[2m > [22m[2mSave/Load Persistence[2m > [22m[2mshould persist multiple modifications across different chunks[22m[39m
DemoApp initialized successfully
Chunk (-1, -1) generation metrics: {
  terrainTime: [33m0.617099999999482[39m,
  biomeTime: [33m151.22769999999946[39m,
  resourceTime: [33m0.12919999999940046[39m,
  structureTime: [33m0.35719999999855645[39m,
  riverTime: [33m0.21969999999782885[39m,
  totalTime: [33m152.5779999999977[39m
}
Chunk (0, -1) generation metrics: {
  terrainTime: [33m0.6258000000016182[39m,
  biomeTime: [33m133.80249999999796[39m,
  resourceTime: [33m0.120599999998376[39m,
  structureTime: [33m0.07370000000082655[39m,
  riverTime: [33m0.013799999996990664[39m,
  totalTime: [33m134.65970000000016[39m
}
Chunk (1, -1) generation metrics: {
  terrainTime: [33m0.5525999999990745[39m,
  biomeTime: [33m140.86870000000272[39m,
  resourceTime: [33m0.1242000000020198[39m,
  structureTime: [33m0.07890000000043074[39m,
  riverTime: [33m0.016400000000430737[39m,
  totalTime: [33m141.6729000000014[39m
}
Chunk (-1, 0) generation metrics: {
  terrainTime: [33m0.6140999999988708[39m,
  biomeTime: [33m140.0051999999996[39m,
  resourceTime: [33m0.12819999999919673[39m,
  structureTime: [33m0.09289999999964493[39m,
  riverTime: [33m0.18549999999959255[39m,
  totalTime: [33m141.0480000000025[39m
}
Chunk (0, 0) generation metrics: {
  terrainTime: [33m0.6198000000003958[39m,
  biomeTime: [33m133.59869999999864[39m,
  resourceTime: [33m0.07119999999849824[39m,
  structureTime: [33m0.05470000000059372[39m,
  riverTime: [33m0.010399999999208376[39m,
  totalTime: [33m134.3725000000013[39m
}
Chunk (1, 0) generation metrics: {
  terrainTime: [33m0.3932999999997264[39m,
  biomeTime: [33m127.43449999999939[39m,
  resourceTime: [33m0.1257999999979802[39m,
  structureTime: [33m0.06660000000192667[39m,
  riverTime: [33m0.015299999999115244[39m,
  totalTime: [33m128.05379999999786[39m
}
Chunk (-1, 1) generation metrics: {
  terrainTime: [33m0.613999999997759[39m,
  biomeTime: [33m149.72560000000158[39m,
  resourceTime: [33m0.12470000000030268[39m,
  structureTime: [33m0.07930000000123982[39m,
  riverTime: [33m0.022199999999429565[39m,
  totalTime: [33m150.58320000000094[39m
}
Chunk (0, 1) generation metrics: {
  terrainTime: [33m0.6019999999989523[39m,
  biomeTime: [33m136.37970000000132[39m,
  resourceTime: [33m0.1375000000007276[39m,
  structureTime: [33m0.08550000000104774[39m,
  riverTime: [33m0.03590000000258442[39m,
  totalTime: [33m137.2648999999983[39m
}
Chunk (1, 1) generation metrics: {
  terrainTime: [33m0.5807999999997264[39m,
  biomeTime: [33m135.4429999999993[39m,
  resourceTime: [33m0.12789999999949941[39m,
  structureTime: [33m0.1088000000017928[39m,
  riverTime: [33m0.014900000001944136[39m,
  totalTime: [33m136.29390000000058[39m
}
Loaded 9 chunks in 1258.24ms
World generated with seed: 54321
TerrainEditor initialized
Terrain modification completed in 0.16ms
Terrain modification completed in 0.12ms
DemoApp initialized successfully

[90mstdout[2m | demo/src/editor/TerrainEditor.integration.test.ts[2m > [22m[2mTerrain Modification Flow Integration[2m > [22m[2mSave/Load Persistence[2m > [22m[2mshould persist modifications through binary format save/load[22m[39m
DemoApp initialized successfully
Chunk (-1, -1) generation metrics: {
  terrainTime: [33m0.6213999999999942[39m,
  biomeTime: [33m140.2329000000027[39m,
  resourceTime: [33m0.12819999999919673[39m,
  structureTime: [33m0.08170000000245636[39m,
  riverTime: [33m0.2180999999982305[39m,
  totalTime: [33m141.3058000000019[39m
}
Chunk (0, -1) generation metrics: {
  terrainTime: [33m0.5953999999983353[39m,
  biomeTime: [33m140.96830000000045[39m,
  resourceTime: [33m0.13030000000071595[39m,
  structureTime: [33m0.08430000000225846[39m,
  riverTime: [33m0.015600000002450543[39m,
  totalTime: [33m141.81670000000304[39m
}
Chunk (1, -1) generation metrics: {
  terrainTime: [33m0.6273999999975786[39m,
  biomeTime: [33m138.83450000000084[39m,
  resourceTime: [33m0.07459999999991851[39m,
  structureTime: [33m0.06820000000152504[39m,
  riverTime: [33m0.011500000000523869[39m,
  totalTime: [33m139.63400000000183[39m
}
Chunk (-1, 0) generation metrics: {
  terrainTime: [33m0.3980999999985215[39m,
  biomeTime: [33m138.37420000000202[39m,
  resourceTime: [33m0.1275999999998021[39m,
  structureTime: [33m0.07440000000133296[39m,
  riverTime: [33m0.24530000000231666[39m,
  totalTime: [33m139.2380000000012[39m
}
Chunk (0, 0) generation metrics: {
  terrainTime: [33m0.6805999999996857[39m,
  biomeTime: [33m153.24749999999767[39m,
  resourceTime: [33m0.1257999999979802[39m,
  structureTime: [33m0.062000000001717126[39m,
  riverTime: [33m0.014999999999417923[39m,
  totalTime: [33m154.15079999999944[39m
}
Chunk (1, 0) generation metrics: {
  terrainTime: [33m0.6003999999993539[39m,
  biomeTime: [33m133.72760000000198[39m,
  resourceTime: [33m0.13099999999758438[39m,
  structureTime: [33m0.06669999999940046[39m,
  riverTime: [33m0.01540000000022701[39m,
  totalTime: [33m134.56230000000141[39m
}
Chunk (-1, 1) generation metrics: {
  terrainTime: [33m0.6226999999998952[39m,
  biomeTime: [33m157.5636999999988[39m,
  resourceTime: [33m0.10949999999866122[39m,
  structureTime: [33m0.08150000000023283[39m,
  riverTime: [33m0.01959999999962747[39m,
  totalTime: [33m158.41690000000017[39m
}
Chunk (0, 1) generation metrics: {
  terrainTime: [33m0.6830000000009022[39m,
  biomeTime: [33m154.9985000000015[39m,
  resourceTime: [33m0.06889999999839347[39m,
  structureTime: [33m0.06440000000293367[39m,
  riverTime: [33m0.023000000001047738[39m,
  totalTime: [33m155.85740000000078[39m
}
Chunk (1, 1) generation metrics: {
  terrainTime: [33m0.46709999999802676[39m,
  biomeTime: [33m140.62059999999838[39m,
  resourceTime: [33m0.13140000000203145[39m,
  structureTime: [33m0.11999999999898137[39m,
  riverTime: [33m0.01569999999992433[39m,
  totalTime: [33m141.3742999999995[39m
}
Loaded 9 chunks in 1307.95ms
World generated with seed: 54321
TerrainEditor initialized
Terrain modification completed in 0.49ms
DemoApp initialized successfully

[90mstdout[2m | demo/src/editor/TerrainEditor.integration.test.ts[2m > [22m[2mTerrain Modification Flow Integration[2m > [22m[2mSave/Load Persistence[2m > [22m[2mshould handle save/load with compression enabled[22m[39m
DemoApp initialized successfully
Chunk (-1, -1) generation metrics: {
  terrainTime: [33m0.7353000000002794[39m,
  biomeTime: [33m143.29880000000048[39m,
  resourceTime: [33m0.12619999999878928[39m,
  structureTime: [33m0.08650000000125146[39m,
  riverTime: [33m0.3172000000013213[39m,
  totalTime: [33m144.58919999999853[39m
}
Chunk (0, -1) generation metrics: {
  terrainTime: [33m0.6146000000007916[39m,
  biomeTime: [33m151.00350000000253[39m,
  resourceTime: [33m0.12470000000030268[39m,
  structureTime: [33m0.07920000000012806[39m,
  riverTime: [33m0.01510000000052969[39m,
  totalTime: [33m151.8585000000021[39m
}
Chunk (1, -1) generation metrics: {
  terrainTime: [33m0.6272999999964668[39m,
  biomeTime: [33m133.12099999999919[39m,
  resourceTime: [33m0.13029999999707798[39m,
  structureTime: [33m0.09270000000105938[39m,
  riverTime: [33m0.01690000000235159[39m,
  totalTime: [33m134.01300000000265[39m
}
Chunk (-1, 0) generation metrics: {
  terrainTime: [33m0.6411000000007334[39m,
  biomeTime: [33m139.69360000000233[39m,
  resourceTime: [33m0.12460000000282889[39m,
  structureTime: [33m0.08099999999831198[39m,
  riverTime: [33m0.25979999999981374[39m,
  totalTime: [33m140.8234999999986[39m
}
Chunk (0, 0) generation metrics: {
  terrainTime: [33m0.597700000002078[39m,
  biomeTime: [33m134.61809999999969[39m,
  resourceTime: [33m0.12459999999919091[39m,
  structureTime: [33m0.08870000000024447[39m,
  riverTime: [33m0.015800000001036096[39m,
  totalTime: [33m135.46719999999914[39m
}
Chunk (1, 0) generation metrics: {
  terrainTime: [33m0.602999999999156[39m,
  biomeTime: [33m125.17180000000008[39m,
  resourceTime: [33m0.12670000000071013[39m,
  structureTime: [33m0.06309999999939464[39m,
  riverTime: [33m0.015899999998509884[39m,
  totalTime: [33m126[39m
}
Chunk (-1, 1) generation metrics: {
  terrainTime: [33m0.6144999999996799[39m,
  biomeTime: [33m142.8695000000007[39m,
  resourceTime: [33m0.12819999999919673[39m,
  structureTime: [33m0.07990000000063446[39m,
  riverTime: [33m0.023399999998218846[39m,
  totalTime: [33m143.73799999999756[39m
}
Chunk (0, 1) generation metrics: {
  terrainTime: [33m0.6036000000021886[39m,
  biomeTime: [33m151.22109999999884[39m,
  resourceTime: [33m0.118399999999383[39m,
  structureTime: [33m0.06279999999969732[39m,
  riverTime: [33m0.030900000001565786[39m,
  totalTime: [33m152.05649999999878[39m
}
Chunk (1, 1) generation metrics: {
  terrainTime: [33m1.4487999999983003[39m,
  biomeTime: [33m150.84690000000046[39m,
  resourceTime: [33m0.11279999999896972[39m,
  structureTime: [33m0.1136000000005879[39m,
  riverTime: [33m0.015299999999115244[39m,
  totalTime: [33m152.60059999999794[39m
}
Loaded 9 chunks in 1282.89ms
World generated with seed: 54321
TerrainEditor initialized
Terrain modification completed in 0.13ms
Terrain modification completed in 0.10ms
Terrain modification completed in 0.11ms
DemoApp initialized successfully

[90mstdout[2m | demo/src/editor/TerrainEditor.integration.test.ts[2m > [22m[2mTerrain Modification Flow Integration[2m > [22m[2mUndo/Redo Functionality[2m > [22m[2mshould support undo after terrain modification[22m[39m
DemoApp initialized successfully
Chunk (-1, -1) generation metrics: {
  terrainTime: [33m0.9966999999996915[39m,
  biomeTime: [33m125.78369999999995[39m,
  resourceTime: [33m0.12849999999889405[39m,
  structureTime: [33m0.12819999999919673[39m,
  riverTime: [33m0.1607000000003609[39m,
  totalTime: [33m127.22359999999753[39m
}
Chunk (0, -1) generation metrics: {
  terrainTime: [33m0.5952999999972235[39m,
  biomeTime: [33m131.63709999999992[39m,
  resourceTime: [33m0.06769999999960419[39m,
  structureTime: [33m0.06759999999849242[39m,
  riverTime: [33m0.00969999999870197[39m,
  totalTime: [33m132.40169999999853[39m
}
Chunk (1, -1) generation metrics: {
  terrainTime: [33m0.40240000000267173[39m,
  biomeTime: [33m135.95550000000003[39m,
  resourceTime: [33m0.11980000000039581[39m,
  structureTime: [33m0.07660000000032596[39m,
  riverTime: [33m0.015599999998812564[39m,
  totalTime: [33m136.58910000000105[39m
}
Chunk (-1, 0) generation metrics: {
  terrainTime: [33m0.6044000000001688[39m,
  biomeTime: [33m144.98409999999785[39m,
  resourceTime: [33m0.12399999999979627[39m,
  structureTime: [33m0.08250000000043656[39m,
  riverTime: [33m0.1287000000011176[39m,
  totalTime: [33m145.94610000000102[39m
}
Chunk (0, 0) generation metrics: {
  terrainTime: [33m0.6304999999993015[39m,
  biomeTime: [33m149.63159999999698[39m,
  resourceTime: [33m0.11790000000110012[39m,
  structureTime: [33m0.08030000000144355[39m,
  riverTime: [33m0.013399999999819556[39m,
  totalTime: [33m150.49540000000343[39m
}
Chunk (1, 0) generation metrics: {
  terrainTime: [33m0.5552999999999884[39m,
  biomeTime: [33m120.49259999999776[39m,
  resourceTime: [33m0.13329999999768916[39m,
  structureTime: [33m0.07939999999871361[39m,
  riverTime: [33m0.016199999998207204[39m,
  totalTime: [33m121.29819999999745[39m
}
Chunk (-1, 1) generation metrics: {
  terrainTime: [33m0.5945999999967171[39m,
  biomeTime: [33m153.94940000000133[39m,
  resourceTime: [33m0.12809999999808497[39m,
  structureTime: [33m0.08269999999902211[39m,
  riverTime: [33m0.023099999998521525[39m,
  totalTime: [33m154.80249999999796[39m
}
Chunk (0, 1) generation metrics: {
  terrainTime: [33m0.6058000000011816[39m,
  biomeTime: [33m156.6310999999987[39m,
  resourceTime: [33m0.12150000000110595[39m,
  structureTime: [33m0.08729999999923166[39m,
  riverTime: [33m0.03080000000045402[39m,
  totalTime: [33m157.50009999999747[39m
}
Chunk (1, 1) generation metrics: {
  terrainTime: [33m0.6396000000022468[39m,
  biomeTime: [33m180.3877999999968[39m,
  resourceTime: [33m0.13500000000203727[39m,
  structureTime: [33m0.15539999999964493[39m,
  riverTime: [33m0.021899999999732245[39m,
  totalTime: [33m181.36479999999938[39m
}
Loaded 9 chunks in 1309.27ms
World generated with seed: 54321
TerrainEditor initialized
Terrain modification completed in 0.13ms

[90mstdout[2m | demo/src/editor/TerrainEditor.integration.test.ts[2m > [22m[2mTerrain Modification Flow Integration[2m > [22m[2mUndo/Redo Functionality[2m > [22m[2mshould support redo after undo[22m[39m
DemoApp initialized successfully
Chunk (-1, -1) generation metrics: {
  terrainTime: [33m0.6134999999994761[39m,
  biomeTime: [33m161.0614999999998[39m,
  resourceTime: [33m0.12659999999959837[39m,
  structureTime: [33m0.08629999999902793[39m,
  riverTime: [33m0.2585999999973865[39m,
  totalTime: [33m162.16969999999856[39m
}
Chunk (0, -1) generation metrics: {
  terrainTime: [33m0.683999999997468[39m,
  biomeTime: [33m157.92879999999786[39m,
  resourceTime: [33m0.13079999999899883[39m,
  structureTime: [33m0.09390000000348664[39m,
  riverTime: [33m0.006699999998090789[39m,
  totalTime: [33m158.8706999999995[39m
}
Chunk (1, -1) generation metrics: {
  terrainTime: [33m0.6316999999980908[39m,
  biomeTime: [33m144.87349999999788[39m,
  resourceTime: [33m0.12400000000343425[39m,
  structureTime: [33m0.08709999999700813[39m,
  riverTime: [33m0.007300000004761387[39m,
  totalTime: [33m145.7471000000005[39m
}
Chunk (-1, 0) generation metrics: {
  terrainTime: [33m0.6169999999983702[39m,
  biomeTime: [33m135.4346000000005[39m,
  resourceTime: [33m0.12479999999777647[39m,
  structureTime: [33m0.07239999999728752[39m,
  riverTime: [33m0.11699999999837019[39m,
  totalTime: [33m136.38739999999962[39m
}
Chunk (0, 0) generation metrics: {
  terrainTime: [33m0.6177999999999884[39m,
  biomeTime: [33m126.49289999999746[39m,
  resourceTime: [33m0.12619999999878928[39m,
  structureTime: [33m0.08600000000296859[39m,
  riverTime: [33m0.006499999995867256[39m,
  totalTime: [33m127.35369999999966[39m
}
Chunk (1, 0) generation metrics: {
  terrainTime: [33m0.6062000000019907[39m,
  biomeTime: [33m125.44700000000012[39m,
  resourceTime: [33m0.1239999999961583[39m,
  structureTime: [33m0.07939999999507563[39m,
  riverTime: [33m0.0070000000050640665[39m,
  totalTime: [33m126.28519999999844[39m
}
Chunk (-1, 1) generation metrics: {
  terrainTime: [33m0.619299999998475[39m,
  biomeTime: [33m153.38260000000446[39m,
  resourceTime: [33m0.06850000000122236[39m,
  structureTime: [33m0.06759999999485444[39m,
  riverTime: [33m0.010099999999511056[39m,
  totalTime: [33m154.16709999999875[39m
}
Chunk (0, 1) generation metrics: {
  terrainTime: [33m0.3971000000019558[39m,
  biomeTime: [33m144.06389999999374[39m,
  resourceTime: [33m0.1265999999959604[39m,
  structureTime: [33m0.08009999999922002[39m,
  riverTime: [33m0.023399999998218846[39m,
  totalTime: [33m144.71360000000277[39m
}
Chunk (1, 1) generation metrics: {
  terrainTime: [33m0.614000000001397[39m,
  biomeTime: [33m150.9756999999954[39m,
  resourceTime: [33m0.12010000000009313[39m,
  structureTime: [33m0.11570000000210712[39m,
  riverTime: [33m0.005599999996775296[39m,
  totalTime: [33m151.8507000000027[39m
}
Loaded 9 chunks in 1309.27ms
World generated with seed: 54321
[90mstderr[2m | demo/src/editor/TerrainEditor.integration.test.ts[2m > [22m[2mTerrain Modification Flow Integra
tion[2m > [22m[2mSave/Load Persistence[2m > [22m[2mshould persist modifications through binary format save/loa
d[22m[39m
Deserialized world seed (54321) differs from chunk manager seed (12345)

[90mstderr[2m | demo/src/editor/TerrainEditor.integration.test.ts[2m > [22m[2mTerrain Modification Flow Integra
tion[2m > [22m[2mSave/Load Persistence[2m > [22m[2mshould handle save/load with compression enabled[22m[39m
Deserialized world seed (54321) differs from chunk manager seed (12345)

TerrainEditor initialized
Terrain modification completed in 0.14ms

[90mstdout[2m | demo/src/editor/TerrainEditor.integration.test.ts[2m > [22m[2mTerrain Modification Flow Integration[2m > [22m[2mUndo/Redo Functionality[2m > [22m[2mshould support multiple undo/redo operations[22m[39m
DemoApp initialized successfully
Chunk (-1, -1) generation metrics: {
  terrainTime: [33m0.6168999999936204[39m,
  biomeTime: [33m139.93349999999919[39m,
  resourceTime: [33m0.11949999999342253[39m,
  structureTime: [33m0.08870000000024447[39m,
  riverTime: [33m0.13640000000305008[39m,
  totalTime: [33m140.91869999999471[39m
}
Chunk (0, -1) generation metrics: {
  terrainTime: [33m0.5944000000017695[39m,
  biomeTime: [33m130.9134999999951[39m,
  resourceTime: [33m0.14110000000073342[39m,
  structureTime: [33m0.08669999999983702[39m,
  riverTime: [33m0.007400000002235174[39m,
  totalTime: [33m131.7690999999977[39m
}
Chunk (1, -1) generation metrics: {
  terrainTime: [33m0.6267999999981839[39m,
  biomeTime: [33m136.96570000000065[39m,
  resourceTime: [33m0.13089999999647262[39m,
  structureTime: [33m0.062399999995250255[39m,
  riverTime: [33m0.006500000003143214[39m,
  totalTime: [33m137.8104999999996[39m
}
Chunk (-1, 0) generation metrics: {
  terrainTime: [33m0.6111000000018976[39m,
  biomeTime: [33m131.424500000001[39m,
  resourceTime: [33m0.06949999999778811[39m,
  structureTime: [33m0.07129999999597203[39m,
  riverTime: [33m0.08430000000225846[39m,
  totalTime: [33m132.28199999999924[39m
}
Chunk (0, 0) generation metrics: {
  terrainTime: [33m0.4070999999967171[39m,
  biomeTime: [33m142.80069999999978[39m,
  resourceTime: [33m0.11449999999604188[39m,
  structureTime: [33m0.07920000000012806[39m,
  riverTime: [33m0.006900000000314321[39m,
  totalTime: [33m143.42649999999412[39m
}
Chunk (1, 0) generation metrics: {
  terrainTime: [33m0.44519999999465654[39m,
  biomeTime: [33m137.33810000000085[39m,
  resourceTime: [33m0.07039999999688007[39m,
  structureTime: [33m0.05350000000180444[39m,
  riverTime: [33m0.0051000000021304[39m,
  totalTime: [33m137.9623999999967[39m
}
Chunk (-1, 1) generation metrics: {
  terrainTime: [33m0.41339999999763677[39m,
  biomeTime: [33m155.64249999999447[39m,
  resourceTime: [33m0.1297000000049593[39m,
  structureTime: [33m0.07160000000294531[39m,
  riverTime: [33m0.01269999999931315[39m,
  totalTime: [33m156.28779999999824[39m
}
Chunk (0, 1) generation metrics: {
  terrainTime: [33m0.605200000005425[39m,
  biomeTime: [33m144.49309999999969[39m,
  resourceTime: [33m0.12410000000090804[39m,
  structureTime: [33m0.0625[39m,
  riverTime: [33m0.021200000002863817[39m,
  totalTime: [33m145.32559999999648[39m
}
Chunk (1, 1) generation metrics: {
  terrainTime: [33m0.6082999999998719[39m,
  biomeTime: [33m148.7114999999976[39m,
  resourceTime: [33m0.12479999999777647[39m,
  structureTime: [33m0.11450000000331784[39m,
  riverTime: [33m0.0070000000050640665[39m,
  totalTime: [33m149.58630000000267[39m
}
Loaded 9 chunks in 1276.97ms
World generated with seed: 54321
TerrainEditor initialized
Terrain modification completed in 0.06ms
Terrain modification completed in 0.03ms
Terrain modification completed in 0.12ms

[90mstdout[2m | demo/src/editor/TerrainEditor.integration.test.ts[2m > [22m[2mTerrain Modification Flow Integration[2m > [22m[2mUndo/Redo Functionality[2m > [22m[2mshould clear redo stack when new modification is made after undo[22m[39m
DemoApp initialized successfully
Chunk (-1, -1) generation metrics: {
  terrainTime: [33m0.6190000000060536[39m,
  biomeTime: [33m159.31210000000283[39m,
  resourceTime: [33m0.1485000000029686[39m,
  structureTime: [33m0.09410000000207219[39m,
  riverTime: [33m0.1543999999994412[39m,
  totalTime: [33m160.35510000000068[39m
}
Chunk (0, -1) generation metrics: {
  terrainTime: [33m0.6372999999948661[39m,
  biomeTime: [33m149.35549999999785[39m,
  resourceTime: [33m0.1275000000023283[39m,
  structureTime: [33m0.09629999999742722[39m,
  riverTime: [33m0.007600000004458707[39m,
  totalTime: [33m150.25190000000293[39m
}
Chunk (1, -1) generation metrics: {
  terrainTime: [33m1.1405000000013388[39m,
  biomeTime: [33m141.47119999999995[39m,
  resourceTime: [33m0.12890000000334112[39m,
  structureTime: [33m0.07880000000295695[39m,
  riverTime: [33m0.006499999995867256[39m,
  totalTime: [33m142.8477999999959[39m
}
Chunk (-1, 0) generation metrics: {
  terrainTime: [33m0.6209999999991851[39m,
  biomeTime: [33m140.07939999999508[39m,
  resourceTime: [33m0.1238999999986845[39m,
  structureTime: [33m0.09419999999954598[39m,
  riverTime: [33m0.12460000000282889[39m,
  totalTime: [33m141.0653999999995[39m
}
Chunk (0, 0) generation metrics: {
  terrainTime: [33m0.6000000000058208[39m,
  biomeTime: [33m141.1324999999997[39m,
  resourceTime: [33m0.06729999999515712[39m,
  structureTime: [33m0.05670000000100117[39m,
  riverTime: [33m0.004899999999906868[39m,
  totalTime: [33m141.8798999999999[39m
}
Chunk (1, 0) generation metrics: {
  terrainTime: [33m0.5590999999985797[39m,
  biomeTime: [33m138.43649999999616[39m,
  resourceTime: [33m0.12589999999909196[39m,
  structureTime: [33m0.07640000000537839[39m,
  riverTime: [33m0.007100000002537854[39m,
  totalTime: [33m139.22720000000118[39m
}
Chunk (-1, 1) generation metrics: {
  terrainTime: [33m0.6144999999960419[39m,
  biomeTime: [33m152.8909000000058[39m,
  resourceTime: [33m0.11899999999877764[39m,
  structureTime: [33m0.07730000000447035[39m,
  riverTime: [33m0.013199999993958045[39m,
  totalTime: [33m153.73599999999715[39m
}
Chunk (0, 1) generation metrics: {
  terrainTime: [33m1.198499999998603[39m,
  biomeTime: [33m147.34939999999915[39m,
  resourceTime: [33m0.12179999999352731[39m,
  structureTime: [33m0.07800000000133878[39m,
  riverTime: [33m0.02209999999467982[39m,
  totalTime: [33m148.79239999999845[39m
}
Chunk (1, 1) generation metrics: {
  terrainTime: [33m0.5851999999940745[39m,
  biomeTime: [33m148.05780000000232[39m,
  resourceTime: [33m0.12420000000565778[39m,
  structureTime: [33m0.12299999999959255[39m,
  riverTime: [33m0.006300000000919681[39m,
  totalTime: [33m148.9192999999941[39m
}
Loaded 9 chunks in 1328.77ms
World generated with seed: 54321
TerrainEditor initialized
Terrain modification completed in 0.09ms
Terrain modification completed in 0.07ms
Terrain modification completed in 0.10ms

[90mstdout[2m | demo/src/editor/TerrainEditor.integration.test.ts[2m > [22m[2mTerrain Modification Flow Integration[2m > [22m[2mUndo/Redo Functionality[2m > [22m[2mshould trigger mesh update on undo/redo[22m[39m
DemoApp initialized successfully
Chunk (-1, -1) generation metrics: {
  terrainTime: [33m0.6016000000017812[39m,
  biomeTime: [33m139.26520000000164[39m,
  resourceTime: [33m0.13130000000091968[39m,
  structureTime: [33m0.08400000000256114[39m,
  riverTime: [33m0.16090000000258442[39m,
  totalTime: [33m140.2795999999944[39m
}
Chunk (0, -1) generation metrics: {
  terrainTime: [33m0.620599999994738[39m,
  biomeTime: [33m153.44250000000466[39m,
  resourceTime: [33m0.12789999999949941[39m,
  structureTime: [33m0.056600000003527384[39m,
  riverTime: [33m0.006600000000617001[39m,
  totalTime: [33m154.27249999999913[39m
}
Chunk (1, -1) generation metrics: {
  terrainTime: [33m0.633799999995972[39m,
  biomeTime: [33m158.64910000000236[39m,
  resourceTime: [33m0.1264000000010128[39m,
  structureTime: [33m0.08090000000083819[39m,
  riverTime: [33m0.006000000001222361[39m,
  totalTime: [33m159.5184999999983[39m
}
Chunk (-1, 0) generation metrics: {
  terrainTime: [33m0.6184999999968568[39m,
  biomeTime: [33m122.93450000000303[39m,
  resourceTime: [33m0.1290999999982887[39m,
  structureTime: [33m0.08179999999993015[39m,
  riverTime: [33m0.19290000000182772[39m,
  totalTime: [33m123.98140000000421[39m
}
Chunk (0, 0) generation metrics: {
  terrainTime: [33m0.6046000000060303[39m,
  biomeTime: [33m152.9643999999971[39m,
  resourceTime: [33m0.12550000000192085[39m,
  structureTime: [33m0.07510000000183936[39m,
  riverTime: [33m0.006999999997788109[39m,
  totalTime: [33m153.82020000000193[39m
}
Chunk (1, 0) generation metrics: {
  terrainTime: [33m0.6028000000005704[39m,
  biomeTime: [33m133.76720000000205[39m,
  resourceTime: [33m0.12159999999857973[39m,
  structureTime: [33m0.07450000000244472[39m,
  riverTime: [33m0.007900000004156027[39m,
  totalTime: [33m134.59739999999874[39m
}
Chunk (-1, 1) generation metrics: {
  terrainTime: [33m0.5834000000031665[39m,
  biomeTime: [33m145.62980000000243[39m,
  resourceTime: [33m0.12089999999443535[39m,
  structureTime: [33m0.07410000000527361[39m,
  riverTime: [33m0.014500000004773028[39m,
  totalTime: [33m146.4438999999984[39m
}
Chunk (0, 1) generation metrics: {
  terrainTime: [33m1.1943000000028405[39m,
  biomeTime: [33m146.1015999999945[39m,
  resourceTime: [33m0.11530000000493601[39m,
  structureTime: [33m0.09619999999995343[39m,
  riverTime: [33m0.023399999998218846[39m,
  totalTime: [33m147.556700000001[39m
}
Chunk (1, 1) generation metrics: {
  terrainTime: [33m0.5420000000012806[39m,
  biomeTime: [33m160.20850000000064[39m,
  resourceTime: [33m0.07140000000072177[39m,
  structureTime: [33m0.0970000000015716[39m,
  riverTime: [33m0.0051000000021304[39m,
  totalTime: [33m160.9452999999994[39m
}
Loaded 9 chunks in 1323.25ms
World generated with seed: 54321
TerrainEditor initialized
Terrain modification completed in 0.09ms

[90mstdout[2m | demo/src/editor/TerrainEditor.integration.test.ts[2m > [22m[2mTerrain Modification Flow Integration[2m > [22m[2mComplete Workflow Integration[2m > [22m[2mshould handle complete workflow: modify тЖТ undo тЖТ redo тЖТ save тЖТ load[22m[39m
DemoApp initialized successfully
Chunk (-1, -1) generation metrics: {
  terrainTime: [33m0.6203000000023167[39m,
  biomeTime: [33m149.1548000000039[39m,
  resourceTime: [33m0.12309999999706633[39m,
  structureTime: [33m0.07559999999648426[39m,
  riverTime: [33m0.14079999999376014[39m,
  totalTime: [33m150.13670000000275[39m
}
Chunk (0, -1) generation metrics: {
  terrainTime: [33m0.6307999999989988[39m,
  biomeTime: [33m170.2777999999962[39m,
  resourceTime: [33m0.14250000000174623[39m,
  structureTime: [33m0.1437000000005355[39m,
  riverTime: [33m0.013200000001234002[39m,
  totalTime: [33m171.31009999999515[39m
}
Chunk (1, -1) generation metrics: {
  terrainTime: [33m0.6148000000030152[39m,
  biomeTime: [33m148.77649999999994[39m,
  resourceTime: [33m0.11939999999594875[39m,
  structureTime: [33m0.07989999999699648[39m,
  riverTime: [33m0.006299999993643723[39m,
  totalTime: [33m149.62230000000272[39m
}
Chunk (-1, 0) generation metrics: {
  terrainTime: [33m0.5966999999945983[39m,
  biomeTime: [33m151.89070000000356[39m,
  resourceTime: [33m0.1330999999991036[39m,
  structureTime: [33m0.07850000000325963[39m,
  riverTime: [33m0.1250999999974738[39m,
  totalTime: [33m152.84459999999672[39m
}
Chunk (0, 0) generation metrics: {
  terrainTime: [33m0.6160999999992782[39m,
  biomeTime: [33m140.93730000000505[39m,
  resourceTime: [33m0.12219999999797437[39m,
  structureTime: [33m0.09369999999762513[39m,
  riverTime: [33m0.006900000000314321[39m,
  totalTime: [33m141.79959999999846[39m
}
Chunk (1, 0) generation metrics: {
  terrainTime: [33m1.2916000000041095[39m,
  biomeTime: [33m137.2563999999984[39m,
  resourceTime: [33m0.1254999999946449[39m,
  structureTime: [33m0.07880000000295695[39m,
  riverTime: [33m0.006299999993643723[39m,
  totalTime: [33m138.7800000000061[39m
}
Chunk (-1, 1) generation metrics: {
  terrainTime: [33m0.6184999999968568[39m,
  biomeTime: [33m149.60809999999765[39m,
  resourceTime: [33m0.1224000000001979[39m,
  structureTime: [33m0.08410000000003492[39m,
  riverTime: [33m0.012900000001536682[39m,
  totalTime: [33m150.4704999999958[39m
}
Chunk (0, 1) generation metrics: {
  terrainTime: [33m0.5903000000034808[39m,
  biomeTime: [33m136.67380000000412[39m,
  resourceTime: [33m0.1224000000001979[39m,
  structureTime: [33m0.07729999999719439[39m,
  riverTime: [33m0.021200000002863817[39m,
  totalTime: [33m137.50410000000556[39m
}
Chunk (1, 1) generation metrics: {
  terrainTime: [33m0.5811000000030617[39m,
  biomeTime: [33m135.6371999999974[39m,
  resourceTime: [33m0.06970000000001164[39m,
  structureTime: [33m0.08540000000357395[39m,
  riverTime: [33m0.005900000003748573[39m,
  totalTime: [33m136.40039999999863[39m
}
Loaded 9 chunks in 1332.48ms
World generated with seed: 54321
TerrainEditor initialized
Terrain modification completed in 0.15ms
DemoApp initialized successfully

[90mstdout[2m | demo/src/editor/TerrainEditor.integration.test.ts[2m > [22m[2mTerrain Modification Flow Integration[2m > [22m[2mComplete Workflow Integration[2m > [22m[2mshould handle workflow with multiple tools and save/load[22m[39m
DemoApp initialized successfully
Chunk (-1, -1) generation metrics: {
  terrainTime: [33m0.6163999999989755[39m,
  biomeTime: [33m145.5827999999965[39m,
  resourceTime: [33m0.1371999999973923[39m,
  structureTime: [33m0.08069999999861466[39m,
  riverTime: [33m0.15499999999883585[39m,
  totalTime: [33m146.59459999999672[39m
}
Chunk (0, -1) generation metrics: {
  terrainTime: [33m0.6177999999999884[39m,
  biomeTime: [33m139.55630000000383[39m,
  resourceTime: [33m0.0676000000021304[39m,
  structureTime: [33m0.07310000000143191[39m,
  riverTime: [33m0.004699999997683335[39m,
  totalTime: [33m140.33929999999964[39m
}
Chunk (1, -1) generation metrics: {
  terrainTime: [33m0.3937999999980093[39m,
  biomeTime: [33m130.95030000000406[39m,
  resourceTime: [33m0.13090000000374857[39m,
  structureTime: [33m0.09780000000318978[39m,
  riverTime: [33m0.019700000004377216[39m,
  totalTime: [33m131.61579999999958[39m
}
Chunk (-1, 0) generation metrics: {
  terrainTime: [33m0.5950000000011642[39m,
  biomeTime: [33m123.55389999999898[39m,
  resourceTime: [33m0.1235000000015134[39m,
  structureTime: [33m0.08729999999923166[39m,
  riverTime: [33m1.4444000000003143[39m,
  totalTime: [33m125.82730000000447[39m
}
Chunk (0, 0) generation metrics: {
  terrainTime: [33m0.6232999999992899[39m,
  biomeTime: [33m133.05749999999534[39m,
  resourceTime: [33m0.1213999999963562[39m,
  structureTime: [33m0.07710000000224682[39m,
  riverTime: [33m0.005700000001525041[39m,
  totalTime: [33m133.90610000000015[39m
}
Chunk (1, 0) generation metrics: {
  terrainTime: [33m0.5868999999947846[39m,
  biomeTime: [33m130.10549999999785[39m,
  resourceTime: [33m0.12269999999989523[39m,
  structureTime: [33m0.09079999999812571[39m,
  riverTime: [33m0.007799999999406282[39m,
  totalTime: [33m130.93589999999676[39m
}
Chunk (-1, 1) generation metrics: {
  terrainTime: [33m0.6163999999989755[39m,
  biomeTime: [33m142.03059999999823[39m,
  resourceTime: [33m0.09029999999620486[39m,
  structureTime: [33m0.05719999999564607[39m,
  riverTime: [33m0.010000000002037268[39m,
  totalTime: [33m142.82920000000013[39m
}
Chunk (0, 1) generation metrics: {
  terrainTime: [33m0.5362999999997555[39m,
  biomeTime: [33m140.7635999999984[39m,
  resourceTime: [33m0.11929999999847496[39m,
  structureTime: [33m0.07899999999790452[39m,
  riverTime: [33m0.021699999997508712[39m,
  totalTime: [33m141.53659999999945[39m
}
Chunk (1, 1) generation metrics: {
  terrainTime: [33m0.5838999999978114[39m,
  biomeTime: [33m143.86699999999837[39m,
  resourceTime: [33m0.12080000000423752[39m,
  structureTime: [33m0.12910000000556465[39m,
  riverTime: [33m0.007700000001932494[39m,
  totalTime: [33m144.73110000000452[39m
}
Loaded 9 chunks in 1240.10ms
World generated with seed: 54321
TerrainEditor initialized
Terrain modification completed in 0.10ms
Terrain modification completed in 0.92ms
DemoApp initialized successfully

[90mstdout[2m | demo/src/editor/TerrainEditor.integration.test.ts[2m > [22m[2mTerrain Modification Flow Integration[2m > [22m[2mComplete Workflow Integration[2m > [22m[2mshould maintain mesh updates throughout complete workflow[22m[39m
DemoApp initialized successfully
Chunk (-1, -1) generation metrics: {
  terrainTime: [33m0.6387000000031549[39m,
  biomeTime: [33m138.40729999999894[39m,
  resourceTime: [33m0.1220000000030268[39m,
  structureTime: [33m0.08899999999994179[39m,
  riverTime: [33m0.22299999999813735[39m,
  totalTime: [33m139.50039999999717[39m
}
Chunk (0, -1) generation metrics: {
  terrainTime: [33m0.5999999999985448[39m,
  biomeTime: [33m143.66719999999623[39m,
  resourceTime: [33m0.12260000000242144[39m,
  structureTime: [33m0.08370000000286382[39m,
  riverTime: [33m0.006199999996169936[39m,
  totalTime: [33m144.5014999999985[39m
}
Chunk (1, -1) generation metrics: {
  terrainTime: [33m0.6002999999982421[39m,
  biomeTime: [33m133.6114000000016[39m,
  resourceTime: [33m0.12129999999888241[39m,
  structureTime: [33m0.08109999999578577[39m,
  riverTime: [33m0.0062000000034458935[39m,
  totalTime: [33m134.4438999999984[39m
}
Chunk (-1, 0) generation metrics: {
  terrainTime: [33m0.6042000000015832[39m,
  biomeTime: [33m133.22780000000057[39m,
  resourceTime: [33m0.12520000000222353[39m,
  structureTime: [33m0.0834000000031665[39m,
  riverTime: [33m0.11669999999867287[39m,
  totalTime: [33m134.17629999999917[39m
}
Chunk (0, 0) generation metrics: {
  terrainTime: [33m0.6212999999988824[39m,
  biomeTime: [33m134.9846000000034[39m,
  resourceTime: [33m0.16889999999693828[39m,
  structureTime: [33m0.0857999999934691[39m,
  riverTime: [33m0.006600000000617001[39m,
  totalTime: [33m135.89250000000175[39m
}
Chunk (1, 0) generation metrics: {
  terrainTime: [33m0.6114999999990687[39m,
  biomeTime: [33m135.49909999999363[39m,
  resourceTime: [33m0.12010000000009313[39m,
  structureTime: [33m0.09310000000550644[39m,
  riverTime: [33m0.007700000001932494[39m,
  totalTime: [33m136.35519999999815[39m
}
Chunk (-1, 1) generation metrics: {
  terrainTime: [33m0.5977999999959138[39m,
  biomeTime: [33m158.99260000000504[39m,
  resourceTime: [33m0.12619999999878928[39m,
  structureTime: [33m0.08649999999761349[39m,
  riverTime: [33m0.014100000000325963[39m,
  totalTime: [33m159.83879999999772[39m
}
Chunk (0, 1) generation metrics: {
  terrainTime: [33m0.7140999999974156[39m,
  biomeTime: [33m158.59380000000237[39m,
  resourceTime: [33m0.13379999999597203[39m,
  structureTime: [33m0.10779999999795109[39m,
  riverTime: [33m0.03470000000379514[39m,
  totalTime: [33m159.63320000000385[39m
}
Chunk (1, 1) generation metrics: {
  terrainTime: [33m0.6658999999999651[39m,
  biomeTime: [33m152.1771000000008[39m,
  resourceTime: [33m0.12700000000040745[39m,
  structureTime: [33m0.12660000000323635[39m,
  riverTime: [33m0.006500000003143214[39m,
  totalTime: [33m153.12430000000313[39m
}
Loaded 9 chunks in 1299.16ms
World generated with seed: 54321
TerrainEditor initialized
Terrain modification completed in 0.10ms
DemoApp initialized successfully

[90mstderr[2m | demo/src/editor/TerrainEditor.integration.test.ts[2m > [22m[2mTerrain Modification Flow Integra
tion[2m > [22m[2mComplete Workflow Integration[2m > [22m[2mshould handle complete workflow: modify тЖТ undo тЖ
Т redo тЖТ save тЖТ load[22m[39m
Deserialized world seed (54321) differs from chunk manager seed (12345)

[90mstderr[2m | demo/src/editor/TerrainEditor.integration.test.ts[2m > [22m[2mTerrain Modification Flow Integra
tion[2m > [22m[2mComplete Workflow Integration[2m > [22m[2mshould handle workflow with multiple tools and save
/load[22m[39m
Deserialized world seed (54321) differs from chunk manager seed (12345)

[90mstderr[2m | demo/src/editor/TerrainEditor.integration.test.ts[2m > [22m[2mTerrain Modification Flow Integra
tion[2m > [22m[2mComplete Workflow Integration[2m > [22m[2mshould maintain mesh updates throughout complete wo
rkflow[22m[39m
Deserialized world seed (54321) differs from chunk manager seed (12345)

 [32mтЬУ[39m tests/integration/worker-pool.integration.test.ts [2m ([22m[2m9 tests[22m[2m)[22m[33m 558[2mms[22m[39m
 [32mтЬУ[39m demo/src/editor/TerrainEditor.test.ts [2m ([22m[2m41 tests[22m[2m)[22m[33m 40785[2mms[22m[39m
[90mstdout[2m | demo/src/editor/TerrainEditor.test.ts[2m > [22m[2mTerrainEditor[2m > [22m[2mInitialization[2m > [22m[2mshould initialize with app and viewer[22m[39m
TerrainEditor initialized

[90mstdout[2m | demo/src/editor/TerrainEditor.test.ts[2m > [22m[2mTerrainEditor[2m > [22m[2mTool Management[2m > [22m[2mshould set and get tool[22m[39m
TerrainEditor initialized

[90mstdout[2m | demo/src/editor/TerrainEditor.test.ts[2m > [22m[2mTerrainEditor[2m > [22m[2mTool Management[2m > [22m[2mshould update app state when tool changes[22m[39m
TerrainEditor initialized

[90mstdout[2m | demo/src/editor/TerrainEditor.test.ts[2m > [22m[2mTerrainEditor[2m > [22m[2mBrush Configuration[2m > [22m[2mshould set brush size within valid range[22m[39m
TerrainEditor initialized

[90mstdout[2m | demo/src/editor/TerrainEditor.test.ts[2m > [22m[2mTerrainEditor[2m > [22m[2mBrush Configuration[2m > [22m[2mshould set brush strength within valid range[22m[39m
TerrainEditor initialized

[90mstdout[2m | demo/src/editor/TerrainEditor.test.ts[2m > [22m[2mTerrainEditor[2m > [22m[2mBrush Configuration[2m > [22m[2mshould set brush shape[22m[39m
TerrainEditor initialized

[90mstdout[2m | demo/src/editor/TerrainEditor.test.ts[2m > [22m[2mTerrainEditor[2m > [22m[2mBrush Preview[2m > [22m[2mshould get brush preview mesh[22m[39m
TerrainEditor initialized

[90mstdout[2m | demo/src/editor/TerrainEditor.test.ts[2m > [22m[2mTerrainEditor[2m > [22m[2mBrush Preview[2m > [22m[2mshould hide preview when tool is NONE[22m[39m
TerrainEditor initialized

[90mstdout[2m | demo/src/editor/TerrainEditor.test.ts[2m > [22m[2mTerrainEditor[2m > [22m[2mModification Callbacks[2m > [22m[2mshould register and call modification callbacks[22m[39m
TerrainEditor initialized

[90mstdout[2m | demo/src/editor/TerrainEditor.test.ts[2m > [22m[2mTerrainEditor[2m > [22m[2mModification Callbacks[2m > [22m[2mshould unsubscribe modification callbacks[22m[39m
TerrainEditor initialized

[90mstdout[2m | demo/src/editor/TerrainEditor.test.ts[2m > [22m[2mTerrainEditor[2m > [22m[2mUndo/Redo[2m > [22m[2mshould start with empty undo/redo stacks[22m[39m
DemoApp initialized successfully
TerrainEditor initialized

[90mstdout[2m | demo/src/editor/TerrainEditor.test.ts[2m > [22m[2mTerrainEditor[2m > [22m[2mUndo/Redo[2m > [22m[2mshould not throw when undo is called with empty stack[22m[39m
DemoApp initialized successfully
TerrainEditor initialized

[90mstdout[2m | demo/src/editor/TerrainEditor.test.ts[2m > [22m[2mTerrainEditor[2m > [22m[2mUndo/Redo[2m > [22m[2mshould not throw when redo is called with empty stack[22m[39m
DemoApp initialized successfully
TerrainEditor initialized

[90mstdout[2m | demo/src/editor/TerrainEditor.test.ts[2m > [22m[2mTerrainEditor[2m > [22m[2mBrush Application[2m > [22m[2mshould not apply brush when tool is NONE[22m[39m
DemoApp initialized successfully
Chunk (-1, -1) generation metrics: {
  terrainTime: [33m8.474700000000212[39m,
  biomeTime: [33m136.0989999999997[39m,
  resourceTime: [33m1.197400000000016[39m,
  structureTime: [33m0.8354999999996835[39m,
  riverTime: [33m0.871599999999944[39m,
  totalTime: [33m147.64449999999988[39m
}
Chunk (0, -1) generation metrics: {
  terrainTime: [33m0.6247999999995955[39m,
  biomeTime: [33m124.23230000000012[39m,
  resourceTime: [33m0.3634999999999309[39m,
  structureTime: [33m0.11130000000002838[39m,
  riverTime: [33m0.01419999999961874[39m,
  totalTime: [33m125.38779999999997[39m
}
Chunk (1, -1) generation metrics: {
  terrainTime: [33m0.5003000000001521[39m,
  biomeTime: [33m140.70290000000023[39m,
  resourceTime: [33m0.1811999999999898[39m,
  structureTime: [33m0.09429999999974825[39m,
  riverTime: [33m0.171100000000024[39m,
  totalTime: [33m141.7519000000002[39m
}
Chunk (-1, 0) generation metrics: {
  terrainTime: [33m0.4817000000002736[39m,
  biomeTime: [33m138.58839999999964[39m,
  resourceTime: [33m0.08570000000008804[39m,
  structureTime: [33m0.15170000000034634[39m,
  riverTime: [33m0.20820000000003347[39m,
  totalTime: [33m139.56399999999985[39m
}
Chunk (0, 0) generation metrics: {
  terrainTime: [33m0.5077000000001135[39m,
  biomeTime: [33m97.45479999999998[39m,
  resourceTime: [33m0.08009999999967476[39m,
  structureTime: [33m0.2217000000000553[39m,
  riverTime: [33m0.01610000000027867[39m,
  totalTime: [33m98.3161[39m
}
Chunk (1, 0) generation metrics: {
  terrainTime: [33m0.4917000000000371[39m,
  biomeTime: [33m113.16629999999986[39m,
  resourceTime: [33m0.0828999999998814[39m,
  structureTime: [33m0.20449999999982538[39m,
  riverTime: [33m0.014299999999821011[39m,
  totalTime: [33m114.00590000000011[39m
}
Chunk (-1, 1) generation metrics: {
  terrainTime: [33m2.6518999999998414[39m,
  biomeTime: [33m1776.7900000000004[39m,
  resourceTime: [33m0.07539999999971769[39m,
  structureTime: [33m0.07620000000042637[39m,
  riverTime: [33m0.011099999999714782[39m,
  totalTime: [33m1779.6420999999996[39m
}
Chunk (0, 1) generation metrics: {
  terrainTime: [33m0.4996000000001004[39m,
  biomeTime: [33m127.25510000000031[39m,
  resourceTime: [33m0.08039999999982683[39m,
  structureTime: [33m0.09379999999964639[39m,
  riverTime: [33m0.01239999999961583[39m,
  totalTime: [33m127.97749999999996[39m
}
Chunk (1, 1) generation metrics: {
  terrainTime: [33m0.3834999999999127[39m,
  biomeTime: [33m144.2484000000004[39m,
  resourceTime: [33m0.08389999999963038[39m,
  structureTime: [33m0.07530000000042492[39m,
  riverTime: [33m0.0136000000002241[39m,
  totalTime: [33m144.84019999999964[39m
}
Loaded 9 chunks in 2822.59ms
World generated with seed: 12345
TerrainEditor initialized

[90mstdout[2m | demo/src/editor/TerrainEditor.test.ts[2m > [22m[2mTerrainEditor[2m > [22m[2mBrush Application[2m > [22m[2mshould apply raise tool[22m[39m
DemoApp initialized successfully
Chunk (-1, -1) generation metrics: {
  terrainTime: [33m0.39939999999933207[39m,
  biomeTime: [33m115.46389999999974[39m,
  resourceTime: [33m0.0874999999996362[39m,
  structureTime: [33m0.10969999999997526[39m,
  riverTime: [33m0.23720000000048458[39m,
  totalTime: [33m116.35960000000068[39m
}
Chunk (0, -1) generation metrics: {
  terrainTime: [33m0.4598999999998341[39m,
  biomeTime: [33m111.90239999999994[39m,
  resourceTime: [33m0.08730000000014115[39m,
  structureTime: [33m0.06760000000031141[39m,
  riverTime: [33m0.011700000000018917[39m,
  totalTime: [33m112.55029999999988[39m
}
Chunk (1, -1) generation metrics: {
  terrainTime: [33m0.3951999999999316[39m,
  biomeTime: [33m108.69200000000001[39m,
  resourceTime: [33m0.08500000000003638[39m,
  structureTime: [33m0.06459999999970023[39m,
  riverTime: [33m0.060099999999692955[39m,
  totalTime: [33m109.3152[39m
}
Chunk (-1, 0) generation metrics: {
  terrainTime: [33m0.416599999999562[39m,
  biomeTime: [33m99.7541999999994[39m,
  resourceTime: [33m0.10099999999965803[39m,
  structureTime: [33m0.10100000000056752[39m,
  riverTime: [33m0.26379999999971915[39m,
  totalTime: [33m100.65499999999975[39m
}
Chunk (0, 0) generation metrics: {
  terrainTime: [33m0.4283999999997832[39m,
  biomeTime: [33m185.77010000000064[39m,
  resourceTime: [33m0.08709999999973661[39m,
  structureTime: [33m0.060099999999692955[39m,
  riverTime: [33m0.01099999999951251[39m,
  totalTime: [33m186.3758000000007[39m
}
Chunk (1, 0) generation metrics: {
  terrainTime: [33m0.4088999999994485[39m,
  biomeTime: [33m96.16150000000016[39m,
  resourceTime: [33m0.08100000000013097[39m,
  structureTime: [33m0.10130000000026484[39m,
  riverTime: [33m0.011100000000624277[39m,
  totalTime: [33m96.78300000000036[39m
}
Chunk (-1, 1) generation metrics: {
  terrainTime: [33m0.40160000000014406[39m,
  biomeTime: [33m115.53490000000056[39m,
  resourceTime: [33m0.09049999999933789[39m,
  structureTime: [33m0.07259999999951106[39m,
  riverTime: [33m0.011800000000221189[39m,
  totalTime: [33m116.13110000000052[39m
}
Chunk (0, 1) generation metrics: {
  terrainTime: [33m0.4193999999997686[39m,
  biomeTime: [33m116.29420000000027[39m,
  resourceTime: [33m0.0478000000002794[39m,
  structureTime: [33m0.05429999999978463[39m,
  riverTime: [33m0.008100000000013097[39m,
  totalTime: [33m116.83959999999934[39m
}
Chunk (1, 1) generation metrics: {
  terrainTime: [33m0.28369999999995343[39m,
  biomeTime: [33m540.2928999999995[39m,
  resourceTime: [33m1.5667999999996027[39m,
  structureTime: [33m0.6406999999999243[39m,
  riverTime: [33m0.14950000000044383[39m,
  totalTime: [33m543.0622999999996[39m
}
Loaded 9 chunks in 1521.21ms
World generated with seed: 12345
TerrainEditor initialized

[90mstdout[2m | demo/src/editor/TerrainEditor.test.ts[2m > [22m[2mTerrainEditor[2m > [22m[2mBrush Application[2m > [22m[2mshould apply lower tool[22m[39m
DemoApp initialized successfully
Chunk (-1, -1) generation metrics: {
  terrainTime: [33m13.170100000000275[39m,
  biomeTime: [33m1009.8734000000004[39m,
  resourceTime: [33m0.07110000000102445[39m,
  structureTime: [33m0.0698999999985972[39m,
  riverTime: [33m0.10490000000027067[39m,
  totalTime: [33m1023.4034999999994[39m
}
Chunk (0, -1) generation metrics: {
  terrainTime: [33m0.38280000000122527[39m,
  biomeTime: [33m104.53269999999975[39m,
  resourceTime: [33m0.08020000000033178[39m,
  structureTime: [33m0.06680000000051223[39m,
  riverTime: [33m0.011099999999714782[39m,
  totalTime: [33m105.09330000000045[39m
}
Chunk (1, -1) generation metrics: {
  terrainTime: [33m0.37919999999940046[39m,
  biomeTime: [33m123.94920000000093[39m,
  resourceTime: [33m0.08179999999993015[39m,
  structureTime: [33m2.3954000000012456[39m,
  riverTime: [33m0.05010000000038417[39m,
  totalTime: [33m126.87389999999868[39m
}
Chunk (-1, 0) generation metrics: {
  terrainTime: [33m0.3999000000003434[39m,
  biomeTime: [33m104.65949999999975[39m,
  resourceTime: [33m0.08269999999902211[39m,
  structureTime: [33m0.09549999999944703[39m,
  riverTime: [33m0.11559999999917636[39m,
  totalTime: [33m105.37169999999969[39m
}
Chunk (0, 0) generation metrics: {
  terrainTime: [33m0.415500000000975[39m,
  biomeTime: [33m105.7015999999985[39m,
  resourceTime: [33m0.09310000000004948[39m,
  structureTime: [33m0.07150000000001455[39m,
  riverTime: [33m0.011300000000119326[39m,
  totalTime: [33m106.31240000000071[39m
}
Chunk (1, 0) generation metrics: {
  terrainTime: [33m0.46160000000054424[39m,
  biomeTime: [33m100.34230000000025[39m,
  resourceTime: [33m0.08339999999952852[39m,
  structureTime: [33m0.07849999999962165[39m,
  riverTime: [33m0.011599999999816646[39m,
  totalTime: [33m100.9956000000002[39m
}
Chunk (-1, 1) generation metrics: {
  terrainTime: [33m0.4143999999996595[39m,
  biomeTime: [33m95.99619999999959[39m,
  resourceTime: [33m0.08060000000114087[39m,
  structureTime: [33m0.061700000000200816[39m,
  riverTime: [33m0.011699999999109423[39m,
  totalTime: [33m96.58079999999973[39m
}
Chunk (0, 1) generation metrics: {
  terrainTime: [33m0.7557999999989988[39m,
  biomeTime: [33m118.9943000000003[39m,
  resourceTime: [33m0.08139999999912106[39m,
  structureTime: [33m0.05700000000069849[39m,
  riverTime: [33m0.011099999999714782[39m,
  totalTime: [33m119.91680000000088[39m
}
Chunk (1, 1) generation metrics: {
  terrainTime: [33m0.40279999999984284[39m,
  biomeTime: [33m114.70409999999902[39m,
  resourceTime: [33m0.08250000000043656[39m,
  structureTime: [33m0.058100000000194996[39m,
  riverTime: [33m0.010200000000622822[39m,
  totalTime: [33m115.27579999999944[39m
}
Loaded 9 chunks in 1901.44ms
World generated with seed: 12345
TerrainEditor initialized

[90mstdout[2m | demo/src/editor/TerrainEditor.test.ts[2m > [22m[2mTerrainEditor[2m > [22m[2mBrush Application[2m > [22m[2mshould apply flatten tool[22m[39m
DemoApp initialized successfully
Chunk (-1, -1) generation metrics: {
  terrainTime: [33m0.3999000000003434[39m,
  biomeTime: [33m124.62770000000091[39m,
  resourceTime: [33m0.08730000000105065[39m,
  structureTime: [33m0.07459999999991851[39m,
  riverTime: [33m0.1298000000006141[39m,
  totalTime: [33m125.34189999999944[39m
}
Chunk (0, -1) generation metrics: {
  terrainTime: [33m0.4236000000000786[39m,
  biomeTime: [33m104.41849999999977[39m,
  resourceTime: [33m0.07710000000042783[39m,
  structureTime: [33m0.06040000000029977[39m,
  riverTime: [33m0.010200000000622822[39m,
  totalTime: [33m105.00640000000021[39m
}
Chunk (1, -1) generation metrics: {
  terrainTime: [33m0.4300999999995838[39m,
  biomeTime: [33m98.34189999999944[39m,
  resourceTime: [33m0.08320000000094296[39m,
  structureTime: [33m0.05910000000039872[39m,
  riverTime: [33m0.03889999999955762[39m,
  totalTime: [33m98.96990000000005[39m
}
Chunk (-1, 0) generation metrics: {
  terrainTime: [33m0.40419999999903666[39m,
  biomeTime: [33m100.13739999999962[39m,
  resourceTime: [33m0.08929999999963911[39m,
  structureTime: [33m0.0956000000005588[39m,
  riverTime: [33m0.12749999999869033[39m,
  totalTime: [33m100.87129999999888[39m
}
Chunk (0, 0) generation metrics: {
  terrainTime: [33m0.42889999999897555[39m,
  biomeTime: [33m1655.2567000000017[39m,
  resourceTime: [33m0.0871000000006461[39m,
  structureTime: [33m0.05879999999888241[39m,
  riverTime: [33m0.012199999999211286[39m,
  totalTime: [33m1655.8598999999995[39m
}
Chunk (1, 0) generation metrics: {
  terrainTime: [33m0.4297999999998865[39m,
  biomeTime: [33m94.26850000000013[39m,
  resourceTime: [33m0.08569999999963329[39m,
  structureTime: [33m0.10019999999894935[39m,
  riverTime: [33m0.011399999999412103[39m,
  totalTime: [33m94.91369999999915[39m
}
Chunk (-1, 1) generation metrics: {
  terrainTime: [33m0.7960999999995693[39m,
  biomeTime: [33m104.6924999999992[39m,
  resourceTime: [33m0.07929999999942083[39m,
  structureTime: [33m0.059600000000500586[39m,
  riverTime: [33m0.010000000000218279[39m,
  totalTime: [33m105.6848000000009[39m
}
Chunk (0, 1) generation metrics: {
  terrainTime: [33m0.4721000000008644[39m,
  biomeTime: [33m111.5012999999999[39m,
  resourceTime: [33m0.08439999999973224[39m,
  structureTime: [33m0.06480000000010477[39m,
  riverTime: [33m0.01209999999991851[39m,
  totalTime: [33m112.15149999999994[39m
}
Chunk (1, 1) generation metrics: {
  terrainTime: [33m0.40430000000014843[39m,
  biomeTime: [33m124.55220000000008[39m,
  resourceTime: [33m0.08109999999942374[39m,
  structureTime: [33m0.06390000000101281[39m,
  riverTime: [33m0.011500000000523869[39m,
  totalTime: [33m125.13060000000041[39m
}
Loaded 9 chunks in 2525.34ms
World generated with seed: 12345
TerrainEditor initialized

[90mstdout[2m | demo/src/editor/TerrainEditor.test.ts[2m > [22m[2mTerrainEditor[2m > [22m[2mBrush Application[2m > [22m[2mshould apply smooth tool[22m[39m
DemoApp initialized successfully
Chunk (-1, -1) generation metrics: {
  terrainTime: [33m0.40530000000035216[39m,
  biomeTime: [33m110.54269999999997[39m,
  resourceTime: [33m0.07539999999971769[39m,
  structureTime: [33m0.06599999999889405[39m,
  riverTime: [33m0.11639999999897555[39m,
  totalTime: [33m111.22320000000036[39m
}
Chunk (0, -1) generation metrics: {
  terrainTime: [33m0.4007999999994354[39m,
  biomeTime: [33m112.12179999999898[39m,
  resourceTime: [33m0.08539999999993597[39m,
  structureTime: [33m0.06809999999859428[39m,
  riverTime: [33m0.012199999999211286[39m,
  totalTime: [33m112.70440000000053[39m
}
Chunk (1, -1) generation metrics: {
  terrainTime: [33m0.41599999999925785[39m,
  biomeTime: [33m108.79190000000017[39m,
  resourceTime: [33m0.08899999999994179[39m,
  structureTime: [33m0.0628999999989901[39m,
  riverTime: [33m0.040000000000873115[39m,
  totalTime: [33m109.41929999999957[39m
}
Chunk (-1, 0) generation metrics: {
  terrainTime: [33m0.40489999999954307[39m,
  biomeTime: [33m106.71080000000075[39m,
  resourceTime: [33m0.09139999999933934[39m,
  structureTime: [33m0.09519999999974971[39m,
  riverTime: [33m0.12589999999909196[39m,
  totalTime: [33m107.44850000000042[39m
}
Chunk (0, 0) generation metrics: {
  terrainTime: [33m0.3919000000005326[39m,
  biomeTime: [33m91.42909999999938[39m,
  resourceTime: [33m0.08619999999973516[39m,
  structureTime: [33m0.073500000000422[39m,
  riverTime: [33m0.01239999999961583[39m,
  totalTime: [33m92.01379999999881[39m
}
Chunk (1, 0) generation metrics: {
  terrainTime: [33m0.42000000000007276[39m,
  biomeTime: [33m97.89440000000104[39m,
  resourceTime: [33m0.0853000000006432[39m,
  structureTime: [33m0.0853000000006432[39m,
  riverTime: [33m0.011099999999714782[39m,
  totalTime: [33m98.51499999999942[39m
}
Chunk (-1, 1) generation metrics: {
  terrainTime: [33m0.42889999999897555[39m,
  biomeTime: [33m104.23929999999928[39m,
  resourceTime: [33m0.0871000000006461[39m,
  structureTime: [33m0.06300000000010186[39m,
  riverTime: [33m0.011200000000826549[39m,
  totalTime: [33m104.84799999999996[39m
}
Chunk (0, 1) generation metrics: {
  terrainTime: [33m0.40979999999944994[39m,
  biomeTime: [33m104.75720000000001[39m,
  resourceTime: [33m0.13190000000031432[39m,
  structureTime: [33m0.5048999999999069[39m,
  riverTime: [33m0.04430000000138534[39m,
  totalTime: [33m105.88869999999952[39m
}
Chunk (1, 1) generation metrics: {
  terrainTime: [33m0.6057999999993626[39m,
  biomeTime: [33m105.14040000000023[39m,
  resourceTime: [33m0.08350000000064028[39m,
  structureTime: [33m0.05969999999979336[39m,
  riverTime: [33m0.011399999999412103[39m,
  totalTime: [33m105.92809999999918[39m
}
Loaded 9 chunks in 949.78ms
World generated with seed: 12345
TerrainEditor initialized

[90mstdout[2m | demo/src/editor/TerrainEditor.test.ts[2m > [22m[2mTerrainEditor[2m > [22m[2mBrush Application[2m > [22m[2mshould support undo after modification[22m[39m
DemoApp initialized successfully
Chunk (-1, -1) generation metrics: {
  terrainTime: [33m0.41890000000057626[39m,
  biomeTime: [33m1615.9321[39m,
  resourceTime: [33m0.08190000000104192[39m,
  structureTime: [33m0.064700000000812[39m,
  riverTime: [33m0.11369999999988067[39m,
  totalTime: [33m1616.6280000000006[39m
}
Chunk (0, -1) generation metrics: {
  terrainTime: [33m0.4125999999996566[39m,
  biomeTime: [33m100.32580000000053[39m,
  resourceTime: [33m0.07660000000032596[39m,
  structureTime: [33m0.053299999999580905[39m,
  riverTime: [33m0.010800000000017462[39m,
  totalTime: [33m100.91500000000087[39m
}
Chunk (1, -1) generation metrics: {
  terrainTime: [33m0.39280000000144355[39m,
  biomeTime: [33m87.53459999999905[39m,
  resourceTime: [33m0.08220000000073924[39m,
  structureTime: [33m0.0650999999998021[39m,
  riverTime: [33m0.040300000000570435[39m,
  totalTime: [33m88.13240000000042[39m
}
Chunk (-1, 0) generation metrics: {
  terrainTime: [33m0.4202000000004773[39m,
  biomeTime: [33m101.61809999999969[39m,
  resourceTime: [33m0.07560000000012224[39m,
  structureTime: [33m0.0841999999993277[39m,
  riverTime: [33m0.1077000000004773[39m,
  totalTime: [33m102.32090000000062[39m
}
Chunk (0, 0) generation metrics: {
  terrainTime: [33m0.39940000000024156[39m,
  biomeTime: [33m86.30580000000009[39m,
  resourceTime: [33m0.0488999999997759[39m,
  structureTime: [33m0.05260000000089349[39m,
  riverTime: [33m0.007400000000416185[39m,
  totalTime: [33m86.82829999999922[39m
}
Chunk (1, 0) generation metrics: {
  terrainTime: [33m0.2712000000010448[39m,
  biomeTime: [33m90.23259999999937[39m,
  resourceTime: [33m0.11819999999897846[39m,
  structureTime: [33m0.09649999999965075[39m,
  riverTime: [33m0.011800000000221189[39m,
  totalTime: [33m90.7492000000002[39m
}
Chunk (-1, 1) generation metrics: {
  terrainTime: [33m0.39019999999982247[39m,
  biomeTime: [33m101.69959999999992[39m,
  resourceTime: [33m0.04839999999967404[39m,
  structureTime: [33m0.05199999999967986[39m,
  riverTime: [33m0.0072000000000116415[39m,
  totalTime: [33m102.21149999999943[39m
}
Chunk (0, 1) generation metrics: {
  terrainTime: [33m0.2666000000008353[39m,
  biomeTime: [33m104.12620000000061[39m,
  resourceTime: [33m0.0874999999996362[39m,
  structureTime: [33m0.06990000000041618[39m,
  riverTime: [33m0.012000000000625732[39m,
  totalTime: [33m104.57920000000013[39m
}
Chunk (1, 1) generation metrics: {
  terrainTime: [33m0.43109999999978754[39m,
  biomeTime: [33m104.66830000000118[39m,
  resourceTime: [33m0.0897000000004482[39m,
  structureTime: [33m0.06940000000031432[39m,
  riverTime: [33m0.012300000000323053[39m,
  totalTime: [33m105.28760000000148[39m
}
Loaded 9 chunks in 2398.97ms
World generated with seed: 12345
TerrainEditor initialized

[90mstdout[2m | demo/src/editor/TerrainEditor.test.ts[2m > [22m[2mTerrainEditor[2m > [22m[2mBrush Application[2m > [22m[2mshould support redo after undo[22m[39m
DemoApp initialized successfully
Chunk (-1, -1) generation metrics: {
  terrainTime: [33m0.4073000000007596[39m,
  biomeTime: [33m101.88639999999941[39m,
  resourceTime: [33m0.08510000000023865[39m,
  structureTime: [33m0.06069999999999709[39m,
  riverTime: [33m0.1286999999992986[39m,
  totalTime: [33m102.58590000000004[39m
}
Chunk (0, -1) generation metrics: {
  terrainTime: [33m0.4363999999986845[39m,
  biomeTime: [33m106.68209999999999[39m,
  resourceTime: [33m0.08820000000014261[39m,
  structureTime: [33m0.07899999999972351[39m,
  riverTime: [33m0.012200000001030276[39m,
  totalTime: [33m107.31660000000011[39m
}
Chunk (1, -1) generation metrics: {
  terrainTime: [33m0.4248999999999796[39m,
  biomeTime: [33m106.96330000000125[39m,
  resourceTime: [33m0.09019999999873107[39m,
  structureTime: [33m0.07099999999991269[39m,
  riverTime: [33m0.044800000001487206[39m,
  totalTime: [33m107.61459999999897[39m
}
Chunk (-1, 0) generation metrics: {
  terrainTime: [33m0.43479999999908614[39m,
  biomeTime: [33m94.3039000000008[39m,
  resourceTime: [33m0.09070000000065193[39m,
  structureTime: [33m0.10590000000047439[39m,
  riverTime: [33m0.16750000000138243[39m,
  totalTime: [33m95.1221999999998[39m
}
Chunk (0, 0) generation metrics: {
  terrainTime: [33m0.45570000000043365[39m,
  biomeTime: [33m93.85100000000057[39m,
  resourceTime: [33m0.0830999999998312[39m,
  structureTime: [33m0.06579999999848951[39m,
  riverTime: [33m0.011800000000221189[39m,
  totalTime: [33m94.4859000000015[39m
}
Chunk (1, 0) generation metrics: {
  terrainTime: [33m0.4183999999986554[39m,
  biomeTime: [33m99.00850000000173[39m,
  resourceTime: [33m0.08719999999993888[39m,
  structureTime: [33m0.07790000000022701[39m,
  riverTime: [33m0.011599999999816646[39m,
  totalTime: [33m99.65140000000065[39m
}
Chunk (-1, 1) generation metrics: {
  terrainTime: [33m0.4271999999982654[39m,
  biomeTime: [33m95.20240000000013[39m,
  resourceTime: [33m0.09050000000024738[39m,
  structureTime: [33m0.07439999999951397[39m,
  riverTime: [33m0.012500000000727596[39m,
  totalTime: [33m95.82409999999982[39m
}
Chunk (0, 1) generation metrics: {
  terrainTime: [33m0.42039999999906286[39m,
  biomeTime: [33m98.73379999999997[39m,
  resourceTime: [33m0.08519999999953143[39m,
  structureTime: [33m0.06260000000111177[39m,
  riverTime: [33m0.010099999999511056[39m,
  totalTime: [33m99.32959999999912[39m
}
Chunk (1, 1) generation metrics: {
  terrainTime: [33m0.4051999999992404[39m,
  biomeTime: [33m108.67259999999987[39m,
  resourceTime: [33m0.04860000000007858[39m,
  structureTime: [33m0.051199999999880674[39m,
  riverTime: [33m0.007800000001225271[39m,
  totalTime: [33m109.20139999999992[39m
}
Loaded 9 chunks in 912.79ms
World generated with seed: 12345
TerrainEditor initialized

[90mstdout[2m | demo/src/editor/TerrainEditor.test.ts[2m > [22m[2mTerrainEditor[2m > [22m[2mBrush Application[2m > [22m[2mshould clear redo stack on new modification[22m[39m
DemoApp initialized successfully
Chunk (-1, -1) generation metrics: {
  terrainTime: [33m0.4926000000014028[39m,
  biomeTime: [33m200.9246000000021[39m,
  resourceTime: [33m0.09649999999965075[39m,
  structureTime: [33m0.0658000000003085[39m,
  riverTime: [33m0.12069999999948777[39m,
  totalTime: [33m201.72119999999995[39m
}
Chunk (0, -1) generation metrics: {
  terrainTime: [33m0.37629999999990105[39m,
  biomeTime: [33m86.41290000000299[39m,
  resourceTime: [33m0.04809999999997672[39m,
  structureTime: [33m0.05400000000008731[39m,
  riverTime: [33m0.008000000001629815[39m,
  totalTime: [33m86.91589999999997[39m
}
Chunk (1, -1) generation metrics: {
  terrainTime: [33m0.28659999999945285[39m,
  biomeTime: [33m95.06280000000334[39m,
  resourceTime: [33m0.08209999999962747[39m,
  structureTime: [33m0.0705999999991036[39m,
  riverTime: [33m0.0404000000016822[39m,
  totalTime: [33m95.56070000000182[39m
}
Chunk (-1, 0) generation metrics: {
  terrainTime: [33m0.4140000000006694[39m,
  biomeTime: [33m92.05010000000038[39m,
  resourceTime: [33m0.046600000001490116[39m,
  structureTime: [33m0.07409999999799766[39m,
  riverTime: [33m0.0864000000001397[39m,
  totalTime: [33m92.68659999999727[39m
}
Chunk (0, 0) generation metrics: {
  terrainTime: [33m1.1770999999971536[39m,
  biomeTime: [33m99.57099999999991[39m,
  resourceTime: [33m0.0893999999971129[39m,
  structureTime: [33m0.0672999999987951[39m,
  riverTime: [33m0.011299999998300336[39m,
  totalTime: [33m100.93580000000293[39m
}
Chunk (1, 0) generation metrics: {
  terrainTime: [33m0.40789999999833526[39m,
  biomeTime: [33m107.75250000000233[39m,
  resourceTime: [33m0.08829999999943539[39m,
  structureTime: [33m0.08520000000135042[39m,
  riverTime: [33m0.011500000000523869[39m,
  totalTime: [33m108.3637000000017[39m
}
Chunk (-1, 1) generation metrics: {
  terrainTime: [33m0.4227000000028056[39m,
  biomeTime: [33m102.26979999999821[39m,
  resourceTime: [33m0.08849999999802094[39m,
  structureTime: [33m0.06440000000293367[39m,
  riverTime: [33m0.01299999999901047[39m,
  totalTime: [33m102.87670000000071[39m
}
Chunk (0, 1) generation metrics: {
  terrainTime: [33m0.4319999999970605[39m,
  biomeTime: [33m114.37830000000031[39m,
  resourceTime: [33m0.0838000000003376[39m,
  structureTime: [33m0.06769999999960419[39m,
  riverTime: [33m0.010699999998905696[39m,
  totalTime: [33m114.9919000000009[39m
}
Chunk (1, 1) generation metrics: {
  terrainTime: [33m0.4125999999996566[39m,
  biomeTime: [33m119.1981999999989[39m,
  resourceTime: [33m0.0952999999972235[39m,
  structureTime: [33m0.06899999999950523[39m,
  riverTime: [33m0.011599999997997656[39m,
  totalTime: [33m119.80369999999675[39m
}
Loaded 9 chunks in 1025.28ms
World generated with seed: 12345
TerrainEditor initialized

[90mstdout[2m | demo/src/editor/TerrainEditor.test.ts[2m > [22m[2mTerrainEditor[2m > [22m[2mBrush Shapes[2m > [22m[2mshould apply circular brush[22m[39m
DemoApp initialized successfully
Chunk (-1, -1) generation metrics: {
  terrainTime: [33m0.4786000000021886[39m,
  biomeTime: [33m120.26299999999901[39m,
  resourceTime: [33m0.11279999999896972[39m,
  structureTime: [33m0.08039999999891734[39m,
  riverTime: [33m0.24329999999827123[39m,
  totalTime: [33m121.20050000000265[39m
}
Chunk (0, -1) generation metrics: {
  terrainTime: [33m0.5336000000024796[39m,
  biomeTime: [33m1151.833999999999[39m,
  resourceTime: [33m0.07690000000002328[39m,
  structureTime: [33m0.06850000000122236[39m,
  riverTime: [33m0.011099999999714782[39m,
  totalTime: [33m1152.5442000000003[39m
}
Chunk (1, -1) generation metrics: {
  terrainTime: [33m0.38550000000032014[39m,
  biomeTime: [33m112.37279999999737[39m,
  resourceTime: [33m0.08369999999922584[39m,
  structureTime: [33m0.06919999999809079[39m,
  riverTime: [33m0.10430000000269501[39m,
  totalTime: [33m113.03369999999995[39m
}
Chunk (-1, 0) generation metrics: {
  terrainTime: [33m0.4213999999992666[39m,
  biomeTime: [33m99.92959999999948[39m,
  resourceTime: [33m0.0856000000021595[39m,
  structureTime: [33m0.0977999999995518[39m,
  riverTime: [33m0.08520000000135042[39m,
  totalTime: [33m100.63769999999931[39m
}
Chunk (0, 0) generation metrics: {
  terrainTime: [33m0.41740000000208966[39m,
  biomeTime: [33m96.36869999999908[39m,
  resourceTime: [33m0.08179999999993015[39m,
  structureTime: [33m0.06650000000081491[39m,
  riverTime: [33m0.011300000001938315[39m,
  totalTime: [33m96.96500000000015[39m
}
Chunk (1, 0) generation metrics: {
  terrainTime: [33m0.40459999999802676[39m,
  biomeTime: [33m101.44260000000213[39m,
  resourceTime: [33m0.08870000000024447[39m,
  structureTime: [33m0.09039999999731663[39m,
  riverTime: [33m0.012800000000424916[39m,
  totalTime: [33m102.05819999999949[39m
}
Chunk (-1, 1) generation metrics: {
  terrainTime: [33m0.42369999999937136[39m,
  biomeTime: [33m101.8057000000008[39m,
  resourceTime: [33m0.0838000000003376[39m,
  structureTime: [33m0.06010000000242144[39m,
  riverTime: [33m0.011500000000523869[39m,
  totalTime: [33m102.40130000000136[39m
}
Chunk (0, 1) generation metrics: {
  terrainTime: [33m0.41609999999855063[39m,
  biomeTime: [33m97.73619999999937[39m,
  resourceTime: [33m0.09010000000125729[39m,
  structureTime: [33m0.05949999999938882[39m,
  riverTime: [33m0.012800000000424916[39m,
  totalTime: [33m98.33090000000084[39m
}
Chunk (1, 1) generation metrics: {
  terrainTime: [33m0.4316999999973632[39m,
  biomeTime: [33m124.8637000000017[39m,
  resourceTime: [33m0.10390000000188593[39m,
  structureTime: [33m0.06559999999808497[39m,
  riverTime: [33m0.016999999999825377[39m,
  totalTime: [33m125.49859999999899[39m
}
Loaded 9 chunks in 2014.12ms
World generated with seed: 12345
TerrainEditor initialized

[90mstdout[2m | demo/src/editor/TerrainEditor.test.ts[2m > [22m[2mTerrainEditor[2m > [22m[2mBrush Shapes[2m > [22m[2mshould apply square brush[22m[39m
DemoApp initialized successfully
Chunk (-1, -1) generation metrics: {
  terrainTime: [33m0.5102000000006228[39m,
  biomeTime: [33m161.13609999999971[39m,
  resourceTime: [33m0.11530000000129803[39m,
  structureTime: [33m0.07229999999981374[39m,
  riverTime: [33m0.17170000000260188[39m,
  totalTime: [33m162.0242999999973[39m
}
Chunk (0, -1) generation metrics: {
  terrainTime: [33m1.0542000000023108[39m,
  biomeTime: [33m167.58899999999994[39m,
  resourceTime: [33m0.1297999999987951[39m,
  structureTime: [33m0.07930000000123982[39m,
  riverTime: [33m0.006600000000617001[39m,
  totalTime: [33m168.8823999999986[39m
}
Chunk (1, -1) generation metrics: {
  terrainTime: [33m0.6176000000014028[39m,
  biomeTime: [33m181.2402000000002[39m,
  resourceTime: [33m0.15190000000075088[39m,
  structureTime: [33m0.08510000000023865[39m,
  riverTime: [33m0.04839999999967404[39m,
  totalTime: [33m182.16619999999966[39m
}
Chunk (-1, 0) generation metrics: {
  terrainTime: [33m0.7584000000024389[39m,
  biomeTime: [33m195.8027000000002[39m,
  resourceTime: [33m0.129400000001624[39m,
  structureTime: [33m0.13279999999940628[39m,
  riverTime: [33m0.12210000000050059[39m,
  totalTime: [33m196.97079999999914[39m
}
Chunk (0, 0) generation metrics: {
  terrainTime: [33m0.6892999999981839[39m,
  biomeTime: [33m153.73370000000068[39m,
  resourceTime: [33m0.16349999999874854[39m,
  structureTime: [33m0.0830999999998312[39m,
  riverTime: [33m0.006799999999202555[39m,
  totalTime: [33m154.70110000000204[39m
}
Chunk (1, 0) generation metrics: {
  terrainTime: [33m0.5894999999982247[39m,
  biomeTime: [33m167.39280000000144[39m,
  resourceTime: [33m0.12809999999808497[39m,
  structureTime: [33m0.10520000000178698[39m,
  riverTime: [33m0.0063999999983934686[39m,
  totalTime: [33m168.24209999999948[39m
}
Chunk (-1, 1) generation metrics: {
  terrainTime: [33m0.6182000000007974[39m,
  biomeTime: [33m187.80259999999907[39m,
  resourceTime: [33m0.12840000000142027[39m,
  structureTime: [33m0.07819999999992433[39m,
  riverTime: [33m0.006500000003143214[39m,
  totalTime: [33m188.65490000000136[39m
}
Chunk (0, 1) generation metrics: {
  terrainTime: [33m0.6615000000019791[39m,
  biomeTime: [33m207.4831000000013[39m,
  resourceTime: [33m0.1514999999999418[39m,
  structureTime: [33m0.08799999999973807[39m,
  riverTime: [33m0.007700000001932494[39m,
  totalTime: [33m208.41719999999987[39m
}
Chunk (1, 1) generation metrics: {
  terrainTime: [33m0.7741000000023632[39m,
  biomeTime: [33m197.58909999999742[39m,
  resourceTime: [33m0.1275000000023283[39m,
  structureTime: [33m0.08260000000154832[39m,
  riverTime: [33m0.006500000003143214[39m,
  totalTime: [33m198.60189999999784[39m
}
Loaded 9 chunks in 1630.41ms
World generated with seed: 12345
TerrainEditor initialized

[90mstdout[2m | demo/src/editor/TerrainEditor.test.ts[2m > [22m[2mTerrainEditor[2m > [22m[2mTerrain Modification Calculations[2m > [22m[2mshould calculate raise terrain with falloff[22m[39m
DemoApp initialized successfully
Chunk (-1, -1) generation metrics: {
  terrainTime: [33m0.6549999999988358[39m,
  biomeTime: [33m169.6053000000029[39m,
  resourceTime: [33m0.12269999999989523[39m,
  structureTime: [33m0.07920000000012806[39m,
  riverTime: [33m0.11669999999867287[39m,
  totalTime: [33m170.60310000000027[39m
}
Chunk (0, -1) generation metrics: {
  terrainTime: [33m0.5979000000006636[39m,
  biomeTime: [33m153.67039999999906[39m,
  resourceTime: [33m0.07200000000011642[39m,
  structureTime: [33m0.06810000000041327[39m,
  riverTime: [33m0.006199999999807915[39m,
  totalTime: [33m154.43589999999676[39m
}
Chunk (1, -1) generation metrics: {
  terrainTime: [33m0.40759999999863794[39m,
  biomeTime: [33m201.0010000000002[39m,
  resourceTime: [33m0.12510000000111177[39m,
  structureTime: [33m0.07480000000214204[39m,
  riverTime: [33m0.03950000000259024[39m,
  totalTime: [33m201.66809999999896[39m
}
Chunk (-1, 0) generation metrics: {
  terrainTime: [33m1.3564000000005763[39m,
  biomeTime: [33m163.92280000000028[39m,
  resourceTime: [33m0.15749999999752617[39m,
  structureTime: [33m0.1499999999978172[39m,
  riverTime: [33m0.1548000000002503[39m,
  totalTime: [33m165.76970000000074[39m
}
Chunk (0, 0) generation metrics: {
  terrainTime: [33m0.7871000000013737[39m,
  biomeTime: [33m168.6462999999967[39m,
  resourceTime: [33m0.1484999999993306[39m,
  structureTime: [33m0.0864000000001397[39m,
  riverTime: [33m0.007600000000820728[39m,
  totalTime: [33m169.70070000000123[39m
}
Chunk (1, 0) generation metrics: {
  terrainTime: [33m0.6471999999994296[39m,
  biomeTime: [33m158.76209999999992[39m,
  resourceTime: [33m0.12359999999898719[39m,
  structureTime: [33m0.09850000000005821[39m,
  riverTime: [33m0.0063999999983934686[39m,
  totalTime: [33m159.65959999999905[39m
}
Chunk (-1, 1) generation metrics: {
  terrainTime: [33m0.6179999999985739[39m,
  biomeTime: [33m154.32330000000002[39m,
  resourceTime: [33m0.12379999999757274[39m,
  structureTime: [33m0.07690000000002328[39m,
  riverTime: [33m0.005499999999301508[39m,
  totalTime: [33m155.16930000000139[39m
}
Chunk (0, 1) generation metrics: {
  terrainTime: [33m0.5926999999974214[39m,
  biomeTime: [33m158.01880000000165[39m,
  resourceTime: [33m0.11170000000129221[39m,
  structureTime: [33m0.07359999999971478[39m,
  riverTime: [33m0.005800000002636807[39m,
  totalTime: [33m158.82230000000345[39m
}
Chunk (1, 1) generation metrics: {
  terrainTime: [33m0.5476000000016938[39m,
  biomeTime: [33m148.0004000000008[39m,
  resourceTime: [33m0.125[39m,
  structureTime: [33m0.06849999999758438[39m,
  riverTime: [33m0.0067000000017287675[39m,
  totalTime: [33m148.76729999999952[39m
}
Loaded 9 chunks in 1488.28ms
World generated with seed: 12345
TerrainEditor initialized

[90mstdout[2m | demo/src/editor/TerrainEditor.test.ts[2m > [22m[2mTerrainEditor[2m > [22m[2mTerrain Modification Calculations[2m > [22m[2mshould calculate lower terrain with falloff[22m[39m
DemoApp initialized successfully
Chunk (-1, -1) generation metrics: {
  terrainTime: [33m0.6123999999981606[39m,
  biomeTime: [33m147.57730000000083[39m,
  resourceTime: [33m0.12269999999989523[39m,
  structureTime: [33m0.08320000000094296[39m,
  riverTime: [33m0.1202000000012049[39m,
  totalTime: [33m148.53840000000127[39m
}
Chunk (0, -1) generation metrics: {
  terrainTime: [33m0.6173000000017055[39m,
  biomeTime: [33m142.53629999999976[39m,
  resourceTime: [33m0.0698999999985972[39m,
  structureTime: [33m0.06330000000161817[39m,
  riverTime: [33m0.004799999998795101[39m,
  totalTime: [33m143.3101999999999[39m
}
Chunk (1, -1) generation metrics: {
  terrainTime: [33m0.40890000000217697[39m,
  biomeTime: [33m159.75370000000112[39m,
  resourceTime: [33m0.12349999999787542[39m,
  structureTime: [33m0.07809999999881256[39m,
  riverTime: [33m0.03979999999864958[39m,
  totalTime: [33m160.46559999999954[39m
}
Chunk (-1, 0) generation metrics: {
  terrainTime: [33m0.7976000000016938[39m,
  biomeTime: [33m154.84000000000015[39m,
  resourceTime: [33m0.13330000000132713[39m,
  structureTime: [33m0.12910000000192667[39m,
  riverTime: [33m0.14289999999891734[39m,
  totalTime: [33m156.0636999999988[39m
}
Chunk (0, 0) generation metrics: {
  terrainTime: [33m0.7628000000004249[39m,
  biomeTime: [33m196.012999999999[39m,
  resourceTime: [33m0.1370999999999185[39m,
  structureTime: [33m0.0856000000021595[39m,
  riverTime: [33m0.007700000001932494[39m,
  totalTime: [33m197.02880000000005[39m
}
Chunk (1, 0) generation metrics: {
  terrainTime: [33m0.7070000000021537[39m,
  biomeTime: [33m162.28659999999945[39m,
  resourceTime: [33m0.1797999999980675[39m,
  structureTime: [33m0.12519999999858555[39m,
  riverTime: [33m0.006600000000617001[39m,
  totalTime: [33m163.3302999999978[39m
}
Chunk (-1, 1) generation metrics: {
  terrainTime: [33m0.7199999999975262[39m,
  biomeTime: [33m143.46689999999944[39m,
  resourceTime: [33m0.11279999999896972[39m,
  structureTime: [33m0.07010000000082073[39m,
  riverTime: [33m0.007599999997182749[39m,
  totalTime: [33m144.40520000000106[39m
}
Chunk (0, 1) generation metrics: {
  terrainTime: [33m0.3797999999987951[39m,
  biomeTime: [33m143.03150000000096[39m,
  resourceTime: [33m0.11460000000079162[39m,
  structureTime: [33m0.07270000000062282[39m,
  riverTime: [33m0.005799999998998828[39m,
  totalTime: [33m143.62219999999797[39m
}
Chunk (1, 1) generation metrics: {
  terrainTime: [33m0.5575000000026193[39m,
  biomeTime: [33m138.99139999999898[39m,
  resourceTime: [33m0.1198999999978696[39m,
  structureTime: [33m0.07700000000113505[39m,
  riverTime: [33m0.007700000001932494[39m,
  totalTime: [33m139.77369999999792[39m
}
Loaded 9 chunks in 1398.33ms
World generated with seed: 12345
TerrainEditor initialized

[90mstdout[2m | demo/src/editor/TerrainEditor.test.ts[2m > [22m[2mTerrainEditor[2m > [22m[2mTerrain Modification Calculations[2m > [22m[2mshould calculate flatten terrain towards target height[22m[39m
DemoApp initialized successfully
Chunk (-1, -1) generation metrics: {
  terrainTime: [33m0.5946000000003551[39m,
  biomeTime: [33m128.1193000000021[39m,
  resourceTime: [33m0.1169000000008964[39m,
  structureTime: [33m0.07920000000012806[39m,
  riverTime: [33m0.12639999999737483[39m,
  totalTime: [33m129.05489999999918[39m
}
Chunk (0, -1) generation metrics: {
  terrainTime: [33m0.6231999999981781[39m,
  biomeTime: [33m142.10540000000037[39m,
  resourceTime: [33m0.12470000000030268[39m,
  structureTime: [33m0.08100000000194996[39m,
  riverTime: [33m0.006199999999807915[39m,
  totalTime: [33m142.96029999999882[39m
}
Chunk (1, -1) generation metrics: {
  terrainTime: [33m0.617099999999482[39m,
  biomeTime: [33m138.98559999999998[39m,
  resourceTime: [33m0.11689999999725842[39m,
  structureTime: [33m0.0830999999998312[39m,
  riverTime: [33m0.03919999999925494[39m,
  totalTime: [33m139.86379999999917[39m
}
Chunk (-1, 0) generation metrics: {
  terrainTime: [33m1.9840999999978521[39m,
  biomeTime: [33m136.09219999999914[39m,
  resourceTime: [33m0.12379999999757274[39m,
  structureTime: [33m0.12269999999989523[39m,
  riverTime: [33m0.12280000000100699[39m,
  totalTime: [33m138.46680000000197[39m
}
Chunk (0, 0) generation metrics: {
  terrainTime: [33m0.6203999999997905[39m,
  biomeTime: [33m131.42819999999847[39m,
  resourceTime: [33m0.12889999999970314[39m,
  structureTime: [33m0.09519999999974971[39m,
  riverTime: [33m0.007099999998899875[39m,
  totalTime: [33m132.30389999999898[39m
}
Chunk (1, 0) generation metrics: {
  terrainTime: [33m1.0542000000023108[39m,
  biomeTime: [33m136.56719999999768[39m,
  resourceTime: [33m0.1323999999985972[39m,
  structureTime: [33m0.11079999999856227[39m,
  riverTime: [33m0.006099999998696148[39m,
  totalTime: [33m137.89400000000023[39m
}
Chunk (-1, 1) generation metrics: {
  terrainTime: [33m0.6311999999998079[39m,
  biomeTime: [33m160.65569999999934[39m,
  resourceTime: [33m0.06940000000031432[39m,
  structureTime: [33m0.05549999999857391[39m,
  riverTime: [33m0.00480000000243308[39m,
  totalTime: [33m161.4336000000003[39m
}
Chunk (0, 1) generation metrics: {
  terrainTime: [33m0.43289999999979045[39m,
  biomeTime: [33m170.02839999999924[39m,
  resourceTime: [33m0.14409999999770662[39m,
  structureTime: [33m0.0764999999992142[39m,
  riverTime: [33m0.007000000001426088[39m,
  totalTime: [33m170.706299999998[39m
}
Chunk (1, 1) generation metrics: {
  terrainTime: [33m0.6847000000016124[39m,
  biomeTime: [33m157.10399999999936[39m,
  resourceTime: [33m0.12099999999918509[39m,
  structureTime: [33m0.08680000000094878[39m,
  riverTime: [33m0.008299999997689156[39m,
  totalTime: [33m158.02350000000297[39m
}
Loaded 9 chunks in 1312.72ms
World generated with seed: 12345
TerrainEditor initialized

[90mstdout[2m | demo/src/editor/TerrainEditor.test.ts[2m > [22m[2mTerrainEditor[2m > [22m[2mTerrain Modification Calculations[2m > [22m[2mshould calculate smooth terrain by averaging neighbors[22m[39m
DemoApp initialized successfully
Chunk (-1, -1) generation metrics: {
  terrainTime: [33m0.43149999999877764[39m,
  biomeTime: [33m163.08710000000065[39m,
  resourceTime: [33m0.12600000000020373[39m,
  structureTime: [33m0.08620000000155414[39m,
  riverTime: [33m0.18269999999756692[39m,
  totalTime: [33m163.9328999999998[39m
}
Chunk (0, -1) generation metrics: {
  terrainTime: [33m0.6697999999996682[39m,
  biomeTime: [33m149.70219999999972[39m,
  resourceTime: [33m0.1301000000021304[39m,
  structureTime: [33m0.08299999999871943[39m,
  riverTime: [33m0.007499999999708962[39m,
  totalTime: [33m150.61579999999958[39m
}
Chunk (1, -1) generation metrics: {
  terrainTime: [33m0.6483999999982188[39m,
  biomeTime: [33m149.2078999999976[39m,
  resourceTime: [33m0.12710000000151922[39m,
  structureTime: [33m0.08539999999993597[39m,
  riverTime: [33m0.04130000000077416[39m,
  totalTime: [33m150.13420000000042[39m
}
Chunk (-1, 0) generation metrics: {
  terrainTime: [33m0.6173999999991793[39m,
  biomeTime: [33m140.93239999999787[39m,
  resourceTime: [33m0.12150000000110595[39m,
  structureTime: [33m0.11549999999988358[39m,
  riverTime: [33m0.11830000000190921[39m,
  totalTime: [33m141.9248000000007[39m
}
Chunk (0, 0) generation metrics: {
  terrainTime: [33m0.6169999999983702[39m,
  biomeTime: [33m139.43970000000263[39m,
  resourceTime: [33m0.12130000000252039[39m,
  structureTime: [33m0.07289999999920838[39m,
  riverTime: [33m0.0067000000017287675[39m,
  totalTime: [33m140.27530000000115[39m
}
Chunk (1, 0) generation metrics: {
  terrainTime: [33m0.6133000000008906[39m,
  biomeTime: [33m184.2533000000003[39m,
  resourceTime: [33m0.12740000000121654[39m,
  structureTime: [33m0.10909999999785214[39m,
  riverTime: [33m0.007300000001123408[39m,
  totalTime: [33m185.13170000000173[39m
}
Chunk (-1, 1) generation metrics: {
  terrainTime: [33m0.6172000000005937[39m,
  biomeTime: [33m167.0142999999989[39m,
  resourceTime: [33m0.12999999999738066[39m,
  structureTime: [33m0.08150000000023283[39m,
  riverTime: [33m0.006099999998696148[39m,
  totalTime: [33m167.86999999999898[39m
}
Chunk (0, 1) generation metrics: {
  terrainTime: [33m1.7674999999981083[39m,
  biomeTime: [33m167.87650000000212[39m,
  resourceTime: [33m0.12089999999807333[39m,
  structureTime: [33m0.07990000000063446[39m,
  riverTime: [33m0.006099999998696148[39m,
  totalTime: [33m169.87520000000222[39m
}
Chunk (1, 1) generation metrics: {
  terrainTime: [33m0.6152000000001863[39m,
  biomeTime: [33m159.4995999999992[39m,
  resourceTime: [33m0.12939999999798601[39m,
  structureTime: [33m0.08610000000044238[39m,
  riverTime: [33m0.007499999999708962[39m,
  totalTime: [33m160.35900000000038[39m
}
Loaded 9 chunks in 1431.75ms
World generated with seed: 12345
TerrainEditor initialized

[90mstdout[2m | demo/src/editor/TerrainEditor.test.ts[2m > [22m[2mTerrainEditor[2m > [22m[2mTerrain Modification Calculations[2m > [22m[2mshould apply strength multiplier correctly[22m[39m
DemoApp initialized successfully
Chunk (-1, -1) generation metrics: {
  terrainTime: [33m0.621500000001106[39m,
  biomeTime: [33m143.34839999999895[39m,
  resourceTime: [33m0.1797999999980675[39m,
  structureTime: [33m0.09149999999863212[39m,
  riverTime: [33m0.15610000000015134[39m,
  totalTime: [33m144.42189999999755[39m
}
Chunk (0, -1) generation metrics: {
  terrainTime: [33m0.6222999999990861[39m,
  biomeTime: [33m144.71869999999763[39m,
  resourceTime: [33m0.1257000000005064[39m,
  structureTime: [33m0.07879999999931897[39m,
  riverTime: [33m0.0063999999983934686[39m,
  totalTime: [33m145.57530000000042[39m
}
Chunk (1, -1) generation metrics: {
  terrainTime: [33m0.610499999998865[39m,
  biomeTime: [33m145.64459999999963[39m,
  resourceTime: [33m0.1309000000001106[39m,
  structureTime: [33m0.08590000000185682[39m,
  riverTime: [33m0.04069999999774154[39m,
  totalTime: [33m146.53319999999803[39m
}
Chunk (-1, 0) generation metrics: {
  terrainTime: [33m0.6428999999989173[39m,
  biomeTime: [33m143.4883000000009[39m,
  resourceTime: [33m0.12849999999889405[39m,
  structureTime: [33m0.1330999999991036[39m,
  riverTime: [33m0.12299999999959255[39m,
  totalTime: [33m144.53770000000077[39m
}
Chunk (0, 0) generation metrics: {
  terrainTime: [33m0.6828000000023167[39m,
  biomeTime: [33m131.00210000000152[39m,
  resourceTime: [33m0.12549999999828287[39m,
  structureTime: [33m0.07840000000214786[39m,
  riverTime: [33m0.006699999998090789[39m,
  totalTime: [33m131.91589999999997[39m
}
Chunk (1, 0) generation metrics: {
  terrainTime: [33m0.6009999999987485[39m,
  biomeTime: [33m153.33889999999883[39m,
  resourceTime: [33m0.21469999999681022[39m,
  structureTime: [33m0.10879999999815482[39m,
  riverTime: [33m0.006600000000617001[39m,
  totalTime: [33m154.29060000000027[39m
}
Chunk (-1, 1) generation metrics: {
  terrainTime: [33m0.6062999999994645[39m,
  biomeTime: [33m150.954899999997[39m,
  resourceTime: [33m0.1308000000026368[39m,
  structureTime: [33m0.08400000000256114[39m,
  riverTime: [33m0.005799999998998828[39m,
  totalTime: [33m151.80129999999917[39m
}
Chunk (0, 1) generation metrics: {
  terrainTime: [33m0.625899999999092[39m,
  biomeTime: [33m151.11599999999817[39m,
  resourceTime: [33m0.06799999999930151[39m,
  structureTime: [33m0.060499999999592546[39m,
  riverTime: [33m0.004600000000209548[39m,
  totalTime: [33m151.89470000000074[39m
}
Chunk (1, 1) generation metrics: {
  terrainTime: [33m0.3948999999993248[39m,
  biomeTime: [33m146.53949999999895[39m,
  resourceTime: [33m0.1301999999996042[39m,
  structureTime: [33m0.08719999999811989[39m,
  riverTime: [33m0.0063999999983934686[39m,
  totalTime: [33m147.17829999999958[39m
}
Loaded 9 chunks in 1319.80ms
World generated with seed: 12345
TerrainEditor initialized

[90mstdout[2m | demo/src/editor/TerrainEditor.test.ts[2m > [22m[2mTerrainEditor[2m > [22m[2mBrush Shape Generation[2m > [22m[2mshould generate circular brush affecting tiles within radius[22m[39m
DemoApp initialized successfully
Chunk (-1, -1) generation metrics: {
  terrainTime: [33m0.6230999999970663[39m,
  biomeTime: [33m149.72149999999965[39m,
  resourceTime: [33m0.125[39m,
  structureTime: [33m0.09689999999682186[39m,
  riverTime: [33m0.1231999999981781[39m,
  totalTime: [33m150.71229999999923[39m
}
Chunk (0, -1) generation metrics: {
  terrainTime: [33m0.6265000000021246[39m,
  biomeTime: [33m139.78919999999925[39m,
  resourceTime: [33m0.12789999999949941[39m,
  structureTime: [33m0.09210000000166474[39m,
  riverTime: [33m0.007000000001426088[39m,
  totalTime: [33m140.66560000000027[39m
}
Chunk (1, -1) generation metrics: {
  terrainTime: [33m0.6818999999995867[39m,
  biomeTime: [33m145.0681999999979[39m,
  resourceTime: [33m0.13799999999901047[39m,
  structureTime: [33m0.09519999999974971[39m,
  riverTime: [33m0.042400000002089655[39m,
  totalTime: [33m146.0527000000002[39m
}
Chunk (-1, 0) generation metrics: {
  terrainTime: [33m0.6248999999988882[39m,
  biomeTime: [33m139.48790000000008[39m,
  resourceTime: [33m0.12850000000253203[39m,
  structureTime: [33m0.1287000000011176[39m,
  riverTime: [33m0.11929999999847496[39m,
  totalTime: [33m140.509399999999[39m
}
Chunk (0, 0) generation metrics: {
  terrainTime: [33m0.6220999999968626[39m,
  biomeTime: [33m134.9265000000014[39m,
  resourceTime: [33m0.08039999999891734[39m,
  structureTime: [33m0.06269999999858555[39m,
  riverTime: [33m0.004099999998288695[39m,
  totalTime: [33m135.71359999999913[39m
}
Chunk (1, 0) generation metrics: {
  terrainTime: [33m0.4069999999992433[39m,
  biomeTime: [33m135.85310000000027[39m,
  resourceTime: [33m0.12789999999949941[39m,
  structureTime: [33m0.12219999999797437[39m,
  riverTime: [33m0.006699999998090789[39m,
  totalTime: [33m136.53650000000198[39m
}
Chunk (-1, 1) generation metrics: {
  terrainTime: [33m0.616199999996752[39m,
  biomeTime: [33m154.5074999999997[39m,
  resourceTime: [33m0.11390000000028522[39m,
  structureTime: [33m0.09420000000318396[39m,
  riverTime: [33m0.008099999999103602[39m,
  totalTime: [33m155.3646000000008[39m
}
Chunk (0, 1) generation metrics: {
  terrainTime: [33m0.6097000000008848[39m,
  biomeTime: [33m163.61769999999888[39m,
  resourceTime: [33m0.13030000000071595[39m,
  structureTime: [33m0.09019999999873107[39m,
  riverTime: [33m0.007499999999708962[39m,
  totalTime: [33m164.47729999999865[39m
}
Chunk (1, 1) generation metrics: {
  terrainTime: [33m0.6205000000009022[39m,
  biomeTime: [33m158.018799999998[39m,
  resourceTime: [33m0.1264999999984866[39m,
  structureTime: [33m0.08139999999912106[39m,
  riverTime: [33m0.006600000000617001[39m,
  totalTime: [33m158.8752999999997[39m
}
Loaded 9 chunks in 1330.62ms
World generated with seed: 12345
TerrainEditor initialized

[90mstdout[2m | demo/src/editor/TerrainEditor.test.ts[2m > [22m[2mTerrainEditor[2m > [22m[2mBrush Shape Generation[2m > [22m[2mshould generate square brush affecting tiles in square area[22m[39m
DemoApp initialized successfully
Chunk (-1, -1) generation metrics: {
  terrainTime: [33m0.6201999999975669[39m,
  biomeTime: [33m149.81029999999737[39m,
  resourceTime: [33m0.06860000000233413[39m,
  structureTime: [33m0.062399999998888234[39m,
  riverTime: [33m0.08360000000175205[39m,
  totalTime: [33m150.67150000000038[39m
}
Chunk (0, -1) generation metrics: {
  terrainTime: [33m0.641300000002957[39m,
  biomeTime: [33m147.4922000000006[39m,
  resourceTime: [33m0.12390000000232249[39m,
  structureTime: [33m0.09950000000026193[39m,
  riverTime: [33m0.0067000000017287675[39m,
  totalTime: [33m148.38440000000264[39m
}
Chunk (1, -1) generation metrics: {
  terrainTime: [33m0.6519999999982247[39m,
  biomeTime: [33m151.1801000000014[39m,
  resourceTime: [33m0.07320000000254367[39m,
  structureTime: [33m0.0705999999991036[39m,
  riverTime: [33m0.030599999998230487[39m,
  totalTime: [33m152.02520000000004[39m
}
Chunk (-1, 0) generation metrics: {
  terrainTime: [33m0.41010000000096625[39m,
  biomeTime: [33m117.01619999999821[39m,
  resourceTime: [33m0.12029999999867869[39m,
  structureTime: [33m0.1669000000001688[39m,
  riverTime: [33m0.12040000000342843[39m,
  totalTime: [33m117.85360000000219[39m
}
Chunk (0, 0) generation metrics: {
  terrainTime: [33m0.5975999999973283[39m,
  biomeTime: [33m136.15650000000096[39m,
  resourceTime: [33m0.06970000000001164[39m,
  structureTime: [33m0.06060000000070431[39m,
  riverTime: [33m0.005199999999604188[39m,
  totalTime: [33m136.90769999999975[39m
}
Chunk (1, 0) generation metrics: {
  terrainTime: [33m0.38919999999779975[39m,
  biomeTime: [33m134.65650000000096[39m,
  resourceTime: [33m0.12860000000000582[39m,
  structureTime: [33m0.10510000000067521[39m,
  riverTime: [33m0.006400000002031447[39m,
  totalTime: [33m135.3038000000015[39m
}
Chunk (-1, 1) generation metrics: {
  terrainTime: [33m0.7158000000017637[39m,
  biomeTime: [33m148.4968000000008[39m,
  resourceTime: [33m0.1981000000014319[39m,
  structureTime: [33m0.09039999999731663[39m,
  riverTime: [33m0.007600000000820728[39m,
  totalTime: [33m149.53789999999935[39m
}
Chunk (0, 1) generation metrics: {
  terrainTime: [33m0.625[39m,
  biomeTime: [33m141.2007999999987[39m,
  resourceTime: [33m0.1254000000008091[39m,
  structureTime: [33m0.09110000000146101[39m,
  riverTime: [33m0.006900000000314321[39m,
  totalTime: [33m142.07090000000244[39m
}
Chunk (1, 1) generation metrics: {
  terrainTime: [33m0.6143000000010943[39m,
  biomeTime: [33m150.21889999999985[39m,
  resourceTime: [33m0.1320000000014261[39m,
  structureTime: [33m0.08469999999942956[39m,
  riverTime: [33m0.007399999998597195[39m,
  totalTime: [33m151.08239999999932[39m
}
Loaded 9 chunks in 1285.45ms
World generated with seed: 12345
TerrainEditor initialized

[90mstdout[2m | demo/src/editor/TerrainEditor.test.ts[2m > [22m[2mTerrainEditor[2m > [22m[2mBrush Shape Generation[2m > [22m[2mshould affect different number of tiles for circle vs square[22m[39m
DemoApp initialized successfully
Chunk (-1, -1) generation metrics: {
  terrainTime: [33m0.6141999999999825[39m,
  biomeTime: [33m147.06719999999768[39m,
  resourceTime: [33m0.12139999999999418[39m,
  structureTime: [33m0.08179999999993015[39m,
  riverTime: [33m0.11570000000210712[39m,
  totalTime: [33m148.02080000000205[39m
}
Chunk (0, -1) generation metrics: {
  terrainTime: [33m0.5940000000009604[39m,
  biomeTime: [33m132.82200000000012[39m,
  resourceTime: [33m0.12479999999777647[39m,
  structureTime: [33m0.0918999999994412[39m,
  riverTime: [33m0.007600000000820728[39m,
  totalTime: [33m133.66240000000107[39m
}
Chunk (1, -1) generation metrics: {
  terrainTime: [33m0.6342000000004191[39m,
  biomeTime: [33m147.8230999999978[39m,
  resourceTime: [33m0.12019999999756692[39m,
  structureTime: [33m0.09729999999763095[39m,
  riverTime: [33m0.04379999999946449[39m,
  totalTime: [33m148.74229999999807[39m
}
Chunk (-1, 0) generation metrics: {
  terrainTime: [33m1.4248000000006869[39m,
  biomeTime: [33m136.57300000000032[39m,
  resourceTime: [33m0.12180000000080327[39m,
  structureTime: [33m0.6114999999990687[39m,
  riverTime: [33m0.11319999999977881[39m,
  totalTime: [33m138.8680000000022[39m
}
Chunk (0, 0) generation metrics: {
  terrainTime: [33m0.6126000000003842[39m,
  biomeTime: [33m146.64390000000276[39m,
  resourceTime: [33m0.12210000000050059[39m,
  structureTime: [33m0.0676000000021304[39m,
  riverTime: [33m0.006099999998696148[39m,
  totalTime: [33m147.50660000000062[39m
}
Chunk (1, 0) generation metrics: {
  terrainTime: [33m0.5885999999991327[39m,
  biomeTime: [33m139.47089999999662[39m,
  resourceTime: [33m0.1209000000017113[39m,
  structureTime: [33m0.10759999999936554[39m,
  riverTime: [33m0.005699999997887062[39m,
  totalTime: [33m140.31300000000192[39m
}
Chunk (-1, 1) generation metrics: {
  terrainTime: [33m0.5990999999994528[39m,
  biomeTime: [33m156.90409999999974[39m,
  resourceTime: [33m0.12489999999888823[39m,
  structureTime: [33m0.08250000000043656[39m,
  riverTime: [33m0.0076999999982945155[39m,
  totalTime: [33m157.7415000000001[39m
}
Chunk (0, 1) generation metrics: {
  terrainTime: [33m0.6103000000002794[39m,
  biomeTime: [33m148.8840999999993[39m,
  resourceTime: [33m0.11960000000181026[39m,
  structureTime: [33m0.07270000000062282[39m,
  riverTime: [33m0.005500000002939487[39m,
  totalTime: [33m149.71150000000125[39m
}
Chunk (1, 1) generation metrics: {
  terrainTime: [33m0.5855999999985215[39m,
  biomeTime: [33m146.52130000000034[39m,
  resourceTime: [33m0.12440000000060536[39m,
  structureTime: [33m0.09200000000055297[39m,
  riverTime: [33m0.007199999996373663[39m,
  totalTime: [33m147.35109999999986[39m
}
Loaded 9 chunks in 1313.57ms
World generated with seed: 12345
TerrainEditor initialized

[90mstdout[2m | demo/src/editor/TerrainEditor.test.ts[2m > [22m[2mTerrainEditor[2m > [22m[2mBrush Shape Generation[2m > [22m[2mshould scale brush area with size parameter[22m[39m
DemoApp initialized successfully
Chunk (-1, -1) generation metrics: {
  terrainTime: [33m0.5974999999998545[39m,
  biomeTime: [33m147.95400000000154[39m,
  resourceTime: [33m0.1257000000005064[39m,
  structureTime: [33m0.08109999999942374[39m,
  riverTime: [33m0.21889999999984866[39m,
  totalTime: [33m149.0017000000007[39m
}
Chunk (0, -1) generation metrics: {
  terrainTime: [33m0.6198999999978696[39m,
  biomeTime: [33m141.28480000000127[39m,
  resourceTime: [33m0.12850000000253203[39m,
  structureTime: [33m0.08209999999962747[39m,
  riverTime: [33m0.005600000000413274[39m,
  totalTime: [33m142.14259999999922[39m
}
Chunk (1, -1) generation metrics: {
  terrainTime: [33m0.6275999999998021[39m,
  biomeTime: [33m155.29899999999907[39m,
  resourceTime: [33m0.12450000000171713[39m,
  structureTime: [33m0.09499999999752617[39m,
  riverTime: [33m0.03989999999976135[39m,
  totalTime: [33m156.20910000000003[39m
}
Chunk (-1, 0) generation metrics: {
  terrainTime: [33m0.6291999999994005[39m,
  biomeTime: [33m160.9328999999998[39m,
  resourceTime: [33m0.12399999999979627[39m,
  structureTime: [33m0.11779999999998836[39m,
  riverTime: [33m0.10719999999855645[39m,
  totalTime: [33m161.9331999999995[39m
}
Chunk (0, 0) generation metrics: {
  terrainTime: [33m2.09599999999773[39m,
  biomeTime: [33m153.04230000000098[39m,
  resourceTime: [33m0.1283000000003085[39m,
  structureTime: [33m0.08069999999861466[39m,
  riverTime: [33m0.005700000001525041[39m,
  totalTime: [33m155.3787999999986[39m
}
Chunk (1, 0) generation metrics: {
  terrainTime: [33m0.6213999999999942[39m,
  biomeTime: [33m151.52720000000045[39m,
  resourceTime: [33m0.134699999995064[39m,
  structureTime: [33m0.13180000000284053[39m,
  riverTime: [33m0.0102000000042608[39m,
  totalTime: [33m152.44410000000425[39m
}
Chunk (-1, 1) generation metrics: {
  terrainTime: [33m0.6429000000061933[39m,
  biomeTime: [33m143.04990000000544[39m,
  resourceTime: [33m0.13519999999698484[39m,
  structureTime: [33m0.07630000000062864[39m,
  riverTime: [33m0.007299999997485429[39m,
  totalTime: [33m143.93190000000322[39m
}
Chunk (0, 1) generation metrics: {
  terrainTime: [33m0.621500000001106[39m,
  biomeTime: [33m150.03250000000116[39m,
  resourceTime: [33m0.12380000000121072[39m,
  structureTime: [33m0.08430000000225846[39m,
  riverTime: [33m0.004799999995157123[39m,
  totalTime: [33m150.8882999999987[39m
}
Chunk (1, 1) generation metrics: {
  terrainTime: [33m0.40750000000116415[39m,
  biomeTime: [33m146.54189999999653[39m,
  resourceTime: [33m0.07190000000264263[39m,
  structureTime: [33m0.06919999999809079[39m,
  riverTime: [33m0.005099999994854443[39m,
  totalTime: [33m147.11409999999887[39m
}
Loaded 9 chunks in 1360.79ms
World generated with seed: 12345
TerrainEditor initialized

[90mstdout[2m | demo/src/editor/TerrainEditor.test.ts[2m > [22m[2mTerrainEditor[2m > [22m[2mUndo/Redo Stack Management[2m > [22m[2mshould maintain undo stack with multiple modifications[22m[39m
DemoApp initialized successfully
Chunk (-1, -1) generation metrics: {
  terrainTime: [33m0.6193000000057509[39m,
  biomeTime: [33m146.14270000000397[39m,
  resourceTime: [33m0.12270000000717118[39m,
  structureTime: [33m0.08030000000144355[39m,
  riverTime: [33m0.10850000000209548[39m,
  totalTime: [33m147.09219999999914[39m
}
Chunk (0, -1) generation metrics: {
  terrainTime: [33m0.6167999999961467[39m,
  biomeTime: [33m136.27210000000196[39m,
  resourceTime: [33m0.1300000000046566[39m,
  structureTime: [33m0.08050000000366708[39m,
  riverTime: [33m0.006500000003143214[39m,
  totalTime: [33m137.12599999999657[39m
}
Chunk (1, -1) generation metrics: {
  terrainTime: [33m0.8986000000004424[39m,
  biomeTime: [33m151.83060000000114[39m,
  resourceTime: [33m0.11880000000383006[39m,
  structureTime: [33m0.07820000000356231[39m,
  riverTime: [33m0.08000000000174623[39m,
  totalTime: [33m153.02760000000126[39m
}
Chunk (-1, 0) generation metrics: {
  terrainTime: [33m0.5995000000038999[39m,
  biomeTime: [33m134.909799999994[39m,
  resourceTime: [33m0.12529999999969732[39m,
  structureTime: [33m0.12150000000110595[39m,
  riverTime: [33m0.09969999999884749[39m,
  totalTime: [33m135.876400000001[39m
}
Chunk (0, 0) generation metrics: {
  terrainTime: [33m0.6015999999945052[39m,
  biomeTime: [33m128.12099999999919[39m,
  resourceTime: [33m0.131600000000617[39m,
  structureTime: [33m0.07730000000447035[39m,
  riverTime: [33m0.006300000000919681[39m,
  totalTime: [33m128.95679999999993[39m
}
Chunk (1, 0) generation metrics: {
  terrainTime: [33m0.610899999999674[39m,
  biomeTime: [33m139.7966000000015[39m,
  resourceTime: [33m0.13130000000091968[39m,
  structureTime: [33m0.12679999999818392[39m,
  riverTime: [33m0.006999999997788109[39m,
  totalTime: [33m140.69509999999718[39m
}
Chunk (-1, 1) generation metrics: {
  terrainTime: [33m0.6340999999956694[39m,
  biomeTime: [33m139.20939999999973[39m,
  resourceTime: [33m0.12550000000192085[39m,
  structureTime: [33m0.1396999999997206[39m,
  riverTime: [33m0.006999999997788109[39m,
  totalTime: [33m140.14579999999842[39m
}
Chunk (0, 1) generation metrics: {
  terrainTime: [33m0.5901000000012573[39m,
  biomeTime: [33m137.47170000000187[39m,
  resourceTime: [33m0.12180000000080327[39m,
  structureTime: [33m0.08660000000236323[39m,
  riverTime: [33m0.007100000002537854[39m,
  totalTime: [33m138.29839999999967[39m
}
Chunk (1, 1) generation metrics: {
  terrainTime: [33m0.6071000000010827[39m,
  biomeTime: [33m146.19870000000083[39m,
  resourceTime: [33m0.12430000000313157[39m,
  structureTime: [33m0.07540000000153668[39m,
  riverTime: [33m0.006199999996169936[39m,
  totalTime: [33m147.02939999999944[39m
}
Loaded 9 chunks in 1269.91ms
World generated with seed: 12345
TerrainEditor initialized

[90mstdout[2m | demo/src/editor/TerrainEditor.test.ts[2m > [22m[2mTerrainEditor[2m > [22m[2mUndo/Redo Stack Management[2m > [22m[2mshould undo modifications in reverse order[22m[39m
DemoApp initialized successfully
Chunk (-1, -1) generation metrics: {
  terrainTime: [33m0.6142999999938183[39m,
  biomeTime: [33m135.79189999999653[39m,
  resourceTime: [33m0.12210000000050059[39m,
  structureTime: [33m0.0918999999994412[39m,
  riverTime: [33m0.1088000000017928[39m,
  totalTime: [33m136.75019999999495[39m
}
Chunk (0, -1) generation metrics: {
  terrainTime: [33m0.6222000000052503[39m,
  biomeTime: [33m141.24270000000251[39m,
  resourceTime: [33m0.1286000000036438[39m,
  structureTime: [33m0.08469999999942956[39m,
  riverTime: [33m0.006500000003143214[39m,
  totalTime: [33m142.10929999999644[39m
}
Chunk (1, -1) generation metrics: {
  terrainTime: [33m0.5988999999972293[39m,
  biomeTime: [33m153.02189999999973[39m,
  resourceTime: [33m0.11929999999847496[39m,
  structureTime: [33m0.07949999999982538[39m,
  riverTime: [33m0.033699999999953434[39m,
  totalTime: [33m153.87609999999404[39m
}
Chunk (-1, 0) generation metrics: {
  terrainTime: [33m0.5964999999996508[39m,
  biomeTime: [33m133.34130000000005[39m,
  resourceTime: [33m0.127200000002631[39m,
  structureTime: [33m0.12430000000313157[39m,
  riverTime: [33m0.10349999999743886[39m,
  totalTime: [33m134.3133999999991[39m
}
Chunk (0, 0) generation metrics: {
  terrainTime: [33m0.41189999999915017[39m,
  biomeTime: [33m144.42000000000553[39m,
  resourceTime: [33m0.11230000000068685[39m,
  structureTime: [33m0.08759999999892898[39m,
  riverTime: [33m0.007400000002235174[39m,
  totalTime: [33m145.05939999999828[39m
}
Chunk (1, 0) generation metrics: {
  terrainTime: [33m0.6175999999977648[39m,
  biomeTime: [33m147.44719999999506[39m,
  resourceTime: [33m0.18679999999585561[39m,
  structureTime: [33m0.20179999999527354[39m,
  riverTime: [33m0.008900000000721775[39m,
  totalTime: [33m148.49520000000484[39m
}
Chunk (-1, 1) generation metrics: {
  terrainTime: [33m0.6728999999977532[39m,
  biomeTime: [33m127.26309999999648[39m,
  resourceTime: [33m0.1437000000005355[39m,
  structureTime: [33m0.09879999999975553[39m,
  riverTime: [33m0.006799999995564576[39m,
  totalTime: [33m128.20850000000064[39m
}
Chunk (0, 1) generation metrics: {
  terrainTime: [33m0.6881999999968684[39m,
  biomeTime: [33m133.11420000000362[39m,
  resourceTime: [33m0.06690000000526197[39m,
  structureTime: [33m0.06769999999960419[39m,
  riverTime: [33m0.004700000004959293[39m,
  totalTime: [33m133.95969999999943[39m
}
Chunk (1, 1) generation metrics: {
  terrainTime: [33m0.39619999999558786[39m,
  biomeTime: [33m157.094600000004[39m,
  resourceTime: [33m0.12939999999798601[39m,
  structureTime: [33m0.07809999999881256[39m,
  riverTime: [33m0.006800000002840534[39m,
  totalTime: [33m157.72449999999662[39m
}
Loaded 9 chunks in 1282.43ms
World generated with seed: 12345
TerrainEditor initialized

[90mstdout[2m | demo/src/editor/TerrainEditor.test.ts[2m > [22m[2mTerrainEditor[2m > [22m[2mUndo/Redo Stack Management[2m > [22m[2mshould maintain redo stack after undo[22m[39m
DemoApp initialized successfully
Chunk (-1, -1) generation metrics: {
  terrainTime: [33m0.8769000000029337[39m,
  biomeTime: [33m149.88240000000224[39m,
  resourceTime: [33m0.12189999999827705[39m,
  structureTime: [33m0.09070000000065193[39m,
  riverTime: [33m0.10339999999996508[39m,
  totalTime: [33m151.09790000000066[39m
}
Chunk (0, -1) generation metrics: {
  terrainTime: [33m0.6244000000006054[39m,
  biomeTime: [33m137.1765000000014[39m,
  resourceTime: [33m0.13190000000031432[39m,
  structureTime: [33m0.08889999999519205[39m,
  riverTime: [33m0.006700000005366746[39m,
  totalTime: [33m138.04959999999846[39m
}
Chunk (1, -1) generation metrics: {
  terrainTime: [33m0.6830000000045402[39m,
  biomeTime: [33m144.20829999999842[39m,
  resourceTime: [33m0.13440000000264263[39m,
  structureTime: [33m0.10820000000239816[39m,
  riverTime: [33m0.03650000000197906[39m,
  totalTime: [33m145.19260000000213[39m
}
Chunk (-1, 0) generation metrics: {
  terrainTime: [33m0.6061999999947147[39m,
  biomeTime: [33m145.27210000000196[39m,
  resourceTime: [33m0.11899999999877764[39m,
  structureTime: [33m0.11939999999594875[39m,
  riverTime: [33m0.09519999999611173[39m,
  totalTime: [33m146.2355000000025[39m
}
Chunk (0, 0) generation metrics: {
  terrainTime: [33m0.5914999999949941[39m,
  biomeTime: [33m135.0995000000039[39m,
  resourceTime: [33m0.12489999999525025[39m,
  structureTime: [33m0.10330000000249129[39m,
  riverTime: [33m0.007699999994656537[39m,
  totalTime: [33m135.943299999999[39m
}
Chunk (1, 0) generation metrics: {
  terrainTime: [33m0.6141999999963446[39m,
  biomeTime: [33m147.52100000000064[39m,
  resourceTime: [33m0.11080000000220025[39m,
  structureTime: [33m0.10970000000088476[39m,
  riverTime: [33m0.006000000001222361[39m,
  totalTime: [33m148.3833999999988[39m
}
Chunk (-1, 1) generation metrics: {
  terrainTime: [33m0.6717000000062399[39m,
  biomeTime: [33m160.05299999999988[39m,
  resourceTime: [33m0.11960000000544824[39m,
  structureTime: [33m0.08159999999770662[39m,
  riverTime: [33m0.005899999996472616[39m,
  totalTime: [33m160.95159999999305[39m
}
Chunk (0, 1) generation metrics: {
  terrainTime: [33m0.578799999995681[39m,
  biomeTime: [33m142.46910000000207[39m,
  resourceTime: [33m0.11480000000301516[39m,
  structureTime: [33m0.08959999999933643[39m,
  riverTime: [33m0.006600000000617001[39m,
  totalTime: [33m143.28110000000015[39m
}
Chunk (1, 1) generation metrics: {
  terrainTime: [33m0.6240000000034343[39m,
  biomeTime: [33m153.17579999999725[39m,
  resourceTime: [33m0.12470000000030268[39m,
  structureTime: [33m0.07540000000153668[39m,
  riverTime: [33m0.007599999997182749[39m,
  totalTime: [33m154.0280999999959[39m
}
Loaded 9 chunks in 1325.02ms
World generated with seed: 12345
TerrainEditor initialized

[90mstdout[2m | demo/src/editor/TerrainEditor.test.ts[2m > [22m[2mTerrainEditor[2m > [22m[2mUndo/Redo Stack Management[2m > [22m[2mshould redo modifications in correct order[22m[39m
DemoApp initialized successfully
Chunk (-1, -1) generation metrics: {
  terrainTime: [33m0.6224999999976717[39m,
  biomeTime: [33m138.65460000000166[39m,
  resourceTime: [33m0.12269999999989523[39m,
  structureTime: [33m0.07240000000456348[39m,
  riverTime: [33m0.09790000000066357[39m,
  totalTime: [33m139.587099999997[39m
}
Chunk (0, -1) generation metrics: {
  terrainTime: [33m0.6050999999933993[39m,
  biomeTime: [33m145.8251999999993[39m,
  resourceTime: [33m0.12269999999989523[39m,
  structureTime: [33m0.08589999999821885[39m,
  riverTime: [33m0.006699999998090789[39m,
  totalTime: [33m146.6681000000026[39m
}
Chunk (1, -1) generation metrics: {
  terrainTime: [33m0.6002000000007683[39m,
  biomeTime: [33m164.36500000000524[39m,
  resourceTime: [33m0.11710000000311993[39m,
  structureTime: [33m0.08060000000114087[39m,
  riverTime: [33m0.033699999999953434[39m,
  totalTime: [33m165.217899999996[39m
}
Chunk (-1, 0) generation metrics: {
  terrainTime: [33m0.606500000001688[39m,
  biomeTime: [33m128.79940000000352[39m,
  resourceTime: [33m0.11869999999908032[39m,
  structureTime: [33m0.11999999999534339[39m,
  riverTime: [33m0.09699999999429565[39m,
  totalTime: [33m129.76150000000052[39m
}
Chunk (0, 0) generation metrics: {
  terrainTime: [33m0.5991999999969266[39m,
  biomeTime: [33m139.02539999999863[39m,
  resourceTime: [33m0.1213999999963562[39m,
  structureTime: [33m0.08950000000186265[39m,
  riverTime: [33m0.007499999999708962[39m,
  totalTime: [33m139.86079999999492[39m
}
Chunk (1, 0) generation metrics: {
  terrainTime: [33m2.3390999999974156[39m,
  biomeTime: [33m141.5184999999983[39m,
  resourceTime: [33m0.14839999999821885[39m,
  structureTime: [33m0.10829999999987194[39m,
  riverTime: [33m0.006499999995867256[39m,
  totalTime: [33m144.14470000000438[39m
}
Chunk (-1, 1) generation metrics: {
  terrainTime: [33m0.6196999999956461[39m,
  biomeTime: [33m148.21590000000288[39m,
  resourceTime: [33m0.11849999999685679[39m,
  structureTime: [33m0.07849999999598367[39m,
  riverTime: [33m0.006300000000919681[39m,
  totalTime: [33m149.05679999999847[39m
}
Chunk (0, 1) generation metrics: {
  terrainTime: [33m0.5873999999967054[39m,
  biomeTime: [33m171.70939999999973[39m,
  resourceTime: [33m0.12589999999909196[39m,
  structureTime: [33m0.09999999999854481[39m,
  riverTime: [33m0.007699999994656537[39m,
  totalTime: [33m172.60310000000027[39m
}
Chunk (1, 1) generation metrics: {
  terrainTime: [33m0.6040999999968335[39m,
  biomeTime: [33m144.96119999999792[39m,
  resourceTime: [33m0.11759999999776483[39m,
  structureTime: [33m0.0793000000048778[39m,
  riverTime: [33m0.0063999999983934686[39m,
  totalTime: [33m145.79000000000087[39m
}
Loaded 9 chunks in 1334.34ms
World generated with seed: 12345
TerrainEditor initialized

[90mstdout[2m | demo/src/editor/TerrainEditor.test.ts[2m > [22m[2mTerrainEditor[2m > [22m[2mUndo/Redo Stack Management[2m > [22m[2mshould clear redo stack when new modification is made after undo[22m[39m
DemoApp initialized successfully
Chunk (-1, -1) generation metrics: {
  terrainTime: [33m0.5841000000000349[39m,
  biomeTime: [33m146.244200000001[39m,
  resourceTime: [33m0.1290000000008149[39m,
  structureTime: [33m0.0940000000045984[39m,
  riverTime: [33m0.1070999999938067[39m,
  totalTime: [33m147.17949999999837[39m
}
Chunk (0, -1) generation metrics: {
  terrainTime: [33m0.6093000000037136[39m,
  biomeTime: [33m141.89990000000398[39m,
  resourceTime: [33m0.1320999999952619[39m,
  structureTime: [33m0.0797999999995227[39m,
  riverTime: [33m0.006500000003143214[39m,
  totalTime: [33m142.74700000000303[39m
}
Chunk (1, -1) generation metrics: {
  terrainTime: [33m0.6244000000006054[39m,
  biomeTime: [33m145.35900000000402[39m,
  resourceTime: [33m0.1260000000038417[39m,
  structureTime: [33m0.0746999999973923[39m,
  riverTime: [33m0.03590000000258442[39m,
  totalTime: [33m146.24240000000282[39m
}
Chunk (-1, 0) generation metrics: {
  terrainTime: [33m0.6333000000013271[39m,
  biomeTime: [33m143.18019999999524[39m,
  resourceTime: [33m0.12230000000272412[39m,
  structureTime: [33m0.11699999999837019[39m,
  riverTime: [33m0.10399999999935972[39m,
  totalTime: [33m144.17799999999988[39m
}
Chunk (0, 0) generation metrics: {
  terrainTime: [33m0.599499999996624[39m,
  biomeTime: [33m141.3845999999976[39m,
  resourceTime: [33m0.12320000000181608[39m,
  structureTime: [33m0.08410000000003492[39m,
  riverTime: [33m0.006799999995564576[39m,
  totalTime: [33m142.21749999999884[39m
}
Chunk (1, 0) generation metrics: {
  terrainTime: [33m0.5807000000058906[39m,
  biomeTime: [33m138.50960000000487[39m,
  resourceTime: [33m0.11630000000150176[39m,
  structureTime: [33m0.10570000000006985[39m,
  riverTime: [33m0.005700000001525041[39m,
  totalTime: [33m139.33619999999792[39m
}
Chunk (-1, 1) generation metrics: {
  terrainTime: [33m0.6181999999971595[39m,
  biomeTime: [33m142.47909999999683[39m,
  resourceTime: [33m0.11809999999968568[39m,
  structureTime: [33m0.08399999999528518[39m,
  riverTime: [33m0.007799999999406282[39m,
  totalTime: [33m143.331299999998[39m
}
Chunk (0, 1) generation metrics: {
  terrainTime: [33m0.5821999999971013[39m,
  biomeTime: [33m151.54089999999997[39m,
  resourceTime: [33m0.118399999999383[39m,
  structureTime: [33m0.09779999999591382[39m,
  riverTime: [33m0.007699999994656537[39m,
  totalTime: [33m152.36939999999595[39m
}
Chunk (1, 1) generation metrics: {
  terrainTime: [33m0.6105999999999767[39m,
  biomeTime: [33m147.15389999999752[39m,
  resourceTime: [33m0.11939999999594875[39m,
  structureTime: [33m0.08330000000569271[39m,
  riverTime: [33m0.006900000000314321[39m,
  totalTime: [33m147.994200000001[39m
}
Loaded 9 chunks in 1307.23ms
World generated with seed: 12345
TerrainEditor initialized

[90mstdout[2m | demo/src/editor/TerrainEditor.test.ts[2m > [22m[2mTerrainEditor[2m > [22m[2mUndo/Redo Stack Management[2m > [22m[2mshould handle undo/redo with different tools[22m[39m
DemoApp initialized successfully
Chunk (-1, -1) generation metrics: {
  terrainTime: [33m0.5915999999997439[39m,
  biomeTime: [33m144.29699999999866[39m,
  resourceTime: [33m0.1290000000008149[39m,
  structureTime: [33m0.08159999999770662[39m,
  riverTime: [33m0.1062000000019907[39m,
  totalTime: [33m145.22720000000118[39m
}
Chunk (0, -1) generation metrics: {
  terrainTime: [33m0.59769999999844[39m,
  biomeTime: [33m135.63470000000234[39m,
  resourceTime: [33m0.12159999999857973[39m,
  structureTime: [33m0.07840000000578584[39m,
  riverTime: [33m0.006699999998090789[39m,
  totalTime: [33m136.45730000000185[39m
}
Chunk (1, -1) generation metrics: {
  terrainTime: [33m0.5915000000022701[39m,
  biomeTime: [33m133.6921000000002[39m,
  resourceTime: [33m0.06690000000526197[39m,
  structureTime: [33m0.07800000000133878[39m,
  riverTime: [33m0.027900000000954606[39m,
  totalTime: [33m134.4733000000051[39m
}
Chunk (-1, 0) generation metrics: {
  terrainTime: [33m0.39469999999710126[39m,
  biomeTime: [33m138.32890000000043[39m,
  resourceTime: [33m0.06999999999970896[39m,
  structureTime: [33m0.09720000000379514[39m,
  riverTime: [33m0.14160000000265427[39m,
  totalTime: [33m139.04989999999816[39m
}
Chunk (0, 0) generation metrics: {
  terrainTime: [33m0.58009999999922[39m,
  biomeTime: [33m127.81619999999384[39m,
  resourceTime: [33m0.11400000000139698[39m,
  structureTime: [33m0.09070000000065193[39m,
  riverTime: [33m0.006999999997788109[39m,
  totalTime: [33m128.63040000000183[39m
}
Chunk (1, 0) generation metrics: {
  terrainTime: [33m0.5956999999980326[39m,
  biomeTime: [33m135.89459999999963[39m,
  resourceTime: [33m0.12920000000303844[39m,
  structureTime: [33m0.118399999999383[39m,
  riverTime: [33m0.006900000000314321[39m,
  totalTime: [33m136.76610000000073[39m
}
Chunk (-1, 1) generation metrics: {
  terrainTime: [33m0.6299999999973807[39m,
  biomeTime: [33m142.91049999999814[39m,
  resourceTime: [33m0.125[39m,
  structureTime: [33m0.0878999999986263[39m,
  riverTime: [33m0.007099999995261896[39m,
  totalTime: [33m143.7818999999945[39m
}
Chunk (0, 1) generation metrics: {
  terrainTime: [33m0.6102000000028056[39m,
  biomeTime: [33m147.4218000000037[39m,
  resourceTime: [33m0.12030000000231666[39m,
  structureTime: [33m0.08479999999690335[39m,
  riverTime: [33m0.005900000003748573[39m,
  totalTime: [33m148.2638999999981[39m
}
Chunk (1, 1) generation metrics: {
  terrainTime: [33m0.588900000002468[39m,
  biomeTime: [33m151.26529999999912[39m,
  resourceTime: [33m0.13130000000091968[39m,
  structureTime: [33m0.09079999999812571[39m,
  riverTime: [33m0.0073999999949592166[39m,
  totalTime: [33m152.1096000000034[39m
}
Loaded 9 chunks in 1266.46ms
World generated with seed: 12345
TerrainEditor initialized

[90mstdout[2m | demo/src/editor/TerrainEditor.test.ts[2m > [22m[2mTerrainEditor[2m > [22m[2mUndo/Redo Stack Management[2m > [22m[2mshould handle undo/redo across chunk boundaries[22m[39m
DemoApp initialized successfully
Chunk (-1, -1) generation metrics: {
  terrainTime: [33m0.66990000000078[39m,
  biomeTime: [33m157.4551999999967[39m,
  resourceTime: [33m0.1224000000001979[39m,
  structureTime: [33m0.07890000000043074[39m,
  riverTime: [33m0.10020000000076834[39m,
  totalTime: [33m158.4467999999979[39m
}
Chunk (0, -1) generation metrics: {
  terrainTime: [33m0.6254999999946449[39m,
  biomeTime: [33m157.09049999999843[39m,
  resourceTime: [33m0.14249999999447027[39m,
  structureTime: [33m0.08870000000024447[39m,
  riverTime: [33m0.008000000001629815[39m,
  totalTime: [33m157.97649999999703[39m
}
Chunk (1, -1) generation metrics: {
  terrainTime: [33m0.6126000000003842[39m,
  biomeTime: [33m137.81169999999838[39m,
  resourceTime: [33m0.12629999999626307[39m,
  structureTime: [33m0.07850000000325963[39m,
  riverTime: [33m0.033000000003085006[39m,
  totalTime: [33m138.68560000000434[39m
}
Chunk (-1, 0) generation metrics: {
  terrainTime: [33m0.5923000000038883[39m,
  biomeTime: [33m180.19700000000012[39m,
  resourceTime: [33m0.13240000000223517[39m,
  structureTime: [33m0.12109999999665888[39m,
  riverTime: [33m0.09969999999884749[39m,
  totalTime: [33m181.16100000000006[39m
}
Chunk (0, 0) generation metrics: {
  terrainTime: [33m7.645499999998719[39m,
  biomeTime: [33m165.93929999999818[39m,
  resourceTime: [33m0.12229999999544816[39m,
  structureTime: [33m0.09629999999742722[39m,
  riverTime: [33m0.008600000001024455[39m,
  totalTime: [33m173.8391000000047[39m
}
Chunk (1, 0) generation metrics: {
  terrainTime: [33m0.6283000000039465[39m,
  biomeTime: [33m172.7899000000034[39m,
  resourceTime: [33m0.10970000000088476[39m,
  structureTime: [33m0.11039999999775318[39m,
  riverTime: [33m0.006499999995867256[39m,
  totalTime: [33m173.66909999999916[39m
}
Chunk (-1, 1) generation metrics: {
  terrainTime: [33m0.5733000000036554[39m,
  biomeTime: [33m153.53940000000148[39m,
  resourceTime: [33m0.1287000000011176[39m,
  structureTime: [33m0.0827999999964959[39m,
  riverTime: [33m0.006499999995867256[39m,
  totalTime: [33m154.35280000000057[39m
}
Chunk (0, 1) generation metrics: {
  terrainTime: [33m0.6029000000053202[39m,
  biomeTime: [33m140.2502999999997[39m,
  resourceTime: [33m0.11639999999897555[39m,
  structureTime: [33m0.07610000000568107[39m,
  riverTime: [33m0.008300000001327135[39m,
  totalTime: [33m141.07210000000487[39m
}
Chunk (1, 1) generation metrics: {
  terrainTime: [33m0.9203999999954249[39m,
  biomeTime: [33m117.8208999999988[39m,
  resourceTime: [33m0.06670000000303844[39m,
  structureTime: [33m0.05679999999847496[39m,
  riverTime: [33m0.004399999997986015[39m,
  totalTime: [33m118.8868999999977[39m
}
Loaded 9 chunks in 1400.57ms
World generated with seed: 12345
TerrainEditor initialized

[90mstdout[2m | demo/src/editor/TerrainEditor.test.ts[2m > [22m[2mTerrainEditor[2m > [22m[2mUndo/Redo Stack Management[2m > [22m[2mshould limit undo stack size[22m[39m
DemoApp initialized successfully
Chunk (-1, -1) generation metrics: {
  terrainTime: [33m0.3948999999993248[39m,
  biomeTime: [33m126.62909999999829[39m,
  resourceTime: [33m0.0720999999975902[39m,
  structureTime: [33m0.15789999999833526[39m,
  riverTime: [33m0.09689999999682186[39m,
  totalTime: [33m127.36899999999878[39m
}
Chunk (0, -1) generation metrics: {
  terrainTime: [33m0.681799999998475[39m,
  biomeTime: [33m135.4282000000021[39m,
  resourceTime: [33m0.31710000000020955[39m,
  structureTime: [33m0.06280000000697328[39m,
  riverTime: [33m0.007400000002235174[39m,
  totalTime: [33m136.5190999999977[39m
}
Chunk (1, -1) generation metrics: {
  terrainTime: [33m0.6466999999975087[39m,
  biomeTime: [33m119.28290000000561[39m,
  resourceTime: [33m0.1250999999974738[39m,
  structureTime: [33m0.06139999999868451[39m,
  riverTime: [33m0.033100000000558794[39m,
  totalTime: [33m120.16919999999664[39m
}
Chunk (-1, 0) generation metrics: {
  terrainTime: [33m0.5962999999974272[39m,
  biomeTime: [33m132.4349000000002[39m,
  resourceTime: [33m0.11670000000594882[39m,
  structureTime: [33m0.07360000000335276[39m,
  riverTime: [33m0.09860000000480795[39m,
  totalTime: [33m133.33810000000085[39m
}
Chunk (0, 0) generation metrics: {
  terrainTime: [33m1.1343000000051688[39m,
  biomeTime: [33m146.82920000000013[39m,
  resourceTime: [33m0.13050000000657747[39m,
  structureTime: [33m0.05550000000221189[39m,
  riverTime: [33m0.006900000000314321[39m,
  totalTime: [33m148.17569999999978[39m
}
Chunk (1, 0) generation metrics: {
  terrainTime: [33m0.6163999999989755[39m,
  biomeTime: [33m140.38120000000345[39m,
  resourceTime: [33m0.12709999999788124[39m,
  structureTime: [33m0.0720999999975902[39m,
  riverTime: [33m0.006800000002840534[39m,
  totalTime: [33m141.22449999999662[39m
}
Chunk (-1, 1) generation metrics: {
  terrainTime: [33m0.6180999999996857[39m,
  biomeTime: [33m144.27079999999842[39m,
  resourceTime: [33m0.06970000000001164[39m,
  structureTime: [33m0.05700000000069849[39m,
  riverTime: [33m0.005700000001525041[39m,
  totalTime: [33m145.0381999999954[39m
}
Chunk (0, 1) generation metrics: {
  terrainTime: [33m0.5253000000011525[39m,
  biomeTime: [33m154.8021000000008[39m,
  resourceTime: [33m0.1238999999986845[39m,
  structureTime: [33m0.06060000000434229[39m,
  riverTime: [33m0.006300000000919681[39m,
  totalTime: [33m155.539300000004[39m
}
Chunk (1, 1) generation metrics: {
  terrainTime: [33m0.6068000000013853[39m,
  biomeTime: [33m141.7097999999969[39m,
  resourceTime: [33m0.0717000000004191[39m,
  structureTime: [33m0.051199999994423706[39m,
  riverTime: [33m0.005599999996775296[39m,
  totalTime: [33m142.46059999999852[39m
}
Loaded 9 chunks in 1251.53ms
World generated with seed: 12345
TerrainEditor initialized

 [32mтЬУ[39m tests/property/chunk-manager-modifications.property.test.ts [2m ([22m[2m7 tests[22m[2m)[22m[33m 328[2mms[22m[39m
 [32mтЬУ[39m tests/integration/cross-chunk-rivers.test.ts [2m ([22m[2m11 tests[22m[2m)[22m[90m 210[2mms[22m[39m
[90mstdout[2m | demo/src/ui/PerformanceMonitor.test.ts[2m > [22m[2mPerformanceMonitor[2m > [22m[2mInitialization[2m > [22m[2mshould initialize with container element[22m[39m
PerformanceMonitor initialized
PerformanceMonitor disposed

[90mstdout[2m | demo/src/ui/PerformanceMonitor.test.ts[2m > [22m[2mPerformanceMonitor[2m > [22m[2mInitialization[2m > [22m[2mshould create all metric sections[22m[39m
PerformanceMonitor initialized
PerformanceMonitor disposed

[90mstdout[2m | demo/src/ui/PerformanceMonitor.test.ts[2m > [22m[2mPerformanceMonitor[2m > [22m[2mInitialization[2m > [22m[2mshould create FPS metric[22m[39m
PerformanceMonitor initialized
PerformanceMonitor disposed

[90mstdout[2m | demo/src/ui/PerformanceMonitor.test.ts[2m > [22m[2mPerformanceMonitor[2m > [22m[2mInitialization[2m > [22m[2mshould create generation time metrics[22m[39m
PerformanceMonitor initialized
PerformanceMonitor disposed

[90mstdout[2m | demo/src/ui/PerformanceMonitor.test.ts[2m > [22m[2mPerformanceMonitor[2m > [22m[2mFPS Updates[2m > [22m[2mshould update FPS display[22m[39m
PerformanceMonitor initialized
PerformanceMonitor disposed

[90mstdout[2m | demo/src/ui/PerformanceMonitor.test.ts[2m > [22m[2mPerformanceMonitor[2m > [22m[2mFPS Updates[2m > [22m[2mshould color code FPS based on performance - good[22m[39m
PerformanceMonitor initialized
PerformanceMonitor disposed

[90mstdout[2m | demo/src/ui/PerformanceMonitor.test.ts[2m > [22m[2mPerformanceMonitor[2m > [22m[2mFPS Updates[2m > [22m[2mshould color code FPS based on performance - warning[22m[39m
PerformanceMonitor initialized
PerformanceMonitor disposed

[90mstdout[2m | demo/src/ui/PerformanceMonitor.test.ts[2m > [22m[2mPerformanceMonitor[2m > [22m[2mFPS Updates[2m > [22m[2mshould color code FPS based on performance - error[22m[39m
PerformanceMonitor initialized
PerformanceMonitor disposed

[90mstdout[2m | demo/src/ui/PerformanceMonitor.test.ts[2m > [22m[2mPerformanceMonitor[2m > [22m[2mGeneration Time Updates[2m > [22m[2mshould update average generation time[22m[39m
PerformanceMonitor initialized
PerformanceMonitor disposed

[90mstdout[2m | demo/src/ui/PerformanceMonitor.test.ts[2m > [22m[2mPerformanceMonitor[2m > [22m[2mGeneration Time Updates[2m > [22m[2mshould update stage breakdown[22m[39m
PerformanceMonitor initialized
PerformanceMonitor disposed

[90mstdout[2m | demo/src/ui/PerformanceMonitor.test.ts[2m > [22m[2mPerformanceMonitor[2m > [22m[2mGeneration Time Updates[2m > [22m[2mshould color code generation time - fast[22m[39m
PerformanceMonitor initialized
PerformanceMonitor disposed

[90mstdout[2m | demo/src/ui/PerformanceMonitor.test.ts[2m > [22m[2mPerformanceMonitor[2m > [22m[2mGeneration Time Updates[2m > [22m[2mshould color code generation time - slow[22m[39m
PerformanceMonitor initialized
PerformanceMonitor disposed

[90mstdout[2m | demo/src/ui/PerformanceMonitor.test.ts[2m > [22m[2mPerformanceMonitor[2m > [22m[2mMemory and Cache Updates[2m > [22m[2mshould update memory usage in MB[22m[39m
PerformanceMonitor initialized
PerformanceMonitor disposed

[90mstdout[2m | demo/src/ui/PerformanceMonitor.test.ts[2m > [22m[2mPerformanceMonitor[2m > [22m[2mMemory and Cache Updates[2m > [22m[2mshould update cache hit rate as percentage[22m[39m
PerformanceMonitor initialized
PerformanceMonitor disposed

[90mstdout[2m | demo/src/ui/PerformanceMonitor.test.ts[2m > [22m[2mPerformanceMonitor[2m > [22m[2mMemory and Cache Updates[2m > [22m[2mshould update cache size[22m[39m
PerformanceMonitor initialized
PerformanceMonitor disposed

[90mstdout[2m | demo/src/ui/PerformanceMonitor.test.ts[2m > [22m[2mPerformanceMonitor[2m > [22m[2mMemory and Cache Updates[2m > [22m[2mshould color code cache hit rate - good[22m[39m
PerformanceMonitor initialized
PerformanceMonitor disposed

[90mstdout[2m | demo/src/ui/PerformanceMonitor.test.ts[2m > [22m[2mPerformanceMonitor[2m > [22m[2mMemory and Cache Updates[2m > [22m[2mshould color code cache hit rate - poor[22m[39m
PerformanceMonitor initialized
PerformanceMonitor disposed

[90mstdout[2m | demo/src/ui/PerformanceMonitor.test.ts[2m > [22m[2mPerformanceMonitor[2m > [22m[2mRender Statistics Updates[2m > [22m[2mshould update vertex count with K suffix[22m[39m
PerformanceMonitor initialized
PerformanceMonitor disposed

[90mstdout[2m | demo/src/ui/PerformanceMonitor.test.ts[2m > [22m[2mPerformanceMonitor[2m > [22m[2mRender Statistics Updates[2m > [22m[2mshould update vertex count with M suffix[22m[39m
PerformanceMonitor initialized
PerformanceMonitor disposed

[90mstdout[2m | demo/src/ui/PerformanceMonitor.test.ts[2m > [22m[2mPerformanceMonitor[2m > [22m[2mRender Statistics Updates[2m > [22m[2mshould update draw calls[22m[39m
PerformanceMonitor initialized
PerformanceMonitor disposed

[90mstdout[2m | demo/src/ui/PerformanceMonitor.test.ts[2m > [22m[2mPerformanceMonitor[2m > [22m[2mRender Statistics Updates[2m > [22m[2mshould update loaded chunks count[22m[39m
PerformanceMonitor initialized
PerformanceMonitor disposed

[90mstdout[2m | demo/src/ui/PerformanceMonitor.test.ts[2m > [22m[2mPerformanceMonitor[2m > [22m[2mLOD Statistics Updates[2m > [22m[2mshould update LOD statistics[22m[39m
PerformanceMonitor initialized
PerformanceMonitor disposed

[90mstdout[2m | demo/src/ui/PerformanceMonitor.test.ts[2m > [22m[2mPerformanceMonitor[2m > [22m[2mWorker Pool Statistics Updates[2m > [22m[2mshould update worker pool statistics[22m[39m
PerformanceMonitor initialized
PerformanceMonitor disposed

[90mstdout[2m | demo/src/ui/PerformanceMonitor.test.ts[2m > [22m[2mPerformanceMonitor[2m > [22m[2mIncremental Generation Statistics Updates[2m > [22m[2mshould update incremental generation statistics[22m[39m
PerformanceMonitor initialized
PerformanceMonitor disposed

[90mstdout[2m | demo/src/ui/PerformanceMonitor.test.ts[2m > [22m[2mPerformanceMonitor[2m > [22m[2mVisibility Controls[2m > [22m[2mshould show monitor[22m[39m
PerformanceMonitor initialized
PerformanceMonitor disposed

[90mstdout[2m | demo/src/ui/PerformanceMonitor.test.ts[2m > [22m[2mPerformanceMonitor[2m > [22m[2mVisibility Controls[2m > [22m[2mshould hide monitor[22m[39m
PerformanceMonitor initialized
PerformanceMonitor disposed

[90mstdout[2m | demo/src/ui/PerformanceMonitor.test.ts[2m > [22m[2mPerformanceMonitor[2m > [22m[2mVisibility Controls[2m > [22m[2mshould toggle visibility[22m[39m
PerformanceMonitor initialized
PerformanceMonitor disposed

[90mstdout[2m | demo/src/ui/PerformanceMonitor.test.ts[2m > [22m[2mPerformanceMonitor[2m > [22m[2mCleanup[2m > [22m[2mshould dispose resources[22m[39m
PerformanceMonitor initialized
PerformanceMonitor disposed
PerformanceMonitor disposed

 [32mтЬУ[39m demo/src/ui/PerformanceMonitor.test.ts [2m ([22m[2m28 tests[22m[2m)[22m[90m 48[2mms[22m[39m
 [32mтЬУ[39m demo/src/utils/BrowserCompatibility.test.ts [2m ([22m[2m33 tests[22m [2m|[22m [33m24 skipped[39m[2m)[22m[90m 13[2mms[22m[39m
[90mstdout[2m | demo/src/utils/BrowserCompatibility.test.ts[2m > [22m[2mBrowser Compatibility Tests[2m > [22m[2mshould indicate browser-only test suite[22m[39m
тЪая╕П  Browser compatibility tests are designed to run in actual browsers
   These tests are skipped in Node.js environments
   To test browser compatibility:
   1. Open the demo application in target browsers
   2. Check browser console for any errors
   3. Verify all features work as expected
   4. See demo/BROWSER_COMPATIBILITY.md for testing checklist

[90mstdout[2m | demo/src/utils/BrowserCompatibility.test.ts[2m > [22m[2mBrowser Compatibility Tests[2m > [22m[2mPerformance APIs[2m > [22m[2mshould support performance.memory (Chrome/Edge)[22m[39m
Memory API not available (expected in Firefox/Safari)

[90mstdout[2m | demo/src/utils/BrowserCompatibility.test.ts[2m > [22m[2mBrowser Compatibility Tests[2m > [22m[2mMobile-Specific Features[2m > [22m[2mshould report hardware concurrency[22m[39m
Hardware Concurrency: [33m8[39m

[90mstdout[2m | demo/src/utils/BrowserCompatibility.test.ts[2m > [22m[2mBrowser Compatibility Tests[2m > [22m[2mBrowser-Specific Quirks[2m > [22m[2mshould detect user agent[22m[39m
User Agent: Node.js/22
Browser Detection: {
  isChrome: [33mfalse[39m,
  isFirefox: [33mfalse[39m,
  isSafari: [33mfalse[39m,
  isEdge: [33mfalse[39m,
  isIOS: [33mfalse[39m,
  isAndroid: [33mfalse[39m
}

 [32mтЬУ[39m tests/integration/worker.test.ts [2m ([22m[2m14 tests[22m[2m)[22m[33m 2367[2mms[22m[39m
 [32mтЬУ[39m tests/property/modification-persistence.property.test.ts [2m ([22m[2m1 test[22m[2m)[22m[33m 389[2mms[22m[39m
[90mstderr[2m | tests/property/modification-persistence.property.test.ts[2m > [22m[2mModification Persistence P
roperty Tests[2m > [22m[2mmodifications persist across serialize-deserialize cycle[22m[39m
Invalid structure index 1 in removals for chunk (7, 1)
Invalid structure index 0 in removals for chunk (10, -9)

[90mstdout[2m | demo/src/core/DemoApp.visual-regression.test.ts[2m > [22m[2mVisual Regression Tests[2m > [22m[2mDeterministic Generation - Same Seed Produces Identical Visuals[2m > [22m[2mshould generate identical heightmaps for same seed[22m[39m
DemoApp initialized successfully
Chunk (-1, -1) generation metrics: {
  terrainTime: [33m9.254500000000007[39m,
  biomeTime: [33m133.33629999999994[39m,
  resourceTime: [33m1.0172999999999774[39m,
  structureTime: [33m0.5799999999999272[39m,
  riverTime: [33m0.4770000000003165[39m,
  totalTime: [33m144.82369999999992[39m
}
Chunk (0, -1) generation metrics: {
  terrainTime: [33m0.37760000000025684[39m,
  biomeTime: [33m1749.9139999999998[39m,
  resourceTime: [33m1.9645000000000437[39m,
  structureTime: [33m0.13619999999991705[39m,
  riverTime: [33m0.013800000000628643[39m,
  totalTime: [33m1752.4446000000003[39m
}
Chunk (1, -1) generation metrics: {
  terrainTime: [33m0.5531999999993786[39m,
  biomeTime: [33m134.33640000000014[39m,
  resourceTime: [33m0.17599999999947613[39m,
  structureTime: [33m0.09159999999974389[39m,
  riverTime: [33m0.17579999999998108[39m,
  totalTime: [33m135.4364999999998[39m
}
Chunk (-1, 0) generation metrics: {
  terrainTime: [33m0.503500000000713[39m,
  biomeTime: [33m145.10989999999947[39m,
  resourceTime: [33m0.1081000000003769[39m,
  structureTime: [33m0.1628999999993539[39m,
  riverTime: [33m0.23030000000017026[39m,
  totalTime: [33m146.16280000000006[39m
}
Chunk (0, 0) generation metrics: {
  terrainTime: [33m0.554800000000796[39m,
  biomeTime: [33m117.26000000000022[39m,
  resourceTime: [33m0.11739999999917927[39m,
  structureTime: [33m0.26899999999932334[39m,
  riverTime: [33m0.014099999999416468[39m,
  totalTime: [33m118.25860000000011[39m
}
Chunk (1, 0) generation metrics: {
  terrainTime: [33m0.5776999999998225[39m,
  biomeTime: [33m112.83690000000024[39m,
  resourceTime: [33m1.3742999999994936[39m,
  structureTime: [33m0.23619999999937136[39m,
  riverTime: [33m0.013100000000122236[39m,
  totalTime: [33m115.07899999999972[39m
}
Chunk (-1, 1) generation metrics: {
  terrainTime: [33m0.5163999999995212[39m,
  biomeTime: [33m104.92669999999998[39m,
  resourceTime: [33m0.08020000000033178[39m,
  structureTime: [33m0.17810000000008586[39m,
  riverTime: [33m0.012299999999413558[39m,
  totalTime: [33m105.75630000000001[39m
}
Chunk (0, 1) generation metrics: {
  terrainTime: [33m0.5291999999999462[39m,
  biomeTime: [33m143.0565000000006[39m,
  resourceTime: [33m0.08340000000043801[39m,
  structureTime: [33m0.09959999999955471[39m,
  riverTime: [33m0.012800000000424916[39m,
  totalTime: [33m143.82319999999982[39m
}
Chunk (1, 1) generation metrics: {
  terrainTime: [33m0.47229999999944994[39m,
  biomeTime: [33m124.40450000000055[39m,
  resourceTime: [33m0.08449999999993452[39m,
  structureTime: [33m0.07679999999982101[39m,
  riverTime: [33m0.012200000000120781[39m,
  totalTime: [33m125.09450000000015[39m
}
Loaded 9 chunks in 2791.72ms
World generated with seed: 12345
Chunk (-1, -1) generation metrics: {
  terrainTime: [33m0.4389000000001033[39m,
  biomeTime: [33m111.90559999999914[39m,
  resourceTime: [33m0.08730000000014115[39m,
  structureTime: [33m0.05650000000059663[39m,
  riverTime: [33m0.20750000000043656[39m,
  totalTime: [33m112.76089999999931[39m
}
Chunk (0, -1) generation metrics: {
  terrainTime: [33m0.4261999999998807[39m,
  biomeTime: [33m110.73710000000028[39m,
  resourceTime: [33m0.08399999999983265[39m,
  structureTime: [33m0.09060000000044965[39m,
  riverTime: [33m0.01419999999961874[39m,
  totalTime: [33m111.3725999999997[39m
}
Chunk (1, -1) generation metrics: {
  terrainTime: [33m0.413300000000163[39m,
  biomeTime: [33m105.6235000000006[39m,
  resourceTime: [33m0.08479999999963184[39m,
  structureTime: [33m0.061400000000503496[39m,
  riverTime: [33m0.06060000000070431[39m,
  totalTime: [33m106.26050000000032[39m
}
Chunk (-1, 0) generation metrics: {
  terrainTime: [33m0.4291000000002896[39m,
  biomeTime: [33m1687.7810000000009[39m,
  resourceTime: [33m0.08560000000034051[39m,
  structureTime: [33m0.09720000000015716[39m,
  riverTime: [33m0.2589000000007218[39m,
  totalTime: [33m1688.6745999999994[39m
}
Chunk (0, 0) generation metrics: {
  terrainTime: [33m0.3870999999999185[39m,
  biomeTime: [33m98.05819999999949[39m,
  resourceTime: [33m0.09610000000066066[39m,
  structureTime: [33m0.06229999999959546[39m,
  riverTime: [33m0.012000000000625732[39m,
  totalTime: [33m98.63260000000082[39m
}
Chunk (1, 0) generation metrics: {
  terrainTime: [33m0.39359999999942374[39m,
  biomeTime: [33m110.26759999999922[39m,
  resourceTime: [33m0.08090000000083819[39m,
  structureTime: [33m0.08730000000105065[39m,
  riverTime: [33m0.010900000001129229[39m,
  totalTime: [33m110.86059999999998[39m
}
Chunk (-1, 1) generation metrics: {
  terrainTime: [33m0.37049999999908323[39m,
  biomeTime: [33m116.15899999999965[39m,
  resourceTime: [33m0.08550000000104774[39m,
  structureTime: [33m0.0525999999990745[39m,
  riverTime: [33m0.011099999999714782[39m,
  totalTime: [33m116.69549999999981[39m
}
Chunk (0, 1) generation metrics: {
  terrainTime: [33m0.40649999999914144[39m,
  biomeTime: [33m110.34799999999996[39m,
  resourceTime: [33m0.08870000000024447[39m,
  structureTime: [33m0.0684000000001106[39m,
  riverTime: [33m0.012799999998605927[39m,
  totalTime: [33m110.94259999999849[39m
}
Chunk (1, 1) generation metrics: {
  terrainTime: [33m0.4151000000001659[39m,
  biomeTime: [33m108.8055000000004[39m,
  resourceTime: [33m0.08740000000034343[39m,
  structureTime: [33m0.06120000000009895[39m,
  riverTime: [33m0.01239999999961583[39m,
  totalTime: [33m109.39729999999872[39m
}
Loaded 9 chunks in 2567.66ms
World generated with seed: 12345
DemoApp destroyed

[90mstdout[2m | demo/src/core/DemoApp.visual-regression.test.ts[2m > [22m[2mVisual Regression Tests[2m > [22m[2mDeterministic Generation - Same Seed Produces Identical Visuals[2m > [22m[2mshould generate identical biome maps for same seed[22m[39m
DemoApp initialized successfully
Chunk (-1, -1) generation metrics: {
  terrainTime: [33m0.4230999999999767[39m,
  biomeTime: [33m96.30140000000029[39m,
  resourceTime: [33m0.08520000000135042[39m,
  structureTime: [33m0.0658000000003085[39m,
  riverTime: [33m0.14270000000033178[39m,
  totalTime: [33m97.03659999999945[39m
}
Chunk (0, -1) generation metrics: {
  terrainTime: [33m0.4014999999999418[39m,
  biomeTime: [33m123.75[39m,
  resourceTime: [33m0.08480000000054133[39m,
  structureTime: [33m0.04719999999906577[39m,
  riverTime: [33m0.011400000001231092[39m,
  totalTime: [33m124.30899999999929[39m
}
Chunk (1, -1) generation metrics: {
  terrainTime: [33m0.4147000000011758[39m,
  biomeTime: [33m114.5640999999996[39m,
  resourceTime: [33m0.08569999999963329[39m,
  structureTime: [33m0.06670000000121945[39m,
  riverTime: [33m0.010900000001129229[39m,
  totalTime: [33m115.15999999999985[39m
}
Chunk (-1, 0) generation metrics: {
  terrainTime: [33m0.42699999999967986[39m,
  biomeTime: [33m100.34839999999895[39m,
  resourceTime: [33m0.07899999999972351[39m,
  structureTime: [33m0.1106999999992695[39m,
  riverTime: [33m0.2507000000005064[39m,
  totalTime: [33m101.23339999999916[39m
}
Chunk (0, 0) generation metrics: {
  terrainTime: [33m0.43920000000071013[39m,
  biomeTime: [33m101.00829999999951[39m,
  resourceTime: [33m0.0797999999995227[39m,
  structureTime: [33m0.05340000000069267[39m,
  riverTime: [33m0.010099999999511056[39m,
  totalTime: [33m101.60579999999936[39m
}
Chunk (1, 0) generation metrics: {
  terrainTime: [33m0.44949999999880674[39m,
  biomeTime: [33m105.50580000000082[39m,
  resourceTime: [33m0.0885999999991327[39m,
  structureTime: [33m0.0702000000001135[39m,
  riverTime: [33m0.012199999999211286[39m,
  totalTime: [33m106.14689999999973[39m
}
Chunk (-1, 1) generation metrics: {
  terrainTime: [33m0.42039999999906286[39m,
  biomeTime: [33m395.5061999999998[39m,
  resourceTime: [33m1.5095000000001164[39m,
  structureTime: [33m0.6047999999991589[39m,
  riverTime: [33m0.23589999999967404[39m,
  totalTime: [33m398.40129999999954[39m
}
Chunk (0, 1) generation metrics: {
  terrainTime: [33m7.6864000000005035[39m,
  biomeTime: [33m1373.0417000000016[39m,
  resourceTime: [33m0.09380000000055588[39m,
  structureTime: [33m0.05529999999998836[39m,
  riverTime: [33m0.0239000000001397[39m,
  totalTime: [33m1380.9923[39m
}
Chunk (1, 1) generation metrics: {
  terrainTime: [33m0.4485999999997148[39m,
  biomeTime: [33m122.39160000000084[39m,
  resourceTime: [33m0.08550000000104774[39m,
  structureTime: [33m0.08389999999963038[39m,
  riverTime: [33m0.010900000001129229[39m,
  totalTime: [33m123.03670000000056[39m
}
Loaded 9 chunks in 2550.63ms
World generated with seed: 54321
Chunk (-1, -1) generation metrics: {
  terrainTime: [33m0.7616999999991094[39m,
  biomeTime: [33m105.65020000000004[39m,
  resourceTime: [33m0.0864000000001397[39m,
  structureTime: [33m0.055699999998978456[39m,
  riverTime: [33m0.14530000000013388[39m,
  totalTime: [33m106.71620000000075[39m
}
Chunk (0, -1) generation metrics: {
  terrainTime: [33m0.40459999999984575[39m,
  biomeTime: [33m107.25110000000132[39m,
  resourceTime: [33m0.0819999999985157[39m,
  structureTime: [33m0.05819999999948777[39m,
  riverTime: [33m0.01089999999931024[39m,
  totalTime: [33m107.8237999999983[39m
}
Chunk (1, -1) generation metrics: {
  terrainTime: [33m0.3981000000003405[39m,
  biomeTime: [33m123.65200000000004[39m,
  resourceTime: [33m0.0885999999991327[39m,
  structureTime: [33m0.05709999999999127[39m,
  riverTime: [33m0.011900000001332955[39m,
  totalTime: [33m124.22359999999935[39m
}
Chunk (-1, 0) generation metrics: {
  terrainTime: [33m0.4272000000000844[39m,
  biomeTime: [33m95.82170000000042[39m,
  resourceTime: [33m0.12750000000050932[39m,
  structureTime: [33m0.06810000000041327[39m,
  riverTime: [33m0.1540000000004511[39m,
  totalTime: [33m96.61599999999999[39m
}
Chunk (0, 0) generation metrics: {
  terrainTime: [33m0.4351999999998952[39m,
  biomeTime: [33m126.42870000000039[39m,
  resourceTime: [33m0.08500000000094587[39m,
  structureTime: [33m0.07740000000012515[39m,
  riverTime: [33m0.011599999999816646[39m,
  totalTime: [33m127.0570000000007[39m
}
Chunk (1, 0) generation metrics: {
  terrainTime: [33m0.424300000000585[39m,
  biomeTime: [33m97.89990000000034[39m,
  resourceTime: [33m0.08669999999983702[39m,
  structureTime: [33m0.05739999999968859[39m,
  riverTime: [33m0.012199999999211286[39m,
  totalTime: [33m98.49700000000121[39m
}
Chunk (-1, 1) generation metrics: {
  terrainTime: [33m0.4398000000001048[39m,
  biomeTime: [33m105.19660000000113[39m,
  resourceTime: [33m0.08660000000054424[39m,
  structureTime: [33m0.07459999999991851[39m,
  riverTime: [33m0.014600000000427826[39m,
  totalTime: [33m105.83280000000013[39m
}
Chunk (0, 1) generation metrics: {
  terrainTime: [33m0.6987000000008265[39m,
  biomeTime: [33m103.97240000000056[39m,
  resourceTime: [33m0.08910000000105356[39m,
  structureTime: [33m0.08150000000023283[39m,
  riverTime: [33m0.022100000000136788[39m,
  totalTime: [33m104.88580000000002[39m
}
Chunk (1, 1) generation metrics: {
  terrainTime: [33m0.4426999999996042[39m,
  biomeTime: [33m104.41979999999967[39m,
  resourceTime: [33m0.08759999999892898[39m,
  structureTime: [33m0.09929999999985739[39m,
  riverTime: [33m0.010299999999915599[39m,
  totalTime: [33m105.07699999999932[39m
}
Loaded 9 chunks in 978.14ms
World generated with seed: 54321
DemoApp destroyed

[90mstdout[2m | demo/src/core/DemoApp.visual-regression.test.ts[2m > [22m[2mVisual Regression Tests[2m > [22m[2mDeterministic Generation - Same Seed Produces Identical Visuals[2m > [22m[2mshould generate identical resource distributions for same seed[22m[39m
DemoApp initialized successfully
Chunk (-1, -1) generation metrics: {
  terrainTime: [33m0.4036999999989348[39m,
  biomeTime: [33m110.53210000000036[39m,
  resourceTime: [33m0.08649999999943248[39m,
  structureTime: [33m0.08140000000094005[39m,
  riverTime: [33m0.010500000000320142[39m,
  totalTime: [33m111.13299999999981[39m
}
Chunk (0, -1) generation metrics: {
  terrainTime: [33m0.42259999999987485[39m,
  biomeTime: [33m240.17019999999866[39m,
  resourceTime: [33m3.7850999999991473[39m,
  structureTime: [33m1.4122999999999593[39m,
  riverTime: [33m3.820400000000518[39m,
  totalTime: [33m249.78670000000056[39m
}
Chunk (1, -1) generation metrics: {
  terrainTime: [33m7.7343999999993684[39m,
  biomeTime: [33m1464.1111[39m,
  resourceTime: [33m0.07639999999992142[39m,
  structureTime: [33m0.06850000000122236[39m,
  riverTime: [33m0.15469999999913853[39m,
  totalTime: [33m1472.2212999999992[39m
}
Chunk (-1, 0) generation metrics: {
  terrainTime: [33m2.041400000000067[39m,
  biomeTime: [33m97.40350000000035[39m,
  resourceTime: [33m0.08439999999973224[39m,
  structureTime: [33m0.08110000000124273[39m,
  riverTime: [33m0.00999999999839929[39m,
  totalTime: [33m99.63849999999911[39m
}
Chunk (0, 0) generation metrics: {
  terrainTime: [33m0.4070000000010623[39m,
  biomeTime: [33m92.36589999999887[39m,
  resourceTime: [33m0.08259999999972933[39m,
  structureTime: [33m0.05409999999938009[39m,
  riverTime: [33m0.4124999999985448[39m,
  totalTime: [33m93.33790000000045[39m
}
Chunk (1, 0) generation metrics: {
  terrainTime: [33m0.41709999999875436[39m,
  biomeTime: [33m100.8244999999988[39m,
  resourceTime: [33m0.04680000000007567[39m,
  structureTime: [33m0.0488999999997759[39m,
  riverTime: [33m0.2878999999993539[39m,
  totalTime: [33m101.88730000000032[39m
}
Chunk (-1, 1) generation metrics: {
  terrainTime: [33m0.3945000000003347[39m,
  biomeTime: [33m89.59140000000116[39m,
  resourceTime: [33m0.08549999999922875[39m,
  structureTime: [33m0.06369999999878928[39m,
  riverTime: [33m0.010399999999208376[39m,
  totalTime: [33m90.16129999999976[39m
}
Chunk (0, 1) generation metrics: {
  terrainTime: [33m0.45279999999911524[39m,
  biomeTime: [33m108.20449999999983[39m,
  resourceTime: [33m0.08170000000063737[39m,
  structureTime: [33m0.05730000000039581[39m,
  riverTime: [33m0.011000000000422006[39m,
  totalTime: [33m108.85109999999986[39m
}
Chunk (1, 1) generation metrics: {
  terrainTime: [33m0.4138999999995576[39m,
  biomeTime: [33m108.990600000001[39m,
  resourceTime: [33m0.08740000000034343[39m,
  structureTime: [33m0.06370000000060827[39m,
  riverTime: [33m0.018200000000433647[39m,
  totalTime: [33m109.59000000000015[39m
}
Loaded 9 chunks in 2439.24ms
World generated with seed: 77777
Chunk (-1, -1) generation metrics: {
  terrainTime: [33m0.4539999999997235[39m,
  biomeTime: [33m90.95349999999962[39m,
  resourceTime: [33m0.08300000000053842[39m,
  structureTime: [33m0.0698999999985972[39m,
  riverTime: [33m0.009700000000520959[39m,
  totalTime: [33m91.58519999999953[39m
}
Chunk (0, -1) generation metrics: {
  terrainTime: [33m0.4171999999998661[39m,
  biomeTime: [33m112.65600000000086[39m,
  resourceTime: [33m0.0834999999988213[39m,
  structureTime: [33m0.05700000000069849[39m,
  riverTime: [33m0.07790000000022701[39m,
  totalTime: [33m113.30749999999898[39m
}
Chunk (1, -1) generation metrics: {
  terrainTime: [33m0.4187000000001717[39m,
  biomeTime: [33m98.58220000000074[39m,
  resourceTime: [33m0.09500000000116415[39m,
  structureTime: [33m0.05999999999949068[39m,
  riverTime: [33m0.5952999999990425[39m,
  totalTime: [33m99.76699999999983[39m
}
Chunk (-1, 0) generation metrics: {
  terrainTime: [33m0.42819999999846914[39m,
  biomeTime: [33m92.17560000000049[39m,
  resourceTime: [33m0.08370000000104483[39m,
  structureTime: [33m0.08519999999953143[39m,
  riverTime: [33m0.010600000001431908[39m,
  totalTime: [33m92.80160000000069[39m
}
Chunk (0, 0) generation metrics: {
  terrainTime: [33m0.41560000000026776[39m,
  biomeTime: [33m97.97490000000107[39m,
  resourceTime: [33m0.0907999999999447[39m,
  structureTime: [33m0.05260000000089349[39m,
  riverTime: [33m0.3304000000007363[39m,
  totalTime: [33m98.87910000000011[39m
}
Chunk (1, 0) generation metrics: {
  terrainTime: [33m0.4830000000001746[39m,
  biomeTime: [33m93.96930000000066[39m,
  resourceTime: [33m0.08630000000084692[39m,
  structureTime: [33m0.06749999999919964[39m,
  riverTime: [33m0.19720000000052096[39m,
  totalTime: [33m94.81940000000031[39m
}
Chunk (-1, 1) generation metrics: {
  terrainTime: [33m0.48370000000068103[39m,
  biomeTime: [33m106.71119999999974[39m,
  resourceTime: [33m0.04860000000007858[39m,
  structureTime: [33m0.050300000000788714[39m,
  riverTime: [33m0.008400000000619912[39m,
  totalTime: [33m107.3161[39m
}
Chunk (0, 1) generation metrics: {
  terrainTime: [33m0.279500000000553[39m,
  biomeTime: [33m93.78009999999995[39m,
  resourceTime: [33m0.0941000000002532[39m,
  structureTime: [33m0.062099999999190914[39m,
  riverTime: [33m0.012800000000424916[39m,
  totalTime: [33m94.24289999999928[39m
}
Chunk (1, 1) generation metrics: {
  terrainTime: [33m0.6015000000006694[39m,
  biomeTime: [33m106.51100000000042[39m,
  resourceTime: [33m0.0852999999988242[39m,
  structureTime: [33m0.07890000000043074[39m,
  riverTime: [33m0.0169000000005326[39m,
  totalTime: [33m107.31680000000051[39m
}
Loaded 9 chunks in 901.49ms
World generated with seed: 77777
DemoApp destroyed

[90mstdout[2m | demo/src/core/DemoApp.visual-regression.test.ts[2m > [22m[2mVisual Regression Tests[2m > [22m[2mBiome Color Specifications[2m > [22m[2mshould have correct color values for all biome types[22m[39m
DemoApp destroyed

[90mstdout[2m | demo/src/core/DemoApp.visual-regression.test.ts[2m > [22m[2mVisual Regression Tests[2m > [22m[2mBiome Color Specifications[2m > [22m[2mshould match expected color specifications for key biomes[22m[39m
DemoApp destroyed

[90mstdout[2m | demo/src/core/DemoApp.visual-regression.test.ts[2m > [22m[2mVisual Regression Tests[2m > [22m[2mBiome Color Specifications[2m > [22m[2mshould apply biome colors consistently across chunks[22m[39m
DemoApp initialized successfully
Chunk (-1, -1) generation metrics: {
  terrainTime: [33m0.42070000000057917[39m,
  biomeTime: [33m104.96550000000025[39m,
  resourceTime: [33m0.0878999999986263[39m,
  structureTime: [33m0.06739999999990687[39m,
  riverTime: [33m0.09569999999985157[39m,
  totalTime: [33m105.65580000000045[39m
}
Chunk (0, -1) generation metrics: {
  terrainTime: [33m0.4398000000001048[39m,
  biomeTime: [33m103.77790000000095[39m,
  resourceTime: [33m0.08819999999832362[39m,
  structureTime: [33m0.06900000000314321[39m,
  riverTime: [33m0.010999999998603016[39m,
  totalTime: [33m104.40439999999944[39m
}
Chunk (1, -1) generation metrics: {
  terrainTime: [33m0.42220000000088476[39m,
  biomeTime: [33m190.51710000000094[39m,
  resourceTime: [33m0.04559999999764841[39m,
  structureTime: [33m0.04839999999967404[39m,
  riverTime: [33m0.021999999997206032[39m,
  totalTime: [33m191.06820000000153[39m
}
Chunk (-1, 0) generation metrics: {
  terrainTime: [33m0.3407000000006519[39m,
  biomeTime: [33m99.09400000000096[39m,
  resourceTime: [33m0.08580000000074506[39m,
  structureTime: [33m0.10000000000218279[39m,
  riverTime: [33m0.08889999999883003[39m,
  totalTime: [33m99.72960000000239[39m
}
Chunk (0, 0) generation metrics: {
  terrainTime: [33m0.41990000000078[39m,
  biomeTime: [33m97.63330000000133[39m,
  resourceTime: [33m0.11559999999735737[39m,
  structureTime: [33m0.05929999999716529[39m,
  riverTime: [33m0.012899999997898703[39m,
  totalTime: [33m98.25870000000214[39m
}
Chunk (1, 0) generation metrics: {
  terrainTime: [33m0.4422999999987951[39m,
  biomeTime: [33m110.68099999999686[39m,
  resourceTime: [33m0.09209999999802676[39m,
  structureTime: [33m0.08539999999993597[39m,
  riverTime: [33m0.011899999997694977[39m,
  totalTime: [33m111.33230000000185[39m
}
Chunk (-1, 1) generation metrics: {
  terrainTime: [33m0.45239999999830616[39m,
  biomeTime: [33m103.79320000000007[39m,
  resourceTime: [33m0.08150000000023283[39m,
  structureTime: [33m0.0544000000008964[39m,
  riverTime: [33m0.010600000001431908[39m,
  totalTime: [33m104.4380999999994[39m
}
Chunk (0, 1) generation metrics: {
  terrainTime: [33m0.4224999999969441[39m,
  biomeTime: [33m112.90629999999874[39m,
  resourceTime: [33m3.4566999999988184[39m,
  structureTime: [33m0.06629999999859137[39m,
  riverTime: [33m0.012800000000424916[39m,
  totalTime: [33m116.88680000000022[39m
}
Chunk (1, 1) generation metrics: {
  terrainTime: [33m0.448500000002241[39m,
  biomeTime: [33m112.09419999999955[39m,
  resourceTime: [33m0.07440000000133296[39m,
  structureTime: [33m0.07169999999678112[39m,
  riverTime: [33m0.010800000000017462[39m,
  totalTime: [33m112.71869999999763[39m
}
Loaded 9 chunks in 1045.91ms
World generated with seed: 12345
DemoApp destroyed

[90mstdout[2m | demo/src/core/DemoApp.visual-regression.test.ts[2m > [22m[2mVisual Regression Tests[2m > [22m[2mBiome Color Specifications[2m > [22m[2mshould maintain biome color consistency after regeneration[22m[39m
DemoApp initialized successfully
Chunk (-1, -1) generation metrics: {
  terrainTime: [33m8.452499999999418[39m,
  biomeTime: [33m357.6443999999974[39m,
  resourceTime: [33m0.08599999999933061[39m,
  structureTime: [33m0.07739999999830616[39m,
  riverTime: [33m0.14020000000164146[39m,
  totalTime: [33m366.4916000000012[39m
}
Chunk (0, -1) generation metrics: {
  terrainTime: [33m0.3999999999978172[39m,
  biomeTime: [33m103.27379999999903[39m,
  resourceTime: [33m0.08660000000236323[39m,
  structureTime: [33m0.07359999999971478[39m,
  riverTime: [33m0.012000000002444722[39m,
  totalTime: [33m103.86899999999878[39m
}
Chunk (1, -1) generation metrics: {
  terrainTime: [33m0.43140000000130385[39m,
  biomeTime: [33m102.91799999999785[39m,
  resourceTime: [33m0.08450000000084401[39m,
  structureTime: [33m0.059999999997671694[39m,
  riverTime: [33m0.03329999999914435[39m,
  totalTime: [33m103.54230000000098[39m
}
Chunk (-1, 0) generation metrics: {
  terrainTime: [33m0.4143000000003667[39m,
  biomeTime: [33m111.6330999999991[39m,
  resourceTime: [33m0.08599999999933061[39m,
  structureTime: [33m0.10859999999956926[39m,
  riverTime: [33m0.0897000000004482[39m,
  totalTime: [33m112.34950000000026[39m
}
Chunk (0, 0) generation metrics: {
  terrainTime: [33m0.4287999999978638[39m,
  biomeTime: [33m109.08569999999963[39m,
  resourceTime: [33m0.082300000001851[39m,
  structureTime: [33m0.07200000000011642[39m,
  riverTime: [33m0.01420000000143773[39m,
  totalTime: [33m109.70179999999891[39m
}
Chunk (1, 0) generation metrics: {
  terrainTime: [33m0.4076999999997497[39m,
  biomeTime: [33m101.93500000000131[39m,
  resourceTime: [33m0.08450000000084401[39m,
  structureTime: [33m0.073500000002241[39m,
  riverTime: [33m0.010099999999511056[39m,
  totalTime: [33m102.52739999999903[39m
}
Chunk (-1, 1) generation metrics: {
  terrainTime: [33m0.4144000000014785[39m,
  biomeTime: [33m123.18369999999777[39m,
  resourceTime: [33m0.10299999999915599[39m,
  structureTime: [33m0.06519999999727588[39m,
  riverTime: [33m0.01269999999931315[39m,
  totalTime: [33m123.79820000000109[39m
}
Chunk (0, 1) generation metrics: {
  terrainTime: [33m0.4949000000015076[39m,
  biomeTime: [33m140.62119999999777[39m,
  resourceTime: [33m0.11820000000079744[39m,
  structureTime: [33m0.09219999999913853[39m,
  riverTime: [33m0.01720000000204891[39m,
  totalTime: [33m141.3650000000016[39m
}
Chunk (1, 1) generation metrics: {
  terrainTime: [33m0.551500000001397[39m,
  biomeTime: [33m166.41639999999825[39m,
  resourceTime: [33m0.12199999999938882[39m,
  structureTime: [33m0.08030000000144355[39m,
  riverTime: [33m0.015299999999115244[39m,
  totalTime: [33m167.20809999999983[39m
}
Loaded 9 chunks in 1332.38ms
World generated with seed: 12345
Chunk (-1, -1) generation metrics: {
  terrainTime: [33m0.7317999999977474[39m,
  biomeTime: [33m204.37450000000172[39m,
  resourceTime: [33m0.15390000000115833[39m,
  structureTime: [33m0.07690000000002328[39m,
  riverTime: [33m0.1584000000002561[39m,
  totalTime: [33m205.5197999999982[39m
}
Chunk (0, -1) generation metrics: {
  terrainTime: [33m1.4593999999997322[39m,
  biomeTime: [33m208.3729999999996[39m,
  resourceTime: [33m0.14719999999942956[39m,
  structureTime: [33m0.08659999999872525[39m,
  riverTime: [33m0.016199999998207204[39m,
  totalTime: [33m210.10789999999906[39m
}
Chunk (1, -1) generation metrics: {
  terrainTime: [33m0.6879000000008091[39m,
  biomeTime: [33m189.42919999999867[39m,
  resourceTime: [33m0.12379999999757274[39m,
  structureTime: [33m0.07089999999880092[39m,
  riverTime: [33m0.05159999999887077[39m,
  totalTime: [33m190.38570000000254[39m
}
Chunk (-1, 0) generation metrics: {
  terrainTime: [33m0.6981000000014319[39m,
  biomeTime: [33m179.67540000000008[39m,
  resourceTime: [33m0.12419999999838183[39m,
  structureTime: [33m0.11299999999755528[39m,
  riverTime: [33m0.12920000000303844[39m,
  totalTime: [33m180.76110000000335[39m
}
Chunk (0, 0) generation metrics: {
  terrainTime: [33m0.6378999999978987[39m,
  biomeTime: [33m177.820499999998[39m,
  resourceTime: [33m0.1283999999977823[39m,
  structureTime: [33m0.43250000000261934[39m,
  riverTime: [33m0.017399999996996485[39m,
  totalTime: [33m179.0573000000004[39m
}
Chunk (1, 0) generation metrics: {
  terrainTime: [33m1.3709000000017113[39m,
  biomeTime: [33m216.58439999999973[39m,
  resourceTime: [33m0.13589999999749125[39m,
  structureTime: [33m0.12220000000161235[39m,
  riverTime: [33m0.02170000000114669[39m,
  totalTime: [33m218.2603999999992[39m
}
Chunk (-1, 1) generation metrics: {
  terrainTime: [33m0.71389999999883[39m,
  biomeTime: [33m172.8669000000009[39m,
  resourceTime: [33m0.13379999999961[39m,
  structureTime: [33m0.0676000000021304[39m,
  riverTime: [33m0.016200000001845183[39m,
  totalTime: [33m173.8199999999997[39m
}
Chunk (0, 1) generation metrics: {
  terrainTime: [33m0.6286000000000058[39m,
  biomeTime: [33m184.40429999999833[39m,
  resourceTime: [33m0.12559999999939464[39m,
  structureTime: [33m0.07310000000143191[39m,
  riverTime: [33m0.013399999999819556[39m,
  totalTime: [33m185.2655999999988[39m
}
Chunk (1, 1) generation metrics: {
  terrainTime: [33m0.6100999999980559[39m,
  biomeTime: [33m162.58740000000034[39m,
  resourceTime: [33m0.12179999999716529[39m,
  structureTime: [33m0.05979999999908614[39m,
  riverTime: [33m0.017700000000331784[39m,
  totalTime: [33m163.41549999999916[39m
}
Loaded 9 chunks in 1708.52ms
World generated with seed: 12345
DemoApp destroyed

[90mstdout[2m | demo/src/core/DemoApp.visual-regression.test.ts[2m > [22m[2mVisual Regression Tests[2m > [22m[2mRiver Overlay Rendering[2m > [22m[2mshould have valid river path data for rendering[22m[39m
DemoApp initialized successfully
Chunk (-1, -1) generation metrics: {
  terrainTime: [33m0.6296000000002095[39m,
  biomeTime: [33m162.7567999999992[39m,
  resourceTime: [33m0.11560000000099535[39m,
  structureTime: [33m0.07440000000133296[39m,
  riverTime: [33m0.17789999999877182[39m,
  totalTime: [33m163.77590000000055[39m
}
Chunk (0, -1) generation metrics: {
  terrainTime: [33m0.7491999999983818[39m,
  biomeTime: [33m190.71990000000005[39m,
  resourceTime: [33m0.15120000000024447[39m,
  structureTime: [33m0.07670000000143773[39m,
  riverTime: [33m0.007900000000518048[39m,
  totalTime: [33m191.7603999999992[39m
}
Chunk (1, -1) generation metrics: {
  terrainTime: [33m0.7537000000011176[39m,
  biomeTime: [33m168.0015999999996[39m,
  resourceTime: [33m0.13479999999981374[39m,
  structureTime: [33m0.07749999999941792[39m,
  riverTime: [33m0.04620000000068103[39m,
  totalTime: [33m169.03570000000036[39m
}
Chunk (-1, 0) generation metrics: {
  terrainTime: [33m0.6554999999971187[39m,
  biomeTime: [33m150.43800000000192[39m,
  resourceTime: [33m0.11530000000129803[39m,
  structureTime: [33m0.11140000000159489[39m,
  riverTime: [33m0.1499999999978172[39m,
  totalTime: [33m151.49059999999736[39m
}
Chunk (0, 0) generation metrics: {
  terrainTime: [33m0.6286000000000058[39m,
  biomeTime: [33m141.75820000000022[39m,
  resourceTime: [33m0.1143000000010943[39m,
  structureTime: [33m0.07349999999860302[39m,
  riverTime: [33m0.006300000000919681[39m,
  totalTime: [33m142.60299999999916[39m
}
Chunk (1, 0) generation metrics: {
  terrainTime: [33m0.5864000000001397[39m,
  biomeTime: [33m144.32170000000042[39m,
  resourceTime: [33m0.11979999999675783[39m,
  structureTime: [33m0.1025999999983469[39m,
  riverTime: [33m0.005799999998998828[39m,
  totalTime: [33m145.15869999999995[39m
}
Chunk (-1, 1) generation metrics: {
  terrainTime: [33m0.6156999999984691[39m,
  biomeTime: [33m158.8924999999981[39m,
  resourceTime: [33m0.15190000000075088[39m,
  structureTime: [33m0.07370000000082655[39m,
  riverTime: [33m0.006900000000314321[39m,
  totalTime: [33m159.7612999999983[39m
}
Chunk (0, 1) generation metrics: {
  terrainTime: [33m0.6236000000026252[39m,
  biomeTime: [33m148.70969999999943[39m,
  resourceTime: [33m0.12590000000272994[39m,
  structureTime: [33m0.07710000000224682[39m,
  riverTime: [33m0.006099999998696148[39m,
  totalTime: [33m149.56280000000334[39m
}
Chunk (1, 1) generation metrics: {
  terrainTime: [33m0.6339999999981956[39m,
  biomeTime: [33m156.35529999999926[39m,
  resourceTime: [33m0.13030000000071595[39m,
  structureTime: [33m0.07890000000043074[39m,
  riverTime: [33m0.006199999999807915[39m,
  totalTime: [33m157.22560000000158[39m
}
Loaded 9 chunks in 1432.04ms
World generated with seed: 12345
DemoApp destroyed

[90mstdout[2m | demo/src/core/DemoApp.visual-regression.test.ts[2m > [22m[2mVisual Regression Tests[2m > [22m[2mRiver Overlay Rendering[2m > [22m[2mshould maintain river overlay data consistency[22m[39m
DemoApp initialized successfully
Chunk (-1, -1) generation metrics: {
  terrainTime: [33m0.6147999999993772[39m,
  biomeTime: [33m158.5854999999974[39m,
  resourceTime: [33m0.1290000000008149[39m,
  structureTime: [33m0.08450000000084401[39m,
  riverTime: [33m0.12970000000132131[39m,
  totalTime: [33m159.56590000000142[39m
}
Chunk (0, -1) generation metrics: {
  terrainTime: [33m0.630700000001525[39m,
  biomeTime: [33m152.00399999999718[39m,
  resourceTime: [33m0.1676000000006752[39m,
  structureTime: [33m0.09360000000015134[39m,
  riverTime: [33m0.008400000002438901[39m,
  totalTime: [33m152.9347000000016[39m
}
Chunk (1, -1) generation metrics: {
  terrainTime: [33m0.7956999999987602[39m,
  biomeTime: [33m186.82849999999962[39m,
  resourceTime: [33m0.14020000000164146[39m,
  structureTime: [33m0.10150000000066939[39m,
  riverTime: [33m0.05200000000331784[39m,
  totalTime: [33m187.94510000000082[39m
}
Chunk (-1, 0) generation metrics: {
  terrainTime: [33m0.7135000000016589[39m,
  biomeTime: [33m148.59860000000117[39m,
  resourceTime: [33m0.13369999999849824[39m,
  structureTime: [33m0.1408000000010361[39m,
  riverTime: [33m0.20209999999860884[39m,
  totalTime: [33m149.81559999999808[39m
}
Chunk (0, 0) generation metrics: {
  terrainTime: [33m0.671200000000681[39m,
  biomeTime: [33m137.53499999999985[39m,
  resourceTime: [33m0.11530000000129803[39m,
  structureTime: [33m0.07650000000285218[39m,
  riverTime: [33m0.006000000001222361[39m,
  totalTime: [33m138.4265000000014[39m
}
Chunk (1, 0) generation metrics: {
  terrainTime: [33m0.5584999999991851[39m,
  biomeTime: [33m149.16939999999886[39m,
  resourceTime: [33m0.11209999999846332[39m,
  structureTime: [33m0.10449999999764259[39m,
  riverTime: [33m0.005300000000715954[39m,
  totalTime: [33m149.96949999999924[39m
}
Chunk (-1, 1) generation metrics: {
  terrainTime: [33m0.5717000000004191[39m,
  biomeTime: [33m140.1306000000004[39m,
  resourceTime: [33m0.12259999999878346[39m,
  structureTime: [33m0.08719999999811989[39m,
  riverTime: [33m0.006600000000617001[39m,
  totalTime: [33m140.94019999999728[39m
}
Chunk (0, 1) generation metrics: {
  terrainTime: [33m0.6277999999983876[39m,
  biomeTime: [33m134.42819999999847[39m,
  resourceTime: [33m0.12910000000192667[39m,
  structureTime: [33m0.09089999999923748[39m,
  riverTime: [33m0.0072000000000116415[39m,
  totalTime: [33m135.3097999999991[39m
}
Chunk (1, 1) generation metrics: {
  terrainTime: [33m0.6195000000006985[39m,
  biomeTime: [33m159.21510000000126[39m,
  resourceTime: [33m0.1257999999979802[39m,
  structureTime: [33m0.08770000000004075[39m,
  riverTime: [33m0.007099999998899875[39m,
  totalTime: [33m160.12300000000323[39m
}
Loaded 9 chunks in 1378.17ms
World generated with seed: 12345
Chunk (-1, -1) generation metrics: {
  terrainTime: [33m0.6233000000029278[39m,
  biomeTime: [33m150.21649999999863[39m,
  resourceTime: [33m0.11109999999825959[39m,
  structureTime: [33m0.0779999999977008[39m,
  riverTime: [33m0.12129999999888241[39m,
  totalTime: [33m151.17150000000038[39m
}
Chunk (0, -1) generation metrics: {
  terrainTime: [33m0.6140999999988708[39m,
  biomeTime: [33m124.66869999999835[39m,
  resourceTime: [33m0.12960000000020955[39m,
  structureTime: [33m0.12700000000040745[39m,
  riverTime: [33m0.006600000000617001[39m,
  totalTime: [33m125.57130000000325[39m
}
Chunk (1, -1) generation metrics: {
  terrainTime: [33m0.6242999999994936[39m,
  biomeTime: [33m149.60169999999925[39m,
  resourceTime: [33m0.15729999999894062[39m,
  structureTime: [33m0.09850000000005821[39m,
  riverTime: [33m0.04829999999856227[39m,
  totalTime: [33m150.5528000000013[39m
}
Chunk (-1, 0) generation metrics: {
  terrainTime: [33m0.7618000000002212[39m,
  biomeTime: [33m154.08039999999892[39m,
  resourceTime: [33m0.13209999999889988[39m,
  structureTime: [33m0.11400000000139698[39m,
  riverTime: [33m0.12519999999858555[39m,
  totalTime: [33m155.2338000000018[39m
}
Chunk (0, 0) generation metrics: {
  terrainTime: [33m0.6287000000011176[39m,
  biomeTime: [33m163.3892999999989[39m,
  resourceTime: [33m0.13279999999940628[39m,
  structureTime: [33m0.07690000000002328[39m,
  riverTime: [33m0.0067000000017287675[39m,
  totalTime: [33m164.2572[39m
}
Chunk (1, 0) generation metrics: {
  terrainTime: [33m0.6260000000002037[39m,
  biomeTime: [33m147.89750000000276[39m,
  resourceTime: [33m0.12600000000020373[39m,
  structureTime: [33m0.1077000000004773[39m,
  riverTime: [33m0.006400000002031447[39m,
  totalTime: [33m148.78349999999773[39m
}
Chunk (-1, 1) generation metrics: {
  terrainTime: [33m0.632499999999709[39m,
  biomeTime: [33m154.82790000000023[39m,
  resourceTime: [33m0.08539999999993597[39m,
  structureTime: [33m0.0540999999975611[39m,
  riverTime: [33m0.004799999998795101[39m,
  totalTime: [33m155.6199000000015[39m
}
Chunk (0, 1) generation metrics: {
  terrainTime: [33m0.6199000000015076[39m,
  biomeTime: [33m166.54160000000047[39m,
  resourceTime: [33m0.13130000000091968[39m,
  structureTime: [33m0.04680000000007567[39m,
  riverTime: [33m0.006100000002334127[39m,
  totalTime: [33m167.3788999999997[39m
}
Chunk (1, 1) generation metrics: {
  terrainTime: [33m0.6154999999998836[39m,
  biomeTime: [33m157.310300000001[39m,
  resourceTime: [33m0.12889999999970314[39m,
  structureTime: [33m0.07549999999901047[39m,
  riverTime: [33m0.0059000000001105946[39m,
  totalTime: [33m158.15599999999904[39m
}
Loaded 9 chunks in 1378.38ms
World generated with seed: 12345
DemoApp destroyed

[90mstdout[2m | demo/src/core/DemoApp.visual-regression.test.ts[2m > [22m[2mVisual Regression Tests[2m > [22m[2mRiver Overlay Rendering[2m > [22m[2mshould have valid height data for river rendering[22m[39m
DemoApp initialized successfully
Chunk (-1, -1) generation metrics: {
  terrainTime: [33m0.6323999999985972[39m,
  biomeTime: [33m150.66419999999925[39m,
  resourceTime: [33m0.12889999999970314[39m,
  structureTime: [33m0.08039999999891734[39m,
  riverTime: [33m0.1279999999969732[39m,
  totalTime: [33m151.65569999999934[39m
}
Chunk (0, -1) generation metrics: {
  terrainTime: [33m0.6254000000008091[39m,
  biomeTime: [33m143.98240000000078[39m,
  resourceTime: [33m0.13850000000093132[39m,
  structureTime: [33m0.07309999999779393[39m,
  riverTime: [33m0.006999999997788109[39m,
  totalTime: [33m144.85180000000037[39m
}
Chunk (1, -1) generation metrics: {
  terrainTime: [33m0.5767999999989115[39m,
  biomeTime: [33m167.02089999999953[39m,
  resourceTime: [33m0.12860000000000582[39m,
  structureTime: [33m0.08090000000083819[39m,
  riverTime: [33m0.04249999999956344[39m,
  totalTime: [33m167.8712000000014[39m
}
Chunk (-1, 0) generation metrics: {
  terrainTime: [33m0.6607000000003609[39m,
  biomeTime: [33m169.85210000000006[39m,
  resourceTime: [33m0.13339999999880092[39m,
  structureTime: [33m0.10859999999956926[39m,
  riverTime: [33m0.20249999999941792[39m,
  totalTime: [33m170.97669999999925[39m
}
Chunk (0, 0) generation metrics: {
  terrainTime: [33m0.6922000000013213[39m,
  biomeTime: [33m148.93700000000172[39m,
  resourceTime: [33m0.12710000000151922[39m,
  structureTime: [33m0.08009999999922002[39m,
  riverTime: [33m0.0067000000017287675[39m,
  totalTime: [33m149.8662000000004[39m
}
Chunk (1, 0) generation metrics: {
  terrainTime: [33m0.6259000000027299[39m,
  biomeTime: [33m161.3086000000003[39m,
  resourceTime: [33m0.12960000000020955[39m,
  structureTime: [33m0.10019999999713036[39m,
  riverTime: [33m0.0063999999983934686[39m,
  totalTime: [33m162.19190000000162[39m
}
Chunk (-1, 1) generation metrics: {
  terrainTime: [33m0.6373999999996158[39m,
  biomeTime: [33m152.02140000000145[39m,
  resourceTime: [33m0.1190999999998894[39m,
  structureTime: [33m0.07930000000123982[39m,
  riverTime: [33m0.008099999999103602[39m,
  totalTime: [33m152.8856999999989[39m
}
Chunk (0, 1) generation metrics: {
  terrainTime: [33m0.6188000000001921[39m,
  biomeTime: [33m154.22060000000056[39m,
  resourceTime: [33m0.13179999999920256[39m,
  structureTime: [33m0.07219999999870197[39m,
  riverTime: [33m0.007300000001123408[39m,
  totalTime: [33m155.071899999999[39m
}
Chunk (1, 1) generation metrics: {
  terrainTime: [33m0.65139999999883[39m,
  biomeTime: [33m171.67380000000048[39m,
  resourceTime: [33m0.12269999999989523[39m,
  structureTime: [33m0.07910000000265427[39m,
  riverTime: [33m0.006199999999807915[39m,
  totalTime: [33m172.55839999999807[39m
}
Loaded 9 chunks in 1429.61ms
World generated with seed: 12345
DemoApp destroyed

[90mstdout[2m | demo/src/core/DemoApp.visual-regression.test.ts[2m > [22m[2mVisual Regression Tests[2m > [22m[2mUI Layout at Different Screen Sizes[2m > [22m[2mshould handle mobile screen size (320x568)[22m[39m
DemoApp destroyed

[90mstdout[2m | demo/src/core/DemoApp.visual-regression.test.ts[2m > [22m[2mVisual Regression Tests[2m > [22m[2mUI Layout at Different Screen Sizes[2m > [22m[2mshould handle tablet screen size (768x1024)[22m[39m
DemoApp destroyed

[90mstdout[2m | demo/src/core/DemoApp.visual-regression.test.ts[2m > [22m[2mVisual Regression Tests[2m > [22m[2mUI Layout at Different Screen Sizes[2m > [22m[2mshould handle desktop screen size (1920x1080)[22m[39m
DemoApp destroyed

[90mstdout[2m | demo/src/core/DemoApp.visual-regression.test.ts[2m > [22m[2mVisual Regression Tests[2m > [22m[2mUI Layout at Different Screen Sizes[2m > [22m[2mshould handle ultra-wide screen size (2560x1080)[22m[39m
DemoApp destroyed

[90mstdout[2m | demo/src/core/DemoApp.visual-regression.test.ts[2m > [22m[2mVisual Regression Tests[2m > [22m[2mUI Layout at Different Screen Sizes[2m > [22m[2mshould calculate correct viewport dimensions[22m[39m
DemoApp destroyed

[90mstdout[2m | demo/src/core/DemoApp.visual-regression.test.ts[2m > [22m[2mVisual Regression Tests[2m > [22m[2mFeature Toggle Visual Effects[2m > [22m[2mshould toggle terrain visibility[22m[39m
DemoApp initialized successfully
Chunk (-1, -1) generation metrics: {
  terrainTime: [33m0.6218000000008033[39m,
  biomeTime: [33m140.38910000000033[39m,
  resourceTime: [33m0.12419999999838183[39m,
  structureTime: [33m0.07920000000012806[39m,
  riverTime: [33m0.10410000000047148[39m,
  totalTime: [33m141.33949999999822[39m
}
Chunk (0, -1) generation metrics: {
  terrainTime: [33m0.6355000000003201[39m,
  biomeTime: [33m147.2560999999987[39m,
  resourceTime: [33m0.118399999999383[39m,
  structureTime: [33m0.0783000000010361[39m,
  riverTime: [33m0.005499999999301508[39m,
  totalTime: [33m148.1160000000018[39m
}
Chunk (1, -1) generation metrics: {
  terrainTime: [33m0.6105000000025029[39m,
  biomeTime: [33m141.1127000000015[39m,
  resourceTime: [33m0.12800000000061118[39m,
  structureTime: [33m0.09490000000005239[39m,
  riverTime: [33m0.049100000000180444[39m,
  totalTime: [33m142.0183999999972[39m
}
Chunk (-1, 0) generation metrics: {
  terrainTime: [33m1.0485000000007858[39m,
  biomeTime: [33m133.89389999999912[39m,
  resourceTime: [33m0.12329999999928987[39m,
  structureTime: [33m0.1287000000011176[39m,
  riverTime: [33m0.10250000000087311[39m,
  totalTime: [33m135.3238999999994[39m
}
Chunk (0, 0) generation metrics: {
  terrainTime: [33m0.626299999999901[39m,
  biomeTime: [33m143.27209999999832[39m,
  resourceTime: [33m0.12110000000029686[39m,
  structureTime: [33m0.09089999999923748[39m,
  riverTime: [33m0.006699999998090789[39m,
  totalTime: [33m144.14150000000154[39m
}
Chunk (1, 0) generation metrics: {
  terrainTime: [33m0.6239999999997963[39m,
  biomeTime: [33m137.65309999999954[39m,
  resourceTime: [33m0.0864000000001397[39m,
  structureTime: [33m0.07340000000112923[39m,
  riverTime: [33m0.005099999998492422[39m,
  totalTime: [33m138.45910000000003[39m
}
Chunk (-1, 1) generation metrics: {
  terrainTime: [33m0.4495999999999185[39m,
  biomeTime: [33m144.79620000000068[39m,
  resourceTime: [33m0.129400000001624[39m,
  structureTime: [33m0.09899999999834108[39m,
  riverTime: [33m0.007499999999708962[39m,
  totalTime: [33m145.50080000000162[39m
}
Chunk (0, 1) generation metrics: {
  terrainTime: [33m0.5994000000027881[39m,
  biomeTime: [33m151.96190000000206[39m,
  resourceTime: [33m0.12380000000121072[39m,
  structureTime: [33m0.0911999999989348[39m,
  riverTime: [33m0.007099999998899875[39m,
  totalTime: [33m152.80620000000272[39m
}
Chunk (1, 1) generation metrics: {
  terrainTime: [33m0.5975999999973283[39m,
  biomeTime: [33m141.90329999999813[39m,
  resourceTime: [33m0.06940000000031432[39m,
  structureTime: [33m0.06710000000020955[39m,
  riverTime: [33m0.006400000002031447[39m,
  totalTime: [33m142.66400000000067[39m
}
Loaded 9 chunks in 1291.96ms
World generated with seed: 12345
DemoApp destroyed

[90mstdout[2m | demo/src/core/DemoApp.visual-regression.test.ts[2m > [22m[2mVisual Regression Tests[2m > [22m[2mFeature Toggle Visual Effects[2m > [22m[2mshould toggle biome colors[22m[39m
DemoApp initialized successfully
Chunk (-1, -1) generation metrics: {
  terrainTime: [33m0.4216000000014901[39m,
  biomeTime: [33m141.96849999999904[39m,
  resourceTime: [33m0.11549999999988358[39m,
  structureTime: [33m0.07600000000093132[39m,
  riverTime: [33m0.09670000000187429[39m,
  totalTime: [33m142.69840000000113[39m
}
Chunk (0, -1) generation metrics: {
  terrainTime: [33m0.6080000000001746[39m,
  biomeTime: [33m139.44440000000031[39m,
  resourceTime: [33m0.1330999999991036[39m,
  structureTime: [33m0.10829999999987194[39m,
  riverTime: [33m0.007399999998597195[39m,
  totalTime: [33m140.32719999999972[39m
}
Chunk (1, -1) generation metrics: {
  terrainTime: [33m0.6229999999995925[39m,
  biomeTime: [33m147.0648000000001[39m,
  resourceTime: [33m0.13179999999920256[39m,
  structureTime: [33m0.0944999999992433[39m,
  riverTime: [33m0.03840000000127475[39m,
  totalTime: [33m147.97710000000006[39m
}
Chunk (-1, 0) generation metrics: {
  terrainTime: [33m0.6323999999985972[39m,
  biomeTime: [33m124.25669999999809[39m,
  resourceTime: [33m0.066900000001624[39m,
  structureTime: [33m0.08519999999771244[39m,
  riverTime: [33m0.07709999999860884[39m,
  totalTime: [33m125.13679999999658[39m
}
Chunk (0, 0) generation metrics: {
  terrainTime: [33m0.41110000000117[39m,
  biomeTime: [33m138.42919999999867[39m,
  resourceTime: [33m0.1264999999984866[39m,
  structureTime: [33m0.07860000000073342[39m,
  riverTime: [33m0.006499999999505235[39m,
  totalTime: [33m139.11139999999796[39m
}
Chunk (1, 0) generation metrics: {
  terrainTime: [33m0.625[39m,
  biomeTime: [33m146.81039999999848[39m,
  resourceTime: [33m0.1301999999996042[39m,
  structureTime: [33m0.3161000000000058[39m,
  riverTime: [33m0.019100000001344597[39m,
  totalTime: [33m147.95760000000155[39m
}
Chunk (-1, 1) generation metrics: {
  terrainTime: [33m0.6314999999995052[39m,
  biomeTime: [33m161.5568999999996[39m,
  resourceTime: [33m0.0724000000009255[39m,
  structureTime: [33m0.06599999999889405[39m,
  riverTime: [33m0.0051000000021304[39m,
  totalTime: [33m162.34989999999743[39m
}
Chunk (0, 1) generation metrics: {
  terrainTime: [33m0.4147000000011758[39m,
  biomeTime: [33m135.4484999999986[39m,
  resourceTime: [33m0.13609999999971478[39m,
  structureTime: [33m0.07349999999860302[39m,
  riverTime: [33m0.006299999997281702[39m,
  totalTime: [33m136.09839999999895[39m
}
Chunk (1, 1) generation metrics: {
  terrainTime: [33m0.6213000000025204[39m,
  biomeTime: [33m145.8709000000017[39m,
  resourceTime: [33m0.13039999999818974[39m,
  structureTime: [33m0.06639999999970314[39m,
  riverTime: [33m0.0072000000000116415[39m,
  totalTime: [33m146.71559999999954[39m
}
Loaded 9 chunks in 1290.02ms
World generated with seed: 12345
DemoApp destroyed

[90mstdout[2m | demo/src/core/DemoApp.visual-regression.test.ts[2m > [22m[2mVisual Regression Tests[2m > [22m[2mFeature Toggle Visual Effects[2m > [22m[2mshould toggle river visibility[22m[39m
DemoApp initialized successfully
Chunk (-1, -1) generation metrics: {
  terrainTime: [33m0.6369999999988067[39m,
  biomeTime: [33m165.3768999999993[39m,
  resourceTime: [33m0.13620000000082655[39m,
  structureTime: [33m0.07380000000193832[39m,
  riverTime: [33m0.11669999999867287[39m,
  totalTime: [33m166.36269999999786[39m
}
Chunk (0, -1) generation metrics: {
  terrainTime: [33m0.6493999999984226[39m,
  biomeTime: [33m150.1800000000003[39m,
  resourceTime: [33m0.12809999999808497[39m,
  structureTime: [33m0.08559999999852153[39m,
  riverTime: [33m0.006100000002334127[39m,
  totalTime: [33m151.07359999999971[39m
}
Chunk (1, -1) generation metrics: {
  terrainTime: [33m0.6298999999999069[39m,
  biomeTime: [33m140.54939999999988[39m,
  resourceTime: [33m0.06589999999778229[39m,
  structureTime: [33m0.0665999999982887[39m,
  riverTime: [33m0.025799999999435386[39m,
  totalTime: [33m141.35639999999694[39m
}
Chunk (-1, 0) generation metrics: {
  terrainTime: [33m0.4135999999998603[39m,
  biomeTime: [33m129.8804999999993[39m,
  resourceTime: [33m0.06819999999788706[39m,
  structureTime: [33m0.08980000000155997[39m,
  riverTime: [33m0.07370000000082655[39m,
  totalTime: [33m130.54289999999673[39m
}
Chunk (0, 0) generation metrics: {
  terrainTime: [33m0.40499999999883585[39m,
  biomeTime: [33m130.36959999999817[39m,
  resourceTime: [33m0.1257000000005064[39m,
  structureTime: [33m0.08179999999993015[39m,
  riverTime: [33m0.006499999999505235[39m,
  totalTime: [33m131.0086999999985[39m
}
Chunk (1, 0) generation metrics: {
  terrainTime: [33m0.5973999999987427[39m,
  biomeTime: [33m133.53269999999975[39m,
  resourceTime: [33m0.11730000000170548[39m,
  structureTime: [33m0.1084999999984575[39m,
  riverTime: [33m0.006000000001222361[39m,
  totalTime: [33m134.38520000000062[39m
}
Chunk (-1, 1) generation metrics: {
  terrainTime: [33m0.589799999997922[39m,
  biomeTime: [33m147.03209999999672[39m,
  resourceTime: [33m0.11490000000048894[39m,
  structureTime: [33m0.09340000000156579[39m,
  riverTime: [33m0.006499999999505235[39m,
  totalTime: [33m147.8608000000022[39m
}
Chunk (0, 1) generation metrics: {
  terrainTime: [33m0.608700000000681[39m,
  biomeTime: [33m146.75990000000093[39m,
  resourceTime: [33m0.12119999999777065[39m,
  structureTime: [33m0.08360000000175205[39m,
  riverTime: [33m0.005600000000413274[39m,
  totalTime: [33m147.60269999999946[39m
}
Chunk (1, 1) generation metrics: {
  terrainTime: [33m0.596399999998539[39m,
  biomeTime: [33m142.65490000000136[39m,
  resourceTime: [33m0.120599999998376[39m,
  structureTime: [33m0.07040000000051805[39m,
  riverTime: [33m0.007000000001426088[39m,
  totalTime: [33m143.46830000000045[39m
}
Loaded 9 chunks in 1295.29ms
World generated with seed: 12345
DemoApp destroyed

[90mstdout[2m | demo/src/core/DemoApp.visual-regression.test.ts[2m > [22m[2mVisual Regression Tests[2m > [22m[2mFeature Toggle Visual Effects[2m > [22m[2mshould toggle resource markers[22m[39m
DemoApp initialized successfully
Chunk (-1, -1) generation metrics: {
  terrainTime: [33m0.6045999999987544[39m,
  biomeTime: [33m147.58489999999802[39m,
  resourceTime: [33m0.1301999999996042[39m,
  structureTime: [33m0.0738999999994121[39m,
  riverTime: [33m0.18720000000030268[39m,
  totalTime: [33m148.6010000000024[39m
}
Chunk (0, -1) generation metrics: {
  terrainTime: [33m0.6503999999986263[39m,
  biomeTime: [33m157.3328999999976[39m,
  resourceTime: [33m0.06829999999899883[39m,
  structureTime: [33m0.062399999998888234[39m,
  riverTime: [33m0.004299999996874249[39m,
  totalTime: [33m158.13680000000022[39m
}
Chunk (1, -1) generation metrics: {
  terrainTime: [33m0.42929999999978463[39m,
  biomeTime: [33m137.06950000000143[39m,
  resourceTime: [33m0.1283999999977823[39m,
  structureTime: [33m0.09990000000107102[39m,
  riverTime: [33m0.03719999999884749[39m,
  totalTime: [33m137.78749999999854[39m
}
Chunk (-1, 0) generation metrics: {
  terrainTime: [33m1.3673999999991793[39m,
  biomeTime: [33m134.54759999999806[39m,
  resourceTime: [33m0.12669999999707215[39m,
  structureTime: [33m0.13830000000234577[39m,
  riverTime: [33m0.10459999999875436[39m,
  totalTime: [33m136.31009999999878[39m
}
Chunk (0, 0) generation metrics: {
  terrainTime: [33m0.6363999999994121[39m,
  biomeTime: [33m154.78329999999914[39m,
  resourceTime: [33m0.13620000000082655[39m,
  structureTime: [33m0.09159999999974389[39m,
  riverTime: [33m0.007100000002537854[39m,
  totalTime: [33m155.68099999999686[39m
}
Chunk (1, 0) generation metrics: {
  terrainTime: [33m0.6264000000010128[39m,
  biomeTime: [33m137.7425000000003[39m,
  resourceTime: [33m0.13220000000001164[39m,
  structureTime: [33m0.1254000000008091[39m,
  riverTime: [33m0.0072000000000116415[39m,
  totalTime: [33m138.65910000000076[39m
}
Chunk (-1, 1) generation metrics: {
  terrainTime: [33m0.6463000000003376[39m,
  biomeTime: [33m151.6840000000011[39m,
  resourceTime: [33m0.1202000000012049[39m,
  structureTime: [33m0.08220000000073924[39m,
  riverTime: [33m0.006300000000919681[39m,
  totalTime: [33m152.5633999999991[39m
}
Chunk (0, 1) generation metrics: {
  terrainTime: [33m0.6107999999985623[39m,
  biomeTime: [33m157.91839999999866[39m,
  resourceTime: [33m0.1198999999978696[39m,
  structureTime: [33m0.0632000000005064[39m,
  riverTime: [33m0.007000000001426088[39m,
  totalTime: [33m158.7386000000006[39m
}
Chunk (1, 1) generation metrics: {
  terrainTime: [33m0.5959000000002561[39m,
  biomeTime: [33m169.14480000000185[39m,
  resourceTime: [33m0.12019999999756692[39m,
  structureTime: [33m0.066900000001624[39m,
  riverTime: [33m0.007499999999708962[39m,
  totalTime: [33m169.95550000000003[39m
}
Loaded 9 chunks in 1358.10ms
World generated with seed: 12345
DemoApp destroyed

[90mstdout[2m | demo/src/core/DemoApp.visual-regression.test.ts[2m > [22m[2mVisual Regression Tests[2m > [22m[2mFeature Toggle Visual Effects[2m > [22m[2mshould toggle structure markers[22m[39m
DemoApp initialized successfully
Chunk (-1, -1) generation metrics: {
  terrainTime: [33m0.6408999999985099[39m,
  biomeTime: [33m174.63389999999708[39m,
  resourceTime: [33m0.2202999999972235[39m,
  structureTime: [33m0.32510000000183936[39m,
  riverTime: [33m1.894399999997404[39m,
  totalTime: [33m177.7541999999994[39m
}
Chunk (0, -1) generation metrics: {
  terrainTime: [33m0.8316999999988184[39m,
  biomeTime: [33m181.2609999999986[39m,
  resourceTime: [33m0.13240000000223517[39m,
  structureTime: [33m0.08300000000235741[39m,
  riverTime: [33m0.0072000000000116415[39m,
  totalTime: [33m182.34249999999884[39m
}
Chunk (1, -1) generation metrics: {
  terrainTime: [33m0.6345999999975902[39m,
  biomeTime: [33m156.59000000000015[39m,
  resourceTime: [33m0.06949999999778811[39m,
  structureTime: [33m0.06289999999717111[39m,
  riverTime: [33m0.03830000000016298[39m,
  totalTime: [33m157.41579999999885[39m
}
Chunk (-1, 0) generation metrics: {
  terrainTime: [33m0.4271999999982654[39m,
  biomeTime: [33m132.8637000000017[39m,
  resourceTime: [33m0.12199999999575084[39m,
  structureTime: [33m0.13330000000132713[39m,
  riverTime: [33m0.10089999999763677[39m,
  totalTime: [33m133.66909999999916[39m
}
Chunk (0, 0) generation metrics: {
  terrainTime: [33m0.600800000000163[39m,
  biomeTime: [33m136.33950000000186[39m,
  resourceTime: [33m0.12149999999382999[39m,
  structureTime: [33m0.08980000000155997[39m,
  riverTime: [33m0.006600000000617001[39m,
  totalTime: [33m137.1828999999998[39m
}
Chunk (1, 0) generation metrics: {
  terrainTime: [33m0.6203999999997905[39m,
  biomeTime: [33m143.04539999999542[39m,
  resourceTime: [33m0.12229999999544816[39m,
  structureTime: [33m0.1157999999995809[39m,
  riverTime: [33m0.006699999998090789[39m,
  totalTime: [33m143.93540000000212[39m
}
Chunk (-1, 1) generation metrics: {
  terrainTime: [33m0.5978000000031898[39m,
  biomeTime: [33m148.36059999999998[39m,
  resourceTime: [33m0.1268999999956577[39m,
  structureTime: [33m0.0786999999982072[39m,
  riverTime: [33m0.005499999999301508[39m,
  totalTime: [33m149.19289999999455[39m
}
Chunk (0, 1) generation metrics: {
  terrainTime: [33m0.5930999999982305[39m,
  biomeTime: [33m149.40830000000278[39m,
  resourceTime: [33m0.13069999999424908[39m,
  structureTime: [33m0.09169999999721767[39m,
  riverTime: [33m0.006999999997788109[39m,
  totalTime: [33m150.25679999999556[39m
}
Chunk (1, 1) generation metrics: {
  terrainTime: [33m0.6258000000016182[39m,
  biomeTime: [33m149.15709999999672[39m,
  resourceTime: [33m0.06569999999919673[39m,
  structureTime: [33m0.06779999999707798[39m,
  riverTime: [33m0.00480000000243308[39m,
  totalTime: [33m149.94169999999576[39m
}
Loaded 9 chunks in 1383.40ms
World generated with seed: 12345
DemoApp destroyed

[90mstdout[2m | demo/src/core/DemoApp.visual-regression.test.ts[2m > [22m[2mVisual Regression Tests[2m > [22m[2mFeature Toggle Visual Effects[2m > [22m[2mshould toggle chunk boundaries[22m[39m
DemoApp initialized successfully
Chunk (-1, -1) generation metrics: {
  terrainTime: [33m0.41309999999793945[39m,
  biomeTime: [33m146.68270000000484[39m,
  resourceTime: [33m0.11819999999715947[39m,
  structureTime: [33m0.08690000000206055[39m,
  riverTime: [33m0.09930000000167638[39m,
  totalTime: [33m147.42079999999987[39m
}
Chunk (0, -1) generation metrics: {
  terrainTime: [33m0.6080999999976484[39m,
  biomeTime: [33m134.18929999999818[39m,
  resourceTime: [33m0.06889999999839347[39m,
  structureTime: [33m0.0695999999952619[39m,
  riverTime: [33m0.0054000000018277206[39m,
  totalTime: [33m134.96360000000277[39m
}
Chunk (1, -1) generation metrics: {
  terrainTime: [33m0.4308000000019092[39m,
  biomeTime: [33m152.10800000000017[39m,
  resourceTime: [33m0.12859999999636784[39m,
  structureTime: [33m0.08450000000448199[39m,
  riverTime: [33m0.03650000000197906[39m,
  totalTime: [33m152.80940000000555[39m
}
Chunk (-1, 0) generation metrics: {
  terrainTime: [33m0.6172999999980675[39m,
  biomeTime: [33m145.00270000000455[39m,
  resourceTime: [33m0.12259999999514548[39m,
  structureTime: [33m0.1304999999993015[39m,
  riverTime: [33m0.10190000000147847[39m,
  totalTime: [33m146.00210000000516[39m
}
Chunk (0, 0) generation metrics: {
  terrainTime: [33m0.6380999999964843[39m,
  biomeTime: [33m129.76789999999892[39m,
  resourceTime: [33m0.1330999999991036[39m,
  structureTime: [33m0.07030000000668224[39m,
  riverTime: [33m0.007400000002235174[39m,
  totalTime: [33m130.63880000000063[39m
}
Chunk (1, 0) generation metrics: {
  terrainTime: [33m0.6235999999989872[39m,
  biomeTime: [33m136.72260000000097[39m,
  resourceTime: [33m0.127200000002631[39m,
  structureTime: [33m0.12709999999788124[39m,
  riverTime: [33m0.006600000000617001[39m,
  totalTime: [33m137.63140000000567[39m
}
Chunk (-1, 1) generation metrics: {
  terrainTime: [33m0.634699999995064[39m,
  biomeTime: [33m164.51620000000548[39m,
  resourceTime: [33m0.12359999999898719[39m,
  structureTime: [33m0.07709999999497086[39m,
  riverTime: [33m0.0063999999983934686[39m,
  totalTime: [33m165.3793000000005[39m
}
Chunk (0, 1) generation metrics: {
  terrainTime: [33m0.629399999997986[39m,
  biomeTime: [33m132.8431999999957[39m,
  resourceTime: [33m0.13020000000688015[39m,
  structureTime: [33m0.06680000000051223[39m,
  riverTime: [33m0.006699999998090789[39m,
  totalTime: [33m133.69700000000012[39m
}
Chunk (1, 1) generation metrics: {
  terrainTime: [33m0.621900000005553[39m,
  biomeTime: [33m153.8888999999981[39m,
  resourceTime: [33m0.1319999999977881[39m,
  structureTime: [33m0.12140000000363216[39m,
  riverTime: [33m0.010000000002037268[39m,
  totalTime: [33m154.85959999999614[39m
}
Loaded 9 chunks in 1305.41ms
World generated with seed: 12345
DemoApp destroyed

[90mstdout[2m | demo/src/core/DemoApp.visual-regression.test.ts[2m > [22m[2mVisual Regression Tests[2m > [22m[2mFeature Toggle Visual Effects[2m > [22m[2mshould toggle wireframe mode[22m[39m
DemoApp initialized successfully
Chunk (-1, -1) generation metrics: {
  terrainTime: [33m1.092400000001362[39m,
  biomeTime: [33m157.37519999999495[39m,
  resourceTime: [33m0.13139999999839347[39m,
  structureTime: [33m0.09249999999883585[39m,
  riverTime: [33m0.11410000000614673[39m,
  totalTime: [33m158.84100000000035[39m
}
Chunk (0, -1) generation metrics: {
  terrainTime: [33m0.6466000000000349[39m,
  biomeTime: [33m146.3900000000067[39m,
  resourceTime: [33m0.12989999999990687[39m,
  structureTime: [33m0.09440000000176951[39m,
  riverTime: [33m0.0072000000000116415[39m,
  totalTime: [33m147.29849999999715[39m
}
Chunk (1, -1) generation metrics: {
  terrainTime: [33m0.6584000000002561[39m,
  biomeTime: [33m151.33899999999994[39m,
  resourceTime: [33m0.1261000000013155[39m,
  structureTime: [33m0.08820000000559958[39m,
  riverTime: [33m0.0385999999998603[39m,
  totalTime: [33m152.27640000000247[39m
}
Chunk (-1, 0) generation metrics: {
  terrainTime: [33m0.6319000000003143[39m,
  biomeTime: [33m148.08920000000217[39m,
  resourceTime: [33m0.12730000000010477[39m,
  structureTime: [33m0.10410000000410946[39m,
  riverTime: [33m0.10399999999935972[39m,
  totalTime: [33m149.07740000000194[39m
}
Chunk (0, 0) generation metrics: {
  terrainTime: [33m0.6082000000023982[39m,
  biomeTime: [33m143.14830000000075[39m,
  resourceTime: [33m0.12430000000313157[39m,
  structureTime: [33m0.06629999999859137[39m,
  riverTime: [33m0.005800000006274786[39m,
  totalTime: [33m143.97170000000187[39m
}
Chunk (1, 0) generation metrics: {
  terrainTime: [33m1.0232000000032713[39m,
  biomeTime: [33m149.75909999999567[39m,
  resourceTime: [33m0.1235000000015134[39m,
  structureTime: [33m0.11000000000058208[39m,
  riverTime: [33m0.006000000001222361[39m,
  totalTime: [33m151.04320000000007[39m
}
Chunk (-1, 1) generation metrics: {
  terrainTime: [33m0.61529999999766[39m,
  biomeTime: [33m154.34799999999814[39m,
  resourceTime: [33m0.11899999999877764[39m,
  structureTime: [33m0.07989999999699648[39m,
  riverTime: [33m0.006999999997788109[39m,
  totalTime: [33m155.19060000000172[39m
}
Chunk (0, 1) generation metrics: {
  terrainTime: [33m0.5878000000011525[39m,
  biomeTime: [33m154.95460000000458[39m,
  resourceTime: [33m0.11620000000402797[39m,
  structureTime: [33m0.0680999999967753[39m,
  riverTime: [33m0.006300000000919681[39m,
  totalTime: [33m155.75280000000203[39m
}
Chunk (1, 1) generation metrics: {
  terrainTime: [33m1.000899999999092[39m,
  biomeTime: [33m146.49139999999898[39m,
  resourceTime: [33m0.12789999999949941[39m,
  structureTime: [33m0.07709999999497086[39m,
  riverTime: [33m0.006699999998090789[39m,
  totalTime: [33m147.74339999999938[39m
}
Loaded 9 chunks in 1362.92ms
World generated with seed: 12345
DemoApp destroyed

[90mstdout[2m | demo/src/core/DemoApp.visual-regression.test.ts[2m > [22m[2mVisual Regression Tests[2m > [22m[2mFeature Toggle Visual Effects[2m > [22m[2mshould handle multiple simultaneous toggles[22m[39m
DemoApp initialized successfully
Chunk (-1, -1) generation metrics: {
  terrainTime: [33m0.5999999999985448[39m,
  biomeTime: [33m147.85349999999744[39m,
  resourceTime: [33m0.125[39m,
  structureTime: [33m0.07519999999931315[39m,
  riverTime: [33m0.10689999999885913[39m,
  totalTime: [33m148.78209999999672[39m
}
Chunk (0, -1) generation metrics: {
  terrainTime: [33m0.6348000000070897[39m,
  biomeTime: [33m150.06059999999707[39m,
  resourceTime: [33m0.12219999999797437[39m,
  structureTime: [33m0.07870000000548316[39m,
  riverTime: [33m0.006099999998696148[39m,
  totalTime: [33m150.92309999999998[39m
}
Chunk (1, -1) generation metrics: {
  terrainTime: [33m0.6254999999946449[39m,
  biomeTime: [33m151.20390000000043[39m,
  resourceTime: [33m0.12490000000252621[39m,
  structureTime: [33m0.06739999999990687[39m,
  riverTime: [33m0.03689999999915017[39m,
  totalTime: [33m152.07890000000043[39m
}
Chunk (-1, 0) generation metrics: {
  terrainTime: [33m0.6348999999972875[39m,
  biomeTime: [33m141.4447[39m,
  resourceTime: [33m0.12210000000050059[39m,
  structureTime: [33m0.11600000000180444[39m,
  riverTime: [33m0.3061999999990803[39m,
  totalTime: [33m142.64809999999852[39m
}
Chunk (0, 0) generation metrics: {
  terrainTime: [33m0.6255000000019209[39m,
  biomeTime: [33m145.5498000000007[39m,
  resourceTime: [33m0.12299999999959255[39m,
  structureTime: [33m0.08669999999983702[39m,
  riverTime: [33m0.007500000006984919[39m,
  totalTime: [33m146.41749999999593[39m
}
Chunk (1, 0) generation metrics: {
  terrainTime: [33m0.5915000000022701[39m,
  biomeTime: [33m154.0135999999984[39m,
  resourceTime: [33m0.12939999999798601[39m,
  structureTime: [33m0.1000999999960186[39m,
  riverTime: [33m0.006099999998696148[39m,
  totalTime: [33m154.86329999999725[39m
}
Chunk (-1, 1) generation metrics: {
  terrainTime: [33m0.6422000000020489[39m,
  biomeTime: [33m141.01110000000335[39m,
  resourceTime: [33m0.12800000000424916[39m,
  structureTime: [33m0.07910000000265427[39m,
  riverTime: [33m0.006300000000919681[39m,
  totalTime: [33m141.88890000000538[39m
}
Chunk (0, 1) generation metrics: {
  terrainTime: [33m1.0350000000034925[39m,
  biomeTime: [33m150.50890000000072[39m,
  resourceTime: [33m0.12789999999949941[39m,
  structureTime: [33m0.09299999999348074[39m,
  riverTime: [33m0.006799999995564576[39m,
  totalTime: [33m151.79839999999967[39m
}
Chunk (1, 1) generation metrics: {
  terrainTime: [33m0.6195000000006985[39m,
  biomeTime: [33m149.7170000000042[39m,
  resourceTime: [33m0.07229999999981374[39m,
  structureTime: [33m0.06700000000273576[39m,
  riverTime: [33m0.005499999999301508[39m,
  totalTime: [33m150.50340000000142[39m
}
Loaded 9 chunks in 1341.48ms
World generated with seed: 12345
DemoApp destroyed

[90mstdout[2m | demo/src/core/DemoApp.visual-regression.test.ts[2m > [22m[2mVisual Regression Tests[2m > [22m[2mFeature Toggle Visual Effects[2m > [22m[2mshould maintain toggle state across regeneration[22m[39m
DemoApp initialized successfully
Chunk (-1, -1) generation metrics: {
  terrainTime: [33m0.6165000000037253[39m,
  biomeTime: [33m150.27850000000035[39m,
  resourceTime: [33m0.13899999999557622[39m,
  structureTime: [33m0.13379999999597203[39m,
  riverTime: [33m0.836699999999837[39m,
  totalTime: [33m152.02999999999884[39m
}
Chunk (0, -1) generation metrics: {
  terrainTime: [33m0.692799999997078[39m,
  biomeTime: [33m148.57719999999972[39m,
  resourceTime: [33m0.07190000000264263[39m,
  structureTime: [33m0.05350000000180444[39m,
  riverTime: [33m0.005499999999301508[39m,
  totalTime: [33m149.42109999999957[39m
}
Chunk (1, -1) generation metrics: {
  terrainTime: [33m1.9448000000047614[39m,
  biomeTime: [33m146.87799999999697[39m,
  resourceTime: [33m0.12589999999909196[39m,
  structureTime: [33m0.12000000000261934[39m,
  riverTime: [33m0.061799999995855615[39m,
  totalTime: [33m149.15989999999874[39m
}
Chunk (-1, 0) generation metrics: {
  terrainTime: [33m0.6088000000017928[39m,
  biomeTime: [33m152.1198000000004[39m,
  resourceTime: [33m0.19919999999547144[39m,
  structureTime: [33m0.1566000000020722[39m,
  riverTime: [33m0.3044000000008964[39m,
  totalTime: [33m153.41790000000037[39m
}
Chunk (0, 0) generation metrics: {
  terrainTime: [33m0.7652999999991152[39m,
  biomeTime: [33m141.82420000000275[39m,
  resourceTime: [33m0.125[39m,
  structureTime: [33m0.08550000000104774[39m,
  riverTime: [33m0.00849999999627471[39m,
  totalTime: [33m142.83190000000468[39m
}
Chunk (1, 0) generation metrics: {
  terrainTime: [33m0.6232999999992899[39m,
  biomeTime: [33m149.1258999999991[39m,
  resourceTime: [33m0.12960000000020955[39m,
  structureTime: [33m0.12030000000231666[39m,
  riverTime: [33m0.006300000000919681[39m,
  totalTime: [33m150.0283999999956[39m
}
Chunk (-1, 1) generation metrics: {
  terrainTime: [33m0.6350999999995111[39m,
  biomeTime: [33m137.549500000001[39m,
  resourceTime: [33m0.11980000000039581[39m,
  structureTime: [33m0.0783000000010361[39m,
  riverTime: [33m0.006099999998696148[39m,
  totalTime: [33m138.41100000000006[39m
}
Chunk (0, 1) generation metrics: {
  terrainTime: [33m0.5959000000002561[39m,
  biomeTime: [33m148.39029999999912[39m,
  resourceTime: [33m0.12099999999918509[39m,
  structureTime: [33m0.07489999999961583[39m,
  riverTime: [33m0.005700000001525041[39m,
  totalTime: [33m149.2083000000057[39m
}
Chunk (1, 1) generation metrics: {
  terrainTime: [33m0.594199999999546[39m,
  biomeTime: [33m152.7531999999992[39m,
  resourceTime: [33m0.12060000000201399[39m,
  structureTime: [33m0.06099999999423744[39m,
  riverTime: [33m0.005899999996472616[39m,
  totalTime: [33m153.55279999999766[39m
}
Loaded 9 chunks in 1340.21ms
World generated with seed: 12345
Chunk (-1, -1) generation metrics: {
  terrainTime: [33m0.5990000000019791[39m,
  biomeTime: [33m139.25159999999596[39m,
  resourceTime: [33m0.13070000000152504[39m,
  structureTime: [33m0.08800000000337604[39m,
  riverTime: [33m0.12209999999322463[39m,
  totalTime: [33m140.2161000000051[39m
}
Chunk (0, -1) generation metrics: {
  terrainTime: [33m0.6336000000010245[39m,
  biomeTime: [33m141.58200000000215[39m,
  resourceTime: [33m0.12410000000090804[39m,
  structureTime: [33m0.0783000000010361[39m,
  riverTime: [33m0.005799999998998828[39m,
  totalTime: [33m142.4472999999998[39m
}
Chunk (1, -1) generation metrics: {
  terrainTime: [33m0.5999999999985448[39m,
  biomeTime: [33m139.3153999999995[39m,
  resourceTime: [33m0.12329999999928987[39m,
  structureTime: [33m0.08780000000115251[39m,
  riverTime: [33m0.007700000001932494[39m,
  totalTime: [33m140.15830000000278[39m
}
Chunk (-1, 0) generation metrics: {
  terrainTime: [33m0.5967000000018743[39m,
  biomeTime: [33m130.90789999999834[39m,
  resourceTime: [33m0.12679999999818392[39m,
  structureTime: [33m0.09219999999913853[39m,
  riverTime: [33m0.10209999999642605[39m,
  totalTime: [33m131.85080000000016[39m
}
Chunk (0, 0) generation metrics: {
  terrainTime: [33m0.6117000000012922[39m,
  biomeTime: [33m130.25990000000456[39m,
  resourceTime: [33m0.12789999999949941[39m,
  structureTime: [33m0.08999999999650754[39m,
  riverTime: [33m0.006800000002840534[39m,
  totalTime: [33m131.12260000000242[39m
}
Chunk (1, 0) generation metrics: {
  terrainTime: [33m0.5936999999976251[39m,
  biomeTime: [33m137.81580000000395[39m,
  resourceTime: [33m0.12780000000202563[39m,
  structureTime: [33m0.08959999999933643[39m,
  riverTime: [33m0.006900000000314321[39m,
  totalTime: [33m138.65890000000218[39m
}
Chunk (-1, 1) generation metrics: {
  terrainTime: [33m1.03870000000461[39m,
  biomeTime: [33m143.65789999999834[39m,
  resourceTime: [33m0.11649999999644933[39m,
  structureTime: [33m0.0882999999957974[39m,
  riverTime: [33m0.012600000001839362[39m,
  totalTime: [33m144.9400999999998[39m
}
Chunk (0, 1) generation metrics: {
  terrainTime: [33m0.5758000000059837[39m,
  biomeTime: [33m139.02850000000035[39m,
  resourceTime: [33m0.1187999999965541[39m,
  structureTime: [33m0.07899999999790452[39m,
  riverTime: [33m0.01629999999568099[39m,
  totalTime: [33m139.84130000000005[39m
}
Chunk (1, 1) generation metrics: {
  terrainTime: [33m0.5891999999948894[39m,
  biomeTime: [33m141.43369999999413[39m,
  resourceTime: [33m0.13080000000627479[39m,
  structureTime: [33m0.14160000000265427[39m,
  riverTime: [33m0.006099999998696148[39m,
  totalTime: [33m142.32600000000093[39m
}
Loaded 9 chunks in 1253.34ms
World generated with seed: 54321
DemoApp destroyed

[90mstdout[2m | demo/src/core/DemoApp.visual-regression.test.ts[2m > [22m[2mVisual Regression Tests[2m > [22m[2mVisual Consistency Across Parameter Changes[2m > [22m[2mshould produce different visuals with different terrain parameters[22m[39m
DemoApp initialized successfully
Chunk (-1, -1) generation metrics: {
  terrainTime: [33m0.6306000000040513[39m,
  biomeTime: [33m119.36830000000191[39m,
  resourceTime: [33m0.06940000000031432[39m,
  structureTime: [33m0.06339999999909196[39m,
  riverTime: [33m0.07240000000456348[39m,
  totalTime: [33m120.22219999999652[39m
}
Chunk (0, -1) generation metrics: {
  terrainTime: [33m0.5460999999995693[39m,
  biomeTime: [33m150.99519999999757[39m,
  resourceTime: [33m0.13629999999830034[39m,
  structureTime: [33m0.07660000000032596[39m,
  riverTime: [33m0.006300000000919681[39m,
  totalTime: [33m151.78250000000116[39m
}
Chunk (1, -1) generation metrics: {
  terrainTime: [33m1.0074000000022352[39m,
  biomeTime: [33m148.25[39m,
  resourceTime: [33m0.12479999999777647[39m,
  structureTime: [33m0.07110000000102445[39m,
  riverTime: [33m0.034599999999045394[39m,
  totalTime: [33m149.50739999999496[39m
}
Chunk (-1, 0) generation metrics: {
  terrainTime: [33m0.593300000000454[39m,
  biomeTime: [33m140.1382999999987[39m,
  resourceTime: [33m0.12110000000393484[39m,
  structureTime: [33m0.10039999999571592[39m,
  riverTime: [33m0.10429999999905704[39m,
  totalTime: [33m141.11680000000342[39m
}
Chunk (0, 0) generation metrics: {
  terrainTime: [33m0.5947000000014668[39m,
  biomeTime: [33m137.30750000000262[39m,
  resourceTime: [33m0.12410000000090804[39m,
  structureTime: [33m0.10149999999703141[39m,
  riverTime: [33m0.006999999997788109[39m,
  totalTime: [33m138.15709999999672[39m
}
Chunk (1, 0) generation metrics: {
  terrainTime: [33m0.6195999999981723[39m,
  biomeTime: [33m144.6128000000026[39m,
  resourceTime: [33m0.07060000000637956[39m,
  structureTime: [33m0.0852999999988242[39m,
  riverTime: [33m0.005299999997077975[39m,
  totalTime: [33m145.41500000000087[39m
}
Chunk (-1, 1) generation metrics: {
  terrainTime: [33m0.40340000000287546[39m,
  biomeTime: [33m153.7402000000002[39m,
  resourceTime: [33m0.06629999999859137[39m,
  structureTime: [33m0.06069999999454012[39m,
  riverTime: [33m0.004399999997986015[39m,
  totalTime: [33m154.29290000000037[39m
}
Chunk (0, 1) generation metrics: {
  terrainTime: [33m0.3824000000022352[39m,
  biomeTime: [33m150.04940000000352[39m,
  resourceTime: [33m0.12110000000393484[39m,
  structureTime: [33m0.09990000000107102[39m,
  riverTime: [33m0.007299999997485429[39m,
  totalTime: [33m150.68239999999787[39m
}
Chunk (1, 1) generation metrics: {
  terrainTime: [33m1.2439999999987776[39m,
  biomeTime: [33m181.66689999999653[39m,
  resourceTime: [33m0.1275999999998021[39m,
  structureTime: [33m0.07989999999699648[39m,
  riverTime: [33m0.005599999996775296[39m,
  totalTime: [33m183.14770000000135[39m
}
Loaded 9 chunks in 1335.87ms
World generated with seed: 12345
Chunk (-1, -1) generation metrics: {
  terrainTime: [33m3.6639999999970314[39m,
  biomeTime: [33m202.5859999999957[39m,
  resourceTime: [33m0.11740000000281725[39m,
  structureTime: [33m0.07349999999860302[39m,
  riverTime: [33m0.04040000000532018[39m,
  totalTime: [33m206.5031999999992[39m
}
Chunk (0, -1) generation metrics: {
  terrainTime: [33m1.1964999999981956[39m,
  biomeTime: [33m176.4475999999995[39m,
  resourceTime: [33m0.12429999999585561[39m,
  structureTime: [33m0.07639999999810243[39m,
  riverTime: [33m0.043600000004516914[39m,
  totalTime: [33m177.9091000000044[39m
}
Chunk (1, -1) generation metrics: {
  terrainTime: [33m1.1068000000013853[39m,
  biomeTime: [33m180.49779999999737[39m,
  resourceTime: [33m0.12409999999363208[39m,
  structureTime: [33m0.07549999999901047[39m,
  riverTime: [33m0.0400999999983469[39m,
  totalTime: [33m181.86529999999766[39m
}
Chunk (-1, 0) generation metrics: {
  terrainTime: [33m1.295799999999872[39m,
  biomeTime: [33m140.06760000000213[39m,
  resourceTime: [33m0.11930000000575092[39m,
  structureTime: [33m0.13130000000091968[39m,
  riverTime: [33m0.04230000000097789[39m,
  totalTime: [33m141.6805000000022[39m
}
Chunk (0, 0) generation metrics: {
  terrainTime: [33m0.8511999999973341[39m,
  biomeTime: [33m128.08689999999478[39m,
  resourceTime: [33m0.12150000000110595[39m,
  structureTime: [33m0.07009999999718275[39m,
  riverTime: [33m0.04290000000037253[39m,
  totalTime: [33m129.19290000000183[39m
}
Chunk (1, 0) generation metrics: {
  terrainTime: [33m0.845499999995809[39m,
  biomeTime: [33m121.29179999999906[39m,
  resourceTime: [33m0.11799999999493593[39m,
  structureTime: [33m0.10440000000380678[39m,
  riverTime: [33m0.045400000002700835[39m,
  totalTime: [33m122.42549999999756[39m
}
Chunk (-1, 1) generation metrics: {
  terrainTime: [33m0.8626000000003842[39m,
  biomeTime: [33m137.31059999999707[39m,
  resourceTime: [33m0.11980000000039581[39m,
  structureTime: [33m0.06820000000152504[39m,
  riverTime: [33m0.050200000005133916[39m,
  totalTime: [33m138.43069999999716[39m
}
Chunk (0, 1) generation metrics: {
  terrainTime: [33m0.8438999999998487[39m,
  biomeTime: [33m110.37389999999868[39m,
  resourceTime: [33m0.06940000000031432[39m,
  structureTime: [33m0.06880000000091968[39m,
  riverTime: [33m0.030900000005203765[39m,
  totalTime: [33m111.40600000000268[39m
}
Chunk (1, 1) generation metrics: {
  terrainTime: [33m0.5618000000031316[39m,
  biomeTime: [33m137.55889999999636[39m,
  resourceTime: [33m0.11460000000079162[39m,
  structureTime: [33m0.06970000000001164[39m,
  riverTime: [33m0.04409999999916181[39m,
  totalTime: [33m138.36809999999969[39m
}
Loaded 9 chunks in 1349.32ms
World generated with seed: 12345
DemoApp destroyed

[90mstdout[2m | demo/src/core/DemoApp.visual-regression.test.ts[2m > [22m[2mVisual Regression Tests[2m > [22m[2mVisual Consistency Across Parameter Changes[2m > [22m[2mshould produce different biome distributions with different biome parameters[22m[39m
DemoApp initialized successfully
Chunk (-1, -1) generation metrics: {
  terrainTime: [33m0.5759000000034575[39m,
  biomeTime: [33m149.31700000000274[39m,
  resourceTime: [33m0.1261000000013155[39m,
  structureTime: [33m0.07140000000072177[39m,
  riverTime: [33m0.4650000000037835[39m,
  totalTime: [33m150.57940000000235[39m
}
Chunk (0, -1) generation metrics: {
  terrainTime: [33m0.684000000001106[39m,
  biomeTime: [33m150.6958999999988[39m,
  resourceTime: [33m0.16749999999592546[39m,
  structureTime: [33m0.0735999999960768[39m,
  riverTime: [33m0.006999999997788109[39m,
  totalTime: [33m151.6498999999967[39m
}
Chunk (1, -1) generation metrics: {
  terrainTime: [33m0.9840000000040163[39m,
  biomeTime: [33m139.2341000000015[39m,
  resourceTime: [33m0.12339999999676365[39m,
  structureTime: [33m0.07999999999447027[39m,
  riverTime: [33m0.037299999996321276[39m,
  totalTime: [33m140.48029999999562[39m
}
Chunk (-1, 0) generation metrics: {
  terrainTime: [33m0.6201000000000931[39m,
  biomeTime: [33m147.36069999999745[39m,
  resourceTime: [33m0.12840000000142027[39m,
  structureTime: [33m0.11370000000169966[39m,
  riverTime: [33m0.10609999999724096[39m,
  totalTime: [33m148.35050000000047[39m
}
Chunk (0, 0) generation metrics: {
  terrainTime: [33m0.6250999999974738[39m,
  biomeTime: [33m148.9192000000039[39m,
  resourceTime: [33m0.12709999999788124[39m,
  structureTime: [33m0.0753000000040629[39m,
  riverTime: [33m0.007099999995261896[39m,
  totalTime: [33m149.7737999999954[39m
}
Chunk (1, 0) generation metrics: {
  terrainTime: [33m0.6129999999975553[39m,
  biomeTime: [33m157.89270000000397[39m,
  resourceTime: [33m0.13069999999424908[39m,
  structureTime: [33m0.09790000000066357[39m,
  riverTime: [33m0.0063999999983934686[39m,
  totalTime: [33m158.7589999999982[39m
}
Chunk (-1, 1) generation metrics: {
  terrainTime: [33m0.6241999999983818[39m,
  biomeTime: [33m165.3712000000014[39m,
  resourceTime: [33m0.14170000000012806[39m,
  structureTime: [33m0.07800000000133878[39m,
  riverTime: [33m0.008600000001024455[39m,
  totalTime: [33m166.2462000000014[39m
}
Chunk (0, 1) generation metrics: {
  terrainTime: [33m1.2813999999998487[39m,
  biomeTime: [33m164.08299999999872[39m,
  resourceTime: [33m0.12979999999515712[39m,
  structureTime: [33m0.08250000000407454[39m,
  riverTime: [33m0.006699999998090789[39m,
  totalTime: [33m165.6096000000034[39m
}
Chunk (1, 1) generation metrics: {
  terrainTime: [33m0.6255999999993946[39m,
  biomeTime: [33m179.66619999999966[39m,
  resourceTime: [33m0.12320000000181608[39m,
  structureTime: [33m0.14770000000135042[39m,
  riverTime: [33m0.015299999999115244[39m,
  totalTime: [33m180.60080000000016[39m
}
Loaded 9 chunks in 1413.89ms
World generated with seed: 12345
Chunk (-1, -1) generation metrics: {
  terrainTime: [33m0.6160999999992782[39m,
  biomeTime: [33m289.0314999999973[39m,
  resourceTime: [33m0.13329999999405118[39m,
  structureTime: [33m0.08350000000064028[39m,
  riverTime: [33m0.16949999999633292[39m,
  totalTime: [33m290.0726000000068[39m
}
Chunk (0, -1) generation metrics: {
  terrainTime: [33m10.588900000002468[39m,
  biomeTime: [33m267.7433999999994[39m,
  resourceTime: [33m0.12930000000051223[39m,
  structureTime: [33m0.07160000000294531[39m,
  riverTime: [33m0.006500000003143214[39m,
  totalTime: [33m278.5636000000013[39m
}
Chunk (1, -1) generation metrics: {
  terrainTime: [33m0.6494000000020606[39m,
  biomeTime: [33m274.9138000000021[39m,
  resourceTime: [33m0.12470000000030268[39m,
  structureTime: [33m0.07229999999981374[39m,
  riverTime: [33m0.03420000000187429[39m,
  totalTime: [33m275.81290000000445[39m
}
Chunk (-1, 0) generation metrics: {
  terrainTime: [33m0.6391999999977998[39m,
  biomeTime: [33m241.96089999999822[39m,
  resourceTime: [33m0.1540000000022701[39m,
  structureTime: [33m0.13089999999647262[39m,
  riverTime: [33m0.10040000000299187[39m,
  totalTime: [33m243.00770000000193[39m
}
Chunk (0, 0) generation metrics: {
  terrainTime: [33m0.6309999999939464[39m,
  biomeTime: [33m285.47930000000633[39m,
  resourceTime: [33m0.07029999999940628[39m,
  structureTime: [33m0.13509999999951106[39m,
  riverTime: [33m0.007100000002537854[39m,
  totalTime: [33m286.3416999999972[39m
}
Chunk (1, 0) generation metrics: {
  terrainTime: [33m0.6255999999993946[39m,
  biomeTime: [33m289.4406999999992[39m,
  resourceTime: [33m0.12150000000110595[39m,
  structureTime: [33m0.06620000000111759[39m,
  riverTime: [33m0.006000000001222361[39m,
  totalTime: [33m290.2800999999963[39m
}
Chunk (-1, 1) generation metrics: {
  terrainTime: [33m0.633799999995972[39m,
  biomeTime: [33m268.7840999999971[39m,
  resourceTime: [33m0.06900000000314321[39m,
  structureTime: [33m0.038800000002083834[39m,
  riverTime: [33m0.00450000000273576[39m,
  totalTime: [33m269.54609999999957[39m
}
Chunk (0, 1) generation metrics: {
  terrainTime: [33m0.602099999996426[39m,
  biomeTime: [33m252.66270000000077[39m,
  resourceTime: [33m0.07069999999657739[39m,
  structureTime: [33m0.05520000000251457[39m,
  riverTime: [33m0.005699999994249083[39m,
  totalTime: [33m253.4163999999946[39m
}
Chunk (1, 1) generation metrics: {
  terrainTime: [33m0.44210000000020955[39m,
  biomeTime: [33m254.61000000000058[39m,
  resourceTime: [33m0.06750000000465661[39m,
  structureTime: [33m0.04320000000006985[39m,
  riverTime: [33m0.005399999994551763[39m,
  totalTime: [33m255.18510000000242[39m
}
Loaded 9 chunks in 2443.76ms
World generated with seed: 12345
DemoApp destroyed

[90mstdout[2m | demo/src/core/DemoApp.visual-regression.test.ts[2m > [22m[2mVisual Regression Tests[2m > [22m[2mVisual Consistency Across Parameter Changes[2m > [22m[2mshould maintain visual quality with extreme parameter values[22m[39m
DemoApp initialized successfully
Chunk (-1, -1) generation metrics: {
  terrainTime: [33m1.0349999999962165[39m,
  biomeTime: [33m156.16849999999977[39m,
  resourceTime: [33m0.07219999999506399[39m,
  structureTime: [33m0.0522999999957392[39m,
  riverTime: [33m0.004899999999906868[39m,
  totalTime: [33m157.3538999999946[39m
}
Chunk (0, -1) generation metrics: {
  terrainTime: [33m0.2088000000003376[39m,
  biomeTime: [33m138.58830000000307[39m,
  resourceTime: [33m0.1253999999971711[39m,
  structureTime: [33m0.07279999999445863[39m,
  riverTime: [33m0.007400000002235174[39m,
  totalTime: [33m139.02580000000307[39m
}
Chunk (1, -1) generation metrics: {
  terrainTime: [33m0.3469000000040978[39m,
  biomeTime: [33m137.1012999999948[39m,
  resourceTime: [33m0.32220000000233995[39m,
  structureTime: [33m0.08780000000115251[39m,
  riverTime: [33m0.14400000000023283[39m,
  totalTime: [33m138.0408000000025[39m
}
Chunk (-1, 0) generation metrics: {
  terrainTime: [33m0.316899999997986[39m,
  biomeTime: [33m144.56139999999868[39m,
  resourceTime: [33m0.1279999999969732[39m,
  structureTime: [33m0.0797999999995227[39m,
  riverTime: [33m0.005899999996472616[39m,
  totalTime: [33m145.1195000000007[39m
}
Chunk (0, 0) generation metrics: {
  terrainTime: [33m0.332300000001851[39m,
  biomeTime: [33m127.08399999999529[39m,
  resourceTime: [33m0.11760000000504078[39m,
  structureTime: [33m0.06780000000435393[39m,
  riverTime: [33m0.0078000000066822395[39m,
  totalTime: [33m127.63840000000346[39m
}
Chunk (1, 0) generation metrics: {
  terrainTime: [33m0.30930000000080327[39m,
  biomeTime: [33m122.9681999999957[39m,
  resourceTime: [33m0.11609999999927823[39m,
  structureTime: [33m0.08589999999821885[39m,
  riverTime: [33m0.0070000000050640665[39m,
  totalTime: [33m123.5118999999977[39m
}
Chunk (-1, 1) generation metrics: {
  terrainTime: [33m0.31260000000474975[39m,
  biomeTime: [33m151.54030000000057[39m,
  resourceTime: [33m0.11310000000230502[39m,
  structureTime: [33m0.050599999995029066[39m,
  riverTime: [33m0.006000000001222361[39m,
  totalTime: [33m152.08150000000023[39m
}
Chunk (0, 1) generation metrics: {
  terrainTime: [33m0.3029999999998836[39m,
  biomeTime: [33m138.80369999999675[39m,
  resourceTime: [33m0.12099999999918509[39m,
  structureTime: [33m0.06339999999909196[39m,
  riverTime: [33m0.006900000000314321[39m,
  totalTime: [33m139.3173999999999[39m
}
Chunk (1, 1) generation metrics: {
  terrainTime: [33m0.3055000000022119[39m,
  biomeTime: [33m153.08589999999822[39m,
  resourceTime: [33m0.12419999999838183[39m,
  structureTime: [33m0.05920000000332948[39m,
  riverTime: [33m0.006400000005669426[39m,
  totalTime: [33m153.60160000000178[39m
}
Loaded 9 chunks in 1277.59ms
World generated with seed: 12345
Chunk (-1, -1) generation metrics: {
  terrainTime: [33m1.0930999999982305[39m,
  biomeTime: [33m136.9481999999989[39m,
  resourceTime: [33m0.12550000000192085[39m,
  structureTime: [33m0.06780000000435393[39m,
  riverTime: [33m0.060199999999895226[39m,
  totalTime: [33m138.31590000000142[39m
}
Chunk (0, -1) generation metrics: {
  terrainTime: [33m1.108700000004319[39m,
  biomeTime: [33m143.75399999999354[39m,
  resourceTime: [33m0.11539999999513384[39m,
  structureTime: [33m0.0665999999982887[39m,
  riverTime: [33m0.06380000000353903[39m,
  totalTime: [33m145.13320000000385[39m
}
Chunk (1, -1) generation metrics: {
  terrainTime: [33m1.0656999999991967[39m,
  biomeTime: [33m140.8755999999994[39m,
  resourceTime: [33m0.06820000000152504[39m,
  structureTime: [33m0.049600000005739275[39m,
  riverTime: [33m0.038800000002083834[39m,
  totalTime: [33m142.11530000000494[39m
}
Chunk (-1, 0) generation metrics: {
  terrainTime: [33m0.7655000000013388[39m,
  biomeTime: [33m138.77709999999934[39m,
  resourceTime: [33m0.12670000000071013[39m,
  structureTime: [33m0.06820000000152504[39m,
  riverTime: [33m0.06620000000111759[39m,
  totalTime: [33m139.82140000000072[39m
}
Chunk (0, 0) generation metrics: {
  terrainTime: [33m1.0688999999983935[39m,
  biomeTime: [33m161.20790000000125[39m,
  resourceTime: [33m0.12470000000030268[39m,
  structureTime: [33m0.06390000000101281[39m,
  riverTime: [33m0.061499999996158294[39m,
  totalTime: [33m162.55069999999978[39m
}
Chunk (1, 0) generation metrics: {
  terrainTime: [33m1.0930999999982305[39m,
  biomeTime: [33m159.99670000000333[39m,
  resourceTime: [33m0.12559999999939464[39m,
  structureTime: [33m0.06789999999455176[39m,
  riverTime: [33m0.06560000000172295[39m,
  totalTime: [33m161.36839999999938[39m
}
Chunk (-1, 1) generation metrics: {
  terrainTime: [33m1.1010999999998603[39m,
  biomeTime: [33m152.57559999999648[39m,
  resourceTime: [33m0.12290000000211876[39m,
  structureTime: [33m0.06620000000111759[39m,
  riverTime: [33m0.07070000000385335[39m,
  totalTime: [33m153.95880000000034[39m
}
Chunk (0, 1) generation metrics: {
  terrainTime: [33m1.0861999999979162[39m,
  biomeTime: [33m159.88180000000284[39m,
  resourceTime: [33m0.12599999999656575[39m,
  structureTime: [33m0.04860000000189757[39m,
  riverTime: [33m0.0625[39m,
  totalTime: [33m161.2259000000049[39m
}
Chunk (1, 1) generation metrics: {
  terrainTime: [33m1.0910000000003492[39m,
  biomeTime: [33m168.3611000000019[39m,
  resourceTime: [33m0.12140000000363216[39m,
  structureTime: [33m0.06480000000010477[39m,
  riverTime: [33m0.059600000000500586[39m,
  totalTime: [33m169.71929999999702[39m
}
Loaded 9 chunks in 1375.98ms
World generated with seed: 12345
DemoApp destroyed

 [32mтЬУ[39m demo/src/core/DemoApp.visual-regression.test.ts [2m ([22m[2m29 tests[22m [2m|[22m [33m2 skipped[39m[2m)[22m[33m 45737[2mms[22m[39m
 [32mтЬУ[39m tests/unit/world/chunk-manager-modifications.test.ts [2m ([22m[2m16 tests[22m[2m)[22m[90m 43[2mms[22m[39m
 [32mтЬУ[39m tests/unit/gen/structures.test.ts [2m ([22m[2m12 tests[22m[2m)[22m[90m 44[2mms[22m[39m
 [32mтЬУ[39m demo/src/utils/coordinates.test.ts [2m ([22m[2m43 tests[22m[2m)[22m[90m 39[2mms[22m[39m
 [32mтЬУ[39m demo/src/core/DemoApp.worker-pool.integration.test.ts [2m ([22m[2m22 tests[22m[2m)[22m[33m 48151[2mms[22m[39m
[90mstdout[2m | demo/src/core/DemoApp.worker-pool.integration.test.ts[2m > [22m[2mDemoApp - Worker Pool Integration[2m > [22m[2mEnable Workers and Generate Multiple Chunks in Parallel (Requirements 8.1, 8.2, 8.5)[2m > [22m[2mshould enable worker pool when config is updated[22m[39m
DemoApp initialized successfully

[90mstdout[2m | demo/src/core/DemoApp.worker-pool.integration.test.ts[2m > [22m[2mDemoApp - Worker Pool Integration[2m > [22m[2mEnable Workers and Generate Multiple Chunks in Parallel (Requirements 8.1, 8.2, 8.5)[2m > [22m[2mshould generate multiple chunks when worker pool is enabled[22m[39m
DemoApp initialized successfully
Chunk (-1, -1) generation metrics: {
  terrainTime: [33m12.454900000000634[39m,
  biomeTime: [33m175.58799999999974[39m,
  resourceTime: [33m1.8928999999989173[39m,
  structureTime: [33m1.1339000000007218[39m,
  riverTime: [33m1.0966000000007625[39m,
  totalTime: [33m192.40859999999884[39m
}
Chunk (0, -1) generation metrics: {
  terrainTime: [33m0.9338999999999942[39m,
  biomeTime: [33m165.3137999999999[39m,
  resourceTime: [33m0.595499999999447[39m,
  structureTime: [33m0.1389999999992142[39m,
  riverTime: [33m0.018900000002759043[39m,
  totalTime: [33m167.0573000000004[39m
}
Chunk (1, -1) generation metrics: {
  terrainTime: [33m0.7629999999990105[39m,
  biomeTime: [33m150.65740000000005[39m,
  resourceTime: [33m0.27470000000175787[39m,
  structureTime: [33m0.11939999999958673[39m,
  riverTime: [33m0.26710000000093714[39m,
  totalTime: [33m152.23239999999714[39m
}
Chunk (-1, 0) generation metrics: {
  terrainTime: [33m0.8029000000024098[39m,
  biomeTime: [33m152.42220000000088[39m,
  resourceTime: [33m0.12740000000121654[39m,
  structureTime: [33m0.22149999999965075[39m,
  riverTime: [33m0.3208999999988009[39m,
  totalTime: [33m153.96600000000035[39m
}
Chunk (0, 0) generation metrics: {
  terrainTime: [33m0.7754000000022643[39m,
  biomeTime: [33m151.70420000000013[39m,
  resourceTime: [33m0.13619999999718857[39m,
  structureTime: [33m0.41519999999945867[39m,
  riverTime: [33m0.01840000000083819[39m,
  totalTime: [33m153.53589999999895[39m
}
Chunk (1, 0) generation metrics: {
  terrainTime: [33m0.8186999999998079[39m,
  biomeTime: [33m143.65160000000105[39m,
  resourceTime: [33m0.12510000000111177[39m,
  structureTime: [33m0.24750000000130967[39m,
  riverTime: [33m0.01839999999720021[39m,
  totalTime: [33m144.92109999999957[39m
}
Chunk (-1, 1) generation metrics: {
  terrainTime: [33m0.8633000000008906[39m,
  biomeTime: [33m181.01940000000104[39m,
  resourceTime: [33m0.15139999999883003[39m,
  structureTime: [33m0.1261000000013155[39m,
  riverTime: [33m0.018800000001647277[39m,
  totalTime: [33m182.2433000000019[39m
}
Chunk (0, 1) generation metrics: {
  terrainTime: [33m1.010999999998603[39m,
  biomeTime: [33m178.03049999999712[39m,
  resourceTime: [33m0.1419000000023516[39m,
  structureTime: [33m0.13500000000203727[39m,
  riverTime: [33m0.01929999999993015[39m,
  totalTime: [33m179.39939999999842[39m
}
Chunk (1, 1) generation metrics: {
  terrainTime: [33m0.6378000000004249[39m,
  biomeTime: [33m141.47899999999936[39m,
  resourceTime: [33m0.1202000000012049[39m,
  structureTime: [33m0.09230000000025029[39m,
  riverTime: [33m0.014900000001944136[39m,
  totalTime: [33m142.39939999999842[39m
}
Loaded 9 chunks in 1473.52ms
World generated with seed: 12345

[90mstdout[2m | demo/src/core/DemoApp.worker-pool.integration.test.ts[2m > [22m[2mDemoApp - Worker Pool Integration[2m > [22m[2mEnable Workers and Generate Multiple Chunks in Parallel (Requirements 8.1, 8.2, 8.5)[2m > [22m[2mshould maintain worker pool config when loading chunks[22m[39m
DemoApp initialized successfully
Chunk (-2, -2) generation metrics: {
  terrainTime: [33m0.5997999999999593[39m,
  biomeTime: [33m154.05199999999968[39m,
  resourceTime: [33m0.07229999999981374[39m,
  structureTime: [33m0.0525999999990745[39m,
  riverTime: [33m0.03619999999864376[39m,
  totalTime: [33m154.87639999999737[39m
}
Chunk (-1, -2) generation metrics: {
  terrainTime: [33m0.8299000000006345[39m,
  biomeTime: [33m122.5802999999978[39m,
  resourceTime: [33m0.11370000000169966[39m,
  structureTime: [33m0.07729999999719439[39m,
  riverTime: [33m0.10460000000239233[39m,
  totalTime: [33m123.72759999999835[39m
}
Chunk (0, -2) generation metrics: {
  terrainTime: [33m0.5835999999981141[39m,
  biomeTime: [33m138.13490000000093[39m,
  resourceTime: [33m0.12559999999939464[39m,
  structureTime: [33m0.1238999999986845[39m,
  riverTime: [33m0.013800000000628643[39m,
  totalTime: [33m139.00730000000112[39m
}
Chunk (1, -2) generation metrics: {
  terrainTime: [33m0.6205000000009022[39m,
  biomeTime: [33m148.78710000000137[39m,
  resourceTime: [33m0.12659999999959837[39m,
  structureTime: [33m0.09349999999903957[39m,
  riverTime: [33m0.01599999999962165[39m,
  totalTime: [33m149.67020000000048[39m
}
Chunk (2, -2) generation metrics: {
  terrainTime: [33m0.6143999999985681[39m,
  biomeTime: [33m152.46589999999924[39m,
  resourceTime: [33m0.12769999999727588[39m,
  structureTime: [33m0.08760000000256696[39m,
  riverTime: [33m0.013999999999214197[39m,
  totalTime: [33m153.32700000000114[39m
}
Chunk (-2, -1) generation metrics: {
  terrainTime: [33m0.6137000000016997[39m,
  biomeTime: [33m149.5586000000003[39m,
  resourceTime: [33m0.12679999999818392[39m,
  structureTime: [33m0.12029999999867869[39m,
  riverTime: [33m0.10429999999905704[39m,
  totalTime: [33m150.54769999999917[39m
}
Chunk (-1, -1) generation metrics: {
  terrainTime: [33m0.6223000000027241[39m,
  biomeTime: [33m155.7104999999974[39m,
  resourceTime: [33m0.3742999999994936[39m,
  structureTime: [33m0.08450000000084401[39m,
  riverTime: [33m0.4971000000005006[39m,
  totalTime: [33m157.3093000000008[39m
}
Chunk (0, -1) generation metrics: {
  terrainTime: [33m0.7063999999991211[39m,
  biomeTime: [33m146.76120000000083[39m,
  resourceTime: [33m0.12459999999919091[39m,
  structureTime: [33m0.06960000000253785[39m,
  riverTime: [33m0.013999999999214197[39m,
  totalTime: [33m147.6975999999995[39m
}
Chunk (1, -1) generation metrics: {
  terrainTime: [33m0.6212999999988824[39m,
  biomeTime: [33m149.63110000000233[39m,
  resourceTime: [33m0.12960000000020955[39m,
  structureTime: [33m0.08350000000064028[39m,
  riverTime: [33m0.06149999999979627[39m,
  totalTime: [33m150.54759999999806[39m
}
Chunk (2, -1) generation metrics: {
  terrainTime: [33m0.5899000000026717[39m,
  biomeTime: [33m151.10759999999937[39m,
  resourceTime: [33m0.12730000000010477[39m,
  structureTime: [33m0.11779999999998836[39m,
  riverTime: [33m0.013700000003154855[39m,
  totalTime: [33m151.9891000000025[39m
}
Chunk (-2, 0) generation metrics: {
  terrainTime: [33m0.61620000000039[39m,
  biomeTime: [33m140.85699999999997[39m,
  resourceTime: [33m0.12280000000100699[39m,
  structureTime: [33m0.6022000000011758[39m,
  riverTime: [33m0.05849999999918509[39m,
  totalTime: [33m142.27699999999822[39m
}
Chunk (-1, 0) generation metrics: {
  terrainTime: [33m0.4566999999988184[39m,
  biomeTime: [33m164.88999999999942[39m,
  resourceTime: [33m0.10789999999906286[39m,
  structureTime: [33m0.11260000000038417[39m,
  riverTime: [33m0.19380000000091968[39m,
  totalTime: [33m165.78020000000106[39m
}
Chunk (0, 0) generation metrics: {
  terrainTime: [33m0.6533000000017637[39m,
  biomeTime: [33m151.47279999999955[39m,
  resourceTime: [33m0.1254000000008091[39m,
  structureTime: [33m0.07029999999940628[39m,
  riverTime: [33m0.014899999998306157[39m,
  totalTime: [33m152.35879999999815[39m
}
Chunk (1, 0) generation metrics: {
  terrainTime: [33m0.6169999999983702[39m,
  biomeTime: [33m150.10770000000048[39m,
  resourceTime: [33m0.07050000000162981[39m,
  structureTime: [33m0.07359999999971478[39m,
  riverTime: [33m0.009099999999307329[39m,
  totalTime: [33m150.89630000000034[39m
}
Chunk (2, 0) generation metrics: {
  terrainTime: [33m0.403600000001461[39m,
  biomeTime: [33m146.9406999999992[39m,
  resourceTime: [33m0.125[39m,
  structureTime: [33m0.07229999999981374[39m,
  riverTime: [33m0.01599999999962165[39m,
  totalTime: [33m147.57640000000174[39m
}
Chunk (-2, 1) generation metrics: {
  terrainTime: [33m0.7029999999977008[39m,
  biomeTime: [33m152.23329999999987[39m,
  resourceTime: [33m0.12710000000151922[39m,
  structureTime: [33m0.07970000000204891[39m,
  riverTime: [33m0.013699999999516876[39m,
  totalTime: [33m153.1801000000014[39m
}
Chunk (-1, 1) generation metrics: {
  terrainTime: [33m0.63379999999961[39m,
  biomeTime: [33m157.0636999999988[39m,
  resourceTime: [33m0.1257000000005064[39m,
  structureTime: [33m0.08730000000286964[39m,
  riverTime: [33m0.015800000001036096[39m,
  totalTime: [33m157.9484999999986[39m
}
Chunk (0, 1) generation metrics: {
  terrainTime: [33m0.5967000000018743[39m,
  biomeTime: [33m175.03199999999924[39m,
  resourceTime: [33m0.15100000000165892[39m,
  structureTime: [33m0.09500000000116415[39m,
  riverTime: [33m0.023600000000442378[39m,
  totalTime: [33m175.92919999999867[39m
}
Chunk (1, 1) generation metrics: {
  terrainTime: [33m0.6648999999997613[39m,
  biomeTime: [33m172.49700000000303[39m,
  resourceTime: [33m0.13000000000101863[39m,
  structureTime: [33m0.08940000000075088[39m,
  riverTime: [33m0.016099999997095438[39m,
  totalTime: [33m173.4219000000012[39m
}
Chunk (2, 1) generation metrics: {
  terrainTime: [33m0.6111000000018976[39m,
  biomeTime: [33m165.51469999999972[39m,
  resourceTime: [33m0.1309000000001106[39m,
  structureTime: [33m0.0790000000015425[39m,
  riverTime: [33m0.01510000000052969[39m,
  totalTime: [33m166.3734000000004[39m
}
Chunk (-2, 2) generation metrics: {
  terrainTime: [33m0.6113000000004831[39m,
  biomeTime: [33m165.55199999999968[39m,
  resourceTime: [33m0.12780000000202563[39m,
  structureTime: [33m0.08220000000073924[39m,
  riverTime: [33m0.014100000000325963[39m,
  totalTime: [33m166.4100000000035[39m
}
Chunk (-1, 2) generation metrics: {
  terrainTime: [33m1.0806000000011409[39m,
  biomeTime: [33m157.47279999999955[39m,
  resourceTime: [33m0.1301999999996042[39m,
  structureTime: [33m0.0771999999997206[39m,
  riverTime: [33m0.01359999999840511[39m,
  totalTime: [33m158.79680000000008[39m
}
Chunk (0, 2) generation metrics: {
  terrainTime: [33m0.6100000000005821[39m,
  biomeTime: [33m167.5625[39m,
  resourceTime: [33m0.12399999999979627[39m,
  structureTime: [33m0.0797999999995227[39m,
  riverTime: [33m0.017400000000634464[39m,
  totalTime: [33m168.41749999999956[39m
}
Chunk (1, 2) generation metrics: {
  terrainTime: [33m0.596399999998539[39m,
  biomeTime: [33m153.16080000000147[39m,
  resourceTime: [33m0.1327000000019325[39m,
  structureTime: [33m0.09130000000004657[39m,
  riverTime: [33m0.016400000000430737[39m,
  totalTime: [33m154.02520000000004[39m
}
Chunk (2, 2) generation metrics: {
  terrainTime: [33m0.6229999999995925[39m,
  biomeTime: [33m149.6293000000005[39m,
  resourceTime: [33m0.11660000000119908[39m,
  structureTime: [33m0.06309999999939464[39m,
  riverTime: [33m0.05980000000272412[39m,
  totalTime: [33m150.5113999999994[39m
}
Loaded 25 chunks in 3868.01ms

[90mstdout[2m | demo/src/core/DemoApp.worker-pool.integration.test.ts[2m > [22m[2mDemoApp - Worker Pool Integration[2m > [22m[2mEnable Workers and Generate Multiple Chunks in Parallel (Requirements 8.1, 8.2, 8.5)[2m > [22m[2mshould provide worker pool statistics API[22m[39m
DemoApp initialized successfully
Chunk (-3, -3) generation metrics: {
  terrainTime: [33m0.5885999999991327[39m,
  biomeTime: [33m152.20000000000073[39m,
  resourceTime: [33m0.12349999999787542[39m,
  structureTime: [33m0.08079999999972642[39m,
  riverTime: [33m0.014400000000023283[39m,
  totalTime: [33m153.02990000000136[39m
}
Chunk (-2, -3) generation metrics: {
  terrainTime: [33m0.612699999997858[39m,
  biomeTime: [33m141.8679000000011[39m,
  resourceTime: [33m0.12590000000272994[39m,
  structureTime: [33m0.09140000000115833[39m,
  riverTime: [33m0.09070000000065193[39m,
  totalTime: [33m142.81180000000313[39m
}
Chunk (-1, -3) generation metrics: {
  terrainTime: [33m0.6092000000026019[39m,
  biomeTime: [33m140.71480000000156[39m,
  resourceTime: [33m0.12489999999888823[39m,
  structureTime: [33m0.08020000000033178[39m,
  riverTime: [33m0.08260000000154832[39m,
  totalTime: [33m141.63510000000315[39m
}
Chunk (0, -3) generation metrics: {
  terrainTime: [33m0.6293000000005122[39m,
  biomeTime: [33m148.0126999999993[39m,
  resourceTime: [33m0.12700000000040745[39m,
  structureTime: [33m0.11679999999978463[39m,
  riverTime: [33m0.01359999999840511[39m,
  totalTime: [33m148.92339999999967[39m
}
Chunk (1, -3) generation metrics: {
  terrainTime: [33m0.6173000000017055[39m,
  biomeTime: [33m147.8065999999999[39m,
  resourceTime: [33m0.2180999999982305[39m,
  structureTime: [33m0.07480000000214204[39m,
  riverTime: [33m0.013900000001740409[39m,
  totalTime: [33m148.7520000000004[39m
}
Chunk (2, -3) generation metrics: {
  terrainTime: [33m0.5810999999994237[39m,
  biomeTime: [33m146.69930000000022[39m,
  resourceTime: [33m0.12800000000061118[39m,
  structureTime: [33m0.08390000000144937[39m,
  riverTime: [33m0.06880000000091968[39m,
  totalTime: [33m147.58179999999993[39m
}
Chunk (3, -3) generation metrics: {
  terrainTime: [33m0.6687999999994645[39m,
  biomeTime: [33m136.03570000000036[39m,
  resourceTime: [33m0.12950000000273576[39m,
  structureTime: [33m0.07839999999850988[39m,
  riverTime: [33m0.131600000000617[39m,
  totalTime: [33m137.0686999999998[39m
}
Chunk (-3, -2) generation metrics: {
  terrainTime: [33m0.5767000000014377[39m,
  biomeTime: [33m155.41899999999805[39m,
  resourceTime: [33m0.11650000000008731[39m,
  structureTime: [33m0.06190000000060536[39m,
  riverTime: [33m0.014999999999417923[39m,
  totalTime: [33m156.2462000000014[39m
}
Chunk (-2, -2) generation metrics: {
  terrainTime: [33m0.5927999999985332[39m,
  biomeTime: [33m148.32500000000073[39m,
  resourceTime: [33m0.1363999999994121[39m,
  structureTime: [33m0.07219999999870197[39m,
  riverTime: [33m0.033100000000558794[39m,
  totalTime: [33m149.18049999999857[39m
}
Chunk (-1, -2) generation metrics: {
  terrainTime: [33m0.6091999999989639[39m,
  biomeTime: [33m135.3836999999985[39m,
  resourceTime: [33m0.12060000000201399[39m,
  structureTime: [33m0.07730000000083237[39m,
  riverTime: [33m0.07999999999810825[39m,
  totalTime: [33m136.29499999999825[39m
}
Chunk (0, -2) generation metrics: {
  terrainTime: [33m0.6260000000002037[39m,
  biomeTime: [33m156.7403000000013[39m,
  resourceTime: [33m0.12310000000070431[39m,
  structureTime: [33m0.11629999999786378[39m,
  riverTime: [33m0.013799999996990664[39m,
  totalTime: [33m157.64570000000094[39m
}
Chunk (1, -2) generation metrics: {
  terrainTime: [33m0.66019999999844[39m,
  biomeTime: [33m158.0024999999987[39m,
  resourceTime: [33m0.12910000000192667[39m,
  structureTime: [33m0.09209999999802676[39m,
  riverTime: [33m0.015600000002450543[39m,
  totalTime: [33m158.9290000000001[39m
}
Chunk (2, -2) generation metrics: {
  terrainTime: [33m0.6118999999998778[39m,
  biomeTime: [33m156.92199999999866[39m,
  resourceTime: [33m0.1301999999996042[39m,
  structureTime: [33m0.118399999999383[39m,
  riverTime: [33m0.01480000000083237[39m,
  totalTime: [33m157.8217999999979[39m
}
Chunk (3, -2) generation metrics: {
  terrainTime: [33m0.6041000000004715[39m,
  biomeTime: [33m139.66400000000067[39m,
  resourceTime: [33m0.13209999999889988[39m,
  structureTime: [33m0.09179999999832944[39m,
  riverTime: [33m0.016400000000430737[39m,
  totalTime: [33m140.53210000000036[39m
}
Chunk (-3, -1) generation metrics: {
  terrainTime: [33m0.6144000000022061[39m,
  biomeTime: [33m146.4315999999999[39m,
  resourceTime: [33m0.14429999999993015[39m,
  structureTime: [33m0.07960000000093714[39m,
  riverTime: [33m0.055700000000797445[39m,
  totalTime: [33m147.34859999999753[39m
}
Chunk (-2, -1) generation metrics: {
  terrainTime: [33m4.02009999999791[39m,
  biomeTime: [33m158.623599999999[39m,
  resourceTime: [33m0.12619999999878928[39m,
  structureTime: [33m0.1257999999979802[39m,
  riverTime: [33m0.07140000000072177[39m,
  totalTime: [33m162.9912000000004[39m
}
Chunk (-1, -1) generation metrics: {
  terrainTime: [33m0.5805999999975029[39m,
  biomeTime: [33m146.41510000000198[39m,
  resourceTime: [33m0.12629999999990105[39m,
  structureTime: [33m0.08099999999831198[39m,
  riverTime: [33m0.1808000000019092[39m,
  totalTime: [33m147.40879999999743[39m
}
Chunk (0, -1) generation metrics: {
  terrainTime: [33m0.5908000000017637[39m,
  biomeTime: [33m143.79269999999815[39m,
  resourceTime: [33m0.1481000000021595[39m,
  structureTime: [33m0.12290000000211876[39m,
  riverTime: [33m0.01629999999931897[39m,
  totalTime: [33m144.86479999999938[39m
}
Chunk (1, -1) generation metrics: {
  terrainTime: [33m0.5764000000017404[39m,
  biomeTime: [33m136.77669999999853[39m,
  resourceTime: [33m0.07339999999749125[39m,
  structureTime: [33m0.06530000000202563[39m,
  riverTime: [33m0.04039999999804422[39m,
  totalTime: [33m137.5537000000004[39m
}
Chunk (2, -1) generation metrics: {
  terrainTime: [33m0.407999999999447[39m,
  biomeTime: [33m124.85910000000149[39m,
  resourceTime: [33m0.1268999999992957[39m,
  structureTime: [33m0.11390000000028522[39m,
  riverTime: [33m0.015299999999115244[39m,
  totalTime: [33m125.54339999999866[39m
}
Chunk (3, -1) generation metrics: {
  terrainTime: [33m0.6084000000009837[39m,
  biomeTime: [33m139.89390000000276[39m,
  resourceTime: [33m0.13030000000071595[39m,
  structureTime: [33m0.12079999999696156[39m,
  riverTime: [33m0.014100000000325963[39m,
  totalTime: [33m140.79009999999835[39m
}
Chunk (-3, 0) generation metrics: {
  terrainTime: [33m0.6127000000014959[39m,
  biomeTime: [33m142.11319999999978[39m,
  resourceTime: [33m0.1268999999992957[39m,
  structureTime: [33m0.17009999999936554[39m,
  riverTime: [33m0.04109999999855063[39m,
  totalTime: [33m143.09110000000146[39m
}
Chunk (-2, 0) generation metrics: {
  terrainTime: [33m0.626299999999901[39m,
  biomeTime: [33m143.10180000000037[39m,
  resourceTime: [33m0.1297999999987951[39m,
  structureTime: [33m0.12639999999737483[39m,
  riverTime: [33m0.06590000000142027[39m,
  totalTime: [33m144.0757999999987[39m
}
Chunk (-1, 0) generation metrics: {
  terrainTime: [33m0.6298000000024331[39m,
  biomeTime: [33m137.41089999999895[39m,
  resourceTime: [33m0.13479999999981374[39m,
  structureTime: [33m0.14259999999922002[39m,
  riverTime: [33m0.19059999999808497[39m,
  totalTime: [33m138.53389999999854[39m
}
Chunk (0, 0) generation metrics: {
  terrainTime: [33m0.6210000000028231[39m,
  biomeTime: [33m140.22070000000167[39m,
  resourceTime: [33m0.1309000000001106[39m,
  structureTime: [33m0.08120000000053551[39m,
  riverTime: [33m0.016200000001845183[39m,
  totalTime: [33m141.09460000000036[39m
}
Chunk (1, 0) generation metrics: {
  terrainTime: [33m0.628099999998085[39m,
  biomeTime: [33m137.85029999999824[39m,
  resourceTime: [33m0.12710000000151922[39m,
  structureTime: [33m0.10139999999955762[39m,
  riverTime: [33m0.014400000000023283[39m,
  totalTime: [33m138.74499999999898[39m
}
Chunk (2, 0) generation metrics: {
  terrainTime: [33m0.59769999999844[39m,
  biomeTime: [33m134.89319999999861[39m,
  resourceTime: [33m0.07070000000021537[39m,
  structureTime: [33m0.05730000000039581[39m,
  riverTime: [33m0.011000000002240995[39m,
  totalTime: [33m135.64580000000205[39m
}
Chunk (3, 0) generation metrics: {
  terrainTime: [33m0.43029999999998836[39m,
  biomeTime: [33m138.9513999999981[39m,
  resourceTime: [33m0.12600000000020373[39m,
  structureTime: [33m0.07940000000235159[39m,
  riverTime: [33m0.01420000000143773[39m,
  totalTime: [33m139.62509999999747[39m
}
Chunk (-3, 1) generation metrics: {
  terrainTime: [33m0.6257000000005064[39m,
  biomeTime: [33m152.70430000000124[39m,
  resourceTime: [33m0.07070000000021537[39m,
  structureTime: [33m0.05740000000150758[39m,
  riverTime: [33m0.009700000002339948[39m,
  totalTime: [33m153.48669999999765[39m
}
Chunk (-2, 1) generation metrics: {
  terrainTime: [33m0.4050999999999476[39m,
  biomeTime: [33m149.47069999999803[39m,
  resourceTime: [33m0.12269999999989523[39m,
  structureTime: [33m0.08339999999952852[39m,
  riverTime: [33m0.01359999999840511[39m,
  totalTime: [33m150.11679999999978[39m
}
Chunk (-1, 1) generation metrics: {
  terrainTime: [33m0.628100000001723[39m,
  biomeTime: [33m143.23859999999695[39m,
  resourceTime: [33m0.12210000000050059[39m,
  structureTime: [33m0.0864000000001397[39m,
  riverTime: [33m0.015599999998812564[39m,
  totalTime: [33m144.1143000000011[39m
}
Chunk (0, 1) generation metrics: {
  terrainTime: [33m1.0476000000016938[39m,
  biomeTime: [33m148.92719999999827[39m,
  resourceTime: [33m0.12629999999990105[39m,
  structureTime: [33m0.08139999999912106[39m,
  riverTime: [33m0.015500000001338776[39m,
  totalTime: [33m150.22320000000036[39m
}
Chunk (1, 1) generation metrics: {
  terrainTime: [33m0.5577000000012049[39m,
  biomeTime: [33m169.09309999999823[39m,
  resourceTime: [33m0.1319999999977881[39m,
  structureTime: [33m0.08250000000043656[39m,
  riverTime: [33m0.01810000000114087[39m,
  totalTime: [33m169.90819999999803[39m
}
Chunk (2, 1) generation metrics: {
  terrainTime: [33m2.021200000002864[39m,
  biomeTime: [33m193.00039999999717[39m,
  resourceTime: [33m0.13520000000062282[39m,
  structureTime: [33m0.10000000000218279[39m,
  riverTime: [33m0.01540000000022701[39m,
  totalTime: [33m195.3034000000007[39m
}
Chunk (3, 1) generation metrics: {
  terrainTime: [33m0.6101000000016938[39m,
  biomeTime: [33m166.9314000000013[39m,
  resourceTime: [33m0.07030000000304426[39m,
  structureTime: [33m0.0485000000007858[39m,
  riverTime: [33m0.05700000000069849[39m,
  totalTime: [33m167.73669999999765[39m
}
Chunk (-3, 2) generation metrics: {
  terrainTime: [33m0.507499999999709[39m,
  biomeTime: [33m160.9376000000011[39m,
  resourceTime: [33m0.6074999999982538[39m,
  structureTime: [33m0.09079999999812571[39m,
  riverTime: [33m0.016999999999825377[39m,
  totalTime: [33m162.18710000000283[39m
}
Chunk (-2, 2) generation metrics: {
  terrainTime: [33m0.5808000000033644[39m,
  biomeTime: [33m143.48169999999664[39m,
  resourceTime: [33m0.12529999999969732[39m,
  structureTime: [33m0.0970999999990454[39m,
  riverTime: [33m0.015299999999115244[39m,
  totalTime: [33m144.32590000000346[39m
}
Chunk (-1, 2) generation metrics: {
  terrainTime: [33m0.602100000003702[39m,
  biomeTime: [33m157.35199999999895[39m,
  resourceTime: [33m0.1254999999946449[39m,
  structureTime: [33m0.07299999999668216[39m,
  riverTime: [33m0.01479999999719439[39m,
  totalTime: [33m158.22589999999764[39m
}
Chunk (0, 2) generation metrics: {
  terrainTime: [33m0.6046999999962281[39m,
  biomeTime: [33m141.44400000000314[39m,
  resourceTime: [33m0.1264999999984866[39m,
  structureTime: [33m0.07190000000264263[39m,
  riverTime: [33m0.015500000001338776[39m,
  totalTime: [33m142.2832000000053[39m
}
Chunk (1, 2) generation metrics: {
  terrainTime: [33m0.6787999999942258[39m,
  biomeTime: [33m145.93390000000363[39m,
  resourceTime: [33m0.12520000000222353[39m,
  structureTime: [33m0.09649999999965075[39m,
  riverTime: [33m0.016499999997904524[39m,
  totalTime: [33m146.8752999999997[39m
}
Chunk (2, 2) generation metrics: {
  terrainTime: [33m0.6103999999977532[39m,
  biomeTime: [33m147.40950000000157[39m,
  resourceTime: [33m0.12489999999525025[39m,
  structureTime: [33m0.08770000000367872[39m,
  riverTime: [33m0.06499999999505235[39m,
  totalTime: [33m148.32120000000577[39m
}
Chunk (3, 2) generation metrics: {
  terrainTime: [33m0.6036999999996624[39m,
  biomeTime: [33m150.4349000000002[39m,
  resourceTime: [33m0.1250999999974738[39m,
  structureTime: [33m0.0786999999982072[39m,
  riverTime: [33m0.014800000004470348[39m,
  totalTime: [33m151.27829999999813[39m
}
Chunk (-3, 3) generation metrics: {
  terrainTime: [33m0.6087999999945168[39m,
  biomeTime: [33m146.89360000000306[39m,
  resourceTime: [33m0.11970000000292202[39m,
  structureTime: [33m0.08010000000649597[39m,
  riverTime: [33m0.01359999999840511[39m,
  totalTime: [33m147.73929999999382[39m
}
Chunk (-2, 3) generation metrics: {
  terrainTime: [33m0.5894000000043889[39m,
  biomeTime: [33m156.24240000000282[39m,
  resourceTime: [33m0.12069999999948777[39m,
  structureTime: [33m0.060899999996763654[39m,
  riverTime: [33m0.1875[39m,
  totalTime: [33m157.21889999999985[39m
}
Chunk (-1, 3) generation metrics: {
  terrainTime: [33m0.609599999996135[39m,
  biomeTime: [33m147.03809999999794[39m,
  resourceTime: [33m0.12950000000273576[39m,
  structureTime: [33m0.08139999999548309[39m,
  riverTime: [33m0.18989999999757856[39m,
  totalTime: [33m148.0697[39m
}
Chunk (0, 3) generation metrics: {
  terrainTime: [33m0.6045000000012806[39m,
  biomeTime: [33m140.49060000000463[39m,
  resourceTime: [33m0.11809999999968568[39m,
  structureTime: [33m0.10540000000037253[39m,
  riverTime: [33m0.013800000000628643[39m,
  totalTime: [33m141.35759999999573[39m
}
Chunk (1, 3) generation metrics: {
  terrainTime: [33m0.6139000000039232[39m,
  biomeTime: [33m147.35510000000068[39m,
  resourceTime: [33m0.11810000000696164[39m,
  structureTime: [33m0.07699999999749707[39m,
  riverTime: [33m0.20370000000548316[39m,
  totalTime: [33m148.38960000000225[39m
}
Chunk (2, 3) generation metrics: {
  terrainTime: [33m0.385999999998603[39m,
  biomeTime: [33m141.91689999999653[39m,
  resourceTime: [33m0.12149999999382999[39m,
  structureTime: [33m0.08559999999852153[39m,
  riverTime: [33m0.088900000002468[39m,
  totalTime: [33m142.62000000000262[39m
}
Chunk (3, 3) generation metrics: {
  terrainTime: [33m0.5849999999991269[39m,
  biomeTime: [33m152.67369999999937[39m,
  resourceTime: [33m0.11899999999877764[39m,
  structureTime: [33m0.10120000000461005[39m,
  riverTime: [33m0.006699999998090789[39m,
  totalTime: [33m153.50970000000234[39m
}
Loaded 49 chunks in 7296.65ms

[90mstdout[2m | demo/src/core/DemoApp.worker-pool.integration.test.ts[2m > [22m[2mDemoApp - Worker Pool Integration[2m > [22m[2mEnable Workers and Generate Multiple Chunks in Parallel (Requirements 8.1, 8.2, 8.5)[2m > [22m[2mshould update worker pool statistics in app state[22m[39m
DemoApp initialized successfully
Chunk (-1, -1) generation metrics: {
  terrainTime: [33m0.5909000000028755[39m,
  biomeTime: [33m139.83080000000336[39m,
  resourceTime: [33m0.1245000000053551[39m,
  structureTime: [33m0.09230000000388827[39m,
  riverTime: [33m0.1768999999985681[39m,
  totalTime: [33m140.840200000006[39m
}
Chunk (0, -1) generation metrics: {
  terrainTime: [33m0.6167999999961467[39m,
  biomeTime: [33m156.96089999999822[39m,
  resourceTime: [33m0.1353000000017346[39m,
  structureTime: [33m0.08139999999548309[39m,
  riverTime: [33m0.0063999999983934686[39m,
  totalTime: [33m157.82540000000154[39m
}
Chunk (1, -1) generation metrics: {
  terrainTime: [33m0.688800000003539[39m,
  biomeTime: [33m152.137999999999[39m,
  resourceTime: [33m0.12550000000192085[39m,
  structureTime: [33m0.08049999999639113[39m,
  riverTime: [33m0.0544000000008964[39m,
  totalTime: [33m153.1117000000013[39m
}
Chunk (-1, 0) generation metrics: {
  terrainTime: [33m1.0484999999971478[39m,
  biomeTime: [33m149.85250000000087[39m,
  resourceTime: [33m0.12980000000243308[39m,
  structureTime: [33m0.1275999999998021[39m,
  riverTime: [33m0.257900000004156[39m,
  totalTime: [33m151.4415999999983[39m
}
Chunk (0, 0) generation metrics: {
  terrainTime: [33m0.6192000000010012[39m,
  biomeTime: [33m133.7045999999973[39m,
  resourceTime: [33m0.1352000000042608[39m,
  structureTime: [33m0.09029999999620486[39m,
  riverTime: [33m0.0063999999983934686[39m,
  totalTime: [33m134.57879999999568[39m
}
Chunk (1, 0) generation metrics: {
  terrainTime: [33m0.6140999999988708[39m,
  biomeTime: [33m141.09619999999995[39m,
  resourceTime: [33m0.1169000000008964[39m,
  structureTime: [33m0.1036999999996624[39m,
  riverTime: [33m0.005499999999301508[39m,
  totalTime: [33m141.95880000000034[39m
}
Chunk (-1, 1) generation metrics: {
  terrainTime: [33m0.6041000000041095[39m,
  biomeTime: [33m151.14799999999377[39m,
  resourceTime: [33m0.1349999999947613[39m,
  structureTime: [33m0.0793000000048778[39m,
  riverTime: [33m0.006300000000919681[39m,
  totalTime: [33m151.99689999999828[39m
}
Chunk (0, 1) generation metrics: {
  terrainTime: [33m0.6062999999994645[39m,
  biomeTime: [33m153.33559999999852[39m,
  resourceTime: [33m0.07330000000365544[39m,
  structureTime: [33m0.06590000000142027[39m,
  riverTime: [33m0.00450000000273576[39m,
  totalTime: [33m154.10729999999603[39m
}
Chunk (1, 1) generation metrics: {
  terrainTime: [33m0.40610000000015134[39m,
  biomeTime: [33m147.87339999999676[39m,
  resourceTime: [33m0.1275999999998021[39m,
  structureTime: [33m0.07310000000143191[39m,
  riverTime: [33m0.005900000003748573[39m,
  totalTime: [33m148.50660000000062[39m
}
Loaded 9 chunks in 1336.03ms
World generated with seed: 12345

[90mstdout[2m | demo/src/core/DemoApp.worker-pool.integration.test.ts[2m > [22m[2mDemoApp - Worker Pool Integration[2m > [22m[2mEnable Workers and Generate Multiple Chunks in Parallel (Requirements 8.1, 8.2, 8.5)[2m > [22m[2mshould maintain consistent generation time with worker pool enabled[22m[39m
DemoApp initialized successfully
Chunk (-1, -1) generation metrics: {
  terrainTime: [33m0.5810999999957858[39m,
  biomeTime: [33m138.8949999999968[39m,
  resourceTime: [33m0.12960000000020955[39m,
  structureTime: [33m0.07240000000456348[39m,
  riverTime: [33m0.17119999999704305[39m,
  totalTime: [33m139.87669999999343[39m
}
Chunk (0, -1) generation metrics: {
  terrainTime: [33m0.5999999999985448[39m,
  biomeTime: [33m142.08090000000084[39m,
  resourceTime: [33m0.12310000000434229[39m,
  structureTime: [33m0.08449999999720603[39m,
  riverTime: [33m0.0072000000000116415[39m,
  totalTime: [33m142.91919999999664[39m
}
Chunk (1, -1) generation metrics: {
  terrainTime: [33m0.6077000000004773[39m,
  biomeTime: [33m144.44079999999667[39m,
  resourceTime: [33m0.1301999999996042[39m,
  structureTime: [33m0.08959999999933643[39m,
  riverTime: [33m0.054499999998370185[39m,
  totalTime: [33m145.34659999999712[39m
}
Chunk (-1, 0) generation metrics: {
  terrainTime: [33m0.6071999999985565[39m,
  biomeTime: [33m151.82939999999508[39m,
  resourceTime: [33m0.11630000000150176[39m,
  structureTime: [33m0.12230000000272412[39m,
  riverTime: [33m0.21459999999933643[39m,
  totalTime: [33m152.90750000000116[39m
}
Chunk (0, 0) generation metrics: {
  terrainTime: [33m0.5889999999999418[39m,
  biomeTime: [33m144.4971000000005[39m,
  resourceTime: [33m0.1250999999974738[39m,
  structureTime: [33m0.0717000000004191[39m,
  riverTime: [33m0.006099999998696148[39m,
  totalTime: [33m145.30770000000484[39m
}
Chunk (1, 0) generation metrics: {
  terrainTime: [33m0.6028000000005704[39m,
  biomeTime: [33m129.81040000000212[39m,
  resourceTime: [33m0.11379999999917345[39m,
  structureTime: [33m0.10710000000108266[39m,
  riverTime: [33m0.006099999998696148[39m,
  totalTime: [33m130.66129999999976[39m
}
Chunk (-1, 1) generation metrics: {
  terrainTime: [33m0.5783999999985099[39m,
  biomeTime: [33m152.01699999999983[39m,
  resourceTime: [33m0.1205000000045402[39m,
  structureTime: [33m0.07459999999991851[39m,
  riverTime: [33m0.006300000000919681[39m,
  totalTime: [33m152.81879999999364[39m
}
Chunk (0, 1) generation metrics: {
  terrainTime: [33m0.593300000000454[39m,
  biomeTime: [33m144.62570000000414[39m,
  resourceTime: [33m0.1224000000001979[39m,
  structureTime: [33m0.06909999999334104[39m,
  riverTime: [33m0.006499999995867256[39m,
  totalTime: [33m145.4363000000012[39m
}
Chunk (1, 1) generation metrics: {
  terrainTime: [33m0.6098000000056345[39m,
  biomeTime: [33m151.11760000000504[39m,
  resourceTime: [33m0.12039999999979045[39m,
  structureTime: [33m0.5029999999969732[39m,
  riverTime: [33m0.008000000001629815[39m,
  totalTime: [33m152.3822[39m
}
Loaded 9 chunks in 1309.35ms

[90mstdout[2m | demo/src/core/DemoApp.worker-pool.integration.test.ts[2m > [22m[2mDemoApp - Worker Pool Integration[2m > [22m[2mEnable Workers and Generate Multiple Chunks in Parallel (Requirements 8.1, 8.2, 8.5)[2m > [22m[2mshould handle chunk loading with worker pool enabled[22m[39m
DemoApp initialized successfully
Chunk (-1, -1) generation metrics: {
  terrainTime: [33m0.5964999999996508[39m,
  biomeTime: [33m149.71760000000359[39m,
  resourceTime: [33m0.1261000000013155[39m,
  structureTime: [33m0.07879999999568099[39m,
  riverTime: [33m0.12010000000009313[39m,
  totalTime: [33m150.66120000000228[39m
}
Chunk (0, -1) generation metrics: {
  terrainTime: [33m0.6207999999969616[39m,
  biomeTime: [33m151.3050000000003[39m,
  resourceTime: [33m0.12230000000272412[39m,
  structureTime: [33m0.05429999999614665[39m,
  riverTime: [33m0.006300000000919681[39m,
  totalTime: [33m152.164300000004[39m
}
Chunk (1, -1) generation metrics: {
  terrainTime: [33m0.6250999999974738[39m,
  biomeTime: [33m142.9265000000014[39m,
  resourceTime: [33m0.12670000000071013[39m,
  structureTime: [33m0.07800000000133878[39m,
  riverTime: [33m0.038800000002083834[39m,
  totalTime: [33m143.8142000000007[39m
}
Chunk (-1, 0) generation metrics: {
  terrainTime: [33m0.6159000000043306[39m,
  biomeTime: [33m152.53720000000612[39m,
  resourceTime: [33m0.11469999999826541[39m,
  structureTime: [33m0.12429999999585561[39m,
  riverTime: [33m0.12369999999646097[39m,
  totalTime: [33m153.53770000000077[39m
}
Chunk (0, 0) generation metrics: {
  terrainTime: [33m0.628499999998894[39m,
  biomeTime: [33m147.53659999999945[39m,
  resourceTime: [33m0.06829999999899883[39m,
  structureTime: [33m0.06010000000242144[39m,
  riverTime: [33m0.003700000001117587[39m,
  totalTime: [33m148.3156999999992[39m
}
Chunk (1, 0) generation metrics: {
  terrainTime: [33m0.3889000000053784[39m,
  biomeTime: [33m165.91129999999976[39m,
  resourceTime: [33m0.12440000000060536[39m,
  structureTime: [33m0.10210000000370201[39m,
  riverTime: [33m0.005799999998998828[39m,
  totalTime: [33m166.54959999999846[39m
}
Chunk (-1, 1) generation metrics: {
  terrainTime: [33m0.6005000000004657[39m,
  biomeTime: [33m146.52479999999923[39m,
  resourceTime: [33m0.1220000000030268[39m,
  structureTime: [33m0.07770000000164146[39m,
  riverTime: [33m0.006400000005669426[39m,
  totalTime: [33m147.3527000000031[39m
}
Chunk (0, 1) generation metrics: {
  terrainTime: [33m0.5843999999997322[39m,
  biomeTime: [33m145.41090000000258[39m,
  resourceTime: [33m0.2173999999940861[39m,
  structureTime: [33m0.08009999999922002[39m,
  riverTime: [33m0.006300000000919681[39m,
  totalTime: [33m146.32269999999698[39m
}
Chunk (1, 1) generation metrics: {
  terrainTime: [33m0.5953999999983353[39m,
  biomeTime: [33m140.6247000000003[39m,
  resourceTime: [33m0.1330999999991036[39m,
  structureTime: [33m0.08999999999650754[39m,
  riverTime: [33m0.0063999999983934686[39m,
  totalTime: [33m141.4731000000029[39m
}
Loaded 9 chunks in 1351.80ms
Chunk (4, 4) generation metrics: {
  terrainTime: [33m0.61529999999766[39m,
  biomeTime: [33m139.55679999999847[39m,
  resourceTime: [33m0.12329999999928987[39m,
  structureTime: [33m0.06680000000051223[39m,
  riverTime: [33m0.27960000000166474[39m,
  totalTime: [33m140.6623000000036[39m
}
Chunk (5, 4) generation metrics: {
  terrainTime: [33m0.5820999999996275[39m,
  biomeTime: [33m143.68010000000504[39m,
  resourceTime: [33m0.12279999999736901[39m,
  structureTime: [33m0.08660000000236323[39m,
  riverTime: [33m0.11929999999847496[39m,
  totalTime: [33m144.61270000000513[39m
}
Chunk (6, 4) generation metrics: {
  terrainTime: [33m0.5858000000007451[39m,
  biomeTime: [33m155.13009999999485[39m,
  resourceTime: [33m0.11980000000039581[39m,
  structureTime: [33m0.07940000000235159[39m,
  riverTime: [33m0.091999999996915[39m,
  totalTime: [33m156.0306999999957[39m
}
Chunk (4, 5) generation metrics: {
  terrainTime: [33m0.5789000000004307[39m,
  biomeTime: [33m141.3096000000005[39m,
  resourceTime: [33m0.12030000000231666[39m,
  structureTime: [33m0.08859999999549473[39m,
  riverTime: [33m0.008000000001629815[39m,
  totalTime: [33m142.1290999999983[39m
}
Chunk (5, 5) generation metrics: {
  terrainTime: [33m0.581400000002759[39m,
  biomeTime: [33m148.18559999999707[39m,
  resourceTime: [33m0.12269999999989523[39m,
  structureTime: [33m0.0878999999986263[39m,
  riverTime: [33m0.06329999999434222[39m,
  totalTime: [33m149.063900000001[39m
}
Chunk (6, 5) generation metrics: {
  terrainTime: [33m0.5792999999976018[39m,
  biomeTime: [33m142.00360000000364[39m,
  resourceTime: [33m0.11789999999746215[39m,
  structureTime: [33m0.07669999999779975[39m,
  riverTime: [33m0.006300000000919681[39m,
  totalTime: [33m142.8070000000007[39m
}
Chunk (4, 6) generation metrics: {
  terrainTime: [33m0.5685999999986961[39m,
  biomeTime: [33m142.4788999999946[39m,
  resourceTime: [33m0.12299999999959255[39m,
  structureTime: [33m0.06380000000353903[39m,
  riverTime: [33m0.006000000001222361[39m,
  totalTime: [33m143.25790000000416[39m
}
Chunk (5, 6) generation metrics: {
  terrainTime: [33m0.5989999999947031[39m,
  biomeTime: [33m135.55909999999858[39m,
  resourceTime: [33m0.1320999999952619[39m,
  structureTime: [33m0.07729999999719439[39m,
  riverTime: [33m0.007500000006984919[39m,
  totalTime: [33m136.39719999999943[39m
}
Chunk (6, 6) generation metrics: {
  terrainTime: [33m0.611799999998766[39m,
  biomeTime: [33m129.83170000000246[39m,
  resourceTime: [33m0.11270000000513392[39m,
  structureTime: [33m0.07710000000224682[39m,
  riverTime: [33m0.005599999996775296[39m,
  totalTime: [33m130.66210000000137[39m
}
Loaded 9 chunks in 1287.29ms

[90mstdout[2m | demo/src/core/DemoApp.worker-pool.integration.test.ts[2m > [22m[2mDemoApp - Worker Pool Integration[2m > [22m[2mWorker Failure Recovery (Requirement 8.2)[2m > [22m[2mshould handle worker errors gracefully[22m[39m
DemoApp initialized successfully
Chunk (-1, -1) generation metrics: {
  terrainTime: [33m0.5901999999987311[39m,
  biomeTime: [33m138.3859999999986[39m,
  resourceTime: [33m0.1261000000013155[39m,
  structureTime: [33m0.0981000000028871[39m,
  riverTime: [33m0.12369999999646097[39m,
  totalTime: [33m139.3518999999942[39m
}
Chunk (0, -1) generation metrics: {
  terrainTime: [33m0.6195000000006985[39m,
  biomeTime: [33m139.51940000000468[39m,
  resourceTime: [33m0.12859999999636784[39m,
  structureTime: [33m0.07809999999881256[39m,
  riverTime: [33m0.005500000006577466[39m,
  totalTime: [33m140.3726999999999[39m
}
Chunk (1, -1) generation metrics: {
  terrainTime: [33m0.5924999999988358[39m,
  biomeTime: [33m142.08110000000306[39m,
  resourceTime: [33m0.13229999999748543[39m,
  structureTime: [33m0.08769999999640277[39m,
  riverTime: [33m0.041499999999359716[39m,
  totalTime: [33m142.95760000000155[39m
}
Chunk (-1, 0) generation metrics: {
  terrainTime: [33m0.6388999999981024[39m,
  biomeTime: [33m139.8018000000011[39m,
  resourceTime: [33m0.12449999999807915[39m,
  structureTime: [33m0.16270000000076834[39m,
  riverTime: [33m0.11499999999796273[39m,
  totalTime: [33m140.86650000000373[39m
}
Chunk (0, 0) generation metrics: {
  terrainTime: [33m0.7026999999943655[39m,
  biomeTime: [33m123.88160000000062[39m,
  resourceTime: [33m0.11349999999947613[39m,
  structureTime: [33m0.09410000000207219[39m,
  riverTime: [33m0.007100000002537854[39m,
  totalTime: [33m124.82209999999759[39m
}
Chunk (1, 0) generation metrics: {
  terrainTime: [33m0.5737000000008265[39m,
  biomeTime: [33m138.3969999999972[39m,
  resourceTime: [33m0.12079999999696156[39m,
  structureTime: [33m0.12410000000090804[39m,
  riverTime: [33m0.006600000000617001[39m,
  totalTime: [33m139.24760000000242[39m
}
Chunk (-1, 1) generation metrics: {
  terrainTime: [33m0.5948000000062166[39m,
  biomeTime: [33m146.20990000000165[39m,
  resourceTime: [33m0.1287000000011176[39m,
  structureTime: [33m0.08769999999640277[39m,
  riverTime: [33m0.007299999997485429[39m,
  totalTime: [33m147.0547000000006[39m
}
Chunk (0, 1) generation metrics: {
  terrainTime: [33m0.6055999999953201[39m,
  biomeTime: [33m158.6391999999978[39m,
  resourceTime: [33m0.12589999999909196[39m,
  structureTime: [33m0.07389999999577412[39m,
  riverTime: [33m0.007700000001932494[39m,
  totalTime: [33m159.47430000000168[39m
}
Chunk (1, 1) generation metrics: {
  terrainTime: [33m0.6069999999963329[39m,
  biomeTime: [33m155.136599999998[39m,
  resourceTime: [33m0.1265999999959604[39m,
  structureTime: [33m0.08940000000438886[39m,
  riverTime: [33m0.007100000002537854[39m,
  totalTime: [33m155.9913000000015[39m
}
Loaded 9 chunks in 1291.80ms
World generated with seed: 12345

[90mstdout[2m | demo/src/core/DemoApp.worker-pool.integration.test.ts[2m > [22m[2mDemoApp - Worker Pool Integration[2m > [22m[2mWorker Failure Recovery (Requirement 8.2)[2m > [22m[2mshould continue processing queue after worker error[22m[39m
DemoApp initialized successfully
Chunk (-1, -1) generation metrics: {
  terrainTime: [33m0.6157999999995809[39m,
  biomeTime: [33m159.90430000000197[39m,
  resourceTime: [33m0.12269999999989523[39m,
  structureTime: [33m0.07899999999790452[39m,
  riverTime: [33m0.12190000000555301[39m,
  totalTime: [33m160.86620000000403[39m
}
Chunk (0, -1) generation metrics: {
  terrainTime: [33m0.6319000000003143[39m,
  biomeTime: [33m167.433100000002[39m,
  resourceTime: [33m0.11980000000039581[39m,
  structureTime: [33m0.08290000000124564[39m,
  riverTime: [33m0.005900000003748573[39m,
  totalTime: [33m168.2966000000015[39m
}
Chunk (1, -1) generation metrics: {
  terrainTime: [33m0.5904999999984284[39m,
  biomeTime: [33m179.77709999999934[39m,
  resourceTime: [33m0.1264000000010128[39m,
  structureTime: [33m0.07690000000002328[39m,
  riverTime: [33m0.040300000000570435[39m,
  totalTime: [33m180.63179999999556[39m
}
Chunk (-1, 0) generation metrics: {
  terrainTime: [33m0.6215999999985797[39m,
  biomeTime: [33m186.7317000000039[39m,
  resourceTime: [33m0.1256000000066706[39m,
  structureTime: [33m0.11160000000381842[39m,
  riverTime: [33m0.11880000000383006[39m,
  totalTime: [33m187.72899999999936[39m
}
Chunk (0, 0) generation metrics: {
  terrainTime: [33m0.6189999999987776[39m,
  biomeTime: [33m159.4629999999961[39m,
  resourceTime: [33m0.08039999999891734[39m,
  structureTime: [33m0.05019999999785796[39m,
  riverTime: [33m0.004899999999906868[39m,
  totalTime: [33m160.25390000000334[39m
}
Chunk (1, 0) generation metrics: {
  terrainTime: [33m0.4225000000005821[39m,
  biomeTime: [33m140.35889999999927[39m,
  resourceTime: [33m0.11910000000352738[39m,
  structureTime: [33m0.08170000000245636[39m,
  riverTime: [33m0.005300000004353933[39m,
  totalTime: [33m141.00540000000183[39m
}
Chunk (-1, 1) generation metrics: {
  terrainTime: [33m0.6955000000016298[39m,
  biomeTime: [33m116.70060000000376[39m,
  resourceTime: [33m0.12630000000353903[39m,
  structureTime: [33m0.07340000000112923[39m,
  riverTime: [33m0.005799999998998828[39m,
  totalTime: [33m117.62219999999797[39m
}
Chunk (0, 1) generation metrics: {
  terrainTime: [33m0.5829999999987194[39m,
  biomeTime: [33m146.13729999999487[39m,
  resourceTime: [33m0.12170000000332948[39m,
  structureTime: [33m0.0974999999962165[39m,
  riverTime: [33m0.0072000000000116415[39m,
  totalTime: [33m146.97159999999712[39m
}
Chunk (1, 1) generation metrics: {
  terrainTime: [33m0.6028000000005704[39m,
  biomeTime: [33m130.52569999999832[39m,
  resourceTime: [33m0.11680000000342261[39m,
  structureTime: [33m0.08469999999942956[39m,
  riverTime: [33m0.006300000000919681[39m,
  totalTime: [33m131.35780000000523[39m
}
Loaded 9 chunks in 1396.36ms

[90mstdout[2m | demo/src/core/DemoApp.worker-pool.integration.test.ts[2m > [22m[2mDemoApp - Worker Pool Integration[2m > [22m[2mWorker Failure Recovery (Requirement 8.2)[2m > [22m[2mshould maintain worker pool stats after errors[22m[39m
DemoApp initialized successfully
Chunk (-1, -1) generation metrics: {
  terrainTime: [33m0.571299999995972[39m,
  biomeTime: [33m137.0734999999986[39m,
  resourceTime: [33m0.1205000000045402[39m,
  structureTime: [33m0.07099999999627471[39m,
  riverTime: [33m0.1268999999956577[39m,
  totalTime: [33m137.9844000000012[39m
}
Chunk (0, -1) generation metrics: {
  terrainTime: [33m0.6605000000054133[39m,
  biomeTime: [33m148.48180000000139[39m,
  resourceTime: [33m0.1091999999989639[39m,
[90mstderr[2m | demo/src/core/DemoApp.worker-pool.integration.test.ts[2m > [22m[2mDemoApp - Worker Pool Integra
tion[2m > [22m[2mEnable Workers and Generate Multiple Chunks in Parallel (Requirements 8.1, 8.2, 8.5)[2m > [22m
[2mshould maintain consistent generation time with worker pool enabled[22m[39m
DemoApp already initialized

  structureTime: [33m0.0717000000004191[39m,
  riverTime: [33m0.006000000001222361[39m,
  totalTime: [33m149.35179999999673[39m
}
Chunk (1, -1) generation metrics: {
  terrainTime: [33m0.5365000000019791[39m,
  biomeTime: [33m147.9673999999941[39m,
  resourceTime: [33m0.13500000000203727[39m,
  structureTime: [33m0.1603999999933876[39m,
  riverTime: [33m0.041499999999359716[39m,
  totalTime: [33m148.86549999999988[39m
}
Chunk (-1, 0) generation metrics: {
  terrainTime: [33m0.5750000000043656[39m,
  biomeTime: [33m146.79320000000007[39m,
  resourceTime: [33m0.12989999999990687[39m,
  structureTime: [33m0.11379999999917345[39m,
  riverTime: [33m0.12260000000242144[39m,
  totalTime: [33m147.7566999999981[39m
}
Chunk (0, 0) generation metrics: {
  terrainTime: [33m0.8447000000014668[39m,
  biomeTime: [33m140.39279999999417[39m,
  resourceTime: [33m0.12920000000303844[39m,
  structureTime: [33m0.07710000000224682[39m,
  riverTime: [33m0.007499999999708962[39m,
  totalTime: [33m141.4722000000038[39m
}
Chunk (1, 0) generation metrics: {
  terrainTime: [33m0.8531000000002678[39m,
  biomeTime: [33m140.09689999999682[39m,
  resourceTime: [33m0.12120000000140863[39m,
  structureTime: [33m0.09809999999561114[39m,
  riverTime: [33m0.006199999996169936[39m,
  totalTime: [33m141.19719999999506[39m
}
Chunk (-1, 1) generation metrics: {
  terrainTime: [33m0.7914000000018859[39m,
  biomeTime: [33m156.70120000000315[39m,
  resourceTime: [33m0.1261000000013155[39m,
  structureTime: [33m0.07590000000345754[39m,
  riverTime: [33m0.006099999998696148[39m,
  totalTime: [33m157.72520000000077[39m
}
Chunk (0, 1) generation metrics: {
  terrainTime: [33m0.6117000000012922[39m,
  biomeTime: [33m199.03110000000015[39m,
  resourceTime: [33m0.13009999999485444[39m,
  structureTime: [33m0.07069999999657739[39m,
  riverTime: [33m0.006499999995867256[39m,
  totalTime: [33m199.87100000000646[39m
}
Chunk (1, 1) generation metrics: {
  terrainTime: [33m0.6252999999996973[39m,
  biomeTime: [33m160.54390000000421[39m,
  resourceTime: [33m0.2448000000003958[39m,
  structureTime: [33m0.08469999999942956[39m,
  riverTime: [33m0.0063999999983934686[39m,
  totalTime: [33m161.6921000000002[39m
}
Loaded 9 chunks in 1388.11ms
World generated with seed: 12345

[90mstdout[2m | demo/src/core/DemoApp.worker-pool.integration.test.ts[2m > [22m[2mDemoApp - Worker Pool Integration[2m > [22m[2mWorker Failure Recovery (Requirement 8.2)[2m > [22m[2mshould handle worker timeout gracefully[22m[39m
DemoApp initialized successfully
Chunk (-1, -1) generation metrics: {
  terrainTime: [33m0.6113999999943189[39m,
  biomeTime: [33m179.3391000000047[39m,
  resourceTime: [33m0.13140000000566943[39m,
  structureTime: [33m0.07280000000173459[39m,
  riverTime: [33m0.13040000000182772[39m,
  totalTime: [33m180.30599999999686[39m
}
Chunk (0, -1) generation metrics: {
  terrainTime: [33m0.6418999999950756[39m,
  biomeTime: [33m170.83989999999903[39m,
  resourceTime: [33m0.14089999999850988[39m,
  structureTime: [33m0.08449999999720603[39m,
  riverTime: [33m0.007699999994656537[39m,
  totalTime: [33m171.73659999999654[39m
}
Chunk (1, -1) generation metrics: {
  terrainTime: [33m0.6186000000016065[39m,
  biomeTime: [33m178.74430000000575[39m,
  resourceTime: [33m0.13179999999556458[39m,
  structureTime: [33m0.07839999999850988[39m,
  riverTime: [33m0.1143000000010943[39m,
  totalTime: [33m179.71300000000338[39m
}
Chunk (-1, 0) generation metrics: {
  terrainTime: [33m0.6221999999979744[39m,
  biomeTime: [33m162.26550000000134[39m,
  resourceTime: [33m0.12670000000071013[39m,
  structureTime: [33m0.11370000000169966[39m,
  riverTime: [33m0.1209000000017113[39m,
  totalTime: [33m163.2693999999974[39m
}
Chunk (0, 0) generation metrics: {
  terrainTime: [33m0.5815000000002328[39m,
  biomeTime: [33m142.7479999999996[39m,
  resourceTime: [33m0.13139999999839347[39m,
  structureTime: [33m0.0731999999989057[39m,
  riverTime: [33m0.006800000002840534[39m,
  totalTime: [33m143.55980000000272[39m
}
Chunk (1, 0) generation metrics: {
  terrainTime: [33m2.818600000005972[39m,
  biomeTime: [33m187.38040000000183[39m,
  resourceTime: [33m0.1294999999954598[39m,
  structureTime: [33m0.10150000000430737[39m,
  riverTime: [33m0.006100000005972106[39m,
  totalTime: [33m190.48769999999786[39m
}
Chunk (-1, 1) generation metrics: {
  terrainTime: [33m0.631600000000617[39m,
  biomeTime: [33m153.61629999999423[39m,
  resourceTime: [33m0.125[39m,
  structureTime: [33m0.06599999999889405[39m,
  riverTime: [33m0.006199999996169936[39m,
  totalTime: [33m154.46220000000176[39m
}
Chunk (0, 1) generation metrics: {
  terrainTime: [33m0.5957000000053085[39m,
  biomeTime: [33m150.78699999999662[39m,
  resourceTime: [33m0.06700000000273576[39m,
  structureTime: [33m0.06090000000403961[39m,
  riverTime: [33m0.004799999995157123[39m,
  totalTime: [33m151.53399999999965[39m
}
Chunk (1, 1) generation metrics: {
  terrainTime: [33m0.45979999999690335[39m,
  biomeTime: [33m161.2059999999983[39m,
  resourceTime: [33m0.16030000000318978[39m,
  structureTime: [33m0.0864000000001397[39m,
  riverTime: [33m0.006900000000314321[39m,
  totalTime: [33m161.9386999999988[39m
}
Loaded 9 chunks in 1498.58ms
World generated with seed: 12345

[90mstdout[2m | demo/src/core/DemoApp.worker-pool.integration.test.ts[2m > [22m[2mDemoApp - Worker Pool Integration[2m > [22m[2mPerformance Scaling with Multiple Workers (Requirement 8.5)[2m > [22m[2mshould maintain consistent performance with different worker counts[22m[39m
DemoApp initialized successfully
Chunk (-2, -2) generation metrics: {
  terrainTime: [33m0.6350999999995111[39m,
  biomeTime: [33m161.49599999999919[39m,
  resourceTime: [33m0.12299999999959255[39m,
  structureTime: [33m0.06839999999647262[39m,
  riverTime: [33m0.021699999997508712[39m,
  totalTime: [33m162.3646000000008[39m
}
Chunk (-1, -2) generation metrics: {
  terrainTime: [33m0.5872999999992317[39m,
  biomeTime: [33m151.13839999999618[39m,
  resourceTime: [33m0.12670000000071013[39m,
  structureTime: [33m0.07379999999830034[39m,
  riverTime: [33m0.05069999999977881[39m,
  totalTime: [33m151.99639999999636[39m
}
Chunk (0, -2) generation metrics: {
  terrainTime: [33m0.6270000000004075[39m,
  biomeTime: [33m164.6021000000037[39m,
  resourceTime: [33m0.1326000000044587[39m,
  structureTime: [33m0.1103000000002794[39m,
  riverTime: [33m0.006799999995564576[39m,
  totalTime: [33m165.49900000000343[39m
}
Chunk (1, -2) generation metrics: {
  terrainTime: [33m0.5936000000001513[39m,
  biomeTime: [33m147.958000000006[39m,
  resourceTime: [33m0.12740000000485452[39m,
  structureTime: [33m0.07730000000447035[39m,
  riverTime: [33m0.006999999997788109[39m,
  totalTime: [33m148.78519999999844[39m
}
Chunk (2, -2) generation metrics: {
  terrainTime: [33m0.6043999999965308[39m,
  biomeTime: [33m145.2728999999963[39m,
  resourceTime: [33m0.14469999999710126[39m,
  structureTime: [33m0.11119999999937136[39m,
  riverTime: [33m0.005700000001525041[39m,
  totalTime: [33m146.16219999999885[39m
}
Chunk (-2, -1) generation metrics: {
  terrainTime: [33m0.6195000000006985[39m,
  biomeTime: [33m152.52730000000156[39m,
  resourceTime: [33m0.12359999999898719[39m,
  structureTime: [33m0.12769999999727588[39m,
  riverTime: [33m0.049299999998766[39m,
  totalTime: [33m153.47099999999773[39m
}
Chunk (-1, -1) generation metrics: {
  terrainTime: [33m0.6123000000006869[39m,
  biomeTime: [33m152.12980000000243[39m,
  resourceTime: [33m0.12679999999818392[39m,
  structureTime: [33m0.09090000000287546[39m,
  riverTime: [33m0.12769999999727588[39m,
  totalTime: [33m153.11360000000423[39m
}
Chunk (0, -1) generation metrics: {
  terrainTime: [33m0.6203000000023167[39m,
  biomeTime: [33m159.1935999999987[39m,
  resourceTime: [33m0.13200000000506407[39m,
  structureTime: [33m0.08650000000488944[39m,
  riverTime: [33m0.0063999999983934686[39m,
  totalTime: [33m160.06610000000364[39m
}
Chunk (1, -1) generation metrics: {
  terrainTime: [33m0.6286999999938416[39m,
  biomeTime: [33m151.33810000000085[39m,
  resourceTime: [33m0.12449999999807915[39m,
  structureTime: [33m0.08569999999599531[39m,
  riverTime: [33m0.041199999999662396[39m,
  totalTime: [33m152.2428[39m
}
Chunk (2, -1) generation metrics: {
  terrainTime: [33m0.590699999993376[39m,
  biomeTime: [33m146.91939999999886[39m,
  resourceTime: [33m0.12940000000526197[39m,
  structureTime: [33m0.12529999999969732[39m,
  riverTime: [33m0.006199999996169936[39m,
  totalTime: [33m147.79609999999957[39m
}
Chunk (-2, 0) generation metrics: {
  terrainTime: [33m0.6215999999985797[39m,
  biomeTime: [33m155.66199999999662[39m,
  resourceTime: [33m0.1264999999984866[39m,
  structureTime: [33m0.11680000000342261[39m,
  riverTime: [33m0.040000000000873115[39m,
  totalTime: [33m156.5923000000039[39m
}
Chunk (-1, 0) generation metrics: {
  terrainTime: [33m0.6184999999968568[39m,
  biomeTime: [33m143.77590000000055[39m,
  resourceTime: [33m0.12010000000009313[39m,
  structureTime: [33m0.10889999999926658[39m,
  riverTime: [33m0.11619999999675201[39m,
  totalTime: [33m144.76250000000437[39m
}
Chunk (0, 0) generation metrics: {
  terrainTime: [33m0.5897000000040862[39m,
  biomeTime: [33m137.79839999999967[39m,
  resourceTime: [33m0.1245000000053551[39m,
  structureTime: [33m0.0776999999943655[39m,
  riverTime: [33m0.006300000000919681[39m,
  totalTime: [33m138.6183000000019[39m
}
Chunk (1, 0) generation metrics: {
  terrainTime: [33m0.5731000000014319[39m,
  biomeTime: [33m142.22439999999915[39m,
  resourceTime: [33m0.12370000000373693[39m,
  structureTime: [33m0.1128000000026077[39m,
  riverTime: [33m0.006099999998696148[39m,
  totalTime: [33m143.0662999999986[39m
}
Chunk (2, 0) generation metrics: {
  terrainTime: [33m0.5976000000009662[39m,
  biomeTime: [33m146.41120000000228[39m,
  resourceTime: [33m0.13229999999748543[39m,
  structureTime: [33m0.08509999999660067[39m,
  riverTime: [33m0.007599999997182749[39m,
  totalTime: [33m147.29030000000057[39m
}
Chunk (-2, 1) generation metrics: {
  terrainTime: [33m0.5909000000028755[39m,
  biomeTime: [33m171.86529999999766[39m,
  resourceTime: [33m0.13439999999536667[39m,
  structureTime: [33m0.07800000000133878[39m,
  riverTime: [33m0.007700000001932494[39m,
  totalTime: [33m172.70040000000154[39m
}
Chunk (-1, 1) generation metrics: {
  terrainTime: [33m0.6264000000010128[39m,
  biomeTime: [33m141.5074999999997[39m,
  resourceTime: [33m0.12189999999827705[39m,
  structureTime: [33m0.07819999999628635[39m,
  riverTime: [33m0.005599999996775296[39m,
  totalTime: [33m142.36099999999715[39m
}
Chunk (0, 1) generation metrics: {
  terrainTime: [33m0.6047000000035041[39m,
  biomeTime: [33m135.66250000000582[39m,
  resourceTime: [33m0.07050000000162981[39m,
  structureTime: [33m0.06380000000353903[39m,
  riverTime: [33m0.004999999997380655[39m,
  totalTime: [33m136.4262000000017[39m
}
Chunk (1, 1) generation metrics: {
  terrainTime: [33m0.40350000000034925[39m,
  biomeTime: [33m146.6394999999975[39m,
  resourceTime: [33m0.12440000000060536[39m,
  structureTime: [33m0.08219999999710126[39m,
  riverTime: [33m0.006500000003143214[39m,
  totalTime: [33m147.2751000000062[39m
}
Chunk (2, 1) generation metrics: {
  terrainTime: [33m0.6019999999989523[39m,
  biomeTime: [33m161.47119999999995[39m,
  resourceTime: [33m0.1238999999986845[39m,
  structureTime: [33m0.07489999999961583[39m,
  riverTime: [33m0.005899999996472616[39m,
  totalTime: [33m162.30079999999725[39m
}
Chunk (-2, 2) generation metrics: {
  terrainTime: [33m0.6315000000031432[39m,
  biomeTime: [33m176.36699999999837[39m,
  resourceTime: [33m0.12939999999798601[39m,
  structureTime: [33m0.07609999999840511[39m,
  riverTime: [33m0.0072000000000116415[39m,
  totalTime: [33m177.23359999999957[39m
}
Chunk (-1, 2) generation metrics: {
  terrainTime: [33m0.6402999999991152[39m,
  biomeTime: [33m179.88930000000255[39m,
  resourceTime: [33m0.13350000000355067[39m,
  structureTime: [33m0.10360000000218861[39m,
  riverTime: [33m0.007100000002537854[39m,
  totalTime: [33m180.79849999999715[39m
}
Chunk (0, 2) generation metrics: {
  terrainTime: [33m0.6131999999997788[39m,
  biomeTime: [33m166.05040000000008[39m,
  resourceTime: [33m0.1275999999998021[39m,
  structureTime: [33m0.07929999999760184[39m,
  riverTime: [33m0.006099999998696148[39m,
  totalTime: [33m166.89979999999923[39m
}
Chunk (1, 2) generation metrics: {
  terrainTime: [33m0.5886000000027707[39m,
  biomeTime: [33m174.76350000000093[39m,
  resourceTime: [33m0.12140000000363216[39m,
  structureTime: [33m0.08520000000135042[39m,
  riverTime: [33m0.006699999998090789[39m,
  totalTime: [33m175.58779999999388[39m
}
Chunk (2, 2) generation metrics: {
  terrainTime: [33m0.6554000000032829[39m,
  biomeTime: [33m153.06120000000374[39m,
  resourceTime: [33m0.1576000000059139[39m,
  structureTime: [33m0.10459999999875436[39m,
  riverTime: [33m0.052999999999883585[39m,
  totalTime: [33m154.05630000000383[39m
}
Loaded 25 chunks in 3892.91ms

[90mstdout[2m | demo/src/core/DemoApp.worker-pool.integration.test.ts[2m > [22m[2mDemoApp - Worker Pool Integration[2m > [22m[2mPerformance Scaling with Multiple Workers (Requirement 8.5)[2m > [22m[2mshould scale worker count based on configuration[22m[39m
DemoApp initialized successfully
Chunk (-1, -1) generation metrics: {
  terrainTime: [33m0.7559999999939464[39m,
  biomeTime: [33m147.25920000000042[39m,
  resourceTime: [33m0.12660000000323635[39m,
  structureTime: [33m0.07449999999516876[39m,
  riverTime: [33m0.19039999999949941[39m,
  totalTime: [33m148.43069999999716[39m
}
Chunk (0, -1) generation metrics: {
  terrainTime: [33m0.6254999999946449[39m,
  biomeTime: [33m149.75240000000485[39m,
  resourceTime: [33m0.125[39m,
  structureTime: [33m0.0849000000016531[39m,
  riverTime: [33m0.006600000000617001[39m,
  totalTime: [33m150.61409999999887[39m
}
Chunk (1, -1) generation metrics: {
  terrainTime: [33m0.6608999999953085[39m,
  biomeTime: [33m158.4343000000008[39m,
  resourceTime: [33m0.12999999999738066[39m,
  structureTime: [33m0.07630000000062864[39m,
  riverTime: [33m0.03930000000400469[39m,
  totalTime: [33m159.36559999999736[39m
}
Chunk (-1, 0) generation metrics: {
  terrainTime: [33m0.6275999999998021[39m,
  biomeTime: [33m153.9464999999982[39m,
  resourceTime: [33m0.10650000000168802[39m,
  structureTime: [33m0.177800000004936[39m,
  riverTime: [33m0.1213999999963562[39m,
  totalTime: [33m155.0023000000001[39m
}
Chunk (0, 0) generation metrics: {
  terrainTime: [33m0.6184999999968568[39m,
  biomeTime: [33m164.95249999999942[39m,
  resourceTime: [33m0.12580000000161817[39m,
  structureTime: [33m0.08150000000023283[39m,
  riverTime: [33m0.0063999999983934686[39m,
  totalTime: [33m165.80740000000515[39m
}
Chunk (1, 0) generation metrics: {
  terrainTime: [33m0.6054999999978463[39m,
  biomeTime: [33m151.16210000000137[39m,
  resourceTime: [33m0.12290000000211876[39m,
  structureTime: [33m0.10450000000128057[39m,
  riverTime: [33m0.006300000000919681[39m,
  totalTime: [33m152.02189999999973[39m
}
Chunk (-1, 1) generation metrics: {
  terrainTime: [33m0.6039000000018859[39m,
  biomeTime: [33m164.8755999999994[39m,
[90mstderr[2m | demo/src/core/DemoApp.worker-pool.integration.test.ts[2m > [22m[2mDemoApp - Worker Pool Integra
tion[2m > [22m[2mPerformance Scaling with Multiple Workers (Requirement 8.5)[2m > [22m[2mshould maintain consi
stent performance with different worker counts[22m[39m
DemoApp already initialized

[90mstderr[2m | demo/src/core/DemoApp.worker-pool.integration.test.ts[2m > [22m[2mDemoApp - Worker Pool Integra
tion[2m > [22m[2mPerformance Scaling with Multiple Workers (Requirement 8.5)[2m > [22m[2mshould scale worker c
ount based on configuration[22m[39m
DemoApp already initialized

  resourceTime: [33m0.12619999999878928[39m,
  structureTime: [33m0.07190000000264263[39m,
  riverTime: [33m0.006900000000314321[39m,
  totalTime: [33m165.70479999999952[39m
}
Chunk (0, 1) generation metrics: {
  terrainTime: [33m0.5953999999983353[39m,
  biomeTime: [33m158.23479999999836[39m,
  resourceTime: [33m0.12550000000192085[39m,
  structureTime: [33m0.06970000000001164[39m,
  riverTime: [33m0.005499999999301508[39m,
  totalTime: [33m159.05129999999917[39m
}
Chunk (1, 1) generation metrics: {
  terrainTime: [33m0.6160999999992782[39m,
  biomeTime: [33m164.17229999999836[39m,
  resourceTime: [33m0.12279999999736901[39m,
  structureTime: [33m0.07050000000162981[39m,
  riverTime: [33m0.006500000003143214[39m,
  totalTime: [33m165.00909999999567[39m
}
Loaded 9 chunks in 1422.60ms
World generated with seed: 12345
Chunk (-1, -1) generation metrics: {
  terrainTime: [33m1.0826999999990221[39m,
  biomeTime: [33m153.28420000000187[39m,
  resourceTime: [33m0.1264999999984866[39m,
  structureTime: [33m0.09539999999833526[39m,
  riverTime: [33m0.18619999999646097[39m,
  totalTime: [33m154.8018000000011[39m
}
Chunk (0, -1) generation metrics: {
  terrainTime: [33m0.6209999999991851[39m,
  biomeTime: [33m154.18790000000445[39m,
  resourceTime: [33m0.1367000000027474[39m,
  structureTime: [33m0.20240000000194414[39m,
  riverTime: [33m0.0102000000042608[39m,
  totalTime: [33m155.22379999999976[39m
}
Chunk (1, -1) generation metrics: {
  terrainTime: [33m1.0867999999973108[39m,
  biomeTime: [33m150.76390000000538[39m,
  resourceTime: [33m0.12479999999777647[39m,
  structureTime: [33m0.057500000002619345[39m,
  riverTime: [33m0.033400000000256114[39m,
  totalTime: [33m152.08909999999742[39m
}
Chunk (-1, 0) generation metrics: {
  terrainTime: [33m0.6127000000051339[39m,
  biomeTime: [33m153.10269999999582[39m,
  resourceTime: [33m0.12290000000211876[39m,
  structureTime: [33m0.11669999999867287[39m,
  riverTime: [33m0.10190000000147847[39m,
  totalTime: [33m154.07749999999942[39m
}
Chunk (0, 0) generation metrics: {
  terrainTime: [33m0.5918999999994412[39m,
  biomeTime: [33m138.32670000000508[39m,
  resourceTime: [33m0.12690000000293367[39m,
  structureTime: [33m0.06869999999616994[39m,
  riverTime: [33m0.006499999995867256[39m,
  totalTime: [33m139.14050000000134[39m
}
Chunk (1, 0) generation metrics: {
  terrainTime: [33m0.6273999999975786[39m,
  biomeTime: [33m143.86089999999967[39m,
  resourceTime: [33m0.12850000000617[39m,
  structureTime: [33m0.09720000000379514[39m,
  riverTime: [33m0.006800000002840534[39m,
  totalTime: [33m144.74159999999392[39m
}
Chunk (-1, 1) generation metrics: {
  terrainTime: [33m0.6160000000018044[39m,
  biomeTime: [33m152.70190000000002[39m,
  resourceTime: [33m0.1253999999971711[39m,
  structureTime: [33m0.06949999999778811[39m,
  riverTime: [33m0.006000000001222361[39m,
  totalTime: [33m153.54049999999552[39m
}
Chunk (0, 1) generation metrics: {
  terrainTime: [33m0.6006999999954132[39m,
  biomeTime: [33m148.11070000000473[39m,
  resourceTime: [33m0.12920000000303844[39m,
  structureTime: [33m0.06590000000142027[39m,
  riverTime: [33m0.005799999998998828[39m,
  totalTime: [33m148.93060000000696[39m
}
Chunk (1, 1) generation metrics: {
  terrainTime: [33m0.6109999999971478[39m,
  biomeTime: [33m156.26690000000235[39m,
  resourceTime: [33m0.12089999999443535[39m,
  structureTime: [33m0.0710999999937485[39m,
  riverTime: [33m0.006500000003143214[39m,
  totalTime: [33m157.0975000000035[39m
}
Loaded 9 chunks in 1361.23ms
World generated with seed: 12345

[90mstdout[2m | demo/src/core/DemoApp.worker-pool.integration.test.ts[2m > [22m[2mDemoApp - Worker Pool Integration[2m > [22m[2mPerformance Scaling with Multiple Workers (Requirement 8.5)[2m > [22m[2mshould track per-worker generation time[22m[39m
DemoApp initialized successfully
Chunk (-1, -1) generation metrics: {
  terrainTime: [33m0.6199000000051456[39m,
  biomeTime: [33m145.32700000000477[39m,
  resourceTime: [33m0.12559999999939464[39m,
  structureTime: [33m0.05970000000525033[39m,
  riverTime: [33m0.10889999999926658[39m,
  totalTime: [33m146.26019999999698[39m
}
Chunk (0, -1) generation metrics: {
  terrainTime: [33m0.6219999999957508[39m,
  biomeTime: [33m144.36549999999988[39m,
  resourceTime: [33m0.1224000000001979[39m,
  structureTime: [33m0.07459999999991851[39m,
  riverTime: [33m0.005900000003748573[39m,
  totalTime: [33m145.20880000000034[39m
}
Chunk (1, -1) generation metrics: {
  terrainTime: [33m0.6166000000011991[39m,
  biomeTime: [33m154.33909999999742[39m,
  resourceTime: [33m0.12490000000252621[39m,
  structureTime: [33m0.10420000000158325[39m,
  riverTime: [33m0.056099999994330574[39m,
  totalTime: [33m155.26150000000052[39m
}
Chunk (-1, 0) generation metrics: {
  terrainTime: [33m0.6294999999954598[39m,
  biomeTime: [33m145.74719999999797[39m,
  resourceTime: [33m0.1504999999961001[39m,
  structureTime: [33m0.10929999999643769[39m,
  riverTime: [33m0.10699999999633292[39m,
  totalTime: [33m146.77070000000094[39m
}
Chunk (0, 0) generation metrics: {
  terrainTime: [33m1.037899999995716[39m,
  biomeTime: [33m141.2471000000005[39m,
  resourceTime: [33m0.12529999999969732[39m,
  structureTime: [33m0.06459999999788124[39m,
  riverTime: [33m0.0073999999949592166[39m,
  totalTime: [33m142.5040999999983[39m
}
Chunk (1, 0) generation metrics: {
  terrainTime: [33m0.612699999997858[39m,
  biomeTime: [33m143.21929999999702[39m,
  resourceTime: [33m0.15490000000136206[39m,
  structureTime: [33m0.11059999999997672[39m,
  riverTime: [33m0.006800000002840534[39m,
  totalTime: [33m144.1275999999998[39m
}
Chunk (-1, 1) generation metrics: {
  terrainTime: [33m1.2626000000018394[39m,
  biomeTime: [33m160.23679999999877[39m,
  resourceTime: [33m0.1967000000004191[39m,
  structureTime: [33m0.06279999999969732[39m,
  riverTime: [33m0.0072000000000116415[39m,
  totalTime: [33m161.7931000000026[39m
}
Chunk (0, 1) generation metrics: {
  terrainTime: [33m0.7189999999973224[39m,
  biomeTime: [33m153.18560000000434[39m,
  resourceTime: [33m0.07110000000102445[39m,
  structureTime: [33m0.04689999999391148[39m,
  riverTime: [33m0.004399999997986015[39m,
  totalTime: [33m154.04460000000108[39m
}
Chunk (1, 1) generation metrics: {
  terrainTime: [33m0.41189999999915017[39m,
  biomeTime: [33m145.25890000000072[39m,
  resourceTime: [33m0.12469999999302672[39m,
  structureTime: [33m0.06700000000273576[39m,
  riverTime: [33m0.006600000000617001[39m,
  totalTime: [33m145.88610000000335[39m
}
Loaded 9 chunks in 1343.40ms
World generated with seed: 12345

[90mstdout[2m | demo/src/core/DemoApp.worker-pool.integration.test.ts[2m > [22m[2mDemoApp - Worker Pool Integration[2m > [22m[2mPerformance Scaling with Multiple Workers (Requirement 8.5)[2m > [22m[2mshould handle large number of chunks efficiently[22m[39m
DemoApp initialized successfully
Chunk (-3, -3) generation metrics: {
  terrainTime: [33m0.6129999999975553[39m,
  biomeTime: [33m160.55300000000716[39m,
  resourceTime: [33m0.13200000000506407[39m,
  structureTime: [33m0.0797999999995227[39m,
  riverTime: [33m0.006400000005669426[39m,
  totalTime: [33m161.40499999999884[39m
}
Chunk (-2, -3) generation metrics: {
  terrainTime: [33m0.620599999994738[39m,
  biomeTime: [33m147.4132000000027[39m,
  resourceTime: [33m0.1305999999967753[39m,
  structureTime: [33m0.07500000000436557[39m,
  riverTime: [33m0.11359999999694992[39m,
  totalTime: [33m148.37460000000283[39m
}
Chunk (-1, -3) generation metrics: {
  terrainTime: [33m0.6340999999956694[39m,
  biomeTime: [33m149.74459999999817[39m,
  resourceTime: [33m0.11319999999977881[39m,
  structureTime: [33m0.07039999999688007[39m,
  riverTime: [33m0.04619999999704305[39m,
  totalTime: [33m150.62870000000112[39m
}
Chunk (0, -3) generation metrics: {
  terrainTime: [33m0.6261000000013155[39m,
  biomeTime: [33m157.10339999999997[39m,
  resourceTime: [33m0.1238999999986845[39m,
  structureTime: [33m0.11559999999735737[39m,
  riverTime: [33m0.005900000003748573[39m,
  totalTime: [33m157.99879999999393[39m
}
Chunk (1, -3) generation metrics: {
  terrainTime: [33m0.6031999999977415[39m,
  biomeTime: [33m141.97969999999623[39m,
  resourceTime: [33m0.1239999999961583[39m,
  structureTime: [33m0.061700000005657785[39m,
  riverTime: [33m0.005899999996472616[39m,
  totalTime: [33m142.79650000000402[39m
}
Chunk (2, -3) generation metrics: {
  terrainTime: [33m0.5872999999992317[39m,
  biomeTime: [33m149.58029999999417[39m,
  resourceTime: [33m0.06859999999869615[39m,
  structureTime: [33m0.062099999995552935[39m,
  riverTime: [33m0.027800000003480818[39m,
  totalTime: [33m150.3770000000004[39m
}
Chunk (3, -3) generation metrics: {
  terrainTime: [33m0.9310000000041327[39m,
  biomeTime: [33m151.19690000000264[39m,
  resourceTime: [33m0.12540000000444707[39m,
  structureTime: [33m0.07819999999628635[39m,
  riverTime: [33m0.06580000000394648[39m,
  totalTime: [33m152.41999999999825[39m
}
Chunk (-3, -2) generation metrics: {
  terrainTime: [33m0.6138999999966472[39m,
  biomeTime: [33m162.47269999999844[39m,
  resourceTime: [33m0.12569999999686843[39m,
  structureTime: [33m0.06930000000284053[39m,
  riverTime: [33m0.007100000002537854[39m,
  totalTime: [33m163.30889999999636[39m
}
Chunk (-2, -2) generation metrics: {
  terrainTime: [33m0.6070000000036089[39m,
  biomeTime: [33m141.6987999999983[39m,
  resourceTime: [33m0.07450000000244472[39m,
  structureTime: [33m0.07199999999284046[39m,
  riverTime: [33m0.020700000000942964[39m,
  totalTime: [33m142.54750000000058[39m
}
Chunk (-1, -2) generation metrics: {
  terrainTime: [33m0.6079000000027008[39m,
  biomeTime: [33m147.15619999999763[39m,
  resourceTime: [33m0.12999999999738066[39m,
  structureTime: [33m0.08320000000094296[39m,
  riverTime: [33m0.04550000000017462[39m,
  totalTime: [33m148.0463000000018[39m
}
Chunk (0, -2) generation metrics: {
  terrainTime: [33m0.6111999999993714[39m,
  biomeTime: [33m134.9745000000039[39m,
  resourceTime: [33m0.07609999999840511[39m,
  structureTime: [33m0.08859999999549473[39m,
  riverTime: [33m0.004000000000814907[39m,
  totalTime: [33m135.77339999999822[39m
}
Chunk (1, -2) generation metrics: {
  terrainTime: [33m0.4069999999992433[39m,
  biomeTime: [33m146.00710000000254[39m,
  resourceTime: [33m0.12380000000121072[39m,
  structureTime: [33m0.0904999999984284[39m,
  riverTime: [33m0.006099999998696148[39m,
  totalTime: [33m146.65800000000309[39m
}
Chunk (2, -2) generation metrics: {
  terrainTime: [33m0.6286999999938416[39m,
  biomeTime: [33m145.08750000000146[39m,
  resourceTime: [33m0.13529999999445863[39m,
  structureTime: [33m0.11980000000039581[39m,
  riverTime: [33m0.006699999998090789[39m,
  totalTime: [33m146.0020000000004[39m
}
Chunk (3, -2) generation metrics: {
  terrainTime: [33m0.6149000000004889[39m,
  biomeTime: [33m151.76399999999558[39m,
  resourceTime: [33m0.1305999999967753[39m,
  structureTime: [33m0.0797999999995227[39m,
  riverTime: [33m0.0062000000034458935[39m,
  totalTime: [33m152.61730000000534[39m
}
Chunk (-3, -1) generation metrics: {
  terrainTime: [33m0.5741000000052736[39m,
  biomeTime: [33m142.22529999999824[39m,
  resourceTime: [33m0.14059999999881256[39m,
  structureTime: [33m0.08430000000225846[39m,
  riverTime: [33m0.03570000000036089[39m,
  totalTime: [33m143.08350000000064[39m
}
Chunk (-2, -1) generation metrics: {
  terrainTime: [33m0.6731999999974505[39m,
  biomeTime: [33m155.41189999999915[39m,
  resourceTime: [33m0.12369999999646097[39m,
  structureTime: [33m0.11809999999968568[39m,
  riverTime: [33m0.040300000000570435[39m,
  totalTime: [33m156.39010000000417[39m
}
Chunk (-1, -1) generation metrics: {
  terrainTime: [33m0.6116000000038184[39m,
  biomeTime: [33m157.44409999999334[39m,
  resourceTime: [33m0.12879999999859137[39m,
  structureTime: [33m0.08469999999942956[39m,
  riverTime: [33m0.11039999999775318[39m,
  totalTime: [33m158.40239999999903[39m
}
Chunk (0, -1) generation metrics: {
  terrainTime: [33m0.6220000000030268[39m,
  biomeTime: [33m150.69720000000234[39m,
  resourceTime: [33m0.40209999999933643[39m,
  structureTime: [33m0.16180000000167638[39m,
  riverTime: [33m0.008399999998800922[39m,
  totalTime: [33m151.91839999999502[39m
}
Chunk (1, -1) generation metrics: {
  terrainTime: [33m0.6540000000022701[39m,
  biomeTime: [33m145.19810000000143[39m,
  resourceTime: [33m0.12559999999939464[39m,
  structureTime: [33m0.07430000000022119[39m,
  riverTime: [33m0.03540000000066357[39m,
  totalTime: [33m146.1082000000024[39m
}
Chunk (2, -1) generation metrics: {
  terrainTime: [33m1.0374999999985448[39m,
  biomeTime: [33m148.25909999999567[39m,
  resourceTime: [33m0.1282000000064727[39m,
  structureTime: [33m0.12690000000293367[39m,
  riverTime: [33m0.0063999999983934686[39m,
  totalTime: [33m149.5824999999968[39m
}
Chunk (3, -1) generation metrics: {
  terrainTime: [33m0.6097000000008848[39m,
  biomeTime: [33m140.45260000000417[39m,
  resourceTime: [33m0.1235000000015134[39m,
  structureTime: [33m0.11310000000230502[39m,
  riverTime: [33m0.0054000000018277206[39m,
  totalTime: [33m141.32690000000002[39m
}
Chunk (-3, 0) generation metrics: {
  terrainTime: [33m0.6134000000020023[39m,
  biomeTime: [33m147.7294000000038[39m,
  resourceTime: [33m0.12230000000272412[39m,
  structureTime: [33m0.11209999999846332[39m,
  riverTime: [33m0.023000000001047738[39m,
  totalTime: [33m148.6203999999998[39m
}
Chunk (-2, 0) generation metrics: {
  terrainTime: [33m0.6195999999981723[39m,
  biomeTime: [33m135.9024999999965[39m,
  resourceTime: [33m0.12219999999797437[39m,
  structureTime: [33m0.11950000000069849[39m,
  riverTime: [33m0.0319999999992433[39m,
  totalTime: [33m136.81609999999637[39m
}
Chunk (-1, 0) generation metrics: {
  terrainTime: [33m0.6102000000028056[39m,
  biomeTime: [33m142.11699999999837[39m,
  resourceTime: [33m0.12630000000353903[39m,
  structureTime: [33m0.16999999999825377[39m,
  riverTime: [33m0.10680000000138534[39m,
  totalTime: [33m143.15149999999994[39m
}
Chunk (0, 0) generation metrics: {
  terrainTime: [33m0.6333999999988009[39m,
  biomeTime: [33m125.84109999999782[39m,
  resourceTime: [33m0.06710000000020955[39m,
  structureTime: [33m0.046699999998963904[39m,
  riverTime: [33m0.004899999999906868[39m,
  totalTime: [33m126.61009999999806[39m
}
Chunk (1, 0) generation metrics: {
  terrainTime: [33m0.38509999999951106[39m,
  biomeTime: [33m140.66709999999875[39m,
  resourceTime: [33m0.1209000000017113[39m,
  structureTime: [33m0.07450000000244472[39m,
  riverTime: [33m0.005799999998998828[39m,
  totalTime: [33m141.27369999999792[39m
}
Chunk (2, 0) generation metrics: {
  terrainTime: [33m0.5924000000013621[39m,
  biomeTime: [33m137.11239999999816[39m,
  resourceTime: [33m0.13109999999869615[39m,
  structureTime: [33m0.08489999999437714[39m,
  riverTime: [33m0.007300000004761387[39m,
  totalTime: [33m137.95230000000447[39m
}
Chunk (3, 0) generation metrics: {
  terrainTime: [33m0.5995000000038999[39m,
  biomeTime: [33m126.09369999999763[39m,
  resourceTime: [33m0.12700000000040745[39m,
  structureTime: [33m0.06010000000242144[39m,
  riverTime: [33m0.0063999999983934686[39m,
  totalTime: [33m126.9094999999943[39m
}
Chunk (-3, 1) generation metrics: {
  terrainTime: [33m0.6108000000022002[39m,
  biomeTime: [33m141.66210000000137[39m,
  resourceTime: [33m0.1550000000061118[39m,
  structureTime: [33m0.051400000003923196[39m,
  riverTime: [33m0.007299999997485429[39m,
  totalTime: [33m142.50370000000112[39m
}
Chunk (-2, 1) generation metrics: {
  terrainTime: [33m0.6124000000054366[39m,
  biomeTime: [33m151.43589999999676[39m,
  resourceTime: [33m0.1275000000023283[39m,
  structureTime: [33m0.05610000000160653[39m,
  riverTime: [33m0.006900000000314321[39m,
  totalTime: [33m152.2597999999998[39m
}
Chunk (-1, 1) generation metrics: {
  terrainTime: [33m0.6319000000003143[39m,
  biomeTime: [33m147.41629999999714[39m,
  resourceTime: [33m0.13490000000456348[39m,
  structureTime: [33m0.07860000000073342[39m,
  riverTime: [33m0.006999999997788109[39m,
  totalTime: [33m148.2934000000023[39m
}
Chunk (0, 1) generation metrics: {
  terrainTime: [33m0.6177999999999884[39m,
  biomeTime: [33m142.83750000000146[39m,
  resourceTime: [33m0.07370000000082655[39m,
  structureTime: [33m0.05099999999947613[39m,
  riverTime: [33m0.0044999999954598024[39m,
  totalTime: [33m143.6047000000035[39m
}
Chunk (1, 1) generation metrics: {
  terrainTime: [33m0.4029999999984284[39m,
  biomeTime: [33m138.02729999999428[39m,
  resourceTime: [33m0.12950000000273576[39m,
  structureTime: [33m0.05879999999888241[39m,
  riverTime: [33m0.006499999995867256[39m,
  totalTime: [33m138.64400000000023[39m
}
Chunk (2, 1) generation metrics: {
  terrainTime: [33m0.6045000000012806[39m,
  biomeTime: [33m143.20300000000134[39m,
  resourceTime: [33m0.13429999999789288[39m,
  structureTime: [33m0.06289999999717111[39m,
  riverTime: [33m0.005799999998998828[39m,
  totalTime: [33m144.0358999999953[39m
}
Chunk (3, 1) generation metrics: {
  terrainTime: [33m1.014499999997497[39m,
  biomeTime: [33m147.33329999999842[39m,
  resourceTime: [33m0.131600000000617[39m,
  structureTime: [33m0.06429999999818392[39m,
  riverTime: [33m0.11699999999837019[39m,
  totalTime: [33m148.6828999999998[39m
}
Chunk (-3, 2) generation metrics: {
  terrainTime: [33m0.5862000000051921[39m,
  biomeTime: [33m164.0408000000025[39m,
  resourceTime: [33m0.12580000000161817[39m,
  structureTime: [33m0.05909999999857973[39m,
  riverTime: [33m0.0062000000034458935[39m,
  totalTime: [33m164.87739999999758[39m
}
Chunk (-2, 2) generation metrics: {
  terrainTime: [33m0.64259999999922[39m,
  biomeTime: [33m160.23399999999674[39m,
  resourceTime: [33m0.12739999999757856[39m,
  structureTime: [33m0.07340000000112923[39m,
  riverTime: [33m0.0072000000000116415[39m,
  totalTime: [33m161.10949999999866[39m
}
Chunk (-1, 2) generation metrics: {
  terrainTime: [33m0.6240000000034343[39m,
  biomeTime: [33m160.4727999999959[39m,
  resourceTime: [33m0.12880000000586733[39m,
  structureTime: [33m0.06440000000293367[39m,
  riverTime: [33m0.007099999995261896[39m,
  totalTime: [33m161.32040000000416[39m
}
Chunk (0, 2) generation metrics: {
  terrainTime: [33m0.6155999999973574[39m,
  biomeTime: [33m154.7184999999954[39m,
  resourceTime: [33m0.1301000000021304[39m,
  structureTime: [33m0.07350000000587897[39m,
  riverTime: [33m0.007799999999406282[39m,
  totalTime: [33m155.56960000000254[39m
}
Chunk (1, 2) generation metrics: {
  terrainTime: [33m0.772000000004482[39m,
  biomeTime: [33m147.17109999999957[39m,
  resourceTime: [33m0.13190000000031432[39m,
  structureTime: [33m0.06519999999727588[39m,
  riverTime: [33m0.0073999999949592166[39m,
  totalTime: [33m148.2873000000036[39m
}
Chunk (2, 2) generation metrics: {
  terrainTime: [33m0.5869999999995343[39m,
  biomeTime: [33m132.78330000000278[39m,
  resourceTime: [33m0.12010000000009313[39m,
  structureTime: [33m0.058400000001711305[39m,
  riverTime: [33m0.03709999999409774[39m,
  totalTime: [33m133.60889999999927[39m
}
Chunk (3, 2) generation metrics: {
  terrainTime: [33m1.9879000000000815[39m,
  biomeTime: [33m153.96270000000368[39m,
  resourceTime: [33m0.12490000000252621[39m,
  structureTime: [33m0.06409999999596039[39m,
  riverTime: [33m0.006499999995867256[39m,
  totalTime: [33m156.16760000000068[39m
}
Chunk (-3, 3) generation metrics: {
  terrainTime: [33m0.5900000000037835[39m,
  biomeTime: [33m158.45120000000315[39m,
  resourceTime: [33m0.1326000000044587[39m,
  structureTime: [33m0.06790000000182772[39m,
  riverTime: [33m0.006000000001222361[39m,
  totalTime: [33m159.27000000000407[39m
}
Chunk (-2, 3) generation metrics: {
  terrainTime: [33m0.6169000000008964[39m,
  biomeTime: [33m145.15389999999752[39m,
  resourceTime: [33m0.13180000000284053[39m,
  structureTime: [33m0.06700000000273576[39m,
  riverTime: [33m0.10760000000300352[39m,
  totalTime: [33m146.09599999999773[39m
}
Chunk (-1, 3) generation metrics: {
  terrainTime: [33m0.6687999999994645[39m,
  biomeTime: [33m148.748599999999[39m,
  resourceTime: [33m0.13880000000062864[39m,
  structureTime: [33m0.0761999999958789[39m,
  riverTime: [33m0.12119999999413267[39m,
  totalTime: [33m149.77759999999398[39m
}
Chunk (0, 3) generation metrics: {
  terrainTime: [33m0.6266999999934342[39m,
  biomeTime: [33m146.37400000000343[39m,
  resourceTime: [33m0.12310000000434229[39m,
  structureTime: [33m0.06139999999868451[39m,
  riverTime: [33m0.006199999996169936[39m,
  totalTime: [33m147.20960000000196[39m
}
Chunk (1, 3) generation metrics: {
  terrainTime: [33m0.6211000000039348[39m,
  biomeTime: [33m145.6149000000005[39m,
  resourceTime: [33m0.12930000000051223[39m,
  structureTime: [33m0.03770000000076834[39m,
  riverTime: [33m0.12340000000403961[39m,
  totalTime: [33m146.5411000000022[39m
}
Chunk (2, 3) generation metrics: {
  terrainTime: [33m0.6168000000034226[39m,
  biomeTime: [33m148.4565999999977[39m,
  resourceTime: [33m0.13300000000162981[39m,
  structureTime: [33m0.06790000000182772[39m,
  riverTime: [33m0.006500000003143214[39m,
  totalTime: [33m149.30079999999725[39m
}
Chunk (3, 3) generation metrics: {
  terrainTime: [33m0.6149999999979627[39m,
  biomeTime: [33m134.31349999999657[39m,
  resourceTime: [33m0.06729999999515712[39m,
  structureTime: [33m0.0625[39m,
  riverTime: [33m0.004099999998288695[39m,
  totalTime: [33m135.07910000000265[39m
}
Loaded 49 chunks in 7248.45ms

[90mstdout[2m | demo/src/core/DemoApp.worker-pool.integration.test.ts[2m > [22m[2mDemoApp - Worker Pool Integration[2m > [22m[2mPerformance Scaling with Multiple Workers (Requirement 8.5)[2m > [22m[2mshould maintain performance with worker pool disabled[22m[39m
DemoApp initialized successfully
Chunk (-1, -1) generation metrics: {
  terrainTime: [33m0.605200000005425[39m,
  biomeTime: [33m160.40759999999864[39m,
  resourceTime: [33m0.12449999999807915[39m,
  structureTime: [33m0.06429999999818392[39m,
  riverTime: [33m0.17160000000149012[39m,
  totalTime: [33m161.41769999999815[39m
}
Chunk (0, -1) generation metrics: {
  terrainTime: [33m0.6090000000040163[39m,
  biomeTime: [33m152.5809999999983[39m,
  resourceTime: [33m0.12069999999948777[39m,
  structureTime: [33m0.05970000000525033[39m,
  riverTime: [33m0.006600000000617001[39m,
  totalTime: [33m153.3972999999969[39m
}
Chunk (1, -1) generation metrics: {
  terrainTime: [33m0.5892000000021653[39m,
  biomeTime: [33m149.84539999999834[39m,
  resourceTime: [33m0.127200000002631[39m,
  structureTime: [33m0.0702000000019325[39m,
  riverTime: [33m0.0341000000044005[39m,
  totalTime: [33m150.6886999999988[39m
}
Chunk (-1, 0) generation metrics: {
  terrainTime: [33m0.5990000000019791[39m,
  biomeTime: [33m130.2230999999956[39m,
  resourceTime: [33m0.12159999999857973[39m,
  structureTime: [33m0.07379999999830034[39m,
  riverTime: [33m0.09180000000196742[39m,
  totalTime: [33m131.13300000000163[39m
}
Chunk (0, 0) generation metrics: {
  terrainTime: [33m0.5014000000010128[39m,
  biomeTime: [33m133.61970000000292[39m,
  resourceTime: [33m0.13070000000152504[39m,
  structureTime: [33m0.07280000000173459[39m,
  riverTime: [33m0.007499999999708962[39m,
  totalTime: [33m134.35519999999815[39m
}
Chunk (1, 0) generation metrics: {
[90mstderr[2m | demo/src/core/DemoApp.worker-pool.integration.test.ts[2m > [22m[2mDemoApp - Worker Pool Integra
tion[2m > [22m[2mPerformance Scaling with Multiple Workers (Requirement 8.5)[2m > [22m[2mshould maintain perfo
rmance with worker pool disabled[22m[39m
DemoApp already initialized

  terrainTime: [33m0.6089999999967404[39m,
  biomeTime: [33m138.50740000000224[39m,
  resourceTime: [33m0.12470000000030268[39m,
  structureTime: [33m0.07590000000345754[39m,
  riverTime: [33m0.0070000000050640665[39m,
  totalTime: [33m139.34739999999874[39m
}
Chunk (-1, 1) generation metrics: {
  terrainTime: [33m0.6216000000058557[39m,
  biomeTime: [33m145.7531999999992[39m,
  resourceTime: [33m0.06900000000314321[39m,
  structureTime: [33m0.05969999999797437[39m,
  riverTime: [33m0.004399999997986015[39m,
  totalTime: [33m146.52960000000166[39m
}
Chunk (0, 1) generation metrics: {
  terrainTime: [33m0.4015999999974156[39m,
  biomeTime: [33m140.1487999999954[39m,
  resourceTime: [33m0.13730000000214204[39m,
  structureTime: [33m0.09539999999833526[39m,
  riverTime: [33m0.008300000001327135[39m,
  totalTime: [33m140.82320000000618[39m
}
Chunk (1, 1) generation metrics: {
  terrainTime: [33m0.6571999999941909[39m,
  biomeTime: [33m150.22959999999875[39m,
  resourceTime: [33m0.12559999999939464[39m,
  structureTime: [33m0.0636000000013155[39m,
  riverTime: [33m0.006300000000919681[39m,
  totalTime: [33m151.12019999999757[39m
}
Loaded 9 chunks in 1310.75ms
World generated with seed: 12345
Chunk (-1, -1) generation metrics: {
  terrainTime: [33m0.6177999999999884[39m,
  biomeTime: [33m147.04610000000685[39m,
  resourceTime: [33m0.14839999999821885[39m,
  structureTime: [33m0.0695999999952619[39m,
  riverTime: [33m0.10549999999784632[39m,
  totalTime: [33m148.0699999999997[39m
}
Chunk (0, -1) generation metrics: {
  terrainTime: [33m0.6248000000050524[39m,
  biomeTime: [33m142.73649999999907[39m,
  resourceTime: [33m0.11549999999988358[39m,
  structureTime: [33m0.061199999996460974[39m,
  riverTime: [33m0.007499999999708962[39m,
  totalTime: [33m143.56849999999395[39m
}
Chunk (1, -1) generation metrics: {
  terrainTime: [33m0.6725999999980559[39m,
  biomeTime: [33m137.33199999999488[39m,
  resourceTime: [33m0.1194000000032247[39m,
  structureTime: [33m0.06680000000051223[39m,
  riverTime: [33m0.03229999999894062[39m,
  totalTime: [33m138.2471000000005[39m
}
Chunk (-1, 0) generation metrics: {
  terrainTime: [33m0.6022999999986496[39m,
  biomeTime: [33m140.75860000000102[39m,
  resourceTime: [33m0.12789999999949941[39m,
  structureTime: [33m0.0944999999992433[39m,
  riverTime: [33m0.10719999999855645[39m,
  totalTime: [33m141.75589999999647[39m
}
Chunk (0, 0) generation metrics: {
  terrainTime: [33m0.6163000000015018[39m,
  biomeTime: [33m136.98059999999532[39m,
  resourceTime: [33m0.12150000000110595[39m,
  structureTime: [33m0.05730000000039581[39m,
  riverTime: [33m0.006700000005366746[39m,
  totalTime: [33m137.80449999999837[39m
}
Chunk (1, 0) generation metrics: {
  terrainTime: [33m0.6131999999997788[39m,
  biomeTime: [33m142.20140000000538[39m,
  resourceTime: [33m0.1283999999941443[39m,
  structureTime: [33m0.08309999999619322[39m,
  riverTime: [33m0.007799999999406282[39m,
  totalTime: [33m143.05890000000363[39m
}
Chunk (-1, 1) generation metrics: {
  terrainTime: [33m1.4651000000012573[39m,
  biomeTime: [33m220.39229999999952[39m,
  resourceTime: [33m0.12299999999959255[39m,
  structureTime: [33m0.08209999999962747[39m,
  riverTime: [33m0.007100000002537854[39m,
  totalTime: [33m222.09670000000187[39m
}
Chunk (0, 1) generation metrics: {
  terrainTime: [33m0.8813000000009197[39m,
  biomeTime: [33m156.3116000000009[39m,
  resourceTime: [33m0.07119999999849824[39m,
  structureTime: [33m0.05159999999887077[39m,
  riverTime: [33m0.004300000000512227[39m,
  totalTime: [33m157.34159999999974[39m
}
Chunk (1, 1) generation metrics: {
  terrainTime: [33m0.4107000000003609[39m,
  biomeTime: [33m140.92289999999775[39m,
  resourceTime: [33m0.1341000000029453[39m,
  structureTime: [33m0.0827999999964959[39m,
  riverTime: [33m0.006999999997788109[39m,
  totalTime: [33m141.57949999999983[39m
}
Loaded 9 chunks in 1375.28ms
World generated with seed: 12345

[90mstdout[2m | demo/src/core/DemoApp.worker-pool.integration.test.ts[2m > [22m[2mDemoApp - Worker Pool Integration[2m > [22m[2mPerformance Scaling with Multiple Workers (Requirement 8.5)[2m > [22m[2mshould update statistics during generation[22m[39m
DemoApp initialized successfully
Chunk (-1, -1) generation metrics: {
  terrainTime: [33m0.6209000000017113[39m,
  biomeTime: [33m142.78510000000097[39m,
  resourceTime: [33m0.13130000000091968[39m,
  structureTime: [33m0.058100000002013985[39m,
  riverTime: [33m0.1128000000026077[39m,
  totalTime: [33m143.7303000000029[39m
}
Chunk (0, -1) generation metrics: {
  terrainTime: [33m0.6246000000028289[39m,
  biomeTime: [33m138.18850000000384[39m,
  resourceTime: [33m0.1275999999998021[39m,
  structureTime: [33m0.07029999999940628[39m,
  riverTime: [33m0.007299999997485429[39m,
  totalTime: [33m139.04349999999977[39m
}
Chunk (1, -1) generation metrics: {
  terrainTime: [33m0.5965000000069267[39m,
  biomeTime: [33m148.92859999999928[39m,
  resourceTime: [33m0.1316999999980908[39m,
  structureTime: [33m0.0661000000036438[39m,
  riverTime: [33m0.037900000002991874[39m,
  totalTime: [33m149.78339999999298[39m
}
Chunk (-1, 0) generation metrics: {
  terrainTime: [33m0.6229999999995925[39m,
  biomeTime: [33m138.6446999999971[39m,
  resourceTime: [33m0.12329999999928987[39m,
  structureTime: [33m0.07529999999678694[39m,
  riverTime: [33m0.10069999999541324[39m,
  totalTime: [33m139.5873999999967[39m
}
Chunk (0, 0) generation metrics: {
  terrainTime: [33m0.5908999999955995[39m,
  biomeTime: [33m153.50190000000293[39m,
  resourceTime: [33m0.1312000000034459[39m,
  structureTime: [33m0.0705999999991036[39m,
  riverTime: [33m0.006800000002840534[39m,
  totalTime: [33m154.32430000000022[39m
}
Chunk (1, 0) generation metrics: {
  terrainTime: [33m0.6207999999969616[39m,
  biomeTime: [33m150.82110000000102[39m,
  resourceTime: [33m0.1342000000004191[39m,
  structureTime: [33m0.09619999999995343[39m,
  riverTime: [33m0.008000000001629815[39m,
  totalTime: [33m151.70410000000265[39m
}
Chunk (-1, 1) generation metrics: {
  terrainTime: [33m0.6438999999954831[39m,
  biomeTime: [33m140.83280000000377[39m,
  resourceTime: [33m0.131600000000617[39m,
  structureTime: [33m0.06550000000424916[39m,
  riverTime: [33m0.006599999993341044[39m,
  totalTime: [33m141.70300000000134[39m
}
Chunk (0, 1) generation metrics: {
  terrainTime: [33m0.6084000000046217[39m,
  biomeTime: [33m146.5492000000013[39m,
  resourceTime: [33m0.12080000000423752[39m,
  structureTime: [33m0.06420000000071013[39m,
  riverTime: [33m0.005899999996472616[39m,
  totalTime: [33m147.37030000000232[39m
}
Chunk (1, 1) generation metrics: {
  terrainTime: [33m0.5925999999963096[39m,
  biomeTime: [33m144.23850000000675[39m,
  resourceTime: [33m0.1264999999984866[39m,
  structureTime: [33m0.051199999994423706[39m,
  riverTime: [33m0.006600000000617001[39m,
  totalTime: [33m145.03480000000127[39m
}
Loaded 9 chunks in 1314.02ms
World generated with seed: 12345
Chunk (4, 4) generation metrics: {
  terrainTime: [33m0.5834000000031665[39m,
  biomeTime: [33m147.11059999999998[39m,
  resourceTime: [33m0.13300000000162981[39m,
  structureTime: [33m0.06859999999869615[39m,
  riverTime: [33m0.2757999999957974[39m,
  totalTime: [33m148.1970999999976[39m
}
Chunk (5, 4) generation metrics: {
  terrainTime: [33m1.1221999999979744[39m,
  biomeTime: [33m147.53710000000137[39m,
  resourceTime: [33m0.13240000000223517[39m,
  structureTime: [33m0.07419999999547144[39m,
  riverTime: [33m0.1015999999945052[39m,
  totalTime: [33m148.99209999999584[39m
}
Chunk (6, 4) generation metrics: {
  terrainTime: [33m0.6189000000013039[39m,
  biomeTime: [33m145.862000000001[39m,
  resourceTime: [33m0.1437000000005355[39m,
  structureTime: [33m0.0650999999998021[39m,
  riverTime: [33m0.08580000000074506[39m,
  totalTime: [33m146.799500000001[39m
}
Chunk (4, 5) generation metrics: {
  terrainTime: [33m1.4179000000003725[39m,
  biomeTime: [33m148.1226999999999[39m,
  resourceTime: [33m0.13410000001022127[39m,
  structureTime: [33m0.07219999999506399[39m,
  riverTime: [33m0.007599999997182749[39m,
  totalTime: [33m149.77889999999752[39m
}
Chunk (5, 5) generation metrics: {
  terrainTime: [33m0.6098000000056345[39m,
  biomeTime: [33m138.57670000000508[39m,
  resourceTime: [33m0.13180000000284053[39m,
  structureTime: [33m0.09230000000388827[39m,
  riverTime: [33m0.05580000000190921[39m,
  totalTime: [33m139.49159999999392[39m
}
Chunk (6, 5) generation metrics: {
  terrainTime: [33m0.6071000000083586[39m,
  biomeTime: [33m147.0112999999983[39m,
  resourceTime: [33m0.11250000000291038[39m,
  structureTime: [33m0.06990000000223517[39m,
  riverTime: [33m0.006799999988288619[39m,
  totalTime: [33m147.87320000000182[39m
}
Chunk (4, 6) generation metrics: {
  terrainTime: [33m0.5766999999905238[39m,
  biomeTime: [33m156.13229999999749[39m,
  resourceTime: [33m0.12320000000181608[39m,
  structureTime: [33m0.06320000000414439[39m,
  riverTime: [33m0.006199999988893978[39m,
  totalTime: [33m156.92350000000442[39m
}
Chunk (5, 6) generation metrics: {
  terrainTime: [33m0.9976000000024214[39m,
  biomeTime: [33m145.07120000000577[39m,
  resourceTime: [33m0.12429999999585561[39m,
  structureTime: [33m0.0597999999881722[39m,
  riverTime: [33m0.0062000000034458935[39m,
  totalTime: [33m146.28170000000682[39m
}
Chunk (6, 6) generation metrics: {
  terrainTime: [33m0.6054000000003725[39m,
  biomeTime: [33m155.45840000000317[39m,
  resourceTime: [33m0.11959999999089632[39m,
  structureTime: [33m0.07150000000547152[39m,
  riverTime: [33m0.00879999999597203[39m,
  totalTime: [33m156.28629999999248[39m
}
Loaded 9 chunks in 1342.62ms

[90mstdout[2m | demo/src/core/DemoApp.worker-pool.integration.test.ts[2m > [22m[2mDemoApp - Worker Pool Integration[2m > [22m[2mPerformance Scaling with Multiple Workers (Requirement 8.5)[2m > [22m[2mshould handle concurrent chunk loading requests[22m[39m
DemoApp initialized successfully
Chunk (-1, -1) generation metrics: {
  terrainTime: [33m0.5855000000010477[39m,
  biomeTime: [33m147.92320000000473[39m,
  resourceTime: [33m0.11899999999150168[39m,
  structureTime: [33m0.06960000000253785[39m,
  riverTime: [33m0.10640000000421423[39m,
  totalTime: [33m148.82790000000386[39m
}
Chunk (0, -1) generation metrics: {
  terrainTime: [33m0.6309000000037486[39m,
  biomeTime: [33m151.16820000000007[39m,
  resourceTime: [33m0.12089999999443535[39m,
  structureTime: [33m0.06339999999909196[39m,
  riverTime: [33m0.006699999998090789[39m,
  totalTime: [33m152.0121000000072[39m
}
Chunk (1, -1) generation metrics: {
  terrainTime: [33m0.8641000000061467[39m,
  biomeTime: [33m154.5014999999985[39m,
  resourceTime: [33m0.13360000000102445[39m,
  structureTime: [33m0.06869999998889398[39m,
  riverTime: [33m0.03719999999157153[39m,
  totalTime: [33m155.62900000000081[39m
}
Chunk (-1, 0) generation metrics: {
  terrainTime: [33m0.6177000000025146[39m,
  biomeTime: [33m141.93670000000566[39m,
  resourceTime: [33m0.13850000000093132[39m,
  structureTime: [33m0.06729999999515712[39m,
  riverTime: [33m0.19189999999071006[39m,
  totalTime: [33m142.97619999999006[39m
}
Chunk (0, 0) generation metrics: {
  terrainTime: [33m0.6441000000049826[39m,
  biomeTime: [33m144.57119999999122[39m,
  resourceTime: [33m0.13039999999455176[39m,
  structureTime: [33m0.06539999999222346[39m,
  riverTime: [33m0.010699999998905696[39m,
  totalTime: [33m145.4444999999978[39m
}
Chunk (1, 0) generation metrics: {
  terrainTime: [33m0.6333000000013271[39m,
  biomeTime: [33m144.19090000000142[39m,
  resourceTime: [33m0.11989999999059364[39m,
  structureTime: [33m0.07360000000335276[39m,
  riverTime: [33m0.006699999998090789[39m,
  totalTime: [33m145.04589999999735[39m
}
Chunk (-1, 1) generation metrics: {
  terrainTime: [33m0.6185999999870546[39m,
  biomeTime: [33m156.50969999999506[39m,
  resourceTime: [33m0.12979999999515712[39m,
  structureTime: [33m0.0771999999997206[39m,
  riverTime: [33m0.00849999999627471[39m,
  totalTime: [33m157.3685000000114[39m
}
Chunk (0, 1) generation metrics: {
  terrainTime: [33m0.6011999999900581[39m,
  biomeTime: [33m140.29780000000028[39m,
  resourceTime: [33m0.12019999999029096[39m,
  structureTime: [33m0.07560000001103617[39m,
  riverTime: [33m0.006099999998696148[39m,
  totalTime: [33m141.12309999999707[39m
}
Chunk (1, 1) generation metrics: {
  terrainTime: [33m0.3989000000001397[39m,
  biomeTime: [33m139.8344999999972[39m,
  resourceTime: [33m0.13130000000819564[39m,
  structureTime: [33m0.07829999999376014[39m,
  riverTime: [33m0.007500000006984919[39m,
  totalTime: [33m140.47449999999662[39m
}
Loaded 9 chunks in 1330.66ms
Chunk (4, 4) generation metrics: {
  terrainTime: [33m0.5847999999969034[39m,
  biomeTime: [33m147.0691000000079[39m,
  resourceTime: [33m0.12690000000293367[39m,
  structureTime: [33m0.04589999999734573[39m,
  riverTime: [33m0.1758000000118045[39m,
  totalTime: [33m148.02270000000135[39m
}
Chunk (5, 4) generation metrics: {
  terrainTime: [33m0.5829999999987194[39m,
  biomeTime: [33m145.32850000000326[39m,
  resourceTime: [33m0.06739999999990687[39m,
  structureTime: [33m0.04809999999997672[39m,
  riverTime: [33m0.0667000000103144[39m,
  totalTime: [33m146.1096000000107[39m
}
Chunk (6, 4) generation metrics: {
  terrainTime: [33m0.3892000000050757[39m,
  biomeTime: [33m134.08469999999215[39m,
  resourceTime: [33m0.06989999998768326[39m,
  structureTime: [33m0.04879999998956919[39m,
  riverTime: [33m0.05859999998938292[39m,
  totalTime: [33m134.66969999999856[39m
}
Chunk (4, 5) generation metrics: {
  terrainTime: [33m0.4013999999879161[39m,
  biomeTime: [33m172.01750000000175[39m,
  resourceTime: [33m0.12589999999909196[39m,
  structureTime: [33m0.0746999999973923[39m,
  riverTime: [33m0.007400000002235174[39m,
  totalTime: [33m172.64770000000135[39m
}
Chunk (5, 5) generation metrics: {
  terrainTime: [33m0.6154000000096858[39m,
  biomeTime: [33m152.69869999999355[39m,
  resourceTime: [33m0.12570000000414439[39m,
  structureTime: [33m0.046300000001792796[39m,
  riverTime: [33m0.05760000000009313[39m,
  totalTime: [33m153.56320000000414[39m
}
Chunk (6, 5) generation metrics: {
  terrainTime: [33m0.5984999999927823[39m,
  biomeTime: [33m149.5457000000024[39m,
  resourceTime: [33m0.07009999999718275[39m,
  structureTime: [33m0.04439999999885913[39m,
  riverTime: [33m0.005999999993946403[39m,
  totalTime: [33m150.28220000000147[39m
}
Chunk (4, 6) generation metrics: {
  terrainTime: [33m0.4078000000008615[39m,
  biomeTime: [33m150.19079999999667[39m,
  resourceTime: [33m0.132499999992433[39m,
  structureTime: [33m0.07379999999830034[39m,
  riverTime: [33m0.007599999997182749[39m,
  totalTime: [33m150.83589999999094[39m
}
Chunk (5, 6) generation metrics: {
  terrainTime: [33m0.6039000000018859[39m,
  biomeTime: [33m149.99529999999504[39m,
  resourceTime: [33m0.11109999999462161[39m,
  structureTime: [33m0.06369999999878928[39m,
  riverTime: [33m0.006099999998696148[39m,
  totalTime: [33m150.84649999999965[39m
}
Chunk (6, 6) generation metrics: {
  terrainTime: [33m1.0115999999979977[39m,
  biomeTime: [33m135.88280000000668[39m,
  resourceTime: [33m0.1315000000031432[39m,
  structureTime: [33m0.06669999999576248[39m,
  riverTime: [33m0.005999999993946403[39m,
  totalTime: [33m137.12309999999707[39m
}
Loaded 9 chunks in 1345.67ms
Chunk (9, 9) generation metrics: {
  terrainTime: [33m0.603000000002794[39m,
  biomeTime: [33m142.13009999999485[39m,
  resourceTime: [33m0.13079999999899883[39m,
  structureTime: [33m0.07359999998880085[39m,
  riverTime: [33m0.08849999999802094[39m,
  totalTime: [33m143.04859999999462[39m
}
Chunk (10, 9) generation metrics: {
  terrainTime: [33m0.6107000000047265[39m,
  biomeTime: [33m145.01059999999416[39m,
  resourceTime: [33m0.13190000000759028[39m,
  structureTime: [33m0.07670000000507571[39m,
  riverTime: [33m0.007400000002235174[39m,
  totalTime: [33m145.8628000000026[39m
}
Chunk (11, 9) generation metrics: {
  terrainTime: [33m0.6033000000024913[39m,
  biomeTime: [33m144.05049999999756[39m,
  resourceTime: [33m0.11350000000675209[39m,
  structureTime: [33m0.06889999999839347[39m,
  riverTime: [33m0.007199999992735684[39m,
  totalTime: [33m144.86649999998917[39m
}
Chunk (9, 10) generation metrics: {
  terrainTime: [33m0.5599999999976717[39m,
  biomeTime: [33m148.53630000000703[39m,
  resourceTime: [33m0.1260000000038417[39m,
  structureTime: [33m0.06930000000284053[39m,
  riverTime: [33m0.12980000000970904[39m,
  totalTime: [33m149.44479999999749[39m
}
Chunk (10, 10) generation metrics: {
  terrainTime: [33m0.6696000000083586[39m,
  biomeTime: [33m138.05190000000584[39m,
  resourceTime: [33m0.125[39m,
  structureTime: [33m0.07189999999536667[39m,
  riverTime: [33m0.07809999999881256[39m,
  totalTime: [33m139.02240000000165[39m
}
Chunk (11, 10) generation metrics: {
  terrainTime: [33m0.6103000000002794[39m,
  biomeTime: [33m141.65320000000065[39m,
  resourceTime: [33m0.06700000001001172[39m,
  structureTime: [33m0.05949999998847488[39m,
  riverTime: [33m0.004399999990710057[39m,
  totalTime: [33m142.41259999999602[39m
}
Chunk (9, 11) generation metrics: {
  terrainTime: [33m0.39109999999345746[39m,
  biomeTime: [33m140.6298999999999[39m,
  resourceTime: [33m0.1267000000079861[39m,
  structureTime: [33m0.06309999999939464[39m,
  riverTime: [33m0.20799999999871943[39m,
  totalTime: [33m141.43790000000445[39m
}
Chunk (10, 11) generation metrics: {
  terrainTime: [33m0.6010999999998603[39m,
  biomeTime: [33m141.39999999999418[39m,
  resourceTime: [33m0.1277999999874737[39m,
  structureTime: [33m0.04550000000745058[39m,
  riverTime: [33m0.08439999999245629[39m,
  totalTime: [33m142.2774000000063[39m
}
Chunk (11, 11) generation metrics: {
  terrainTime: [33m0.6181000000069616[39m,
  biomeTime: [33m148.22110000000976[39m,
  resourceTime: [33m0.11860000000160653[39m,
  structureTime: [33m0.06489999999757856[39m,
  riverTime: [33m0.006599999993341044[39m,
  totalTime: [33m149.05319999999483[39m
}
Loaded 9 chunks in 1299.12ms

[90mstdout[2m | demo/src/core/DemoApp.worker-pool.integration.test.ts[2m > [22m[2mDemoApp - Worker Pool Integration[2m > [22m[2mWorker Pool State Management[2m > [22m[2mshould disable worker pool when config is removed[22m[39m
DemoApp initialized successfully

[90mstdout[2m | demo/src/core/DemoApp.worker-pool.integration.test.ts[2m > [22m[2mDemoApp - Worker Pool Integration[2m > [22m[2mWorker Pool State Management[2m > [22m[2mshould return zero stats when worker pool is disabled[22m[39m
DemoApp initialized successfully

[90mstdout[2m | demo/src/core/DemoApp.worker-pool.integration.test.ts[2m > [22m[2mDemoApp - Worker Pool Integration[2m > [22m[2mWorker Pool State Management[2m > [22m[2mshould notify subscribers when worker pool is enabled[22m[39m
DemoApp initialized successfully

[90mstdout[2m | demo/src/core/DemoApp.worker-pool.integration.test.ts[2m > [22m[2mDemoApp - Worker Pool Integration[2m > [22m[2mWorker Pool State Management[2m > [22m[2mshould update maxWorkers when config changes[22m[39m
DemoApp initialized successfully

 [2m[90mтЖУ[39m[22m tests/property/chunk-boundary-biome-discontinuity.property.test.ts [2m ([22m[2m3 tests[22m [2m|[22m [33m3 skipped[39m[2m)[22m
 [32mтЬУ[39m tests/performance/chunk-generation.bench.test.ts [2m ([22m[2m12 tests[22m[2m)[22m[33m 27460[2mms[22m[39m
[90mstdout[2m | tests/performance/chunk-generation.bench.test.ts[2m > [22m[2mChunk Generation Performance[2m > [22m[2msingle chunk generation should complete in <200ms[22m[39m
Single chunk generation: 180.68ms

[90mstdout[2m | tests/performance/chunk-generation.bench.test.ts[2m > [22m[2mChunk Generation Performance[2m > [22m[2maverage chunk generation should be <200ms over 10 chunks[22m[39m
Average chunk generation: 148.74ms
Min: 131.49ms, Max: 161.23ms

[90mstdout[2m | tests/performance/chunk-generation.bench.test.ts[2m > [22m[2mChunk Generation Performance[2m > [22m[2mcached chunk retrieval should be <1ms[22m[39m
Cached chunk retrieval: 0.029ms

[90mstdout[2m | tests/performance/chunk-generation.bench.test.ts[2m > [22m[2mChunk Generation Performance[2m > [22m[2mchunk generation with different sizes[22m[39m
Chunk size 16x16: 52.09ms
Chunk size 32x32: 135.27ms
Chunk size 64x64: 496.99ms

[90mstdout[2m | tests/performance/chunk-generation.bench.test.ts[2m > [22m[2mChunk Generation Performance[2m > [22m[2mparallel chunk generation performance[22m[39m
Generated 25 chunks in 3778.98ms
Average: 151.16ms per chunk

[90mstdout[2m | tests/performance/chunk-generation.bench.test.ts[2m > [22m[2mChunk Generation Performance[2m > [22m[2mchunk generation with minimal features[22m[39m
Minimal features chunk: 140.83ms

[90mstdout[2m | tests/performance/chunk-generation.bench.test.ts[2m > [22m[2mChunk Generation Performance[2m > [22m[2mchunk generation with maximum features[22m[39m
Maximum features chunk: 143.47ms

[90mstdout[2m | tests/performance/chunk-generation.bench.test.ts[2m > [22m[2mMemory Usage[2m > [22m[2mchunk memory footprint[22m[39m
Chunk memory footprint: 39.61 KB
  Heightmap: 4356 bytes
  Biome map: 1024 bytes
  Biome weights: 32768 bytes
  Resources: ~2368 bytes (74 items)
  Structures: ~48 bytes (2 items)
  Rivers: ~0 bytes (0 tiles)

[90mstdout[2m | tests/performance/chunk-generation.bench.test.ts[2m > [22m[2mMemory Usage[2m > [22m[2mcache memory usage with LRU eviction[22m[39m
Cache size: 10/10

[90mstdout[2m | tests/performance/chunk-generation.bench.test.ts[2m > [22m[2mMemory Usage[2m > [22m[2mmemory stability over many generations[22m[39m
After 100 generations, cache size: 20/20

[90mstdout[2m | tests/performance/chunk-generation.bench.test.ts[2m > [22m[2mPerformance Regression Tests[2m > [22m[2mconsistent performance across multiple runs[22m[39m
Performance consistency over 5 runs:
  Average: 202.70ms
  Std Dev: 86.32ms
  Times: 139.39, 144.00, 361.40, 228.76, 139.95ms

[90mstdout[2m | tests/performance/chunk-generation.bench.test.ts[2m > [22m[2mPerformance Regression Tests[2m > [22m[2mperformance with different seeds[22m[39m
Performance across different seeds:
  Average: 137.95ms
  Min: 121.57ms, Max: 157.44ms
  Times: 121.57, 157.44, 125.26, 138.15, 147.32ms

 [32mтЬУ[39m tests/property/lod.property.test.ts [2m ([22m[2m5 tests[22m[2m)[22m[90m 67[2mms[22m[39m
 [32mтЬУ[39m tests/unit/world/enhanced-biome-system.test.ts [2m ([22m[2m19 tests[22m[2m)[22m[90m 72[2mms[22m[39m
 [32mтЬУ[39m demo/src/core/DemoApp.terrain-editing.test.ts [2m ([22m[2m16 tests[22m[2m)[22m[33m 21620[2mms[22m[39m
[90mstdout[2m | demo/src/core/DemoApp.terrain-editing.test.ts[2m > [22m[2mDemoApp Terrain Editing Integration[2m > [22m[2mMouse Click Integration[2m > [22m[2mshould handle terrain click when tool is selected[22m[39m
DemoApp initialized successfully
Chunk (-1, -1) generation metrics: {
  terrainTime: [33m13.208599999998114[39m,
  biomeTime: [33m185.64770000000135[39m,
  resourceTime: [33m1.9020000000018626[39m,
  structureTime: [33m1.1854999999923166[39m,
  riverTime: [33m1.1286999999865657[39m,
  totalTime: [33m203.3078999999998[39m
}
Chunk (0, -1) generation metrics: {
  terrainTime: [33m0.9738000000070315[39m,
  biomeTime: [33m160.6996000000072[39m,
  resourceTime: [33m0.6005000000004657[39m,
  structureTime: [33m0.1424000000115484[39m,
  riverTime: [33m0.01959999999962747[39m,
  totalTime: [33m162.4890000000014[39m
}
Chunk (1, -1) generation metrics: {
  terrainTime: [33m0.7357000000047265[39m,
  biomeTime: [33m147.39830000000075[39m,
  resourceTime: [33m0.2805999999982305[39m,
  structureTime: [33m0.12709999999788124[39m,
  riverTime: [33m0.2767000000021653[39m,
  totalTime: [33m148.97619999999006[39m
}
Chunk (-1, 0) generation metrics: {
  terrainTime: [33m0.7346000000106869[39m,
  biomeTime: [33m129.308400000009[39m,
  resourceTime: [33m0.1362000000081025[39m,
  structureTime: [33m0.20500000000174623[39m,
  riverTime: [33m0.3274999999994179[39m,
  totalTime: [33m130.7844000000041[39m
}
Chunk (0, 0) generation metrics: {
  terrainTime: [33m0.7727000000013504[39m,
  biomeTime: [33m132.23519999999553[39m,
  resourceTime: [33m0.12579999999434222[39m,
  structureTime: [33m0.30410000000847504[39m,
  riverTime: [33m0.01989999999932479[39m,
  totalTime: [33m133.50910000001022[39m
}
Chunk (1, 0) generation metrics: {
  terrainTime: [33m0.7351999999955297[39m,
  biomeTime: [33m136.78469999998924[39m,
  resourceTime: [33m0.13510000001406297[39m,
  structureTime: [33m0.25809999999182764[39m,
  riverTime: [33m0.017399999996996485[39m,
  totalTime: [33m137.98619999999937[39m
}
Chunk (-1, 1) generation metrics: {
  terrainTime: [33m0.8123999999952503[39m,
  biomeTime: [33m148.39820000001055[39m,
  resourceTime: [33m0.12360000000626314[39m,
  structureTime: [33m0.2507000000041444[39m,
  riverTime: [33m0.0166999999928521[39m,
  totalTime: [33m149.65780000000086[39m
}
Chunk (0, 1) generation metrics: {
  terrainTime: [33m0.8163999999960652[39m,
  biomeTime: [33m147.07170000000042[39m,
  resourceTime: [33m0.1262000000133412[39m,
  structureTime: [33m0.1309999999939464[39m,
  riverTime: [33m0.018299999996088445[39m,
  totalTime: [33m148.21929999999702[39m
}
Chunk (1, 1) generation metrics: {
  terrainTime: [33m0.584099999992759[39m,
  biomeTime: [33m140.46600000000035[39m,
  resourceTime: [33m0.13040000000910368[39m,
  structureTime: [33m0.09700000000884756[39m,
  riverTime: [33m0.016299999988405034[39m,
  totalTime: [33m141.34679999999935[39m
}
Loaded 9 chunks in 1361.63ms
World generated with seed: 12345
TerrainEditor initialized
Terrain modification completed in 1.65ms

[90mstdout[2m | demo/src/core/DemoApp.terrain-editing.test.ts[2m > [22m[2mDemoApp Terrain Editing Integration[2m > [22m[2mMouse Click Integration[2m > [22m[2mshould not modify terrain when tool is NONE[22m[39m
DemoApp initialized successfully
Chunk (-1, -1) generation metrics: {
  terrainTime: [33m0.5209999999933643[39m,
  biomeTime: [33m134.2201999999961[39m,
  resourceTime: [33m0.1316999999980908[39m,
  structureTime: [33m0.08299999999871943[39m,
  riverTime: [33m0.3096999999979744[39m,
  totalTime: [33m135.3530000000028[39m
}
Chunk (0, -1) generation metrics: {
  terrainTime: [33m0.6223000000027241[39m,
  biomeTime: [33m138.92250000000058[39m,
  resourceTime: [33m0.1255000000091968[39m,
  structureTime: [33m0.06909999999334104[39m,
  riverTime: [33m0.016499999997904524[39m,
  totalTime: [33m139.7768999999971[39m
}
Chunk (1, -1) generation metrics: {
  terrainTime: [33m0.6177999999927124[39m,
  biomeTime: [33m129.65989999999874[39m,
  resourceTime: [33m0.12270000000717118[39m,
  structureTime: [33m0.07389999998849817[39m,
  riverTime: [33m0.08550000000104774[39m,
  totalTime: [33m130.58259999999427[39m
}
Chunk (-1, 0) generation metrics: {
  terrainTime: [33m0.5938999999925727[39m,
  biomeTime: [33m133.5780999999988[39m,
  resourceTime: [33m0.12440000000060536[39m,
  structureTime: [33m0.12850000000617[39m,
  riverTime: [33m0.39600000000791624[39m,
  totalTime: [33m134.84470000000147[39m
}
Chunk (0, 0) generation metrics: {
  terrainTime: [33m0.6179000000120141[39m,
  biomeTime: [33m132.3246999999974[39m,
  resourceTime: [33m0.13119999998889398[39m,
  structureTime: [33m0.0893999999971129[39m,
  riverTime: [33m0.016199999998207204[39m,
  totalTime: [33m133.20440000000235[39m
}
Chunk (1, 0) generation metrics: {
  terrainTime: [33m0.615300000004936[39m,
  biomeTime: [33m149.25010000000475[39m,
  resourceTime: [33m0.1235000000015134[39m,
  structureTime: [33m0.11490000000048894[39m,
  riverTime: [33m0.01570000000356231[39m,
  totalTime: [33m150.14650000000256[39m
}
Chunk (-1, 1) generation metrics: {
  terrainTime: [33m0.6232999999920139[39m,
  biomeTime: [33m160.48799999999756[39m,
  resourceTime: [33m0.13139999999839347[39m,
  structureTime: [33m0.08779999999387655[39m,
  riverTime: [33m0.015899999998509884[39m,
  totalTime: [33m161.3738999999914[39m
}
Chunk (0, 1) generation metrics: {
  terrainTime: [33m0.6130000000121072[39m,
  biomeTime: [33m157.36599999999453[39m,
  resourceTime: [33m0.07489999999233987[39m,
  structureTime: [33m0.04739999999583233[39m,
  riverTime: [33m0.009299999990616925[39m,
  totalTime: [33m158.12729999999283[39m
}
Chunk (1, 1) generation metrics: {
  terrainTime: [33m0.6411000000080094[39m,
  biomeTime: [33m148.19000000000233[39m,
  resourceTime: [33m0.13180000000284053[39m,
  structureTime: [33m0.0864000000001397[39m,
  riverTime: [33m0.016299999988405034[39m,
  totalTime: [33m149.08890000000247[39m
}
Loaded 9 chunks in 1294.80ms
World generated with seed: 12345
TerrainEditor initialized

[90mstdout[2m | demo/src/core/DemoApp.terrain-editing.test.ts[2m > [22m[2mDemoApp Terrain Editing Integration[2m > [22m[2mMouse Click Integration[2m > [22m[2mshould not modify terrain when raycast misses[22m[39m
DemoApp initialized successfully
Chunk (-1, -1) generation metrics: {
  terrainTime: [33m0.6184999999968568[39m,
  biomeTime: [33m156.9331999999995[39m,
  resourceTime: [33m0.13599999999860302[39m,
  structureTime: [33m0.0717000000004191[39m,
  riverTime: [33m0.18059999999240972[39m,
  totalTime: [33m157.96169999999984[39m
}
Chunk (0, -1) generation metrics: {
  terrainTime: [33m0.6262999999889871[39m,
  biomeTime: [33m163.61810000000696[39m,
  resourceTime: [33m0.1239999999961583[39m,
  structureTime: [33m0.0639999999984866[39m,
  riverTime: [33m0.013800000000628643[39m,
  totalTime: [33m164.46459999999206[39m
}
Chunk (1, -1) generation metrics: {
  terrainTime: [33m0.631600000007893[39m,
  biomeTime: [33m166.98609999999462[39m,
  resourceTime: [33m0.1294999999954598[39m,
  structureTime: [33m0.07110000000102445[39m,
  riverTime: [33m0.06130000000121072[39m,
  totalTime: [33m167.90030000000843[39m
}
Chunk (-1, 0) generation metrics: {
  terrainTime: [33m0.6218000000080792[39m,
  biomeTime: [33m145.72179999999935[39m,
  resourceTime: [33m0.1290000000008149[39m,
  structureTime: [33m0.16629999999713618[39m,
  riverTime: [33m0.18260000000009313[39m,
  totalTime: [33m146.84849999999278[39m
}
Chunk (0, 0) generation metrics: {
  terrainTime: [33m0.658899999994901[39m,
  biomeTime: [33m146.806700000001[39m,
  resourceTime: [33m0.12579999999434222[39m,
  structureTime: [33m0.08209999999962747[39m,
  riverTime: [33m0.014300000009825453[39m,
  totalTime: [33m147.7109000000055[39m
}
Chunk (1, 0) generation metrics: {
  terrainTime: [33m0.6151000000099884[39m,
  biomeTime: [33m138.87390000000596[39m,
  resourceTime: [33m0.12389999999140855[39m,
  structureTime: [33m0.09159999999974389[39m,
  riverTime: [33m0.017300000006798655[39m,
  totalTime: [33m139.74259999999776[39m
}
Chunk (-1, 1) generation metrics: {
  terrainTime: [33m0.6178999999974621[39m,
  biomeTime: [33m144.744200000001[39m,
  resourceTime: [33m0.13560000000870787[39m,
  structureTime: [33m0.09330000000772998[39m,
  riverTime: [33m0.017999999996391125[39m,
  totalTime: [33m145.63400000000547[39m
}
Chunk (0, 1) generation metrics: {
  terrainTime: [33m0.618400000006659[39m,
  biomeTime: [33m145.3249000000069[39m,
  resourceTime: [33m0.12240000000747386[39m,
  structureTime: [33m0.09080000000540167[39m,
  riverTime: [33m0.01750000000174623[39m,
  totalTime: [33m146.19899999999325[39m
}
Chunk (1, 1) generation metrics: {
  terrainTime: [33m0.6046000000060303[39m,
  biomeTime: [33m145.23579999999492[39m,
  resourceTime: [33m0.12320000000181608[39m,
  structureTime: [33m0.07729999998991843[39m,
  riverTime: [33m0.014900000009220093[39m,
  totalTime: [33m146.07709999999497[39m
}
Loaded 9 chunks in 1364.31ms
World generated with seed: 12345
TerrainEditor initialized

[90mstdout[2m | demo/src/core/DemoApp.terrain-editing.test.ts[2m > [22m[2mDemoApp Terrain Editing Integration[2m > [22m[2mMouse Move Integration[2m > [22m[2mshould update brush preview on mouse move[22m[39m
DemoApp initialized successfully
Chunk (-1, -1) generation metrics: {
  terrainTime: [33m0.6070000000036089[39m,
  biomeTime: [33m138.0011000000086[39m,
  resourceTime: [33m0.12739999999757856[39m,
  structureTime: [33m0.08009999999194406[39m,
  riverTime: [33m0.19169999999576248[39m,
  totalTime: [33m139.0295000000042[39m
}
Chunk (0, -1) generation metrics: {
  terrainTime: [33m0.6206999999994878[39m,
  biomeTime: [33m163.53639999999723[39m,
  resourceTime: [33m0.12369999999646097[39m,
  structureTime: [33m0.08350000000791624[39m,
  riverTime: [33m0.015899999998509884[39m,
  totalTime: [33m164.40499999999884[39m
}
Chunk (1, -1) generation metrics: {
  terrainTime: [33m3.3598999999958323[39m,
  biomeTime: [33m210.82239999999[39m,
  resourceTime: [33m0.12950000001001172[39m,
  structureTime: [33m0.09370000001217704[39m,
  riverTime: [33m0.0639999999984866[39m,
  totalTime: [33m214.4985000000015[39m
}
Chunk (-1, 0) generation metrics: {
  terrainTime: [33m10.523000000001048[39m,
  biomeTime: [33m156.68409999999858[39m,
  resourceTime: [33m0.13350000001082662[39m,
  structureTime: [33m0.12810000000172295[39m,
  riverTime: [33m0.18469999999797437[39m,
  totalTime: [33m167.6805999999924[39m
}
Chunk (0, 0) generation metrics: {
  terrainTime: [33m0.6247999999905005[39m,
  biomeTime: [33m138.94040000000678[39m,
  resourceTime: [33m0.12310000001161825[39m,
  structureTime: [33m0.08239999999932479[39m,
  riverTime: [33m0.017300000006798655[39m,
  totalTime: [33m139.81329999999434[39m
}
Chunk (1, 0) generation metrics: {
  terrainTime: [33m0.5988999999972293[39m,
  biomeTime: [33m161.13009999999485[39m,
  resourceTime: [33m0.13240000000223517[39m,
  structureTime: [33m0.10139999999955762[39m,
  riverTime: [33m0.015100000004167669[39m,
  totalTime: [33m162.0005999999994[39m
}
Chunk (-1, 1) generation metrics: {
  terrainTime: [33m1.0904999999911524[39m,
  biomeTime: [33m156.3243000000075[39m,
  resourceTime: [33m0.12369999999646097[39m,
  structureTime: [33m0.08179999999993015[39m,
  riverTime: [33m0.01570000000356231[39m,
  totalTime: [33m157.66249999999127[39m
}
Chunk (0, 1) generation metrics: {
  terrainTime: [33m0.6094000000011874[39m,
  biomeTime: [33m145.21889999999257[39m,
  resourceTime: [33m0.07180000000516884[39m,
  structureTime: [33m0.06130000000121072[39m,
  riverTime: [33m0.010399999999208376[39m,
  totalTime: [33m145.99139999999898[39m
}
Chunk (1, 1) generation metrics: {
  terrainTime: [33m0.40529999999853317[39m,
  biomeTime: [33m153.10139999999956[39m,
  resourceTime: [33m0.127200000002631[39m,
  structureTime: [33m0.0821999999898253[39m,
  riverTime: [33m0.015100000004167669[39m,
  totalTime: [33m153.75370000000112[39m
}
Loaded 9 chunks in 1446.56ms
World generated with seed: 12345
TerrainEditor initialized

[90mstdout[2m | demo/src/core/DemoApp.terrain-editing.test.ts[2m > [22m[2mDemoApp Terrain Editing Integration[2m > [22m[2mMouse Move Integration[2m > [22m[2mshould hide brush preview when tool is NONE[22m[39m
DemoApp initialized successfully
Chunk (-1, -1) generation metrics: {
  terrainTime: [33m0.6117000000085682[39m,
  biomeTime: [33m205.5158000000083[39m,
  resourceTime: [33m0.11010000000533182[39m,
  structureTime: [33m1.1863000000012107[39m,
  riverTime: [33m0.19929999999294523[39m,
  totalTime: [33m207.6484000000055[39m
}
Chunk (0, -1) generation metrics: {
  terrainTime: [33m0.7906999999977415[39m,
  biomeTime: [33m300.7149000000063[39m,
  resourceTime: [33m0.13289999999688007[39m,
  structureTime: [33m0.07660000000032596[39m,
  riverTime: [33m0.01680000001215376[39m,
  totalTime: [33m301.75530000000435[39m
}
Chunk (1, -1) generation metrics: {
  terrainTime: [33m0.644799999994575[39m,
  biomeTime: [33m158.19040000000678[39m,
  resourceTime: [33m0.13190000000759028[39m,
  structureTime: [33m0.08980000000155997[39m,
  riverTime: [33m0.06760000000940636[39m,
  totalTime: [33m159.14749999999185[39m
}
Chunk (-1, 0) generation metrics: {
  terrainTime: [33m0.6318000000028405[39m,
  biomeTime: [33m124.29849999998987[39m,
  resourceTime: [33m0.1319999999977881[39m,
  structureTime: [33m0.13539999999920838[39m,
  riverTime: [33m0.6524000000063097[39m,
  totalTime: [33m125.87649999999849[39m
}
Chunk (0, 0) generation metrics: {
  terrainTime: [33m0.6739999999990687[39m,
  biomeTime: [33m131.51939999999013[39m,
  resourceTime: [33m0.06690000000526197[39m,
  structureTime: [33m0.0610000000015134[39m,
  riverTime: [33m0.010800000003655441[39m,
  totalTime: [33m132.35319999999774[39m
}
Chunk (1, 0) generation metrics: {
  terrainTime: [33m0.386899999997695[39m,
  biomeTime: [33m136.07779999999912[39m,
  resourceTime: [33m0.12420000000565778[39m,
  structureTime: [33m0.11999999999534339[39m,
  riverTime: [33m0.015500000008614734[39m,
  totalTime: [33m136.7485000000015[39m
}
Chunk (-1, 1) generation metrics: {
  terrainTime: [33m1.041800000006333[39m,
  biomeTime: [33m135.32649999999558[39m,
  resourceTime: [33m0.07180000000516884[39m,
  structureTime: [33m0.05409999999392312[39m,
  riverTime: [33m0.010800000003655441[39m,
  totalTime: [33m136.52469999999448[39m
}
Chunk (0, 1) generation metrics: {
  terrainTime: [33m0.40720000000146683[39m,
  biomeTime: [33m143.1698000000033[39m,
  resourceTime: [33m0.11950000000069849[39m,
  structureTime: [33m0.06290000000444707[39m,
  riverTime: [33m0.01600000000325963[39m,
  totalTime: [33m143.82600000000093[39m
}
Chunk (1, 1) generation metrics: {
  terrainTime: [33m0.5406999999977415[39m,
  biomeTime: [33m128.63099999999395[39m,
  resourceTime: [33m0.11999999999534339[39m,
  structureTime: [33m0.07589999999618158[39m,
  riverTime: [33m0.014000000010128133[39m,
  totalTime: [33m129.40120000000752[39m
}
Loaded 9 chunks in 1475.00ms
World generated with seed: 12345
TerrainEditor initialized

[90mstdout[2m | demo/src/core/DemoApp.terrain-editing.test.ts[2m > [22m[2mDemoApp Terrain Editing Integration[2m > [22m[2mMouse Move Integration[2m > [22m[2mshould hide brush preview when raycast misses[22m[39m
DemoApp initialized successfully
Chunk (-1, -1) generation metrics: {
  terrainTime: [33m0.5921999999991385[39m,
  biomeTime: [33m139.03289999999106[39m,
  resourceTime: [33m0.12940000000526197[39m,
  structureTime: [33m0.06819999999424908[39m,
  riverTime: [33m0.2308000000048196[39m,
  totalTime: [33m140.07480000000214[39m
}
Chunk (0, -1) generation metrics: {
  terrainTime: [33m0.6224999999976717[39m,
  biomeTime: [33m137.55040000000736[39m,
  resourceTime: [33m0.1269999999931315[39m,
  structureTime: [33m0.07630000000062864[39m,
  riverTime: [33m0.01630000000295695[39m,
  totalTime: [33m138.4158000000025[39m
}
Chunk (1, -1) generation metrics: {
  terrainTime: [33m0.6146000000007916[39m,
  biomeTime: [33m141.16220000000612[39m,
  resourceTime: [33m0.12369999999646097[39m,
  structureTime: [33m0.06850000000849832[39m,
  riverTime: [33m0.06380000000353903[39m,
  totalTime: [33m142.05279999999038[39m
}
Chunk (-1, 0) generation metrics: {
  terrainTime: [33m0.6209000000089873[39m,
  biomeTime: [33m142.37770000001183[39m,
  resourceTime: [33m0.12459999999555293[39m,
  structureTime: [33m0.117500000007567[39m,
  riverTime: [33m0.18170000000100117[39m,
  totalTime: [33m143.44659999999567[39m
}
Chunk (0, 0) generation metrics: {
  terrainTime: [33m0.625899999999092[39m,
  biomeTime: [33m139.63810000001104[39m,
  resourceTime: [33m0.11980000000039581[39m,
  structureTime: [33m0.06289999998989515[39m,
  riverTime: [33m0.014500000004773028[39m,
  totalTime: [33m140.48029999999562[39m
}
Chunk (1, 0) generation metrics: {
  terrainTime: [33m0.5921999999991385[39m,
  biomeTime: [33m144.0573000000004[39m,
  resourceTime: [33m0.13219999999273568[39m,
  structureTime: [33m0.10169999999925494[39m,
  riverTime: [33m0.01570000000356231[39m,
  totalTime: [33m144.9192999999941[39m
}
Chunk (-1, 1) generation metrics: {
  terrainTime: [33m0.6223000000027241[39m,
  biomeTime: [33m161.51900000000023[39m,
  resourceTime: [33m0.1205000000045402[39m,
  structureTime: [33m0.07240000000456348[39m,
  riverTime: [33m0.015200000008917414[39m,
  totalTime: [33m162.36990000000515[39m
}
Chunk (0, 1) generation metrics: {
  terrainTime: [33m0.6064999999944121[39m,
  biomeTime: [33m150.96029999999155[39m,
  resourceTime: [33m0.12960000000020955[39m,
  structureTime: [33m0.07050000000162981[39m,
  riverTime: [33m0.014699999999720603[39m,
  totalTime: [33m151.8027000000002[39m
}
Chunk (1, 1) generation metrics: {
  terrainTime: [33m0.6054000000003725[39m,
  biomeTime: [33m172.65730000000622[39m,
  resourceTime: [33m0.1937000000034459[39m,
  structureTime: [33m0.14949999999953434[39m,
  riverTime: [33m0.016899999987799674[39m,
  totalTime: [33m173.64389999999548[39m
}
Loaded 9 chunks in 1338.95ms
World generated with seed: 12345
TerrainEditor initialized

[90mstdout[2m | demo/src/core/DemoApp.terrain-editing.test.ts[2m > [22m[2mDemoApp Terrain Editing Integration[2m > [22m[2mModification Recording[2m > [22m[2mshould record modifications in ChunkManager[22m[39m
DemoApp initialized successfully
Chunk (-1, -1) generation metrics: {
  terrainTime: [33m0.5923000000038883[39m,
  biomeTime: [33m154.37129999999888[39m,
  resourceTime: [33m0.1292000000103144[39m,
  structureTime: [33m0.07639999999082647[39m,
  riverTime: [33m0.18660000000090804[39m,
  totalTime: [33m155.37940000000526[39m
}
Chunk (0, -1) generation metrics: {
  terrainTime: [33m1.075299999996787[39m,
  biomeTime: [33m148.90959999999905[39m,
  resourceTime: [33m0.1160000000090804[39m,
  structureTime: [33m0.061199999996460974[39m,
  riverTime: [33m0.015299999999115244[39m,
  totalTime: [33m150.19580000000133[39m
}
Chunk (1, -1) generation metrics: {
  terrainTime: [33m0.5583000000042375[39m,
  biomeTime: [33m134.3978999999963[39m,
  resourceTime: [33m0.12359999999171123[39m,
  structureTime: [33m0.07379999999830034[39m,
  riverTime: [33m0.061499999996158294[39m,
  totalTime: [33m135.23459999999614[39m
}
Chunk (-1, 0) generation metrics: {
  terrainTime: [33m0.5972000000037951[39m,
  biomeTime: [33m167.3463999999949[39m,
  resourceTime: [33m0.1187999999965541[39m,
  structureTime: [33m0.10270000000309665[39m,
  riverTime: [33m0.22450000001117587[39m,
  totalTime: [33m168.40729999999166[39m
}
Chunk (0, 0) generation metrics: {
  terrainTime: [33m0.5881999999983236[39m,
  biomeTime: [33m141.89949999999953[39m,
  resourceTime: [33m0.12780000000202563[39m,
  structureTime: [33m0.07129999999597203[39m,
  riverTime: [33m0.015599999998812564[39m,
  totalTime: [33m142.72140000000945[39m
}
Chunk (1, 0) generation metrics: {
  terrainTime: [33m0.6073000000033062[39m,
  biomeTime: [33m151.66599999999744[39m,
  resourceTime: [33m0.12390000000596046[39m,
  structureTime: [33m0.12069999999948777[39m,
  riverTime: [33m0.014999999999417923[39m,
  totalTime: [33m152.55629999999655[39m
}
Chunk (-1, 1) generation metrics: {
  terrainTime: [33m0.6178999999974621[39m,
  biomeTime: [33m138.86990000000515[39m,
  resourceTime: [33m0.12659999998868443[39m,
  structureTime: [33m0.06980000001203734[39m,
  riverTime: [33m0.015399999989313073[39m,
  totalTime: [33m139.71970000000147[39m
}
Chunk (0, 1) generation metrics: {
  terrainTime: [33m0.5930000000080327[39m,
  biomeTime: [33m169.41760000000068[39m,
  resourceTime: [33m0.14979999999923166[39m,
  structureTime: [33m0.07379999999830034[39m,
  riverTime: [33m0.01570000000356231[39m,
  totalTime: [33m170.26900000000023[39m
}
Chunk (1, 1) generation metrics: {
  terrainTime: [33m0.5923000000038883[39m,
  biomeTime: [33m145.4253000000026[39m,
  resourceTime: [33m0.16969999999855645[39m,
  structureTime: [33m0.5154999999940628[39m,
  riverTime: [33m0.01840000000083819[39m,
  totalTime: [33m146.74439999999595[39m
}
Loaded 9 chunks in 1363.06ms
World generated with seed: 12345
TerrainEditor initialized
Terrain modification completed in 0.13ms

[90mstdout[2m | demo/src/core/DemoApp.terrain-editing.test.ts[2m > [22m[2mDemoApp Terrain Editing Integration[2m > [22m[2mModification Recording[2m > [22m[2mshould update terrain mesh after modification[22m[39m
DemoApp initialized successfully
Chunk (-1, -1) generation metrics: {
  terrainTime: [33m0.6256999999895925[39m,
  biomeTime: [33m150.8706999999995[39m,
  resourceTime: [33m0.1252000000094995[39m,
  structureTime: [33m0.06589999998686835[39m,
  riverTime: [33m0.17819999999483116[39m,
  totalTime: [33m151.88460000000487[39m
}
Chunk (0, -1) generation metrics: {
  terrainTime: [33m0.6140999999915948[39m,
  biomeTime: [33m164.2774999999965[39m,
  resourceTime: [33m0.12029999999504071[39m,
  structureTime: [33m0.07749999999941792[39m,
  riverTime: [33m0.014799999989918433[39m,
  totalTime: [33m165.1258999999991[39m
}
Chunk (1, -1) generation metrics: {
  terrainTime: [33m0.6237999999866588[39m,
  biomeTime: [33m140.49040000000969[39m,
  resourceTime: [33m0.1230000000068685[39m,
  structureTime: [33m0.08619999999064021[39m,
  riverTime: [33m0.06380000000353903[39m,
  totalTime: [33m141.41109999999753[39m
}
Chunk (-1, 0) generation metrics: {
  terrainTime: [33m0.6171000000031199[39m,
  biomeTime: [33m140.1030000000028[39m,
  resourceTime: [33m0.1224999999976717[39m,
  structureTime: [33m0.11419999999634456[39m,
  riverTime: [33m0.17489999999816064[39m,
  totalTime: [33m141.16569999999774[39m
}
Chunk (0, 0) generation metrics: {
  terrainTime: [33m0.6143000000010943[39m,
  biomeTime: [33m152.8969999999972[39m,
  resourceTime: [33m0.13060000000405125[39m,
  structureTime: [33m0.08550000000104774[39m,
  riverTime: [33m0.015899999998509884[39m,
  totalTime: [33m153.76480000000447[39m
}
Chunk (1, 0) generation metrics: {
  terrainTime: [33m0.6152000000001863[39m,
  biomeTime: [33m136.62889999999607[39m,
  resourceTime: [33m0.06880000000819564[39m,
  structureTime: [33m0.09149999999499414[39m,
  riverTime: [33m0.012099999992642552[39m,
  totalTime: [33m137.43589999999676[39m
}
Chunk (-1, 1) generation metrics: {
  terrainTime: [33m0.4138999999995576[39m,
  biomeTime: [33m141.54069999999774[39m,
  resourceTime: [33m0.12580000000889413[39m,
  structureTime: [33m0.07899999999790452[39m,
  riverTime: [33m0.015899999998509884[39m,
  totalTime: [33m142.1981000000087[39m
}
Chunk (0, 1) generation metrics: {
  terrainTime: [33m0.6036999999923864[39m,
  biomeTime: [33m148.41190000000643[39m,
  resourceTime: [33m0.13160000000789296[39m,
  structureTime: [33m0.06789999999455176[39m,
  riverTime: [33m0.014599999994970858[39m,
  totalTime: [33m149.24989999999525[39m
}
Chunk (1, 1) generation metrics: {
  terrainTime: [33m0.608299999992596[39m,
  biomeTime: [33m154.2893999999942[39m,
  resourceTime: [33m0.12789999999222346[39m,
  structureTime: [33m0.06630000000586733[39m,
  riverTime: [33m0.01729999999224674[39m,
  totalTime: [33m155.12859999999637[39m
}
Loaded 9 chunks in 1339.06ms
World generated with seed: 12345
TerrainEditor initialized
Terrain modification completed in 0.24ms

[90mstdout[2m | demo/src/core/DemoApp.terrain-editing.test.ts[2m > [22m[2mDemoApp Terrain Editing Integration[2m > [22m[2mPerformance Requirements[2m > [22m[2mshould complete terrain modification within 100ms[22m[39m
DemoApp initialized successfully
Chunk (-1, -1) generation metrics: {
  terrainTime: [33m0.6132000000070548[39m,
  biomeTime: [33m143.83640000000014[39m,
  resourceTime: [33m0.1239999999961583[39m,
  structureTime: [33m0.07080000000132713[39m,
  riverTime: [33m0.2256000000052154[39m,
  totalTime: [33m144.89040000000386[39m
}
Chunk (0, -1) generation metrics: {
  terrainTime: [33m0.6303999999945518[39m,
  biomeTime: [33m151.4536999999982[39m,
  resourceTime: [33m0.11370000000169966[39m,
  structureTime: [33m0.06759999999485444[39m,
  riverTime: [33m0.018599999995785765[39m,
  totalTime: [33m152.30449999999837[39m
}
Chunk (1, -1) generation metrics: {
  terrainTime: [33m0.6347999999998137[39m,
  biomeTime: [33m147.61320000000705[39m,
  resourceTime: [33m0.130700000008801[39m,
  structureTime: [33m0.07989999999699648[39m,
  riverTime: [33m0.05139999999664724[39m,
  totalTime: [33m148.53139999999257[39m
}
Chunk (-1, 0) generation metrics: {
  terrainTime: [33m0.6154999999998836[39m,
  biomeTime: [33m134.41019999999844[39m,
  resourceTime: [33m0.07309999999415595[39m,
  structureTime: [33m0.0931000000127824[39m,
  riverTime: [33m0.0953999999910593[39m,
  totalTime: [33m135.30629999999655[39m
}
Chunk (0, 0) generation metrics: {
  terrainTime: [33m0.4121000000013737[39m,
  biomeTime: [33m132.71149999999034[39m,
  resourceTime: [33m0.12179999999352731[39m,
  structureTime: [33m0.09179999999469146[39m,
  riverTime: [33m0.01570000000356231[39m,
  totalTime: [33m133.376299999989[39m
}
Chunk (1, 0) generation metrics: {
  terrainTime: [33m0.582299999994575[39m,
  biomeTime: [33m141.61700000001292[39m,
  resourceTime: [33m0.12930000000051223[39m,
  structureTime: [33m0.11119999999937136[39m,
  riverTime: [33m0.014599999994970858[39m,
  totalTime: [33m142.476800000004[39m
}
Chunk (-1, 1) generation metrics: {
  terrainTime: [33m0.42339999999967404[39m,
  biomeTime: [33m150.858899999992[39m,
  resourceTime: [33m0.1282000000064727[39m,
  structureTime: [33m0.08770000000367872[39m,
  riverTime: [33m0.015400000003864989[39m,
  totalTime: [33m151.53609999999753[39m
}
Chunk (0, 1) generation metrics: {
  terrainTime: [33m0.606099999989965[39m,
  biomeTime: [33m153.59980000001087[39m,
  resourceTime: [33m0.06680000000051223[39m,
  structureTime: [33m0.06040000000211876[39m,
  riverTime: [33m0.011099999988800846[39m,
  totalTime: [33m154.3637000000017[39m
}
Chunk (1, 1) generation metrics: {
  terrainTime: [33m0.5731000000087079[39m,
  biomeTime: [33m160.59560000000056[39m,
  resourceTime: [33m0.12299999999231659[39m,
  structureTime: [33m0.09590000000025611[39m,
  riverTime: [33m0.02380000000994187[39m,
  totalTime: [33m161.4366000000009[39m
}
Loaded 9 chunks in 1325.91ms
World generated with seed: 12345
TerrainEditor initialized
Terrain modification completed in 0.53ms

[90mstdout[2m | demo/src/core/DemoApp.terrain-editing.test.ts[2m > [22m[2mDemoApp Terrain Editing Integration[2m > [22m[2mPerformance Requirements[2m > [22m[2mshould handle multiple rapid modifications efficiently[22m[39m
DemoApp initialized successfully
Chunk (-1, -1) generation metrics: {
  terrainTime: [33m0.6563999999925727[39m,
  biomeTime: [33m137.54559999999765[39m,
  resourceTime: [33m0.127200000002631[39m,
  structureTime: [33m0.08750000000873115[39m,
  riverTime: [33m0.2626999999920372[39m,
  totalTime: [33m138.70269999999437[39m
}
Chunk (0, -1) generation metrics: {
  terrainTime: [33m0.6315000000031432[39m,
  biomeTime: [33m138.71399999999267[39m,
  resourceTime: [33m0.07639999999082647[39m,
  structureTime: [33m0.12290000000211876[39m,
  riverTime: [33m0.006500000003143214[39m,
  totalTime: [33m139.57209999999031[39m
}
Chunk (1, -1) generation metrics: {
  terrainTime: [33m0.6185000000114087[39m,
  biomeTime: [33m139.95629999999073[39m,
  resourceTime: [33m0.12810000000172295[39m,
  structureTime: [33m0.09919999999692664[39m,
  riverTime: [33m0.04230000000097789[39m,
  totalTime: [33m140.87140000000363[39m
}
Chunk (-1, 0) generation metrics: {
  terrainTime: [33m0.6260999999940395[39m,
  biomeTime: [33m131.20720000000438[39m,
  resourceTime: [33m0.13439999999536667[39m,
  structureTime: [33m0.12279999999736901[39m,
  riverTime: [33m0.12370000001101289[39m,
  totalTime: [33m132.23640000000887[39m
}
Chunk (0, 0) generation metrics: {
  terrainTime: [33m1.0350000000034925[39m,
  biomeTime: [33m138.35289999999804[39m,
  resourceTime: [33m0.11620000000402797[39m,
  structureTime: [33m0.07610000000568107[39m,
  riverTime: [33m0.006500000003143214[39m,
  totalTime: [33m139.6082999999926[39m
}
Chunk (1, 0) generation metrics: {
  terrainTime: [33m0.5872000000090338[39m,
  biomeTime: [33m143.3646000000008[39m,
  resourceTime: [33m0.12579999999434222[39m,
  structureTime: [33m0.10229999999864958[39m,
  riverTime: [33m0.006800000002840534[39m,
  totalTime: [33m144.20819999999367[39m
}
Chunk (-1, 1) generation metrics: {
  terrainTime: [33m0.6142000000108965[39m,
  biomeTime: [33m156.88319999999658[39m,
  resourceTime: [33m0.12360000000626314[39m,
  structureTime: [33m0.08479999999690335[39m,
  riverTime: [33m0.006699999998090789[39m,
  totalTime: [33m157.7390000000014[39m
}
Chunk (0, 1) generation metrics: {
  terrainTime: [33m0.6037999999971362[39m,
  biomeTime: [33m145.9988000000012[39m,
  resourceTime: [33m0.12290000000211876[39m,
  structureTime: [33m0.07429999999294523[39m,
  riverTime: [33m0.005900000003748573[39m,
  totalTime: [33m146.86589999998978[39m
}
Chunk (1, 1) generation metrics: {
  terrainTime: [33m0.5875000000087311[39m,
  biomeTime: [33m151.7152999999962[39m,
  resourceTime: [33m0.11740000000281725[39m,
  structureTime: [33m0.06450000000768341[39m,
  riverTime: [33m0.006900000007590279[39m,
  totalTime: [33m152.50989999999[39m
}
Loaded 9 chunks in 1294.25ms
World generated with seed: 12345
TerrainEditor initialized
Terrain modification completed in 0.42ms
Terrain modification completed in 0.23ms
Terrain modification completed in 0.20ms
Terrain modification completed in 0.17ms
Terrain modification completed in 0.20ms
Terrain modification completed in 0.19ms
Terrain modification completed in 0.17ms
Terrain modification completed in 0.17ms
Terrain modification completed in 0.17ms
Terrain modification completed in 0.17ms

[90mstdout[2m | demo/src/core/DemoApp.terrain-editing.test.ts[2m > [22m[2mDemoApp Terrain Editing Integration[2m > [22m[2mTool-Specific Modifications[2m > [22m[2mshould raise terrain with RAISE tool[22m[39m
DemoApp initialized successfully
Chunk (-1, -1) generation metrics: {
  terrainTime: [33m0.5894000000116648[39m,
  biomeTime: [33m142.17579999999725[39m,
  resourceTime: [33m1.5867999999900348[39m,
  structureTime: [33m0.08220000000437722[39m,
  riverTime: [33m0.12569999998959247[39m,
  totalTime: [33m144.58260000000882[39m
}
Chunk (0, -1) generation metrics: {
  terrainTime: [33m0.6156999999948312[39m,
  biomeTime: [33m138.82399999999325[39m,
  resourceTime: [33m0.1287000000011176[39m,
  structureTime: [33m0.09769999999844003[39m,
  riverTime: [33m0.006900000007590279[39m,
  totalTime: [33m139.6975999999995[39m
}
Chunk (1, -1) generation metrics: {
  terrainTime: [33m0.6284000000014203[39m,
  biomeTime: [33m124.25839999999152[39m,
  resourceTime: [33m0.1160000000090804[39m,
  structureTime: [33m0.07829999999376014[39m,
  riverTime: [33m0.03879999999480788[39m,
  totalTime: [33m125.14319999999134[39m
}
Chunk (-1, 0) generation metrics: {
  terrainTime: [33m0.6186999999918044[39m,
  biomeTime: [33m137.50860000000102[39m,
  resourceTime: [33m0.07820000000356231[39m,
  structureTime: [33m0.08470000000670552[39m,
  riverTime: [33m0.0864000000001397[39m,
  totalTime: [33m138.398199999996[39m
}
Chunk (0, 0) generation metrics: {
  terrainTime: [33m0.6570000000065193[39m,
  biomeTime: [33m151.03940000000875[39m,
  resourceTime: [33m0.12259999998786952[39m,
  structureTime: [33m0.0834000000031665[39m,
  riverTime: [33m0.007499999992433004[39m,
  totalTime: [33m151.93299999999[39m
}
Chunk (1, 0) generation metrics: {
  terrainTime: [33m0.6172999999980675[39m,
  biomeTime: [33m152.01309999999648[39m,
  resourceTime: [33m0.12429999999585561[39m,
  structureTime: [33m0.10499999999592546[39m,
  riverTime: [33m0.007400000002235174[39m,
  totalTime: [33m152.8874999999971[39m
}
Chunk (-1, 1) generation metrics: {
  terrainTime: [33m0.6182000000117114[39m,
  biomeTime: [33m143.27969999999914[39m,
  resourceTime: [33m0.13429999999061693[39m,
  structureTime: [33m0.07669999999052379[39m,
  riverTime: [33m0.006999999997788109[39m,
  totalTime: [33m144.13739999999234[39m
}
Chunk (0, 1) generation metrics: {
  terrainTime: [33m0.6091000000014901[39m,
  biomeTime: [33m136.5286000000051[39m,
  resourceTime: [33m0.12080000000423752[39m,
  structureTime: [33m0.05739999999059364[39m,
  riverTime: [33m0.006900000007590279[39m,
  totalTime: [33m137.3399999999965[39m
}
Chunk (1, 1) generation metrics: {
  terrainTime: [33m0.6153999999951338[39m,
  biomeTime: [33m148.31650000000081[39m,
  resourceTime: [33m0.12010000000009313[39m,
  structureTime: [33m0.06889999999839347[39m,
  riverTime: [33m0.006900000007590279[39m,
  totalTime: [33m149.1472000000067[39m
}
Loaded 9 chunks in 1285.12ms
World generated with seed: 12345
TerrainEditor initialized
Terrain modification completed in 0.08ms

[90mstdout[2m | demo/src/core/DemoApp.terrain-editing.test.ts[2m > [22m[2mDemoApp Terrain Editing Integration[2m > [22m[2mTool-Specific Modifications[2m > [22m[2mshould lower terrain with LOWER tool[22m[39m
DemoApp initialized successfully
Chunk (-1, -1) generation metrics: {
  terrainTime: [33m0.6129000000073574[39m,
  biomeTime: [33m137.66549999998824[39m,
  resourceTime: [33m0.12279999999736901[39m,
  structureTime: [33m0.08610000000044238[39m,
  riverTime: [33m0.12589999999909196[39m,
  totalTime: [33m138.63550000000396[39m
}
Chunk (0, -1) generation metrics: {
  terrainTime: [33m3.2013000000006286[39m,
  biomeTime: [33m131.9157000000123[39m,
  resourceTime: [33m0.10920000000623986[39m,
  structureTime: [33m0.0582999999896856[39m,
  riverTime: [33m0.0078000000066822395[39m,
  totalTime: [33m135.31260000000475[39m
}
Chunk (1, -1) generation metrics: {
  terrainTime: [33m0.6438000000052853[39m,
  biomeTime: [33m139.51720000000205[39m,
  resourceTime: [33m0.12460000001010485[39m,
  structureTime: [33m0.0771999999997206[39m,
  riverTime: [33m0.11709999998856802[39m,
  totalTime: [33m140.5[39m
}
Chunk (-1, 0) generation metrics: {
  terrainTime: [33m0.6230000000068685[39m,
  biomeTime: [33m129.09530000000086[39m,
  resourceTime: [33m0.12589999999909196[39m,
  structureTime: [33m0.11490000000048894[39m,
  riverTime: [33m0.11839999999210704[39m,
  totalTime: [33m130.09859999999753[39m
}
Chunk (0, 0) generation metrics: {
  terrainTime: [33m0.6190000000060536[39m,
  biomeTime: [33m131.07189999999537[39m,
  resourceTime: [33m0.07239999999001157[39m,
  structureTime: [33m0.06600000000617001[39m,
  riverTime: [33m0.005900000003748573[39m,
  totalTime: [33m131.85609999998996[39m
}
Chunk (1, 0) generation metrics: {
  terrainTime: [33m0.38280000000668224[39m,
  biomeTime: [33m149.08109999999579[39m,
  resourceTime: [33m0.12710000001243316[39m,
  structureTime: [33m0.12780000000202563[39m,
  riverTime: [33m0.006999999997788109[39m,
  totalTime: [33m149.74550000000454[39m
}
Chunk (-1, 1) generation metrics: {
  terrainTime: [33m0.6254999999946449[39m,
  biomeTime: [33m152.69920000000275[39m,
  resourceTime: [33m0.12889999999606516[39m,
  structureTime: [33m0.07830000000831205[39m,
  riverTime: [33m0.006299999993643723[39m,
  totalTime: [33m153.5616000000009[39m
}
Chunk (0, 1) generation metrics: {
  terrainTime: [33m0.608700000011595[39m,
  biomeTime: [33m149.8451000000059[39m,
  resourceTime: [33m0.12269999999261927[39m,
  structureTime: [33m0.07640000000537839[39m,
  riverTime: [33m0.0064999999885912985[39m,
  totalTime: [33m150.68079999998736[39m
}
Chunk (1, 1) generation metrics: {
  terrainTime: [33m0.5861000000004424[39m,
  biomeTime: [33m146.2511999999988[39m,
  resourceTime: [33m0.1162999999942258[39m,
  structureTime: [33m0.09530000000086147[39m,
  riverTime: [33m0.006800000002840534[39m,
  totalTime: [33m147.0755000000063[39m
}
Loaded 9 chunks in 1279.16ms
World generated with seed: 12345
TerrainEditor initialized
Terrain modification completed in 0.19ms

[90mstdout[2m | demo/src/core/DemoApp.terrain-editing.test.ts[2m > [22m[2mDemoApp Terrain Editing Integration[2m > [22m[2mTool-Specific Modifications[2m > [22m[2mshould flatten terrain with FLATTEN tool[22m[39m
DemoApp initialized successfully
Chunk (-1, -1) generation metrics: {
  terrainTime: [33m0.5941000000020722[39m,
  biomeTime: [33m144.54270000000542[39m,
  resourceTime: [33m0.12039999999979045[39m,
  structureTime: [33m0.06840000000374857[39m,
  riverTime: [33m0.11680000000342261[39m,
  totalTime: [33m145.4612999999954[39m
}
Chunk (0, -1) generation metrics: {
  terrainTime: [33m0.6003999999957159[39m,
  biomeTime: [33m136.89139999999315[39m,
  resourceTime: [33m0.13300000000162981[39m,
  structureTime: [33m0.08280000000377186[39m,
  riverTime: [33m0.006900000007590279[39m,
  totalTime: [33m137.73619999999937[39m
}
Chunk (1, -1) generation metrics: {
  terrainTime: [33m0.5913000000000466[39m,
  biomeTime: [33m144.79959999999846[39m,
  resourceTime: [33m0.12760000000707805[39m,
  structureTime: [33m0.08030000000144355[39m,
  riverTime: [33m0.0400999999983469[39m,
  totalTime: [33m145.66269999998622[39m
}
Chunk (-1, 0) generation metrics: {
  terrainTime: [33m0.5948999999964144[39m,
  biomeTime: [33m147.64839999999094[39m,
  resourceTime: [33m0.12709999999788124[39m,
  structureTime: [33m0.11749999999301508[39m,
  riverTime: [33m0.11860000000160653[39m,
  totalTime: [33m148.63150000000314[39m
}
Chunk (0, 0) generation metrics: {
  terrainTime: [33m0.6073000000033062[39m,
  biomeTime: [33m132.7445000000007[39m,
  resourceTime: [33m0.10889999999199063[39m,
  structureTime: [33m0.07650000001012813[39m,
  riverTime: [33m0.006600000007892959[39m,
  totalTime: [33m133.56490000001213[39m
}
Chunk (1, 0) generation metrics: {
  terrainTime: [33m0.591100000005099[39m,
  biomeTime: [33m137.23439999998664[39m,
  resourceTime: [33m0.06879999999364372[39m,
  structureTime: [33m0.07380000001285225[39m,
  riverTime: [33m0.005099999994854443[39m,
  totalTime: [33m137.99439999999595[39m
}
Chunk (-1, 1) generation metrics: {
  terrainTime: [33m0.3989000000001397[39m,
  biomeTime: [33m156.48829999999725[39m,
  resourceTime: [33m0.12589999999909196[39m,
  structureTime: [33m0.0816999999951804[39m,
  riverTime: [33m0.006900000007590279[39m,
  totalTime: [33m157.13730000000214[39m
}
Chunk (0, 1) generation metrics: {
  terrainTime: [33m1.0879999999888241[39m,
  biomeTime: [33m144.18790000000445[39m,
  resourceTime: [33m0.12369999999646097[39m,
  structureTime: [33m0.09100000000034925[39m,
  riverTime: [33m0.0064999999885912985[39m,
  totalTime: [33m145.5225999999966[39m
}
Chunk (1, 1) generation metrics: {
  terrainTime: [33m0.6149000000004889[39m,
  biomeTime: [33m159.79969999998866[39m,
  resourceTime: [33m0.13110000001324806[39m,
  structureTime: [33m0.08109999999578577[39m,
  riverTime: [33m0.006199999988893978[39m,
  totalTime: [33m160.65690000000177[39m
}
Loaded 9 chunks in 1314.04ms
World generated with seed: 12345
TerrainEditor initialized
Terrain modification completed in 0.37ms

[90mstdout[2m | demo/src/core/DemoApp.terrain-editing.test.ts[2m > [22m[2mDemoApp Terrain Editing Integration[2m > [22m[2mTool-Specific Modifications[2m > [22m[2mshould smooth terrain with SMOOTH tool[22m[39m
DemoApp initialized successfully
Chunk (-1, -1) generation metrics: {
  terrainTime: [33m0.6410999999934575[39m,
  biomeTime: [33m141.48689999998896[39m,
  resourceTime: [33m0.13029999998980202[39m,
  structureTime: [33m0.0771999999997206[39m,
  riverTime: [33m0.1282000000064727[39m,
  totalTime: [33m142.48619999999937[39m
}
Chunk (0, -1) generation metrics: {
  terrainTime: [33m0.6291999999957625[39m,
  biomeTime: [33m145.3185999999987[39m,
  resourceTime: [33m0.1172999999980675[39m,
  structureTime: [33m0.07640000000537839[39m,
  riverTime: [33m0.006299999993643723[39m,
  totalTime: [33m146.16969999999856[39m
}
Chunk (1, -1) generation metrics: {
  terrainTime: [33m0.5786999999982072[39m,
  biomeTime: [33m145.99239999998827[39m,
  resourceTime: [33m0.13730000000214204[39m,
  structureTime: [33m0.08250000000407454[39m,
  riverTime: [33m0.042199999996228144[39m,
  totalTime: [33m146.85920000000624[39m
}
Chunk (-1, 0) generation metrics: {
  terrainTime: [33m1.0022999999928288[39m,
  biomeTime: [33m132.88940000000002[39m,
  resourceTime: [33m0.1274999999877764[39m,
  structureTime: [33m0.12049999998998828[39m,
  riverTime: [33m0.11690000000817236[39m,
  totalTime: [33m134.27930000000924[39m
}
Chunk (0, 0) generation metrics: {
  terrainTime: [33m0.5905000000057044[39m,
  biomeTime: [33m121.74530000000959[39m,
  resourceTime: [33m0.12880000000586733[39m,
  structureTime: [33m0.07940000000235159[39m,
  riverTime: [33m0.006599999993341044[39m,
  totalTime: [33m122.5731999999989[39m
}
Chunk (1, 0) generation metrics: {
  terrainTime: [33m0.5878999999986263[39m,
  biomeTime: [33m135.50809999999183[39m,
  resourceTime: [33m0.11969999999564607[39m,
  structureTime: [33m0.1160000000090804[39m,
  riverTime: [33m0.006899999993038364[39m,
  totalTime: [33m136.36320000000705[39m
}
Chunk (-1, 1) generation metrics: {
  terrainTime: [33m0.629800000009709[39m,
  biomeTime: [33m150.86559999999008[39m,
  resourceTime: [33m0.12210000000777654[39m,
  structureTime: [33m0.08449999999720603[39m,
  riverTime: [33m0.006299999993643723[39m,
  totalTime: [33m151.77260000001115[39m
}
Chunk (0, 1) generation metrics: {
  terrainTime: [33m0.6073000000033062[39m,
  biomeTime: [33m157.33499999999185[39m,
  resourceTime: [33m0.07440000001224689[39m,
  structureTime: [33m0.050900000002002344[39m,
  riverTime: [33m0.005100000009406358[39m,
  totalTime: [33m158.09070000000065[39m
}
Chunk (1, 1) generation metrics: {
  terrainTime: [33m0.41499999999359716[39m,
  biomeTime: [33m151.24270000000251[39m,
  resourceTime: [33m0.12479999999050051[39m,
  structureTime: [33m0.06419999999343418[39m,
  riverTime: [33m0.006999999997788109[39m,
  totalTime: [33m151.87110000000393[39m
}
Loaded 9 chunks in 1292.04ms
World generated with seed: 12345
TerrainEditor initialized
Terrain modification completed in 1.02ms

[90mstdout[2m | demo/src/core/DemoApp.terrain-editing.test.ts[2m > [22m[2mDemoApp Terrain Editing Integration[2m > [22m[2mBrush Size and Strength[2m > [22m[2mshould affect larger area with larger brush size[22m[39m
DemoApp initialized successfully
Chunk (-1, -1) generation metrics: {
  terrainTime: [33m0.6135999999969499[39m,
  biomeTime: [33m148.03940000000875[39m,
  resourceTime: [33m0.13040000000910368[39m,
  structureTime: [33m0.062099999995552935[39m,
  riverTime: [33m0.12330000000656582[39m,
  totalTime: [33m148.9878000000026[39m
}
Chunk (0, -1) generation metrics: {
  terrainTime: [33m0.6128999999928055[39m,
  biomeTime: [33m155.38670000000275[39m,
  resourceTime: [33m0.12960000000020955[39m,
  structureTime: [33m0.068200000008801[39m,
  riverTime: [33m0.006599999993341044[39m,
  totalTime: [33m156.22490000000107[39m
}
Chunk (1, -1) generation metrics: {
  terrainTime: [33m0.6116999999940163[39m,
  biomeTime: [33m167.0286000000051[39m,
  resourceTime: [33m0.13010000000940636[39m,
  structureTime: [33m0.07389999998849817[39m,
  riverTime: [33m0.04160000001138542[39m,
  totalTime: [33m167.90609999999288[39m
}
Chunk (-1, 0) generation metrics: {
  terrainTime: [33m0.6524000000063097[39m,
  biomeTime: [33m142.7036999999982[39m,
  resourceTime: [33m0.12359999999171123[39m,
  structureTime: [33m0.127200000002631[39m,
  riverTime: [33m0.1254999999946449[39m,
  totalTime: [33m143.7569999999978[39m
}
Chunk (0, 0) generation metrics: {
  terrainTime: [33m1.0982999999978347[39m,
  biomeTime: [33m146.1078000000125[39m,
  resourceTime: [33m0.1316999999980908[39m,
  structureTime: [33m0.08379999999306165[39m,
  riverTime: [33m0.005999999993946403[39m,
  totalTime: [33m147.45169999999052[39m
}
Chunk (1, 0) generation metrics: {
  terrainTime: [33m0.6049999999959255[39m,
  biomeTime: [33m152.86969999999565[39m,
  resourceTime: [33m0.12329999999201391[39m,
  structureTime: [33m0.11389999999664724[39m,
  riverTime: [33m0.007400000002235174[39m,
  totalTime: [33m153.7430000000022[39m
}
Chunk (-1, 1) generation metrics: {
  terrainTime: [33m0.614000000001397[39m,
  biomeTime: [33m159.06140000000596[39m,
  resourceTime: [33m0.13030000000435393[39m,
  structureTime: [33m0.0786999999982072[39m,
  riverTime: [33m0.006999999997788109[39m,
  totalTime: [33m159.91459999998915[39m
}
Chunk (0, 1) generation metrics: {
  terrainTime: [33m0.6203999999997905[39m,
  biomeTime: [33m157.63610000000335[39m,
  resourceTime: [33m0.14150000001245644[39m,
  structureTime: [33m0.07090000000607688[39m,
  riverTime: [33m0.007099999987985939[39m,
  totalTime: [33m158.49820000000182[39m
}
Chunk (1, 1) generation metrics: {
  terrainTime: [33m0.8663999999989755[39m,
  biomeTime: [33m165.36879999999655[39m,
  resourceTime: [33m0.13190000000759028[39m,
  structureTime: [33m0.07800000000861473[39m,
  riverTime: [33m0.00789999999688007[39m,
  totalTime: [33m166.47609999999986[39m
}
Loaded 9 chunks in 1404.52ms
World generated with seed: 12345
TerrainEditor initialized
Terrain modification completed in 0.54ms

[90mstdout[2m | demo/src/core/DemoApp.terrain-editing.test.ts[2m > [22m[2mDemoApp Terrain Editing Integration[2m > [22m[2mBrush Size and Strength[2m > [22m[2mshould apply stronger modifications with higher strength[22m[39m
DemoApp initialized successfully
Chunk (-1, -1) generation metrics: {
  terrainTime: [33m0.6402000000089174[39m,
  biomeTime: [33m164.4875999999931[39m,
  resourceTime: [33m0.12639999999373686[39m,
  structureTime: [33m0.09419999999227002[39m,
  riverTime: [33m0.13210000000253785[39m,
  totalTime: [33m165.5052999999898[39m
}
Chunk (0, -1) generation metrics: {
  terrainTime: [33m0.61799999998766[39m,
  biomeTime: [33m142.43439999999828[39m,
  resourceTime: [33m0.1352000000042608[39m,
  structureTime: [33m0.09260000000358559[39m,
  riverTime: [33m0.007499999992433004[39m,
  totalTime: [33m143.3130999999994[39m
}
Chunk (1, -1) generation metrics: {
  terrainTime: [33m0.6129999999975553[39m,
  biomeTime: [33m134.22639999999956[39m,
  resourceTime: [33m0.07029999999213032[39m,
  structureTime: [33m0.06729999999515712[39m,
  riverTime: [33m0.031199999997625127[39m,
  totalTime: [33m135.02930000000924[39m
}
Chunk (-1, 0) generation metrics: {
  terrainTime: [33m0.4149000000033993[39m,
  biomeTime: [33m126.19210000000021[39m,
  resourceTime: [33m0.12939999999071006[39m,
  structureTime: [33m0.12199999998847488[39m,
  riverTime: [33m0.18540000000211876[39m,
  totalTime: [33m127.06570000000647[39m
}
Chunk (0, 0) generation metrics: {
  terrainTime: [33m0.675199999997858[39m,
  biomeTime: [33m144.7372000000032[39m,
  resourceTime: [33m0.1279999999969732[39m,
  structureTime: [33m0.10640000000421423[39m,
  riverTime: [33m0.00909999999566935[39m,
  totalTime: [33m145.68150000000605[39m
}
Chunk (1, 0) generation metrics: {
  terrainTime: [33m0.6328999999968801[39m,
  biomeTime: [33m152.3017000000109[39m,
  resourceTime: [33m0.12309999999706633[39m,
  structureTime: [33m0.09050000000570435[39m,
  riverTime: [33m0.006799999988288619[39m,
  totalTime: [33m153.1762000000017[39m
}
Chunk (-1, 1) generation metrics: {
  terrainTime: [33m0.6080999999976484[39m,
  biomeTime: [33m145.74159999999392[39m,
  resourceTime: [33m0.12739999999757856[39m,
  structureTime: [33m0.09159999999974389[39m,
  riverTime: [33m0.007299999997485429[39m,
  totalTime: [33m146.60100000000966[39m
}
Chunk (0, 1) generation metrics: {
  terrainTime: [33m0.6652000000030966[39m,
  biomeTime: [33m163.58350000000792[39m,
  resourceTime: [33m0.1290000000008149[39m,
  structureTime: [33m0.09179999999469146[39m,
  riverTime: [33m0.006999999997788109[39m,
  totalTime: [33m164.50599999999395[39m
}
Chunk (1, 1) generation metrics: {
  terrainTime: [33m0.6065999999991618[39m,
  biomeTime: [33m165.58130000000529[39m,
  resourceTime: [33m0.125[39m,
  structureTime: [33m0.08830000000307336[39m,
  riverTime: [33m0.0064999999885912985[39m,
  totalTime: [33m166.43379999999888[39m
}
Loaded 9 chunks in 1349.18ms
World generated with seed: 12345
TerrainEditor initialized
Terrain modification completed in 0.08ms
Terrain modification completed in 0.07ms

 [32mтЬУ[39m tests/lod-exploration.test.ts [2m ([22m[2m5 tests[22m[2m)[22m[33m 3503[2mms[22m[39m
 [32mтЬУ[39m tests/property/structures.property.test.ts [2m ([22m[2m3 tests[22m[2m)[22m[33m 4106[2mms[22m[39m
 [32mтЬУ[39m demo/src/core/DemoApp.test.ts [2m ([22m[2m31 tests[22m[2m)[22m[33m 28212[2mms[22m[39m
[90mstdout[2m | demo/src/core/DemoApp.test.ts[2m > [22m[2mDemoApp[2m > [22m[2minitialization[2m > [22m[2mshould initialize successfully[22m[39m
DemoApp initialized successfully

[90mstdout[2m | demo/src/core/DemoApp.test.ts[2m > [22m[2mDemoApp[2m > [22m[2minitialization[2m > [22m[2mshould not initialize twice[22m[39m
DemoApp initialized successfully

[90mstderr[2m | demo/src/core/DemoApp.test.ts[2m > [22m[2mDemoApp[2m > [22m[2minitialization[2m > [22m[2m
should not initialize twice[22m[39m
DemoApp already initialized

[90mstdout[2m | demo/src/core/DemoApp.test.ts[2m > [22m[2mDemoApp[2m > [22m[2mstate management[2m > [22m[2mshould update state with partial updates[22m[39m
DemoApp initialized successfully

[90mstdout[2m | demo/src/core/DemoApp.test.ts[2m > [22m[2mDemoApp[2m > [22m[2mstate management[2m > [22m[2mshould notify subscribers on state change[22m[39m
DemoApp initialized successfully

[90mstdout[2m | demo/src/core/DemoApp.test.ts[2m > [22m[2mDemoApp[2m > [22m[2mstate management[2m > [22m[2mshould allow unsubscribing from state changes[22m[39m
DemoApp initialized successfully

[90mstdout[2m | demo/src/core/DemoApp.test.ts[2m > [22m[2mDemoApp[2m > [22m[2mstate management[2m > [22m[2mshould return state snapshot[22m[39m
DemoApp initialized successfully

[90mstdout[2m | demo/src/core/DemoApp.test.ts[2m > [22m[2mDemoApp[2m > [22m[2mworld generation[2m > [22m[2mshould generate world with specified seed[22m[39m
DemoApp initialized successfully
Chunk (-1, -1) generation metrics: {
  terrainTime: [33m12.462100000004284[39m,
  biomeTime: [33m184.86549999999988[39m,
  resourceTime: [33m0.9738000000070315[39m,
  structureTime: [33m1.1276999999972759[39m,
  riverTime: [33m1.1450999999942724[39m,
  totalTime: [33m200.80860000000393[39m
}
Chunk (0, -1) generation metrics: {
  terrainTime: [33m0.8224000000045635[39m,
  biomeTime: [33m178.06470000000263[39m,
  resourceTime: [33m1.5749999999970896[39m,
  structureTime: [33m0.13940000000002328[39m,
  riverTime: [33m0.02639999998791609[39m,
  totalTime: [33m180.6860000000015[39m
}
Chunk (1, -1) generation metrics: {
  terrainTime: [33m0.9799000000057276[39m,
  biomeTime: [33m189.71849999998813[39m,
  resourceTime: [33m0.30419999999867287[39m,
  structureTime: [33m0.28099999998812564[39m,
  riverTime: [33m0.01840000000083819[39m,
  totalTime: [33m191.3695000000007[39m
}
Chunk (-1, 0) generation metrics: {
  terrainTime: [33m0.8096999999979744[39m,
  biomeTime: [33m153.01870000000054[39m,
  resourceTime: [33m0.130700000008801[39m,
  structureTime: [33m0.1334999999962747[39m,
  riverTime: [33m0.3145000000076834[39m,
  totalTime: [33m154.47930000000633[39m
}
Chunk (0, 0) generation metrics: {
  terrainTime: [33m0.8039000000135275[39m,
  biomeTime: [33m151.0222000000067[39m,
  resourceTime: [33m0.13229999999748543[39m,
  structureTime: [33m0.34900000000197906[39m,
  riverTime: [33m0.017099999997299165[39m,
  totalTime: [33m152.37320000000182[39m
}
Chunk (1, 0) generation metrics: {
  terrainTime: [33m0.7655999999988126[39m,
  biomeTime: [33m134.05770000000484[39m,
  resourceTime: [33m0.13989999999466818[39m,
  structureTime: [33m0.16650000000663567[39m,
  riverTime: [33m0.01710000001185108[39m,
  totalTime: [33m135.204899999997[39m
}
Chunk (-1, 1) generation metrics: {
  terrainTime: [33m0.7826999999961117[39m,
  biomeTime: [33m150.319599999988[39m,
  resourceTime: [33m0.13369999999122228[39m,
  structureTime: [33m0.14080000000831205[39m,
  riverTime: [33m0.0298999999940861[39m,
  totalTime: [33m151.46029999999155[39m
}
Chunk (0, 1) generation metrics: {
  terrainTime: [33m0.8320000000094296[39m,
  biomeTime: [33m153.60830000000715[39m,
  resourceTime: [33m0.13189999999303836[39m,
  structureTime: [33m0.1224999999976717[39m,
  riverTime: [33m0.056799999991199[39m,
  totalTime: [33m154.8133000000089[39m
}
Chunk (1, 1) generation metrics: {
  terrainTime: [33m0.6116999999940163[39m,
  biomeTime: [33m152.57940000000235[39m,
  resourceTime: [33m0.1113000000041211[39m,
  structureTime: [33m0.3674999999930151[39m,
  riverTime: [33m0.01639999999315478[39m,
  totalTime: [33m153.76750000000175[39m
}
Loaded 9 chunks in 1479.75ms
World generated with seed: 54321

[90mstdout[2m | demo/src/core/DemoApp.test.ts[2m > [22m[2mDemoApp[2m > [22m[2mworld generation[2m > [22m[2mshould load initial 3x3 chunk grid[22m[39m
DemoApp initialized successfully
Chunk (-1, -1) generation metrics: {
  terrainTime: [33m0.6068999999988591[39m,
  biomeTime: [33m149.47989999999118[39m,
  resourceTime: [33m0.13450000000011642[39m,
  structureTime: [33m0.06339999999909196[39m,
  riverTime: [33m0.33209999999962747[39m,
  totalTime: [33m150.6932000000088[39m
}
Chunk (0, -1) generation metrics: {
  terrainTime: [33m0.6264999999984866[39m,
  biomeTime: [33m149.6762999999919[39m,
  resourceTime: [33m0.13160000000789296[39m,
  structureTime: [33m0.09530000000086147[39m,
  riverTime: [33m0.015999999988707714[39m,
  totalTime: [33m150.56960000000254[39m
}
Chunk (1, -1) generation metrics: {
  terrainTime: [33m0.6209999999991851[39m,
  biomeTime: [33m139.40690000000177[39m,
  resourceTime: [33m0.12470000000030268[39m,
  structureTime: [33m0.07430000000749715[39m,
  riverTime: [33m0.08449999999720603[39m,
  totalTime: [33m140.33640000000014[39m
}
Chunk (-1, 0) generation metrics: {
  terrainTime: [33m0.6281999999919208[39m,
  biomeTime: [33m137.2514999999985[39m,
  resourceTime: [33m0.06939999999303836[39m,
  structureTime: [33m0.09159999999974389[39m,
  riverTime: [33m0.3787000000011176[39m,
  totalTime: [33m138.44130000000587[39m
}
Chunk (0, 0) generation metrics: {
  terrainTime: [33m0.8944000000046799[39m,
  biomeTime: [33m142.2508000000089[39m,
  resourceTime: [33m0.12380000000121072[39m,
  structureTime: [33m0.06949999999778811[39m,
  riverTime: [33m0.015599999998812564[39m,
  totalTime: [33m143.37669999999343[39m
}
Chunk (1, 0) generation metrics: {
  terrainTime: [33m0.6114000000088708[39m,
  biomeTime: [33m148.78710000000137[39m,
  resourceTime: [33m0.12299999999231659[39m,
  structureTime: [33m0.1000999999960186[39m,
  riverTime: [33m0.014499999990221113[39m,
  totalTime: [33m149.65780000000086[39m
}
Chunk (-1, 1) generation metrics: {
  terrainTime: [33m0.5984000000025844[39m,
  biomeTime: [33m159.35489999999118[39m,
  resourceTime: [33m0.12080000000423752[39m,
  structureTime: [33m0.06680000000051223[39m,
  riverTime: [33m0.01630000000295695[39m,
  totalTime: [33m160.17609999999695[39m
}
Chunk (0, 1) generation metrics: {
  terrainTime: [33m0.5948000000062166[39m,
  biomeTime: [33m145.9418999999907[39m,
  resourceTime: [33m0.12519999999494758[39m,
  structureTime: [33m0.08900000000721775[39m,
  riverTime: [33m0.01630000000295695[39m,
  totalTime: [33m146.7890999999945[39m
}
Chunk (1, 1) generation metrics: {
  terrainTime: [33m0.6198000000003958[39m,
  biomeTime: [33m150.2740999999951[39m,
  resourceTime: [33m0.1302000000141561[39m,
  structureTime: [33m0.08709999998973217[39m,
  riverTime: [33m0.01600000000325963[39m,
  totalTime: [33m151.15159999999742[39m
}
Loaded 9 chunks in 1333.55ms
World generated with seed: 12345

[90mstdout[2m | demo/src/core/DemoApp.test.ts[2m > [22m[2mDemoApp[2m > [22m[2mworld generation[2m > [22m[2mshould emit WORLD_GENERATED event[22m[39m
DemoApp initialized successfully
Chunk (-1, -1) generation metrics: {
  terrainTime: [33m0.5883000000030734[39m,
  biomeTime: [33m129.83349999999336[39m,
  resourceTime: [33m0.06940000000759028[39m,
  structureTime: [33m0.06790000000910368[39m,
  riverTime: [33m0.12099999999918509[39m,
  totalTime: [33m130.70070000000123[39m
}
Chunk (0, -1) generation metrics: {
  terrainTime: [33m0.41470000000845175[39m,
  biomeTime: [33m142.4528999999893[39m,
  resourceTime: [33m0.07069999999657739[39m,
  structureTime: [33m0.06070000000181608[39m,
  riverTime: [33m0.009299999990616925[39m,
  totalTime: [33m143.02549999998882[39m
}
Chunk (1, -1) generation metrics: {
  terrainTime: [33m0.41790000000037253[39m,
  biomeTime: [33m132.00599999999395[39m,
  resourceTime: [33m0.11990000000514556[39m,
  structureTime: [33m0.07939999998779967[39m,
  riverTime: [33m0.06000000001222361[39m,
  totalTime: [33m132.71210000000428[39m
}
Chunk (-1, 0) generation metrics: {
  terrainTime: [33m0.5918999999994412[39m,
  biomeTime: [33m130.26639999999315[39m,
  resourceTime: [33m0.06979999999748543[39m,
  structureTime: [33m0.08269999999902211[39m,
  riverTime: [33m0.12170000000332948[39m,
  totalTime: [33m131.15269999999146[39m
}
Chunk (0, 0) generation metrics: {
  terrainTime: [33m0.40330000000540167[39m,
  biomeTime: [33m125.50989999999001[39m,
  resourceTime: [33m0.11969999999564607[39m,
  structureTime: [33m0.06070000000181608[39m,
  riverTime: [33m0.015899999998509884[39m,
  totalTime: [33m126.12579999999434[39m
}
Chunk (1, 0) generation metrics: {
  terrainTime: [33m0.5761999999958789[39m,
  biomeTime: [33m142.86530000000494[39m,
  resourceTime: [33m0.12140000000363216[39m,
  structureTime: [33m0.10749999999825377[39m,
  riverTime: [33m0.014500000004773028[39m,
  totalTime: [33m143.70740000001388[39m
}
Chunk (-1, 1) generation metrics: {
  terrainTime: [33m0.6152000000001863[39m,
  biomeTime: [33m146.0344000000041[39m,
  resourceTime: [33m0.12780000000202563[39m,
  structureTime: [33m0.0816999999951804[39m,
  riverTime: [33m0.016199999998207204[39m,
  totalTime: [33m146.89740000000165[39m
}
Chunk (0, 1) generation metrics: {
  terrainTime: [33m0.6144999999960419[39m,
  biomeTime: [33m141.39349999999104[39m,
  resourceTime: [33m0.13200000001234002[39m,
  structureTime: [33m0.08950000000186265[39m,
  riverTime: [33m0.016799999997601844[39m,
  totalTime: [33m142.27079999999842[39m
}
Chunk (1, 1) generation metrics: {
  terrainTime: [33m0.6068999999988591[39m,
  biomeTime: [33m141.83600000001024[39m,
  resourceTime: [33m0.12260000000242144[39m,
  structureTime: [33m0.08659999999508727[39m,
  riverTime: [33m0.014500000004773028[39m,
  totalTime: [33m142.69100000000617[39m
}
Loaded 9 chunks in 1240.87ms
World generated with seed: 12345

[90mstdout[2m | demo/src/core/DemoApp.test.ts[2m > [22m[2mDemoApp[2m > [22m[2mchunk loading[2m > [22m[2mshould load chunks in radius around center[22m[39m
DemoApp initialized successfully
Chunk (-1, -1) generation metrics: {
  terrainTime: [33m0.5970999999990454[39m,
  biomeTime: [33m144.1640000000043[39m,
  resourceTime: [33m0.16519999998854473[39m,
  structureTime: [33m0.09580000001005828[39m,
  riverTime: [33m0.18740000000980217[39m,
  totalTime: [33m145.23450000000594[39m
}
Chunk (0, -1) generation metrics: {
  terrainTime: [33m0.6157999999995809[39m,
  biomeTime: [33m152.12979999999516[39m,
  resourceTime: [33m0.1329999999870779[39m,
  structureTime: [33m0.07219999999506399[39m,
  riverTime: [33m0.015399999989313073[39m,
  totalTime: [33m152.98669999999402[39m
}
Chunk (1, -1) generation metrics: {
  terrainTime: [33m0.6132999999972526[39m,
  biomeTime: [33m143.92459999999846[39m,
  resourceTime: [33m0.1316999999980908[39m,
  structureTime: [33m0.08429999998770654[39m,
  riverTime: [33m0.0654999999969732[39m,
  totalTime: [33m144.84359999999288[39m
}
Chunk (-1, 0) generation metrics: {
  terrainTime: [33m1.1233999999967637[39m,
  biomeTime: [33m144.4210000000021[39m,
  resourceTime: [33m0.1299999999901047[39m,
  structureTime: [33m0.11609999999927823[39m,
  riverTime: [33m0.19030000000202563[39m,
  totalTime: [33m146.00319999999192[39m
}
Chunk (0, 0) generation metrics: {
  terrainTime: [33m0.6180000000022119[39m,
  biomeTime: [33m141.53399999999965[39m,
  resourceTime: [33m0.125[39m,
  structureTime: [33m0.062399999995250255[39m,
  riverTime: [33m0.016799999997601844[39m,
  totalTime: [33m142.37429999999586[39m
}
Chunk (1, 0) generation metrics: {
  terrainTime: [33m0.6057000000000698[39m,
  biomeTime: [33m138.09359999999288[39m,
  resourceTime: [33m0.07029999999213032[39m,
  structureTime: [33m0.08120000000053551[39m,
  riverTime: [33m0.010300000009010546[39m,
  totalTime: [33m138.88259999999718[39m
}
Chunk (-1, 1) generation metrics: {
  terrainTime: [33m0.4126000000105705[39m,
  biomeTime: [33m138.29439999999886[39m,
  resourceTime: [33m0.12360000000626314[39m,
  structureTime: [33m0.088900000002468[39m,
  riverTime: [33m0.014999999999417923[39m,
  totalTime: [33m138.95630000000529[39m
}
Chunk (0, 1) generation metrics: {
  terrainTime: [33m0.6111000000091735[39m,
  biomeTime: [33m138.64740000000165[39m,
  resourceTime: [33m0.12679999999818392[39m,
  structureTime: [33m0.08320000000821892[39m,
  riverTime: [33m0.016199999998207204[39m,
  totalTime: [33m139.50800000000163[39m
}
Chunk (1, 1) generation metrics: {
  terrainTime: [33m0.7149000000063097[39m,
  biomeTime: [33m137.1926000000094[39m,
  resourceTime: [33m0.12390000000596046[39m,
  structureTime: [33m0.07850000000325963[39m,
  riverTime: [33m0.015899999998509884[39m,
  totalTime: [33m138.14830000000075[39m
}
Loaded 9 chunks in 1288.59ms

[90mstdout[2m | demo/src/core/DemoApp.test.ts[2m > [22m[2mDemoApp[2m > [22m[2mchunk loading[2m > [22m[2mshould not reload already loaded chunks[22m[39m
DemoApp initialized successfully
Chunk (-1, -1) generation metrics: {
  terrainTime: [33m0.6028999999980442[39m,
  biomeTime: [33m145.44739999999[39m,
  resourceTime: [33m0.18720000000030268[39m,
  structureTime: [33m0.10279999999329448[39m,
  riverTime: [33m0.19530000000668224[39m,
  totalTime: [33m146.5578999999998[39m
}
Chunk (0, -1) generation metrics: {
  terrainTime: [33m0.6168999999936204[39m,
  biomeTime: [33m152.33759999999893[39m,
  resourceTime: [33m0.12369999999646097[39m,
  structureTime: [33m0.07910000000265427[39m,
  riverTime: [33m0.01609999999345746[39m,
  totalTime: [33m153.19660000001022[39m
}
Chunk (1, -1) generation metrics: {
  terrainTime: [33m0.6171999999933178[39m,
  biomeTime: [33m132.09470000000147[39m,
  resourceTime: [33m0.12099999999918509[39m,
  structureTime: [33m0.07409999999799766[39m,
  riverTime: [33m0.05899999999382999[39m,
  totalTime: [33m132.98669999999402[39m
}
Chunk (-1, 0) generation metrics: {
  terrainTime: [33m0.5959000000002561[39m,
  biomeTime: [33m131.3127999999997[39m,
  resourceTime: [33m0.13040000000910368[39m,
  structureTime: [33m0.11819999999715947[39m,
  riverTime: [33m0.19539999999688007[39m,
  totalTime: [33m132.3744000000006[39m
}
Chunk (0, 0) generation metrics: {
  terrainTime: [33m0.6235000000015134[39m,
  biomeTime: [33m146.2795999999944[39m,
  resourceTime: [33m0.1282000000064727[39m,
  structureTime: [33m0.07540000000153668[39m,
  riverTime: [33m0.015800000008312054[39m,
  totalTime: [33m147.1463000000076[39m
}
Chunk (1, 0) generation metrics: {
  terrainTime: [33m0.6091000000014901[39m,
  biomeTime: [33m122.99370000000636[39m,
  resourceTime: [33m0.12020000000484288[39m,
  structureTime: [33m0.1147999999957392[39m,
  riverTime: [33m0.014800000004470348[39m,
  totalTime: [33m123.87720000000263[39m
}
Chunk (-1, 1) generation metrics: {
  terrainTime: [33m0.5862000000051921[39m,
  biomeTime: [33m150.2829999999958[39m,
  resourceTime: [33m0.1264999999984866[39m,
  structureTime: [33m0.07559999999648426[39m,
  riverTime: [33m0.017999999996391125[39m,
  totalTime: [33m151.11119999999937[39m
}
Chunk (0, 1) generation metrics: {
  terrainTime: [33m0.5944000000017695[39m,
  biomeTime: [33m151.86139999999432[39m,
  resourceTime: [33m0.12470000000030268[39m,
  structureTime: [33m0.08120000000053551[39m,
  riverTime: [33m0.015299999999115244[39m,
  totalTime: [33m152.70090000001073[39m
}
Chunk (1, 1) generation metrics: {
  terrainTime: [33m0.5850999999966007[39m,
  biomeTime: [33m152.40030000000843[39m,
  resourceTime: [33m0.12170000000332948[39m,
  structureTime: [33m0.08399999998800922[39m,
  riverTime: [33m0.015100000004167669[39m,
  totalTime: [33m153.2670000000071[39m
}
Loaded 9 chunks in 1294.93ms

[90mstdout[2m | demo/src/core/DemoApp.test.ts[2m > [22m[2mDemoApp[2m > [22m[2mchunk loading[2m > [22m[2mshould emit CHUNK_LOADED events[22m[39m
DemoApp initialized successfully
Chunk (-1, -1) generation metrics: {
  terrainTime: [33m0.5837999999930616[39m,
  biomeTime: [33m137.7737999999954[39m,
  resourceTime: [33m0.10789999998814892[39m,
  structureTime: [33m0.09639999999490101[39m,
  riverTime: [33m0.1698000000033062[39m,
  totalTime: [33m138.7612000000081[39m
}
Chunk (0, -1) generation metrics: {
  terrainTime: [33m0.5947000000014668[39m,
  biomeTime: [33m145.0384000000049[39m,
  resourceTime: [33m0.13010000000940636[39m,
  structureTime: [33m0.07429999999294523[39m,
  riverTime: [33m0.01570000000356231[39m,
  totalTime: [33m145.8755999999994[39m
}
Chunk (1, -1) generation metrics: {
  terrainTime: [33m0.6367999999929452[39m,
  biomeTime: [33m145.5853000000061[39m,
  resourceTime: [33m0.1290000000008149[39m,
  structureTime: [33m0.07889999999315478[39m,
  riverTime: [33m0.05849999999918509[39m,
  totalTime: [33m146.5103999999992[39m
}
Chunk (-1, 0) generation metrics: {
  terrainTime: [33m0.5781000000133645[39m,
  biomeTime: [33m131.34590000000026[39m,
  resourceTime: [33m0.13930000000982545[39m,
  structureTime: [33m0.17289999999047723[39m,
  riverTime: [33m0.1981999999989057[39m,
  totalTime: [33m132.46470000001136[39m
}
Chunk (0, 0) generation metrics: {
  terrainTime: [33m0.6216999999887776[39m,
  biomeTime: [33m144.0448000000033[39m,
  resourceTime: [33m0.12960000000020955[39m,
  structureTime: [33m0.09540000000561122[39m,
  riverTime: [33m0.015800000008312054[39m,
  totalTime: [33m144.93589999999676[39m
}
Chunk (1, 0) generation metrics: {
  terrainTime: [33m0.6157999999995809[39m,
  biomeTime: [33m138.69619999999122[39m,
  resourceTime: [33m0.14659999999275897[39m,
  structureTime: [33m0.18130000001110602[39m,
  riverTime: [33m0.014400000000023283[39m,
  totalTime: [33m139.72449999999662[39m
}
Chunk (-1, 1) generation metrics: {
  terrainTime: [33m0.8846000000048662[39m,
  biomeTime: [33m150.06660000000556[39m,
  resourceTime: [33m0.12299999999231659[39m,
  structureTime: [33m0.07700000000477303[39m,
  riverTime: [33m0.01570000000356231[39m,
  totalTime: [33m151.1921000000002[39m
}
Chunk (0, 1) generation metrics: {
  terrainTime: [33m0.5991000000067288[39m,
  biomeTime: [33m151.40699999999197[39m,
  resourceTime: [33m0.13330000000132713[39m,
  structureTime: [33m0.08840000000782311[39m,
  riverTime: [33m0.017099999997299165[39m,
  totalTime: [33m152.26929999999993[39m
}
Chunk (1, 1) generation metrics: {
  terrainTime: [33m0.6166999999986729[39m,
  biomeTime: [33m141.46519999999146[39m,
  resourceTime: [33m0.13109999999869615[39m,
  structureTime: [33m0.09690000000409782[39m,
  riverTime: [33m0.017900000006193295[39m,
  totalTime: [33m142.35480000000098[39m
}
Loaded 9 chunks in 1296.36ms

[90mstdout[2m | demo/src/core/DemoApp.test.ts[2m > [22m[2mDemoApp[2m > [22m[2mchunk loading[2m > [22m[2mshould update performance metrics[22m[39m
DemoApp initialized successfully
Chunk (-1, -1) generation metrics: {
  terrainTime: [33m0.8110000000015134[39m,
  biomeTime: [33m145.25620000000345[39m,
  resourceTime: [33m0.12589999999909196[39m,
  structureTime: [33m0.07529999999678694[39m,
  riverTime: [33m0.18339999999443535[39m,
  totalTime: [33m146.47639999999956[39m
}
Chunk (0, -1) generation metrics: {
  terrainTime: [33m0.621899999998277[39m,
  biomeTime: [33m150.89500000000407[39m,
  resourceTime: [33m0.12659999998868443[39m,
  structureTime: [33m0.09339999999792781[39m,
  riverTime: [33m0.01600000000325963[39m,
  totalTime: [33m151.77549999998882[39m
}
Chunk (1, -1) generation metrics: {
  terrainTime: [33m0.7501000000047497[39m,
  biomeTime: [33m134.46940000000177[39m,
  resourceTime: [33m0.11870000000635628[39m,
  structureTime: [33m0.06279999999969732[39m,
  riverTime: [33m0.05769999999029096[39m,
  totalTime: [33m135.48189999999886[39m
}
Chunk (-1, 0) generation metrics: {
  terrainTime: [33m0.5935000000026776[39m,
  biomeTime: [33m138.04280000001017[39m,
  resourceTime: [33m0.07289999999920838[39m,
  structureTime: [33m0.09130000000004657[39m,
  riverTime: [33m0.19589999999152496[39m,
  totalTime: [33m139.027700000006[39m
}
Chunk (0, 0) generation metrics: {
  terrainTime: [33m0.5926000000035856[39m,
  biomeTime: [33m140.66730000000098[39m,
  resourceTime: [33m0.12069999999948777[39m,
  structureTime: [33m0.08059999998658895[39m,
  riverTime: [33m0.014699999999720603[39m,
  totalTime: [33m141.4994999999908[39m
}
Chunk (1, 0) generation metrics: {
  terrainTime: [33m0.6168999999936204[39m,
  biomeTime: [33m169.71970000000147[39m,
  resourceTime: [33m0.12440000000060536[39m,
  structureTime: [33m0.11049999999522697[39m,
  riverTime: [33m0.017099999997299165[39m,
  totalTime: [33m170.61119999999937[39m
}
Chunk (-1, 1) generation metrics: {
  terrainTime: [33m0.6252999999996973[39m,
  biomeTime: [33m148.58849999999802[39m,
  resourceTime: [33m0.11840000000665896[39m,
  structureTime: [33m0.08230000000912696[39m,
  riverTime: [33m0.015499999994062819[39m,
  totalTime: [33m149.45300000000861[39m
}
Chunk (0, 1) generation metrics: {
  terrainTime: [33m0.6120999999984633[39m,
  biomeTime: [33m153.396499999988[39m,
  resourceTime: [33m0.1284999999916181[39m,
  structureTime: [33m0.08239999999932479[39m,
  riverTime: [33m0.015400000003864989[39m,
  totalTime: [33m154.25959999999031[39m
}
Chunk (1, 1) generation metrics: {
  terrainTime: [33m0.6166999999986729[39m,
  biomeTime: [33m160.91650000000664[39m,
  resourceTime: [33m0.12790000000677537[39m,
  structureTime: [33m0.07510000000183936[39m,
  riverTime: [33m0.0166999999928521[39m,
  totalTime: [33m161.77460000000428[39m
}
Loaded 9 chunks in 1356.23ms

[90mstdout[2m | demo/src/core/DemoApp.test.ts[2m > [22m[2mDemoApp[2m > [22m[2mchunk unloading[2m > [22m[2mshould unload chunks beyond max distance[22m[39m
DemoApp initialized successfully
Chunk (-2, -2) generation metrics: {
  terrainTime: [33m0.6032999999879394[39m,
  biomeTime: [33m165.04709999999614[39m,
  resourceTime: [33m0.31560000000172295[39m,
  structureTime: [33m0.08090000000083819[39m,
  riverTime: [33m0.03650000000197906[39m,
  totalTime: [33m166.10659999999916[39m
}
Chunk (-1, -2) generation metrics: {
  terrainTime: [33m2.9266999999963446[39m,
  biomeTime: [33m161.74379999999655[39m,
  resourceTime: [33m0.12760000000707805[39m,
  structureTime: [33m0.09290000000328291[39m,
  riverTime: [33m0.08130000000528526[39m,
  totalTime: [33m164.99639999998908[39m
}
Chunk (0, -2) generation metrics: {
  terrainTime: [33m0.6284000000014203[39m,
  biomeTime: [33m157.3414000000048[39m,
  resourceTime: [33m0.12540000000444707[39m,
  structureTime: [33m0.12090000000898726[39m,
  riverTime: [33m0.11400000000139698[39m,
  totalTime: [33m158.35550000000512[39m
}
Chunk (1, -2) generation metrics: {
  terrainTime: [33m0.7629000000015367[39m,
  biomeTime: [33m148.46080000000075[39m,
  resourceTime: [33m0.12810000000172295[39m,
  structureTime: [33m0.08299999999871943[39m,
  riverTime: [33m0.017000000007101335[39m,
  totalTime: [33m149.4774999999936[39m
}
Chunk (2, -2) generation metrics: {
  terrainTime: [33m1.016699999992852[39m,
  biomeTime: [33m172.9502000000066[39m,
  resourceTime: [33m0.12640000000828877[39m,
  structureTime: [33m0.1267000000079861[39m,
  riverTime: [33m0.017000000007101335[39m,
  totalTime: [33m174.2600000000093[39m
}
Chunk (-2, -1) generation metrics: {
  terrainTime: [33m0.6080999999976484[39m,
  biomeTime: [33m158.04439999999886[39m,
  resourceTime: [33m0.12570000000414439[39m,
  structureTime: [33m0.12329999999201391[39m,
  riverTime: [33m0.06720000000495929[39m,
  totalTime: [33m158.995900000009[39m
}
Chunk (-1, -1) generation metrics: {
  terrainTime: [33m0.8972000000067055[39m,
  biomeTime: [33m172.65520000000834[39m,
  resourceTime: [33m0.127200000002631[39m,
  structureTime: [33m0.08039999999164138[39m,
  riverTime: [33m0.19379999999364372[39m,
  totalTime: [33m173.98599999998987[39m
}
Chunk (0, -1) generation metrics: {
  terrainTime: [33m0.6220000000030268[39m,
  biomeTime: [33m152.17690000000584[39m,
  resourceTime: [33m0.13129999999364372[39m,
  structureTime: [33m0.09579999999550637[39m,
  riverTime: [33m0.017300000006798655[39m,
  totalTime: [33m153.07110000000102[39m
}
Chunk (1, -1) generation metrics: {
  terrainTime: [33m0.6196999999956461[39m,
  biomeTime: [33m148.31239999999525[39m,
  resourceTime: [33m0.1255000000091968[39m,
  structureTime: [33m0.06420000000798609[39m,
  riverTime: [33m0.06329999999434222[39m,
  totalTime: [33m149.20640000001004[39m
}
Chunk (2, -1) generation metrics: {
  terrainTime: [33m0.5991999999969266[39m,
  biomeTime: [33m152.63589999999385[39m,
  resourceTime: [33m0.13180000000284053[39m,
  structureTime: [33m0.10949999999138527[39m,
  riverTime: [33m0.016400000007706694[39m,
  totalTime: [33m153.51660000000265[39m
}
Chunk (-2, 0) generation metrics: {
  terrainTime: [33m0.6196999999956461[39m,
  biomeTime: [33m145.4079000000056[39m,
  resourceTime: [33m0.13340000000607688[39m,
  structureTime: [33m0.11350000000675209[39m,
  riverTime: [33m0.06000000001222361[39m,
  totalTime: [33m146.35719999999856[39m
}
Chunk (-1, 0) generation metrics: {
  terrainTime: [33m0.6209999999991851[39m,
  biomeTime: [33m162.24639999998908[39m,
  resourceTime: [33m0.10929999999643769[39m,
  structureTime: [33m0.2114000000001397[39m,
  riverTime: [33m0.26829999999608845[39m,
  totalTime: [33m163.48089999999502[39m
}
Chunk (0, 0) generation metrics: {
  terrainTime: [33m0.6899000000121305[39m,
  biomeTime: [33m130.37189999999828[39m,
  resourceTime: [33m0.13109999999869615[39m,
  structureTime: [33m0.1267000000079861[39m,
  riverTime: [33m0.018800000005285256[39m,
  totalTime: [33m131.37870000000112[39m
}
Chunk (1, 0) generation metrics: {
  terrainTime: [33m0.6018000000040047[39m,
  biomeTime: [33m139.16689999999653[39m,
  resourceTime: [33m0.11400000000139698[39m,
  structureTime: [33m0.09619999999995343[39m,
  riverTime: [33m0.01570000000356231[39m,
  totalTime: [33m140.01669999999285[39m
}
Chunk (2, 0) generation metrics: {
  terrainTime: [33m0.5918000000092434[39m,
  biomeTime: [33m162.85479999998643[39m,
  resourceTime: [33m0.1509000000078231[39m,
  structureTime: [33m0.07540000000153668[39m,
  riverTime: [33m0.01650000001245644[39m,
  totalTime: [33m163.71100000001024[39m
}
Chunk (-2, 1) generation metrics: {
  terrainTime: [33m0.7269999999989523[39m,
  biomeTime: [33m155.04760000000533[39m,
  resourceTime: [33m0.19289999999455176[39m,
  structureTime: [33m0.06589999998686835[39m,
  riverTime: [33m0.015400000003864989[39m,
  totalTime: [33m156.06870000000345[39m
}
Chunk (-1, 1) generation metrics: {
  terrainTime: [33m1.0722999999998137[39m,
  biomeTime: [33m149.01449999999022[39m,
  resourceTime: [33m0.12459999999555293[39m,
  structureTime: [33m0.07300000000395812[39m,
  riverTime: [33m0.01810000000114087[39m,
  totalTime: [33m150.3350999999966[39m
}
Chunk (0, 1) generation metrics: {
  terrainTime: [33m0.5984999999927823[39m,
  biomeTime: [33m151.91079999999783[39m,
  resourceTime: [33m0.1352000000042608[39m,
  structureTime: [33m0.07839999999850988[39m,
  riverTime: [33m0.021600000007310882[39m,
  totalTime: [33m152.7658000000083[39m
}
Chunk (1, 1) generation metrics: {
  terrainTime: [33m0.6238999999914085[39m,
  biomeTime: [33m147.3798999999999[39m,
  resourceTime: [33m0.07030000000668224[39m,
  structureTime: [33m0.054499999998370185[39m,
  riverTime: [33m0.05349999999452848[39m,
  totalTime: [33m148.2002000000066[39m
}
Chunk (2, 1) generation metrics: {
  terrainTime: [33m0.5961999999999534[39m,
  biomeTime: [33m141.67919999999867[39m,
  resourceTime: [33m0.12879999999131542[39m,
  structureTime: [33m0.07940000000235159[39m,
  riverTime: [33m0.007300000012037344[39m,
  totalTime: [33m142.51059999999416[39m
}
Chunk (-2, 2) generation metrics: {
  terrainTime: [33m0.599900000001071[39m,
  biomeTime: [33m159.0722999999998[39m,
  resourceTime: [33m0.1239999999961583[39m,
  structureTime: [33m0.07649999999557622[39m,
  riverTime: [33m0.007100000002537854[39m,
  totalTime: [33m159.9027999999962[39m
}
Chunk (-1, 2) generation metrics: {
  terrainTime: [33m1.6304999999993015[39m,
  biomeTime: [33m156.17360000000917[39m,
  resourceTime: [33m0.12850000000617[39m,
  structureTime: [33m0.08350000000791624[39m,
  riverTime: [33m0.006899999993038364[39m,
  totalTime: [33m158.04859999999462[39m
}
Chunk (0, 2) generation metrics: {
  terrainTime: [33m0.6113999999943189[39m,
  biomeTime: [33m149.8076999999903[39m,
  resourceTime: [33m0.12239999999292195[39m,
  structureTime: [33m0.07929999999760184[39m,
  riverTime: [33m0.007199999992735684[39m,
  totalTime: [33m150.6490000000049[39m
}
Chunk (1, 2) generation metrics: {
  terrainTime: [33m0.658899999994901[39m,
  biomeTime: [33m157.27039999999397[39m,
  resourceTime: [33m0.13749999999708962[39m,
  structureTime: [33m0.0687000000034459[39m,
  riverTime: [33m0.007499999992433004[39m,
  totalTime: [33m158.1640000000043[39m
}
Chunk (2, 2) generation metrics: {
  terrainTime: [33m0.6183000000019092[39m,
  biomeTime: [33m152.42230000000563[39m,
  resourceTime: [33m0.1352000000042608[39m,
  structureTime: [33m0.06389999999373686[39m,
  riverTime: [33m0.05099999999220017[39m,
  totalTime: [33m153.31019999999262[39m
}
Loaded 25 chunks in 3881.84ms
Unloaded 20 distant chunks

[90mstdout[2m | demo/src/core/DemoApp.test.ts[2m > [22m[2mDemoApp[2m > [22m[2mchunk unloading[2m > [22m[2mshould emit CHUNK_UNLOADED events[22m[39m
DemoApp initialized successfully
Chunk (-2, -2) generation metrics: {
  terrainTime: [33m0.6024999999935972[39m,
  biomeTime: [33m167.806700000001[39m,
  resourceTime: [33m0.1235000000015134[39m,
  structureTime: [33m0.07330000000365544[39m,
  riverTime: [33m0.025500000003376044[39m,
  totalTime: [33m168.6921000000002[39m
}
Chunk (-1, -2) generation metrics: {
  terrainTime: [33m0.6050000000104774[39m,
  biomeTime: [33m138.89359999999579[39m,
  resourceTime: [33m0.1290000000008149[39m,
  structureTime: [33m0.07989999999699648[39m,
  riverTime: [33m0.052999999999883585[39m,
  totalTime: [33m139.78450000000885[39m
}
Chunk (0, -2) generation metrics: {
  terrainTime: [33m0.6365000000077998[39m,
  biomeTime: [33m156.04499999999825[39m,
  resourceTime: [33m0.12889999999606516[39m,
  structureTime: [33m0.11860000000160653[39m,
  riverTime: [33m0.006899999993038364[39m,
  totalTime: [33m156.96059999999125[39m
}
Chunk (1, -2) generation metrics: {
  terrainTime: [33m0.6025999999983469[39m,
  biomeTime: [33m147.77769999999146[39m,
  resourceTime: [33m0.07030000000668224[39m,
  structureTime: [33m0.06369999999878928[39m,
  riverTime: [33m0.005199999999604188[39m,
  totalTime: [33m148.53889999999956[39m
}
Chunk (2, -2) generation metrics: {
  terrainTime: [33m0.4003999999986263[39m,
  biomeTime: [33m144.27750000001106[39m,
  resourceTime: [33m0.13259999999718275[39m,
  structureTime: [33m0.09870000000228174[39m,
  riverTime: [33m0.007400000002235174[39m,
  totalTime: [33m144.93439999999828[39m
}
Chunk (-2, -1) generation metrics: {
  terrainTime: [33m0.6201000000000931[39m,
  biomeTime: [33m149.1926000000094[39m,
  resourceTime: [33m0.1327000000019325[39m,
  structureTime: [33m0.11669999999867287[39m,
  riverTime: [33m0.04899999999906868[39m,
  totalTime: [33m150.13529999999446[39m
}
Chunk (-1, -1) generation metrics: {
  terrainTime: [33m0.6247999999905005[39m,
  biomeTime: [33m144.13840000001073[39m,
  resourceTime: [33m0.11720000000786968[39m,
  structureTime: [33m0.07349999999860302[39m,
  riverTime: [33m0.1224999999976717[39m,
  totalTime: [33m145.0981000000029[39m
}
Chunk (0, -1) generation metrics: {
  terrainTime: [33m0.58980000000156[39m,
  biomeTime: [33m140.65060000000813[39m,
  resourceTime: [33m0.11719999999331776[39m,
  structureTime: [33m0.08819999999832362[39m,
  riverTime: [33m0.008000000001629815[39m,
  totalTime: [33m141.4762000000046[39m
}
Chunk (1, -1) generation metrics: {
  terrainTime: [33m0.6141999999963446[39m,
  biomeTime: [33m147.83789999999863[39m,
  resourceTime: [33m0.13360000000102445[39m,
  structureTime: [33m0.07820000000356231[39m,
  riverTime: [33m0.04189999999653082[39m,
  totalTime: [33m148.72960000000603[39m
}
Chunk (2, -1) generation metrics: {
  terrainTime: [33m0.6239000000059605[39m,
  biomeTime: [33m135.8570000000036[39m,
  resourceTime: [33m0.12960000000020955[39m,
  structureTime: [33m0.12930000000051223[39m,
  riverTime: [33m0.006699999998090789[39m,
  totalTime: [33m136.77530000000843[39m
}
Chunk (-2, 0) generation metrics: {
  terrainTime: [33m0.6214000000036322[39m,
  biomeTime: [33m143.3055000000022[39m,
  resourceTime: [33m0.12140000000363216[39m,
  structureTime: [33m0.1145000000105938[39m,
  riverTime: [33m0.037200000006123446[39m,
  totalTime: [33m144.22679999998945[39m
}
Chunk (-1, 0) generation metrics: {
  terrainTime: [33m1.0072000000072876[39m,
  biomeTime: [33m141.28250000000116[39m,
  resourceTime: [33m0.12039999999979045[39m,
  structureTime: [33m0.1377000000065891[39m,
  riverTime: [33m0.13009999999485444[39m,
  totalTime: [33m142.70479999999225[39m
}
Chunk (0, 0) generation metrics: {
  terrainTime: [33m0.6303000000043539[39m,
  biomeTime: [33m118.63489999999001[39m,
  resourceTime: [33m0.13109999999869615[39m,
  structureTime: [33m0.08220000000437722[39m,
  riverTime: [33m0.006099999998696148[39m,
  totalTime: [33m119.50800000000163[39m
}
Chunk (1, 0) generation metrics: {
  terrainTime: [33m0.6304999999993015[39m,
  biomeTime: [33m138.77440000000934[39m,
  resourceTime: [33m0.1315000000031432[39m,
  structureTime: [33m0.12110000000393484[39m,
  riverTime: [33m0.006800000002840534[39m,
  totalTime: [33m139.69060000000172[39m
}
Chunk (2, 0) generation metrics: {
  terrainTime: [33m0.6254999999946449[39m,
  biomeTime: [33m136.51819999999134[39m,
  resourceTime: [33m0.06960000000253785[39m,
  structureTime: [33m0.061799999995855615[39m,
  riverTime: [33m0.004600000000209548[39m,
  totalTime: [33m137.30040000000736[39m
}
Chunk (-2, 1) generation metrics: {
  terrainTime: [33m0.3981999999959953[39m,
  biomeTime: [33m145.63730000000214[39m,
  resourceTime: [33m0.11340000000200234[39m,
  structureTime: [33m0.08659999999508727[39m,
  riverTime: [33m0.0060000000084983185[39m,
  totalTime: [33m146.26050000000396[39m
}
Chunk (-1, 1) generation metrics: {
  terrainTime: [33m0.3941000000049826[39m,
  biomeTime: [33m145.96639999999024[39m,
  resourceTime: [33m0.06930000000284053[39m,
  structureTime: [33m0.069999999992433[39m,
  riverTime: [33m0.005499999999301508[39m,
  totalTime: [33m146.52390000000014[39m
}
Chunk (0, 1) generation metrics: {
  terrainTime: [33m0.38900000001012813[39m,
  biomeTime: [33m140.34619999999995[39m,
  resourceTime: [33m0.12529999999969732[39m,
  structureTime: [33m0.11220000000321306[39m,
  riverTime: [33m0.008500000010826625[39m,
  totalTime: [33m141.00019999999495[39m
}
Chunk (1, 1) generation metrics: {
  terrainTime: [33m0.653600000005099[39m,
  biomeTime: [33m140.699099999998[39m,
  resourceTime: [33m0.12449999999080319[39m,
  structureTime: [33m0.06470000000263099[39m,
  riverTime: [33m0.007499999992433004[39m,
  totalTime: [33m141.57020000000193[39m
}
Chunk (2, 1) generation metrics: {
  terrainTime: [33m0.6049000000057276[39m,
  biomeTime: [33m138.5807999999961[39m,
  resourceTime: [33m0.13379999999597203[39m,
  structureTime: [33m0.07099999999627471[39m,
  riverTime: [33m0.007000000012340024[39m,
  totalTime: [33m139.41719999999623[39m
}
Chunk (-2, 2) generation metrics: {
  terrainTime: [33m0.6159000000043306[39m,
  biomeTime: [33m159.02760000000126[39m,
  resourceTime: [33m0.12679999999818392[39m,
  structureTime: [33m0.07520000000658911[39m,
  riverTime: [33m0.006599999993341044[39m,
  totalTime: [33m159.87309999999707[39m
}
Chunk (-1, 2) generation metrics: {
  terrainTime: [33m0.626300000003539[39m,
  biomeTime: [33m158.97870000000694[39m,
  resourceTime: [33m0.15200000000186265[39m,
  structureTime: [33m0.27949999998963904[39m,
  riverTime: [33m0.02729999998700805[39m,
  totalTime: [33m160.1009999999951[39m
}
Chunk (0, 2) generation metrics: {
  terrainTime: [33m0.6158999999897787[39m,
  biomeTime: [33m166.89429999999993[39m,
  resourceTime: [33m0.13110000001324806[39m,
  structureTime: [33m0.08100000000558794[39m,
  riverTime: [33m0.007399999987683259[39m,
  totalTime: [33m167.7543000000005[39m
}
Chunk (1, 2) generation metrics: {
  terrainTime: [33m0.6082000000023982[39m,
  biomeTime: [33m156.78160000000207[39m,
  resourceTime: [33m0.11709999998856802[39m,
  structureTime: [33m0.08559999999124557[39m,
  riverTime: [33m0.006999999997788109[39m,
  totalTime: [33m157.62230000000272[39m
}
Chunk (2, 2) generation metrics: {
  terrainTime: [33m0.3840000000054715[39m,
  biomeTime: [33m152.73029999999562[39m,
  resourceTime: [33m0.11909999999625143[39m,
  structureTime: [33m0.0789000000077067[39m,
  riverTime: [33m0.04189999999653082[39m,
  totalTime: [33m153.3738999999914[39m
}
Loaded 25 chunks in 3683.43ms
Unloaded 20 distant chunks

[90mstdout[2m | demo/src/core/DemoApp.test.ts[2m > [22m[2mDemoApp[2m > [22m[2mchunk unloading[2m > [22m[2mshould update loaded chunk count[22m[39m
DemoApp initialized successfully
Chunk (-2, -2) generation metrics: {
  terrainTime: [33m2.106599999999162[39m,
  biomeTime: [33m149.98029999999562[39m,
  resourceTime: [33m0.125[39m,
  structureTime: [33m0.07110000000102445[39m,
  riverTime: [33m0.023399999990942888[39m,
  totalTime: [33m152.32739999999467[39m
}
Chunk (-1, -2) generation metrics: {
  terrainTime: [33m0.5881999999983236[39m,
  biomeTime: [33m165.81590000000142[39m,
  resourceTime: [33m0.12769999999727588[39m,
  structureTime: [33m0.08280000000377186[39m,
  riverTime: [33m0.1068000000086613[39m,
  totalTime: [33m166.74319999999716[39m
}
Chunk (0, -2) generation metrics: {
  terrainTime: [33m0.5993000000016764[39m,
  biomeTime: [33m136.24799999999232[39m,
  resourceTime: [33m0.12099999999918509[39m,
  structureTime: [33m0.11389999999664724[39m,
  riverTime: [33m0.006800000002840534[39m,
  totalTime: [33m137.11179999999877[39m
}
Chunk (1, -2) generation metrics: {
  terrainTime: [33m0.6772000000055414[39m,
  biomeTime: [33m153.39519999999902[39m,
  resourceTime: [33m0.13410000001022127[39m,
  structureTime: [33m0.07329999998910353[39m,
  riverTime: [33m0.007099999987985939[39m,
  totalTime: [33m154.3113999999914[39m
}
Chunk (2, -2) generation metrics: {
  terrainTime: [33m0.6128000000026077[39m,
  biomeTime: [33m146.28489999999874[39m,
  resourceTime: [33m0.1222999999881722[39m,
  structureTime: [33m0.12299999999231659[39m,
  riverTime: [33m0.007499999992433004[39m,
  totalTime: [33m147.1768000000011[39m
}
Chunk (-2, -1) generation metrics: {
  terrainTime: [33m0.6015000000043074[39m,
  biomeTime: [33m138.82510000000184[39m,
  resourceTime: [33m0.1290000000008149[39m,
  structureTime: [33m0.10400000000663567[39m,
  riverTime: [33m0.04409999999916181[39m,
  totalTime: [33m139.72430000000168[39m
}
Chunk (-1, -1) generation metrics: {
  terrainTime: [33m0.6085000000020955[39m,
  biomeTime: [33m148.3960999999981[39m,
  resourceTime: [33m0.13339999999152496[39m,
  structureTime: [33m0.10480000000097789[39m,
  riverTime: [33m0.4130999999906635[39m,
  totalTime: [33m149.68159999999625[39m
}
Chunk (0, -1) generation metrics: {
  terrainTime: [33m0.6173999999882653[39m,
  biomeTime: [33m147.72660000000906[39m,
  resourceTime: [33m0.0712000000057742[39m,
  structureTime: [33m0.06419999999343418[39m,
  riverTime: [33m0.005399999994551763[39m,
  totalTime: [33m148.50479999999516[39m
}
Chunk (1, -1) generation metrics: {
  terrainTime: [33m1.0540000000037253[39m,
  biomeTime: [33m138.21199999999953[39m,
  resourceTime: [33m0.12640000000828877[39m,
  structureTime: [33m0.08199999999487773[39m,
  riverTime: [33m0.04030000000784639[39m,
  totalTime: [33m139.53979999999865[39m
}
Chunk (2, -1) generation metrics: {
  terrainTime: [33m0.6142000000108965[39m,
  biomeTime: [33m144.34150000000955[39m,
  resourceTime: [33m0.12510000000474975[39m,
  structureTime: [33m0.10340000000724103[39m,
  riverTime: [33m0.007299999997485429[39m,
  totalTime: [33m145.21210000000428[39m
}
Chunk (-2, 0) generation metrics: {
  terrainTime: [33m0.6059999999997672[39m,
  biomeTime: [33m142.5558000000019[39m,
  resourceTime: [33m0.14620000000286382[39m,
  structureTime: [33m0.1040999999968335[39m,
  riverTime: [33m0.03979999999864958[39m,
  totalTime: [33m143.47379999999248[39m
}
Chunk (-1, 0) generation metrics: {
  terrainTime: [33m0.6389000000053784[39m,
  biomeTime: [33m121.45170000000508[39m,
  resourceTime: [33m0.12189999999827705[39m,
  structureTime: [33m0.11699999999837019[39m,
  riverTime: [33m0.11520000000018626[39m,
  totalTime: [33m122.46820000000298[39m
}
Chunk (0, 0) generation metrics: {
  terrainTime: [33m0.5846000000019558[39m,
  biomeTime: [33m136.72690000000875[39m,
  resourceTime: [33m0.11999999999534339[39m,
  structureTime: [33m0.0791999999928521[39m,
  riverTime: [33m0.0063999999983934686[39m,
  totalTime: [33m137.53859999999986[39m
}
Chunk (1, 0) generation metrics: {
  terrainTime: [33m0.5754000000015367[39m,
  biomeTime: [33m152.8752999999997[39m,
  resourceTime: [33m0.12810000000172295[39m,
  structureTime: [33m0.1147999999957392[39m,
  riverTime: [33m0.00939999999536667[39m,
  totalTime: [33m153.7277000000031[39m
}
Chunk (2, 0) generation metrics: {
  terrainTime: [33m0.586699999999837[39m,
  biomeTime: [33m141.660200000013[39m,
  resourceTime: [33m0.12559999999939464[39m,
  structureTime: [33m0.07920000000740401[39m,
  riverTime: [33m0.006500000003143214[39m,
  totalTime: [33m142.48159999999916[39m
}
Chunk (-2, 1) generation metrics: {
  terrainTime: [33m0.6172999999980675[39m,
  biomeTime: [33m143.0960999999952[39m,
  resourceTime: [33m0.1332000000111293[39m,
  structureTime: [33m0.06739999999990687[39m,
  riverTime: [33m0.008900000000721775[39m,
  totalTime: [33m143.94530000000668[39m
}
Chunk (-1, 1) generation metrics: {
  terrainTime: [33m0.6150999999954365[39m,
  biomeTime: [33m144.87609999999404[39m,
  resourceTime: [33m0.12140000000363216[39m,
  structureTime: [33m0.07789999998931307[39m,
  riverTime: [33m0.006999999997788109[39m,
  totalTime: [33m145.71960000001127[39m
}
Chunk (0, 1) generation metrics: {
  terrainTime: [33m0.6014999999897555[39m,
  biomeTime: [33m171.00849999999627[39m,
  resourceTime: [33m0.12679999999818392[39m,
  structureTime: [33m0.06279999999969732[39m,
  riverTime: [33m0.00789999999688007[39m,
  totalTime: [33m171.82660000000033[39m
}
Chunk (1, 1) generation metrics: {
  terrainTime: [33m0.603000000002794[39m,
  biomeTime: [33m155.6820999999909[39m,
  resourceTime: [33m0.11910000001080334[39m,
  structureTime: [33m0.0595000000030268[39m,
  riverTime: [33m0.007400000002235174[39m,
  totalTime: [33m156.49009999999544[39m
}
Chunk (2, 1) generation metrics: {
  terrainTime: [33m0.5741000000125496[39m,
  biomeTime: [33m153.23089999999502[39m,
  resourceTime: [33m0.12090000000898726[39m,
  structureTime: [33m0.08109999999578577[39m,
  riverTime: [33m0.007100000002537854[39m,
  totalTime: [33m154.0780999999988[39m
}
Chunk (-2, 2) generation metrics: {
  terrainTime: [33m0.5847999999969034[39m,
  biomeTime: [33m145.65989999999874[39m,
  resourceTime: [33m0.06859999999869615[39m,
  structureTime: [33m0.04740000001038425[39m,
  riverTime: [33m0.0046999999904073775[39m,
  totalTime: [33m146.38189999999304[39m
}
Chunk (-1, 2) generation metrics: {
  terrainTime: [33m0.40970000000379514[39m,
  biomeTime: [33m155.69679999999062[39m,
  resourceTime: [33m0.1284999999916181[39m,
  structureTime: [33m0.09019999999145512[39m,
  riverTime: [33m0.007499999992433004[39m,
  totalTime: [33m156.35689999999886[39m
}
Chunk (0, 2) generation metrics: {
  terrainTime: [33m0.6150000000052387[39m,
  biomeTime: [33m146.01940000000468[39m,
  resourceTime: [33m0.128999999986263[39m,
  structureTime: [33m0.07600000000093132[39m,
  riverTime: [33m0.008000000001629815[39m,
  totalTime: [33m146.8755999999994[39m
}
Chunk (1, 2) generation metrics: {
  terrainTime: [33m0.6201000000000931[39m,
  biomeTime: [33m128.6084000000119[39m,
  resourceTime: [33m0.06859999999869615[39m,
  structureTime: [33m0.06070000000181608[39m,
  riverTime: [33m0.0046999999904073775[39m,
  totalTime: [33m129.38310000000638[39m
}
Chunk (2, 2) generation metrics: {
  terrainTime: [33m0.39530000000377186[39m,
  biomeTime: [33m150.74189999999362[39m,
  resourceTime: [33m0.07080000000132713[39m,
  structureTime: [33m0.06990000000223517[39m,
  riverTime: [33m0.03280000000086147[39m,
  totalTime: [33m151.3308999999863[39m
}
Loaded 25 chunks in 3686.79ms
Unloaded 20 distant chunks

[90mstdout[2m | demo/src/core/DemoApp.test.ts[2m > [22m[2mDemoApp[2m > [22m[2mchunk unloading[2m > [22m[2mshould keep chunks within max distance[22m[39m
DemoApp initialized successfully
Chunk (-2, -2) generation metrics: {
  terrainTime: [33m0.412400000001071[39m,
  biomeTime: [33m155.3850999999995[39m,
  resourceTime: [33m0.1277999999874737[39m,
  structureTime: [33m0.061199999996460974[39m,
  riverTime: [33m0.0239000000001397[39m,
  totalTime: [33m156.02840000001015[39m
}
Chunk (-1, -2) generation metrics: {
  terrainTime: [33m0.6157999999995809[39m,
  biomeTime: [33m161.22060000000056[39m,
  resourceTime: [33m0.12619999999878928[39m,
  structureTime: [33m0.06429999999818392[39m,
  riverTime: [33m0.051599999991594814[39m,
  totalTime: [33m162.09889999999723[39m
}
Chunk (0, -2) generation metrics: {
  terrainTime: [33m0.6136999999871477[39m,
  biomeTime: [33m135.59560000000056[39m,
  resourceTime: [33m0.12380000000121072[39m,
  structureTime: [33m0.09870000000228174[39m,
  riverTime: [33m0.008000000001629815[39m,
  totalTime: [33m136.45930000000226[39m
}
Chunk (1, -2) generation metrics: {
  terrainTime: [33m0.605200000005425[39m,
  biomeTime: [33m140.10370000000694[39m,
  resourceTime: [33m0.12440000000060536[39m,
  structureTime: [33m0.06799999999930151[39m,
  riverTime: [33m0.007199999992735684[39m,
  totalTime: [33m140.93020000000251[39m
}
Chunk (2, -2) generation metrics: {
  terrainTime: [33m0.6147000000055414[39m,
  biomeTime: [33m146.58900000000722[39m,
  resourceTime: [33m0.11969999999564607[39m,
  structureTime: [33m0.11209999999846332[39m,
  riverTime: [33m0.007599999997182749[39m,
  totalTime: [33m147.46229999999923[39m
}
Chunk (-2, -1) generation metrics: {
  terrainTime: [33m0.6017999999894528[39m,
  biomeTime: [33m152.523199999996[39m,
  resourceTime: [33m0.3217000000004191[39m,
  structureTime: [33m0.12989999999990687[39m,
  riverTime: [33m0.056299999996554106[39m,
  totalTime: [33m153.65589999999793[39m
}
Chunk (-1, -1) generation metrics: {
  terrainTime: [33m0.6186000000016065[39m,
  biomeTime: [33m152.21810000001278[39m,
  resourceTime: [33m0.12580000000889413[39m,
  structureTime: [33m0.07700000000477303[39m,
  riverTime: [33m0.13009999999485444[39m,
  totalTime: [33m153.19040000000678[39m
}
Chunk (0, -1) generation metrics: {
  terrainTime: [33m0.6150000000052387[39m,
  biomeTime: [33m140.6753000000026[39m,
  resourceTime: [33m0.08430000000225846[39m,
  structureTime: [33m0.05259999999543652[39m,
  riverTime: [33m0.004600000000209548[39m,
  totalTime: [33m141.4502999999968[39m
}
Chunk (1, -1) generation metrics: {
  terrainTime: [33m0.4061999999976251[39m,
  biomeTime: [33m136.15049999998882[39m,
  resourceTime: [33m0.12189999999827705[39m,
  structureTime: [33m0.07790000000386499[39m,
  riverTime: [33m0.04060000000754371[39m,
  totalTime: [33m136.8179999999993[39m
}
Chunk (2, -1) generation metrics: {
  terrainTime: [33m1.0106999999989057[39m,
  biomeTime: [33m148.0283999999956[39m,
  resourceTime: [33m0.06990000000223517[39m,
  structureTime: [33m0.07940000000235159[39m,
  riverTime: [33m0.004799999995157123[39m,
  totalTime: [33m149.21399999999267[39m
}
Chunk (-2, 0) generation metrics: {
  terrainTime: [33m0.43960000001243316[39m,
  biomeTime: [33m138.30049999999756[39m,
  resourceTime: [33m0.13509999999951106[39m,
  structureTime: [33m0.13040000000910368[39m,
  riverTime: [33m0.04260000000067521[39m,
  totalTime: [33m139.07339999999385[39m
}
Chunk (-1, 0) generation metrics: {
  terrainTime: [33m0.6371000000071945[39m,
  biomeTime: [33m149.2173000000039[39m,
  resourceTime: [33m0.1294999999954598[39m,
  structureTime: [33m0.1376999999920372[39m,
  riverTime: [33m0.13219999999273568[39m,
  totalTime: [33m150.2786000000051[39m
}
Chunk (0, 0) generation metrics: {
  terrainTime: [33m0.6273999999975786[39m,
  biomeTime: [33m127.66539999999804[39m,
  resourceTime: [33m0.12179999999352731[39m,
  structureTime: [33m0.06680000000051223[39m,
  riverTime: [33m0.006599999993341044[39m,
  totalTime: [33m128.50860000000102[39m
}
Chunk (1, 0) generation metrics: {
  terrainTime: [33m1.018899999995483[39m,
  biomeTime: [33m144.3451000000059[39m,
  resourceTime: [33m0.12059999999473803[39m,
  structureTime: [33m0.11449999999604188[39m,
  riverTime: [33m0.00810000000637956[39m,
  totalTime: [33m145.63279999999213[39m
}
Chunk (2, 0) generation metrics: {
  terrainTime: [33m0.6051000000006752[39m,
  biomeTime: [33m141.3908999999985[39m,
  resourceTime: [33m0.12689999998838175[39m,
  structureTime: [33m0.0654999999969732[39m,
  riverTime: [33m0.006599999993341044[39m,
  totalTime: [33m142.21659999999974[39m
}
Chunk (-2, 1) generation metrics: {
  terrainTime: [33m0.5812999999907333[39m,
  biomeTime: [33m148.04439999999886[39m,
  resourceTime: [33m0.12080000000423752[39m,
  structureTime: [33m0.07889999999315478[39m,
  riverTime: [33m0.006600000007892959[39m,
  totalTime: [33m148.85340000000724[39m
}
Chunk (-1, 1) generation metrics: {
  terrainTime: [33m0.5861000000004424[39m,
  biomeTime: [33m148.46149999999034[39m,
  resourceTime: [33m0.11709999998856802[39m,
  structureTime: [33m0.07280000000901055[39m,
  riverTime: [33m0.007700000001932494[39m,
  totalTime: [33m149.2676999999967[39m
}
Chunk (0, 1) generation metrics: {
  terrainTime: [33m0.6035000000119908[39m,
  biomeTime: [33m140.9896000000008[39m,
  resourceTime: [33m0.12739999999757856[39m,
  structureTime: [33m0.08080000001064036[39m,
  riverTime: [33m0.006300000008195639[39m,
  totalTime: [33m141.8304999999964[39m
}
Chunk (1, 1) generation metrics: {
  terrainTime: [33m0.5975999999936903[39m,
  biomeTime: [33m133.31059999999707[39m,
  resourceTime: [33m0.12270000000717118[39m,
  structureTime: [33m0.08039999999164138[39m,
  riverTime: [33m0.005899999989196658[39m,
  totalTime: [33m134.14130000000296[39m
}
Chunk (2, 1) generation metrics: {
  terrainTime: [33m0.5833999999886146[39m,
  biomeTime: [33m161.16300000000047[39m,
  resourceTime: [33m0.12029999999504071[39m,
  structureTime: [33m0.0786999999982072[39m,
  riverTime: [33m0.0062000000034458935[39m,
  totalTime: [33m161.97379999999248[39m
}
Chunk (-2, 2) generation metrics: {
  terrainTime: [33m0.5800000000017462[39m,
  biomeTime: [33m141.2445000000007[39m,
  resourceTime: [33m0.0707000000111293[39m,
  structureTime: [33m0.06989999998768326[39m,
  riverTime: [33m0.005399999994551763[39m,
  totalTime: [33m141.99129999999423[39m
}
Chunk (-1, 2) generation metrics: {
  terrainTime: [33m0.39479999999457505[39m,
  biomeTime: [33m131.28239999999641[39m,
  resourceTime: [33m0.12850000000617[39m,
  structureTime: [33m0.08659999999508727[39m,
  riverTime: [33m0.008300000001327135[39m,
  totalTime: [33m131.92119999999704[39m
}
Chunk (0, 2) generation metrics: {
  terrainTime: [33m0.6051000000006752[39m,
  biomeTime: [33m137.83759999999893[39m,
  resourceTime: [33m0.12589999999909196[39m,
  structureTime: [33m0.06609999999636784[39m,
  riverTime: [33m0.007400000002235174[39m,
  totalTime: [33m138.66289999999572[39m
}
Chunk (1, 2) generation metrics: {
  terrainTime: [33m0.6239999999961583[39m,
  biomeTime: [33m142.88999999999942[39m,
  resourceTime: [33m0.12570000000414439[39m,
  structureTime: [33m0.08479999999690335[39m,
  riverTime: [33m0.008099999991827644[39m,
  totalTime: [33m143.75560000000405[39m
}
Chunk (2, 2) generation metrics: {
  terrainTime: [33m0.4081000000005588[39m,
  biomeTime: [33m139.3399000000063[39m,
  resourceTime: [33m0.12140000000363216[39m,
  structureTime: [33m0.09750000000349246[39m,
  riverTime: [33m0.04409999999916181[39m,
  totalTime: [33m140.0326000000059[39m
}
Loaded 25 chunks in 3619.99ms
Unloaded 20 distant chunks

[90mstdout[2m | demo/src/core/DemoApp.test.ts[2m > [22m[2mDemoApp[2m > [22m[2mconfiguration updates[2m > [22m[2mshould update engine configuration[22m[39m
DemoApp initialized successfully

[90mstdout[2m | demo/src/core/DemoApp.test.ts[2m > [22m[2mDemoApp[2m > [22m[2mconfiguration updates[2m > [22m[2mshould emit CONFIG_CHANGED event[22m[39m
DemoApp initialized successfully

[90mstdout[2m | demo/src/core/DemoApp.test.ts[2m > [22m[2mDemoApp[2m > [22m[2mconfiguration updates[2m > [22m[2mshould preserve unmodified config values[22m[39m
DemoApp initialized successfully

[90mstdout[2m | demo/src/core/DemoApp.test.ts[2m > [22m[2mDemoApp[2m > [22m[2mevent system[2m > [22m[2mshould register and call event listeners[22m[39m
DemoApp initialized successfully

[90mstdout[2m | demo/src/core/DemoApp.test.ts[2m > [22m[2mDemoApp[2m > [22m[2mevent system[2m > [22m[2mshould allow unsubscribing from events[22m[39m
DemoApp initialized successfully

[90mstdout[2m | demo/src/core/DemoApp.test.ts[2m > [22m[2mDemoApp[2m > [22m[2mevent system[2m > [22m[2mshould handle multiple listeners for same event[22m[39m
DemoApp initialized successfully

[90mstdout[2m | demo/src/core/DemoApp.test.ts[2m > [22m[2mDemoApp[2m > [22m[2mevent system[2m > [22m[2mshould not throw if listener throws error[22m[39m
DemoApp initialized successfully

[90mstdout[2m | demo/src/core/DemoApp.test.ts[2m > [22m[2mDemoApp[2m > [22m[2mstatistics[2m > [22m[2mshould update statistics after world generation[22m[39m
DemoApp initialized successfully
Chunk (-1, -1) generation metrics: {
  terrainTime: [33m0.6080000000074506[39m,
  biomeTime: [33m129.71399999999267[39m,
  resourceTime: [33m0.12710000001243316[39m,
  structureTime: [33m0.07679999999527354[39m,
  riverTime: [33m0.20259999998961575[39m,
  totalTime: [33m130.75160000000324[39m
}
Chunk (0, -1) generation metrics: {
  terrainTime: [33m0.6220000000030268[39m,
  biomeTime: [33m151.17969999999332[39m,
  resourceTime: [33m0.13289999999688007[39m,
  structureTime: [33m0.08200000000942964[39m,
  riverTime: [33m0.008200000011129305[39m,
  totalTime: [33m152.04720000000088[39m
}
Chunk (1, -1) generation metrics: {
  terrainTime: [33m0.786999999996624[39m,
  biomeTime: [33m146.8984000000055[39m,
  resourceTime: [33m0.12780000000202563[39m,
  structureTime: [33m0.07959999999729916[39m,
  riverTime: [33m0.0390999999945052[39m,
  totalTime: [33m147.9585999999981[39m
}
Chunk (-1, 0) generation metrics: {
  terrainTime: [33m1.000899999999092[39m,
  biomeTime: [33m131.65669999999227[39m,
  resourceTime: [33m0.12540000000444707[39m,
  structureTime: [33m0.11370000000169966[39m,
  riverTime: [33m0.11920000000100117[39m,
  totalTime: [33m133.03899999998976[39m
}
Chunk (0, 0) generation metrics: {
  terrainTime: [33m0.6111000000091735[39m,
  biomeTime: [33m132.77909999999974[39m,
  resourceTime: [33m0.1235000000015134[39m,
  structureTime: [33m0.05610000000160653[39m,
  riverTime: [33m0.0062000000034458935[39m,
  totalTime: [33m133.59300000000803[39m
}
Chunk (1, 0) generation metrics: {
  terrainTime: [33m0.6065999999991618[39m,
  biomeTime: [33m145.539300000004[39m,
  resourceTime: [33m0.13639999998849817[39m,
  structureTime: [33m0.34179999999469146[39m,
  riverTime: [33m0.02890000000479631[39m,
  totalTime: [33m146.69860000000335[39m
}
Chunk (-1, 1) generation metrics: {
  terrainTime: [33m0.7232000000076368[39m,
  biomeTime: [33m155.6811000000016[39m,
  resourceTime: [33m0.12979999999515712[39m,
  structureTime: [33m0.09119999999529682[39m,
  riverTime: [33m0.007599999997182749[39m,
  totalTime: [33m156.66069999999308[39m
}
Chunk (0, 1) generation metrics: {
  terrainTime: [33m0.6150000000052387[39m,
  biomeTime: [33m146.28100000000268[39m,
  resourceTime: [33m0.1260000000038417[39m,
  structureTime: [33m0.08720000000903383[39m,
  riverTime: [33m0.00999999999476131[39m,
  totalTime: [33m147.14409999999043[39m
}
Chunk (1, 1) generation metrics: {
  terrainTime: [33m0.6048000000009779[39m,
  biomeTime: [33m163.77499999999418[39m,
  resourceTime: [33m0.13010000000940636[39m,
  structureTime: [33m0.0816999999951804[39m,
  riverTime: [33m0.007100000002537854[39m,
  totalTime: [33m164.62180000000808[39m
}
Loaded 9 chunks in 1315.30ms
World generated with seed: 12345

[90mstdout[2m | demo/src/core/DemoApp.test.ts[2m > [22m[2mDemoApp[2m > [22m[2mstatistics[2m > [22m[2mshould aggregate statistics from all loaded chunks[22m[39m
DemoApp initialized successfully
Chunk (-1, -1) generation metrics: {
  terrainTime: [33m0.661099999997532[39m,
  biomeTime: [33m156.48549999999523[39m,
  resourceTime: [33m0.12919999999576248[39m,
  structureTime: [33m0.09330000000772998[39m,
  riverTime: [33m0.1297000000049593[39m,
  totalTime: [33m157.53789999999572[39m
}
Chunk (0, -1) generation metrics: {
  terrainTime: [33m0.6588000000047032[39m,
  biomeTime: [33m158.29849999998987[39m,
  resourceTime: [33m0.12380000000121072[39m,
  structureTime: [33m0.07309999999415595[39m,
  riverTime: [33m0.005999999993946403[39m,
  totalTime: [33m159.1886000000086[39m
}
Chunk (1, -1) generation metrics: {
  terrainTime: [33m0.6064000000042142[39m,
  biomeTime: [33m191.29349999999977[39m,
  resourceTime: [33m0.15069999999832362[39m,
  structureTime: [33m0.10940000000118744[39m,
  riverTime: [33m0.05169999999634456[39m,
  totalTime: [33m192.29240000000573[39m
}
Chunk (-1, 0) generation metrics: {
  terrainTime: [33m0.49839999999676365[39m,
  biomeTime: [33m167.892399999997[39m,
  resourceTime: [33m0.14320000000589062[39m,
  structureTime: [33m0.12279999999736901[39m,
  riverTime: [33m0.13059999998949934[39m,
  totalTime: [33m168.81320000000414[39m
}
Chunk (0, 0) generation metrics: {
  terrainTime: [33m0.6399999999994179[39m,
  biomeTime: [33m153.72369999998773[39m,
  resourceTime: [33m0.1290000000008149[39m,
  structureTime: [33m0.06869999998889398[39m,
  riverTime: [33m0.010000000009313226[39m,
  totalTime: [33m154.5920999999944[39m
}
Chunk (1, 0) generation metrics: {
  terrainTime: [33m0.6032999999879394[39m,
  biomeTime: [33m143.0411000000022[39m,
  resourceTime: [33m0.11720000000786968[39m,
  structureTime: [33m0.10189999999420252[39m,
  riverTime: [33m0.0064999999885912985[39m,
  totalTime: [33m143.8909999999887[39m
}
Chunk (-1, 1) generation metrics: {
  terrainTime: [33m0.6432000000058906[39m,
  biomeTime: [33m142.478099999993[39m,
  resourceTime: [33m0.1143000000010943[39m,
  structureTime: [33m0.06750000000465661[39m,
  riverTime: [33m0.006099999998696148[39m,
  totalTime: [33m143.3284999999887[39m
}
Chunk (0, 1) generation metrics: {
  terrainTime: [33m0.557200000010198[39m,
  biomeTime: [33m138.1255999999994[39m,
  resourceTime: [33m0.1254999999946449[39m,
  structureTime: [33m0.083199999993667[39m,
  riverTime: [33m0.007000000012340024[39m,
  totalTime: [33m138.9195999999938[39m
}
Chunk (1, 1) generation metrics: {
  terrainTime: [33m0.5899000000063097[39m,
  biomeTime: [33m141.92780000000494[39m,
  resourceTime: [33m0.1269999999931315[39m,
  structureTime: [33m0.08980000000155997[39m,
  riverTime: [33m0.008300000001327135[39m,
  totalTime: [33m142.7662999999884[39m
}
Loaded 9 chunks in 1403.27ms
World generated with seed: 12345

[90mstdout[2m | demo/src/core/DemoApp.test.ts[2m > [22m[2mDemoApp[2m > [22m[2mcleanup[2m > [22m[2mshould clean up resources on destroy[22m[39m
DemoApp initialized successfully
Chunk (-1, -1) generation metrics: {
  terrainTime: [33m0.6471999999921536[39m,
  biomeTime: [33m135.5268999999971[39m,
  resourceTime: [33m0.12489999999525025[39m,
  structureTime: [33m0.07910000000265427[39m,
  riverTime: [33m0.12919999999576248[39m,
  totalTime: [33m136.53209999999672[39m
}
Chunk (0, -1) generation metrics: {
  terrainTime: [33m0.6165000000037253[39m,
  biomeTime: [33m136.63460000000487[39m,
  resourceTime: [33m0.06960000000253785[39m,
  structureTime: [33m0.06160000000090804[39m,
  riverTime: [33m0.004799999995157123[39m,
  totalTime: [33m137.4140000000043[39m
}
Chunk (1, -1) generation metrics: {
  terrainTime: [33m0.39429999999993015[39m,
  biomeTime: [33m138.8914999999979[39m,
  resourceTime: [33m0.07309999999415595[39m,
  structureTime: [33m0.053099999990081415[39m,
  riverTime: [33m0.02950000000419095[39m,
  totalTime: [33m139.45779999998922[39m
}
Chunk (-1, 0) generation metrics: {
  terrainTime: [33m0.4165000000066357[39m,
  biomeTime: [33m140.6247000000003[39m,
  resourceTime: [33m0.1315000000031432[39m,
  structureTime: [33m0.12029999999504071[39m,
  riverTime: [33m0.20239999999466818[39m,
  totalTime: [33m141.51540000000386[39m
}
Chunk (0, 0) generation metrics: {
  terrainTime: [33m0.5959000000002561[39m,
  biomeTime: [33m136.11099999998987[39m,
  resourceTime: [33m0.12159999999857973[39m,
  structureTime: [33m0.06440000000293367[39m,
  riverTime: [33m0.007199999992735684[39m,
  totalTime: [33m136.91849999999977[39m
}
Chunk (1, 0) generation metrics: {
  terrainTime: [33m0.8297000000020489[39m,
  biomeTime: [33m139.3252999999968[39m,
  resourceTime: [33m0.069999999992433[39m,
  structureTime: [33m0.07429999999294523[39m,
  riverTime: [33m0.007200000007287599[39m,
  totalTime: [33m140.3252999999968[39m
}
Chunk (-1, 1) generation metrics: {
  terrainTime: [33m0.43489999999292195[39m,
  biomeTime: [33m143.7737999999954[39m,
  resourceTime: [33m0.07150000000547152[39m,
  structureTime: [33m0.06629999999131542[39m,
  riverTime: [33m0.005799999998998828[39m,
  totalTime: [33m144.3741999999911[39m
}
Chunk (0, 1) generation metrics: {
  terrainTime: [33m0.39659999999275897[39m,
  biomeTime: [33m129.1296000000002[39m,
  resourceTime: [33m0.06860000001324806[39m,
  structureTime: [33m0.04820000000472646[39m,
  riverTime: [33m0.004899999999906868[39m,
  totalTime: [33m129.6634000000049[39m
}
Chunk (1, 1) generation metrics: {
  terrainTime: [33m0.40720000000146683[39m,
  biomeTime: [33m141.85459999999148[39m,
  resourceTime: [33m0.12569999998959247[39m,
  structureTime: [33m0.06769999999960419[39m,
  riverTime: [33m0.006999999997788109[39m,
  totalTime: [33m142.48219999999856[39m
}
Loaded 9 chunks in 1250.16ms
World generated with seed: 12345
DemoApp destroyed

[90mstdout[2m | demo/src/core/DemoApp.test.ts[2m > [22m[2mDemoApp[2m > [22m[2mcleanup[2m > [22m[2mshould remove all subscribers on destroy[22m[39m
DemoApp initialized successfully
DemoApp destroyed

[90mstdout[2m | demo/src/core/DemoApp.test.ts[2m > [22m[2mDemoApp[2m > [22m[2mcleanup[2m > [22m[2mshould remove all event listeners on destroy[22m[39m
DemoApp initialized successfully
DemoApp destroyed

[90mstderr[2m | demo/src/core/DemoApp.test.ts[2m > [22m[2mDemoApp[2m > [22m[2mevent system[2m > [22m[2msh
ould not throw if listener throws error[22m[39m
Error in event listener for state_changed: Error: Test error
    at [90mC:\Intel\tQandtD\[39mdemo\src\core\DemoApp.test.ts:310:15
    at mockCall [90m(file:///C:/Intel/tQandtD/[39mnode_modules/[4m@vitest[24m/spy/dist/index.js:50:17[90m)[39m
    at spy [90m(file:///C:/Intel/tQandtD/[39mnode_modules/[4mtinyspy[24m/dist/index.js:42:80[90m)[39m
    at DemoApp.emit [90m(C:\Intel\tQandtD\[39mdemo\src\core\DemoApp.ts:927:11[90m)[39m
    at DemoApp.updateState [90m(C:\Intel\tQandtD\[39mdemo\src\core\DemoApp.ts:292:10[90m)[39m
    at [90mC:\Intel\tQandtD\[39mdemo\src\core\DemoApp.test.ts:318:13
    at Proxy.assertThrows [90m(C:\Intel\tQandtD\[39mnode_modules\[4mchai[24m\lib\chai\core\assertions.js:2644:7
[90m)[39m
    at Proxy.methodWrapper [90m(C:\Intel\tQandtD\[39mnode_modules\[4mchai[24m\lib\chai\utils\addMethod.js:57:25
[90m)[39m
    at Proxy.<anonymous> [90m(file:///C:/Intel/tQandtD/[39mnode_modules/[4m@vitest[24m/expect/dist/index.js:850:
16[90m)[39m
    at Proxy.overwritingMethodWrapper [90m(C:\Intel\tQandtD\[39mnode_modules\[4mchai[24m\lib\chai\utils\overwrit
eMethod.js:78:33[90m)[39m

 [32mтЬУ[39m tests/property/worker-pool.property.test.ts [2m ([22m[2m2 tests[22m[2m)[22m[90m 58[2mms[22m[39m
 [32mтЬУ[39m demo/src/config/presets.test.ts [2m ([22m[2m40 tests[22m[2m)[22m[90m 30[2mms[22m[39m
 [32mтЬУ[39m demo/src/ui/WorldGeneration.test.ts [2m ([22m[2m15 tests[22m[2m)[22m[33m 14970[2mms[22m[39m
[90mstdout[2m | demo/src/ui/WorldGeneration.test.ts[2m > [22m[2mWorld Generation Controls[2m > [22m[2mDeterministic Generation[2m > [22m[2mshould generate identical worlds with same seed[22m[39m
DemoApp initialized successfully
Chunk (-1, -1) generation metrics: {
  terrainTime: [33m12.890700000003562[39m,
  biomeTime: [33m193.78820000000997[39m,
  resourceTime: [33m2.033400000000256[39m,
  structureTime: [33m1.28519999999844[39m,
  riverTime: [33m1.2050000000017462[39m,
  totalTime: [33m211.4258000000118[39m
}
Chunk (0, -1) generation metrics: {
  terrainTime: [33m1.4007999999885214[39m,
  biomeTime: [33m173.00230000000738[39m,
  resourceTime: [33m7.048799999989569[39m,
  structureTime: [33m0.1616000000067288[39m,
  riverTime: [33m0.01950000000942964[39m,
  totalTime: [33m181.6935999999987[39m
}
Chunk (1, -1) generation metrics: {
  terrainTime: [33m0.7779000000009546[39m,
  biomeTime: [33m152.77659999999742[39m,
  resourceTime: [33m0.28720000000612345[39m,
  structureTime: [33m0.1300000000046566[39m,
  riverTime: [33m0.2589999999909196[39m,
  totalTime: [33m154.40009999999893[39m
}
Chunk (-1, 0) generation metrics: {
  terrainTime: [33m0.8038999999989755[39m,
  biomeTime: [33m155.37799999999697[39m,
  resourceTime: [33m0.12790000000677537[39m,
  structureTime: [33m0.19650000000547152[39m,
  riverTime: [33m0.33600000001024455[39m,
  totalTime: [33m156.9076000000059[39m
}
Chunk (0, 0) generation metrics: {
  terrainTime: [33m0.8086999999941327[39m,
  biomeTime: [33m138.75220000000263[39m,
  resourceTime: [33m0.12219999999797437[39m,
  structureTime: [33m0.2871000000013737[39m,
  riverTime: [33m0.017600000006495975[39m,
  totalTime: [33m140.03949999999895[39m
}
Chunk (1, 0) generation metrics: {
  terrainTime: [33m0.4653000000107568[39m,
  biomeTime: [33m136.949099999998[39m,
  resourceTime: [33m0.12470000000030268[39m,
  structureTime: [33m0.23249999999825377[39m,
  riverTime: [33m0.016799999997601844[39m,
  totalTime: [33m137.8463000000047[39m
}
Chunk (-1, 1) generation metrics: {
  terrainTime: [33m0.7370000000082655[39m,
  biomeTime: [33m135.71809999999823[39m,
  resourceTime: [33m0.1137999999918975[39m,
  structureTime: [33m0.20929999998770654[39m,
  riverTime: [33m0.011700000002747402[39m,
  totalTime: [33m136.84369999999763[39m
}
Chunk (0, 1) generation metrics: {
  terrainTime: [33m0.8050999999977648[39m,
  biomeTime: [33m157.61179999999877[39m,
  resourceTime: [33m0.1327000000019325[39m,
  structureTime: [33m0.1334999999962747[39m,
  riverTime: [33m0.01789999999164138[39m,
  totalTime: [33m158.75599999999395[39m
}
Chunk (1, 1) generation metrics: {
  terrainTime: [33m0.6010000000096625[39m,
  biomeTime: [33m152.7887999999948[39m,
  resourceTime: [33m0.12129999999888241[39m,
  structureTime: [33m0.11920000000100117[39m,
  riverTime: [33m0.015400000003864989[39m,
  totalTime: [33m153.7033999999985[39m
}
Loaded 9 chunks in 1437.52ms
World generated with seed: 12345
Chunk (-1, -1) generation metrics: {
  terrainTime: [33m1.272899999996298[39m,
  biomeTime: [33m135.71880000000237[39m,
  resourceTime: [33m0.13060000000405125[39m,
  structureTime: [33m0.083199999993667[39m,
  riverTime: [33m0.3260000000009313[39m,
  totalTime: [33m137.6261000000086[39m
}
Chunk (0, -1) generation metrics: {
  terrainTime: [33m0.5959000000002561[39m,
  biomeTime: [33m146.40630000000237[39m,
  resourceTime: [33m0.12610000000859145[39m,
  structureTime: [33m0.0714999999909196[39m,
  riverTime: [33m0.014200000005075708[39m,
  totalTime: [33m147.23589999999967[39m
}
Chunk (1, -1) generation metrics: {
  terrainTime: [33m0.6130000000121072[39m,
  biomeTime: [33m138.9204999999929[39m,
  resourceTime: [33m0.12129999999888241[39m,
  structureTime: [33m0.06460000001243316[39m,
  riverTime: [33m0.08570000001054723[39m,
  totalTime: [33m139.82739999999467[39m
}
Chunk (-1, 0) generation metrics: {
  terrainTime: [33m0.5945000000065193[39m,
  biomeTime: [33m130.06660000000556[39m,
  resourceTime: [33m0.11969999999564607[39m,
  structureTime: [33m0.1132999999972526[39m,
  riverTime: [33m0.36069999999017455[39m,
  totalTime: [33m131.27479999999923[39m
}
Chunk (0, 0) generation metrics: {
  terrainTime: [33m0.975800000000163[39m,
  biomeTime: [33m131.25849999999627[39m,
  resourceTime: [33m0.12449999999080319[39m,
  structureTime: [33m0.08820000001287553[39m,
  riverTime: [33m0.015899999998509884[39m,
  totalTime: [33m132.4875000000029[39m
}
Chunk (1, 0) generation metrics: {
  terrainTime: [33m0.605600000009872[39m,
  biomeTime: [33m131.56119999999646[39m,
  resourceTime: [33m0.12889999999606516[39m,
  structureTime: [33m0.10199999999895226[39m,
  riverTime: [33m0.012999999991734512[39m,
  totalTime: [33m132.4328999999998[39m
}
Chunk (-1, 1) generation metrics: {
  terrainTime: [33m0.9582999999984168[39m,
  biomeTime: [33m137.98779999998806[39m,
  resourceTime: [33m0.11939999999594875[39m,
  structureTime: [33m0.07409999999799766[39m,
  riverTime: [33m0.015800000008312054[39m,
  totalTime: [33m139.17849999999453[39m
}
Chunk (0, 1) generation metrics: {
  terrainTime: [33m0.5840000000025611[39m,
  biomeTime: [33m150.72539999999572[39m,
  resourceTime: [33m0.11720000000786968[39m,
  structureTime: [33m0.09169999998994172[39m,
  riverTime: [33m0.018800000005285256[39m,
  totalTime: [33m151.55770000000484[39m
}
Chunk (1, 1) generation metrics: {
  terrainTime: [33m0.6045000000012806[39m,
  biomeTime: [33m142.90690000000177[39m,
  resourceTime: [33m0.07399999999324791[39m,
  structureTime: [33m0.05169999999634456[39m,
  riverTime: [33m0.010000000009313226[39m,
  totalTime: [33m143.66449999999895[39m
}
Loaded 9 chunks in 1257.67ms
World generated with seed: 12345

[90mstdout[2m | demo/src/ui/WorldGeneration.test.ts[2m > [22m[2mWorld Generation Controls[2m > [22m[2mDeterministic Generation[2m > [22m[2mshould generate different worlds with different seeds[22m[39m
DemoApp initialized successfully
Chunk (-1, -1) generation metrics: {
  terrainTime: [33m0.6781000000046333[39m,
  biomeTime: [33m136.63580000000366[39m,
  resourceTime: [33m0.12330000000656582[39m,
  structureTime: [33m0.07630000000062864[39m,
  riverTime: [33m0.18060000000696164[39m,
  totalTime: [33m137.71929999999702[39m
}
Chunk (0, -1) generation metrics: {
  terrainTime: [33m0.6033000000024913[39m,
  biomeTime: [33m142.74499999999534[39m,
  resourceTime: [33m0.12100000001373701[39m,
  structureTime: [33m0.07980000000679865[39m,
  riverTime: [33m0.014800000004470348[39m,
  totalTime: [33m143.58910000001197[39m
}
Chunk (1, -1) generation metrics: {
  terrainTime: [33m0.9735000000073342[39m,
  biomeTime: [33m153.6921000000002[39m,
  resourceTime: [33m0.1356999999989057[39m,
  structureTime: [33m0.18090000000665896[39m,
  riverTime: [33m0.08379999999306165[39m,
  totalTime: [33m155.09619999999995[39m
}
Chunk (-1, 0) generation metrics: {
  terrainTime: [33m0.6777000000001863[39m,
  biomeTime: [33m160.0520000000106[39m,
  resourceTime: [33m0.1269999999931315[39m,
  structureTime: [33m0.1315000000031432[39m,
  riverTime: [33m0.1812999999965541[39m,
  totalTime: [33m161.2106000000058[39m
}
Chunk (0, 0) generation metrics: {
  terrainTime: [33m0.6265000000130385[39m,
  biomeTime: [33m145.53450000000885[39m,
  resourceTime: [33m0.12619999999878928[39m,
  structureTime: [33m0.08090000000083819[39m,
  riverTime: [33m0.015599999998812564[39m,
  totalTime: [33m146.4082000000053[39m
}
Chunk (1, 0) generation metrics: {
  terrainTime: [33m0.606099999989965[39m,
  biomeTime: [33m156.00939999999537[39m,
  resourceTime: [33m0.24460000000544824[39m,
  structureTime: [33m1.4584000000031665[39m,
  riverTime: [33m0.05060000000230502[39m,
  totalTime: [33m158.40810000000056[39m
}
Chunk (-1, 1) generation metrics: {
  terrainTime: [33m0.6442999999999302[39m,
  biomeTime: [33m160.49890000000596[39m,
  resourceTime: [33m0.12169999998877756[39m,
  structureTime: [33m0.08819999999832362[39m,
  riverTime: [33m0.015299999999115244[39m,
  totalTime: [33m161.39560000000347[39m
}
Chunk (0, 1) generation metrics: {
  terrainTime: [33m0.6130000000121072[39m,
  biomeTime: [33m165.2054000000062[39m,
  resourceTime: [33m0.12419999999110587[39m,
  structureTime: [33m0.08239999999932479[39m,
  riverTime: [33m0.014800000004470348[39m,
  totalTime: [33m166.06499999998778[39m
}
Chunk (1, 1) generation metrics: {
  terrainTime: [33m0.6159999999945285[39m,
  biomeTime: [33m193.4661000000051[39m,
  resourceTime: [33m0.16040000000793952[39m,
  structureTime: [33m0.08960000000661239[39m,
  riverTime: [33m0.017900000006193295[39m,
  totalTime: [33m194.37570000000414[39m
}
Loaded 9 chunks in 1427.68ms
World generated with seed: 12345
Chunk (-1, -1) generation metrics: {
  terrainTime: [33m0.7044999999925494[39m,
  biomeTime: [33m180.65810000000056[39m,
  resourceTime: [33m0.07269999998970889[39m,
  structureTime: [33m0.07030000000668224[39m,
  riverTime: [33m0.14879999999538995[39m,
  totalTime: [33m181.6767000000109[39m
}
Chunk (0, -1) generation metrics: {
  terrainTime: [33m0.7985999999946216[39m,
  biomeTime: [33m146.24269999998796[39m,
  resourceTime: [33m0.12239999999292195[39m,
  structureTime: [33m0.06759999999485444[39m,
  riverTime: [33m0.013699999995878898[39m,
  totalTime: [33m147.2676999999967[39m
}
Chunk (1, -1) generation metrics: {
  terrainTime: [33m0.6070999999938067[39m,
  biomeTime: [33m153.98129999999946[39m,
  resourceTime: [33m0.1245000000053551[39m,
  structureTime: [33m0.07029999999213032[39m,
  riverTime: [33m0.035400000007939525[39m,
  totalTime: [33m154.84910000000673[39m
}
Chunk (-1, 0) generation metrics: {
  terrainTime: [33m0.5942000000068219[39m,
  biomeTime: [33m128.1985999999888[39m,
  resourceTime: [33m0.1200000000098953[39m,
  structureTime: [33m0.09140000000479631[39m,
  riverTime: [33m0.17919999999867287[39m,
  totalTime: [33m129.21269999998913[39m
}
Chunk (0, 0) generation metrics: {
  terrainTime: [33m0.6076000000030035[39m,
  biomeTime: [33m135.27619999999297[39m,
  resourceTime: [33m0.11819999999715947[39m,
  structureTime: [33m0.09399999999732245[39m,
  riverTime: [33m0.013600000005681068[39m,
  totalTime: [33m136.13420000000042[39m
}
Chunk (1, 0) generation metrics: {
  terrainTime: [33m0.6560000000026776[39m,
  biomeTime: [33m132.01410000000033[39m,
  resourceTime: [33m0.2629999999917345[39m,
  structureTime: [33m0.1631000000052154[39m,
  riverTime: [33m0.03879999999480788[39m,
  totalTime: [33m133.1692000000039[39m
}
Chunk (-1, 1) generation metrics: {
  terrainTime: [33m0.612699999997858[39m,
  biomeTime: [33m145.89589999998861[39m,
  resourceTime: [33m0.11760000001231674[39m,
  structureTime: [33m0.07209999999031425[39m,
  riverTime: [33m0.01860000001033768[39m,
  totalTime: [33m146.73889999999665[39m
}
Chunk (0, 1) generation metrics: {
  terrainTime: [33m0.5789000000077067[39m,
  biomeTime: [33m148.27040000000852[39m,
  resourceTime: [33m0.12659999998868443[39m,
  structureTime: [33m0.075700000001234[39m,
  riverTime: [33m0.028400000010151416[39m,
  totalTime: [33m149.1033999999927[39m
}
Chunk (1, 1) generation metrics: {
  terrainTime: [33m0.5969000000040978[39m,
  biomeTime: [33m139.96940000000177[39m,
  resourceTime: [33m0.12389999999140855[39m,
  structureTime: [33m0.12049999998998828[39m,
  riverTime: [33m0.013300000005983748[39m,
  totalTime: [33m140.84719999998924[39m
}
Loaded 9 chunks in 1322.00ms
World generated with seed: 54321

[90mstdout[2m | demo/src/ui/WorldGeneration.test.ts[2m > [22m[2mWorld Generation Controls[2m > [22m[2mDeterministic Generation[2m > [22m[2mshould generate initial 3x3 grid of chunks[22m[39m
DemoApp initialized successfully
Chunk (-1, -1) generation metrics: {
  terrainTime: [33m0.610499999995227[39m,
  biomeTime: [33m128.32360000000335[39m,
  resourceTime: [33m0.12270000000717118[39m,
  structureTime: [33m0.08160000000498258[39m,
  riverTime: [33m0.17110000000684522[39m,
  totalTime: [33m129.33220000000438[39m
}
Chunk (0, -1) generation metrics: {
  terrainTime: [33m0.6048999999911757[39m,
  biomeTime: [33m139.44710000000487[39m,
  resourceTime: [33m0.07200000000011642[39m,
  structureTime: [33m0.06819999999424908[39m,
  riverTime: [33m0.010399999999208376[39m,
  totalTime: [33m140.22500000000582[39m
}
Chunk (1, -1) generation metrics: {
  terrainTime: [33m0.42960000000311993[39m,
  biomeTime: [33m146.84700000000885[39m,
  resourceTime: [33m0.12559999999939464[39m,
  structureTime: [33m0.08030000000144355[39m,
  riverTime: [33m0.059999999997671694[39m,
  totalTime: [33m147.5636999999988[39m
}
Chunk (-1, 0) generation metrics: {
  terrainTime: [33m0.6223000000027241[39m,
  biomeTime: [33m133.52049999999872[39m,
  resourceTime: [33m0.14670000001206063[39m,
  structureTime: [33m0.11119999999937136[39m,
  riverTime: [33m0.18959999999788124[39m,
  totalTime: [33m134.61109999999462[39m
}
Chunk (0, 0) generation metrics: {
  terrainTime: [33m0.6689000000042142[39m,
  biomeTime: [33m142.6316000000079[39m,
  resourceTime: [33m0.13039999999455176[39m,
  structureTime: [33m0.05740000000514556[39m,
  riverTime: [33m0.014100000000325963[39m,
  totalTime: [33m143.51969999998983[39m
}
Chunk (1, 0) generation metrics: {
  terrainTime: [33m0.6116000000038184[39m,
  biomeTime: [33m142.3801999999996[39m,
  resourceTime: [33m0.12829999999667052[39m,
  structureTime: [33m0.11849999999685679[39m,
  riverTime: [33m0.014800000004470348[39m,
  totalTime: [33m143.27670000000217[39m
}
Chunk (-1, 1) generation metrics: {
  terrainTime: [33m0.6149999999906868[39m,
  biomeTime: [33m164.58849999999802[39m,
  resourceTime: [33m0.12420000000565778[39m,
  structureTime: [33m0.0727000000042608[39m,
  riverTime: [33m0.013999999995576218[39m,
  totalTime: [33m165.4646999999968[39m
}
Chunk (0, 1) generation metrics: {
  terrainTime: [33m0.6074999999982538[39m,
  biomeTime: [33m183.82009999999718[39m,
  resourceTime: [33m0.12740000001213048[39m,
  structureTime: [33m0.06880000000819564[39m,
  riverTime: [33m0.016199999998207204[39m,
  totalTime: [33m184.66229999999632[39m
}
Chunk (1, 1) generation metrics: {
  terrainTime: [33m0.6037999999971362[39m,
  biomeTime: [33m154.82639999999083[39m,
  resourceTime: [33m0.12660000000323635[39m,
  structureTime: [33m0.07100000001082662[39m,
  riverTime: [33m0.016199999998207204[39m,
  totalTime: [33m155.6695000000036[39m
}
Loaded 9 chunks in 1346.07ms
World generated with seed: 12345

[90mstdout[2m | demo/src/ui/WorldGeneration.test.ts[2m > [22m[2mWorld Generation Controls[2m > [22m[2mLoading Indicator Behavior[2m > [22m[2mshould hide loading indicator after generation completes[22m[39m
DemoApp initialized successfully
Chunk (-1, -1) generation metrics: {
  terrainTime: [33m0.6177000000025146[39m,
  biomeTime: [33m195.82880000000296[39m,
  resourceTime: [33m0.12829999999667052[39m,
  structureTime: [33m0.0781999999890104[39m,
  riverTime: [33m0.1840000000083819[39m,
  totalTime: [33m196.86470000000554[39m
}
Chunk (0, -1) generation metrics: {
  terrainTime: [33m0.8090000000083819[39m,
  biomeTime: [33m163.6762000000017[39m,
  resourceTime: [33m0.11940000001050066[39m,
  structureTime: [33m0.07249999999476131[39m,
  riverTime: [33m0.014200000005075708[39m,
  totalTime: [33m164.85040000001027[39m
}
Chunk (1, -1) generation metrics: {
  terrainTime: [33m1.1222000000125263[39m,
  biomeTime: [33m154.73490000001038[39m,
  resourceTime: [33m0.12559999999939464[39m,
  structureTime: [33m0.07099999999627471[39m,
  riverTime: [33m0.05819999999948777[39m,
  totalTime: [33m156.13540000001376[39m
}
Chunk (-1, 0) generation metrics: {
  terrainTime: [33m0.6212000000086846[39m,
  biomeTime: [33m141.08710000000428[39m,
  resourceTime: [33m0.24039999999513384[39m,
  structureTime: [33m0.1167999999888707[39m,
  riverTime: [33m0.19759999999951106[39m,
  totalTime: [33m142.28519999999844[39m
}
Chunk (0, 0) generation metrics: {
  terrainTime: [33m0.6370999999926426[39m,
  biomeTime: [33m139.903999999995[39m,
  resourceTime: [33m0.13189999999303836[39m,
  structureTime: [33m0.07159999999566935[39m,
  riverTime: [33m0.01750000000174623[39m,
  totalTime: [33m140.7832000000053[39m
}
Chunk (1, 0) generation metrics: {
  terrainTime: [33m0.6126000000076601[39m,
  biomeTime: [33m164.1149000000005[39m,
  resourceTime: [33m0.13260000001173466[39m,
  structureTime: [33m0.10350000001199078[39m,
  riverTime: [33m0.025299999993876554[39m,
  totalTime: [33m165.0097999999998[39m
}
Chunk (-1, 1) generation metrics: {
  terrainTime: [33m0.6313999999983935[39m,
  biomeTime: [33m148.93249999999534[39m,
  resourceTime: [33m0.11960000000544824[39m,
  structureTime: [33m0.07130000001052395[39m,
  riverTime: [33m0.013699999995878898[39m,
  totalTime: [33m149.789300000004[39m
}
Chunk (0, 1) generation metrics: {
  terrainTime: [33m0.5907000000006519[39m,
  biomeTime: [33m148.02180000000226[39m,
  resourceTime: [33m0.13119999998889398[39m,
  structureTime: [33m0.060899999996763654[39m,
  riverTime: [33m0.015100000004167669[39m,
  totalTime: [33m148.83959999999206[39m
}
Chunk (1, 1) generation metrics: {
  terrainTime: [33m0.6092000000062399[39m,
  biomeTime: [33m149.95769999999902[39m,
  resourceTime: [33m0.07209999999031425[39m,
  structureTime: [33m0.05460000000311993[39m,
  riverTime: [33m0.010399999999208376[39m,
  totalTime: [33m150.72050000001036[39m
}
Loaded 9 chunks in 1417.07ms
World generated with seed: 12345

[90mstdout[2m | demo/src/ui/WorldGeneration.test.ts[2m > [22m[2mWorld Generation Controls[2m > [22m[2mLoading Indicator Behavior[2m > [22m[2mshould hide loading indicator even if generation fails[22m[39m
DemoApp initialized successfully
Chunk (-1, -1) generation metrics: {
  terrainTime: [33m0.41120000000228174[39m,
  biomeTime: [33m144.77070000000822[39m,
  resourceTime: [33m0.10799999999289867[39m,
  structureTime: [33m0.055300000007264316[39m,
  riverTime: [33m0.11710000000311993[39m,
  totalTime: [33m145.47900000000664[39m
}
Chunk (0, -1) generation metrics: {
  terrainTime: [33m0.4210000000020955[39m,
  biomeTime: [33m141.78650000000198[39m,
  resourceTime: [33m0.1222999999881722[39m,
  structureTime: [33m0.07829999999376014[39m,
  riverTime: [33m0.014500000004773028[39m,
  totalTime: [33m142.44099999999162[39m
}
Chunk (1, -1) generation metrics: {
  terrainTime: [33m0.6198000000003958[39m,
  biomeTime: [33m156.44549999998708[39m,
  resourceTime: [33m0.13030000000435393[39m,
  structureTime: [33m0.07549999999173451[39m,
  riverTime: [33m0.06130000000121072[39m,
  totalTime: [33m157.35340000000724[39m
}
Chunk (-1, 0) generation metrics: {
  terrainTime: [33m0.624100000000908[39m,
  biomeTime: [33m150.38950000000477[39m,
  resourceTime: [33m0.13109999999869615[39m,
  structureTime: [33m0.1113000000041211[39m,
  riverTime: [33m0.24709999999322463[39m,
  totalTime: [33m151.52449999999953[39m
}
Chunk (0, 0) generation metrics: {
  terrainTime: [33m0.6263999999937369[39m,
  biomeTime: [33m133.79390000000421[39m,
  resourceTime: [33m0.12410000000090804[39m,
  structureTime: [33m0.07649999999557622[39m,
  riverTime: [33m0.01720000000204891[39m,
  totalTime: [33m134.6591999999946[39m
}
Chunk (1, 0) generation metrics: {
  terrainTime: [33m0.6091000000014901[39m,
  biomeTime: [33m134.4786000000022[39m,
  resourceTime: [33m0.18110000000160653[39m,
  structureTime: [33m0.10610000000451691[39m,
  riverTime: [33m0.014799999989918433[39m,
  totalTime: [33m135.41270000000077[39m
}
Chunk (-1, 1) generation metrics: {
  terrainTime: [33m0.620599999994738[39m,
  biomeTime: [33m147.04270000000542[39m,
  resourceTime: [33m0.12950000001001172[39m,
  structureTime: [33m0.0727000000042608[39m,
  riverTime: [33m0.015100000004167669[39m,
  totalTime: [33m147.90150000000722[39m
}
Chunk (0, 1) generation metrics: {
  terrainTime: [33m0.6046999999962281[39m,
  biomeTime: [33m151.63409999999567[39m,
  resourceTime: [33m0.13379999999597203[39m,
  structureTime: [33m0.07989999999699648[39m,
  riverTime: [33m0.015899999998509884[39m,
  totalTime: [33m152.49030000000494[39m
}
Chunk (1, 1) generation metrics: {
  terrainTime: [33m0.6254999999946449[39m,
  biomeTime: [33m172.6771000000008[39m,
  resourceTime: [33m0.14750000000640284[39m,
  structureTime: [33m0.1088000000017928[39m,
  riverTime: [33m0.01600000000325963[39m,
  totalTime: [33m173.61759999999776[39m
}
Loaded 9 chunks in 1342.52ms
World generated with seed: 12345

[90mstdout[2m | demo/src/ui/WorldGeneration.test.ts[2m > [22m[2mWorld Generation Controls[2m > [22m[2mIntegration with DemoApp[2m > [22m[2mshould update state after world generation[22m[39m
DemoApp initialized successfully
Chunk (-1, -1) generation metrics: {
  terrainTime: [33m0.6264999999984866[39m,
  biomeTime: [33m179.57630000000063[39m,
  resourceTime: [33m0.14729999999690335[39m,
  structureTime: [33m0.10770000000775326[39m,
  riverTime: [33m0.20560000000114087[39m,
  totalTime: [33m180.6941999999981[39m
}
Chunk (0, -1) generation metrics: {
  terrainTime: [33m0.7241000000067288[39m,
  biomeTime: [33m151.0853999999963[39m,
  resourceTime: [33m0.13800000000628643[39m,
  structureTime: [33m0.08669999999983702[39m,
  riverTime: [33m0.016199999998207204[39m,
  totalTime: [33m152.07699999999022[39m
}
Chunk (1, -1) generation metrics: {
  terrainTime: [33m0.6648999999888474[39m,
  biomeTime: [33m139.8749000000098[39m,
  resourceTime: [33m0.16209999998682179[39m,
  structureTime: [33m0.06720000000495929[39m,
  riverTime: [33m0.061199999996460974[39m,
  totalTime: [33m140.85169999999925[39m
}
Chunk (-1, 0) generation metrics: {
  terrainTime: [33m0.6193000000057509[39m,
  biomeTime: [33m131.0048999999999[39m,
  resourceTime: [33m0.11370000000169966[39m,
  structureTime: [33m0.11410000000614673[39m,
  riverTime: [33m0.1661000000021886[39m,
  totalTime: [33m132.04180000000633[39m
}
Chunk (0, 0) generation metrics: {
  terrainTime: [33m0.5714000000007218[39m,
  biomeTime: [33m140.35190000000875[39m,
  resourceTime: [33m0.13860000000568107[39m,
  structureTime: [33m0.09209999999438878[39m,
  riverTime: [33m0.015299999999115244[39m,
  totalTime: [33m141.191599999991[39m
}
Chunk (1, 0) generation metrics: {
  terrainTime: [33m0.9642000000021653[39m,
  biomeTime: [33m158.61879999999655[39m,
  resourceTime: [33m0.1312000000034459[39m,
  structureTime: [33m0.1147999999957392[39m,
  riverTime: [33m0.015199999994365498[39m,
  totalTime: [33m159.8706999999995[39m
}
Chunk (-1, 1) generation metrics: {
  terrainTime: [33m0.6224000000074739[39m,
  biomeTime: [33m170.79290000000037[39m,
  resourceTime: [33m0.13069999999424908[39m,
  structureTime: [33m0.08569999999599531[39m,
  riverTime: [33m0.016100000008009374[39m,
  totalTime: [33m171.6759999999922[39m
}
Chunk (0, 1) generation metrics: {
  terrainTime: [33m0.6239999999961583[39m,
  biomeTime: [33m171.26119999999355[39m,
  resourceTime: [33m0.16800000000512227[39m,
  structureTime: [33m0.09349999998812564[39m,
  riverTime: [33m0.01849999999103602[39m,
  totalTime: [33m172.19430000000284[39m
}
Chunk (1, 1) generation metrics: {
  terrainTime: [33m0.6799000000028173[39m,
  biomeTime: [33m179.56750000000466[39m,
  resourceTime: [33m0.1361999999935506[39m,
  structureTime: [33m0.08199999999487773[39m,
  riverTime: [33m0.014900000009220093[39m,
  totalTime: [33m180.5063999999984[39m
}
Loaded 9 chunks in 1432.95ms
World generated with seed: 12345

[90mstdout[2m | demo/src/ui/WorldGeneration.test.ts[2m > [22m[2mWorld Generation Controls[2m > [22m[2mIntegration with DemoApp[2m > [22m[2mshould emit WORLD_GENERATED event[22m[39m
DemoApp initialized successfully
Chunk (-1, -1) generation metrics: {
  terrainTime: [33m0.6861000000062631[39m,
  biomeTime: [33m136.99980000000505[39m,
  resourceTime: [33m0.07690000000002328[39m,
  structureTime: [33m0.07219999999506399[39m,
  riverTime: [33m0.19479999999748543[39m,
  totalTime: [33m138.05179999998654[39m
}
Chunk (0, -1) generation metrics: {
  terrainTime: [33m0.6995000000024447[39m,
  biomeTime: [33m139.4597999999969[39m,
  resourceTime: [33m0.12299999999231659[39m,
  structureTime: [33m0.07799999999406282[39m,
  riverTime: [33m0.014999999999417923[39m,
  totalTime: [33m140.4021999999968[39m
}
Chunk (1, -1) generation metrics: {
  terrainTime: [33m0.5623999999952503[39m,
  biomeTime: [33m140.12699999999313[39m,
  resourceTime: [33m0.12129999999888241[39m,
  structureTime: [33m0.06609999999636784[39m,
  riverTime: [33m0.04610000000684522[39m,
  totalTime: [33m140.94749999999476[39m
}
Chunk (-1, 0) generation metrics: {
  terrainTime: [33m0.5899000000063097[39m,
  biomeTime: [33m137.07039999999688[39m,
  resourceTime: [33m0.12560000001394656[39m,
  structureTime: [33m0.12610000000859145[39m,
  riverTime: [33m0.12389999999140855[39m,
  totalTime: [33m138.05879999999888[39m
}
Chunk (0, 0) generation metrics: {
  terrainTime: [33m1.0124000000068918[39m,
  biomeTime: [33m136.45080000000598[39m,
  resourceTime: [33m0.13379999999597203[39m,
  structureTime: [33m0.07029999999213032[39m,
  riverTime: [33m0.01570000000356231[39m,
  totalTime: [33m137.7094999999972[39m
}
Chunk (1, 0) generation metrics: {
  terrainTime: [33m0.6254999999946449[39m,
  biomeTime: [33m151.74989999999525[39m,
  resourceTime: [33m0.13250000000698492[39m,
  structureTime: [33m0.11410000000614673[39m,
  riverTime: [33m0.01639999999315478[39m,
  totalTime: [33m152.6637999999948[39m
}
Chunk (-1, 1) generation metrics: {
  terrainTime: [33m0.6389999999955762[39m,
  biomeTime: [33m131.20100000000093[39m,
  resourceTime: [33m0.13280000000668224[39m,
  structureTime: [33m0.08000000000174623[39m,
  riverTime: [33m0.014699999999720603[39m,
  totalTime: [33m132.0905999999959[39m
}
Chunk (0, 1) generation metrics: {
  terrainTime: [33m0.618800000011106[39m,
  biomeTime: [33m150.07800000000861[39m,
  resourceTime: [33m0.13230000001203734[39m,
  structureTime: [33m0.08840000000782311[39m,
  riverTime: [33m0.01570000000356231[39m,
  totalTime: [33m150.9597999999969[39m
}
Chunk (1, 1) generation metrics: {
  terrainTime: [33m0.6382999999914318[39m,
  biomeTime: [33m142.54200000000128[39m,
  resourceTime: [33m0.14289999999164138[39m,
  structureTime: [33m0.12739999999757856[39m,
  riverTime: [33m0.021599999992758967[39m,
  totalTime: [33m143.49790000000212[39m
}
Loaded 9 chunks in 1276.07ms
World generated with seed: 12345

[90mstdout[2m | demo/src/ui/WorldGeneration.test.ts[2m > [22m[2mWorld Generation Controls[2m > [22m[2mIntegration with DemoApp[2m > [22m[2mshould clear previous chunks when generating new world[22m[39m
DemoApp initialized successfully
Chunk (-1, -1) generation metrics: {
  terrainTime: [33m0.6135999999969499[39m,
  biomeTime: [33m132.6652000000031[39m,
  resourceTime: [33m0.13010000000940636[39m,
  structureTime: [33m0.08189999999012798[39m,
  riverTime: [33m0.20880000000761356[39m,
  totalTime: [33m133.7228999999934[39m
}
Chunk (0, -1) generation metrics: {
  terrainTime: [33m0.6628000000055181[39m,
  biomeTime: [33m146.5280999999959[39m,
  resourceTime: [33m0.14680000000225846[39m,
  structureTime: [33m0.0774000000092201[39m,
  riverTime: [33m0.006699999998090789[39m,
  totalTime: [33m147.44719999999506[39m
}
Chunk (1, -1) generation metrics: {
  terrainTime: [33m0.588000000003376[39m,
  biomeTime: [33m131.0893999999971[39m,
  resourceTime: [33m0.6640000000043074[39m,
  structureTime: [33m0.08000000000174623[39m,
  riverTime: [33m0.03940000000875443[39m,
  totalTime: [33m132.49310000000696[39m
}
Chunk (-1, 0) generation metrics: {
  terrainTime: [33m0.5430000000051223[39m,
  biomeTime: [33m146.88430000000517[39m,
  resourceTime: [33m0.13109999999869615[39m,
  structureTime: [33m0.1279999999969732[39m,
  riverTime: [33m0.12380000000121072[39m,
  totalTime: [33m147.83849999999802[39m
}
Chunk (0, 0) generation metrics: {
  terrainTime: [33m0.6245000000053551[39m,
  biomeTime: [33m153.60599999999977[39m,
  resourceTime: [33m0.12930000000051223[39m,
  structureTime: [33m0.07489999999233987[39m,
  riverTime: [33m0.006299999993643723[39m,
  totalTime: [33m154.4988000000012[39m
}
Chunk (1, 0) generation metrics: {
  terrainTime: [33m0.610899999999674[39m,
  biomeTime: [33m146.3338999999978[39m,
  resourceTime: [33m0.1334999999962747[39m,
  structureTime: [33m0.10629999999946449[39m,
  riverTime: [33m0.0058000000135507435[39m,
  totalTime: [33m147.21500000001106[39m
}
Chunk (-1, 1) generation metrics: {
  terrainTime: [33m0.638200000001234[39m,
  biomeTime: [33m156.51469999999972[39m,
  resourceTime: [33m0.12679999999818392[39m,
  structureTime: [33m0.08720000000903383[39m,
  riverTime: [33m0.00819999999657739[39m,
  totalTime: [33m157.40140000000247[39m
}
Chunk (0, 1) generation metrics: {
  terrainTime: [33m0.6122999999934109[39m,
  biomeTime: [33m149.82309999999416[39m,
  resourceTime: [33m0.11650000000372529[39m,
  structureTime: [33m0.07259999999951106[39m,
  riverTime: [33m0.006400000012945384[39m,
  totalTime: [33m150.65400000000955[39m
}
Chunk (1, 1) generation metrics: {
  terrainTime: [33m0.7822000000014668[39m,
  biomeTime: [33m147.51919999999518[39m,
  resourceTime: [33m0.09530000000086147[39m,
  structureTime: [33m0.08150000000023283[39m,
  riverTime: [33m0.006299999993643723[39m,
  totalTime: [33m148.5100999999995[39m
}
Loaded 9 chunks in 1321.50ms
World generated with seed: 12345
Chunk (-1, -1) generation metrics: {
  terrainTime: [33m0.6132000000070548[39m,
  biomeTime: [33m133.65150000000722[39m,
  resourceTime: [33m0.13509999999951106[39m,
  structureTime: [33m0.08610000000044238[39m,
  riverTime: [33m0.15780000000086147[39m,
  totalTime: [33m134.66860000000452[39m
}
Chunk (0, -1) generation metrics: {
  terrainTime: [33m0.6402000000089174[39m,
  biomeTime: [33m135.47870000000694[39m,
  resourceTime: [33m0.1147999999957392[39m,
  structureTime: [33m0.08509999999660067[39m,
  riverTime: [33m0.007299999997485429[39m,
  totalTime: [33m136.35199999999895[39m
}
Chunk (1, -1) generation metrics: {
  terrainTime: [33m0.5703000000066822[39m,
  biomeTime: [33m138.28720000000612[39m,
  resourceTime: [33m0.12969999999040738[39m,
  structureTime: [33m0.07360000000335276[39m,
  riverTime: [33m0.006600000007892959[39m,
  totalTime: [33m139.0905000000057[39m
}
Chunk (-1, 0) generation metrics: {
  terrainTime: [33m0.6234000000113156[39m,
  biomeTime: [33m142.5622000000003[39m,
  resourceTime: [33m0.16969999999855645[39m,
  structureTime: [33m0.09570000000530854[39m,
  riverTime: [33m0.1301999999996042[39m,
  totalTime: [33m143.60470000001078[39m
}
Chunk (0, 0) generation metrics: {
  terrainTime: [33m0.643900000010035[39m,
  biomeTime: [33m119.55440000000817[39m,
  resourceTime: [33m0.07000000000698492[39m,
  structureTime: [33m0.05859999998938292[39m,
  riverTime: [33m0.004999999990104698[39m,
  totalTime: [33m120.36399999998685[39m
}
Chunk (1, 0) generation metrics: {
  terrainTime: [33m0.5945999999967171[39m,
  biomeTime: [33m128.28570000000764[39m,
  resourceTime: [33m0.1292000000103144[39m,
  structureTime: [33m0.08359999999811407[39m,
  riverTime: [33m0.00789999999688007[39m,
  totalTime: [33m129.12510000000475[39m
}
Chunk (-1, 1) generation metrics: {
  terrainTime: [33m0.6335000000108266[39m,
  biomeTime: [33m145.87279999999737[39m,
  resourceTime: [33m0.11999999999534339[39m,
  structureTime: [33m0.08010000000649597[39m,
  riverTime: [33m0.011400000003050081[39m,
  totalTime: [33m146.74189999999362[39m
}
Chunk (0, 1) generation metrics: {
  terrainTime: [33m0.5829999999987194[39m,
  biomeTime: [33m148.25390000001062[39m,
  resourceTime: [33m0.12209999999322463[39m,
  structureTime: [33m0.08199999999487773[39m,
  riverTime: [33m0.022599999996600673[39m,
  totalTime: [33m149.08600000001024[39m
}
Chunk (1, 1) generation metrics: {
  terrainTime: [33m0.768000000010943[39m,
  biomeTime: [33m133.9328999999998[39m,
  resourceTime: [33m0.12529999999969732[39m,
  structureTime: [33m0.11220000000321306[39m,
  riverTime: [33m0.006099999998696148[39m,
  totalTime: [33m134.9656999999861[39m
}
Loaded 9 chunks in 1235.70ms
World generated with seed: 54321

 [32mтЬУ[39m tests/property/terrain.property.test.ts [2m ([22m[2m10 tests[22m[2m)[22m[33m 6694[2mms[22m[39m
 [32mтЬУ[39m tests/unit/gen/terrain.test.ts [2m ([22m[2m15 tests[22m[2m)[22m[90m 110[2mms[22m[39m
 [32mтЬУ[39m tests/integration/basic-world-generation.test.ts [2m ([22m[2m9 tests[22m[2m)[22m[33m 1968[2mms[22m[39m
 [32mтЬУ[39m demo/src/viewer/materials.test.ts [2m ([22m[2m18 tests[22m[2m)[22m[90m 22[2mms[22m[39m
 [32mтЬУ[39m demo/src/core/DemoApp.incremental.test.ts [2m ([22m[2m15 tests[22m[2m)[22m[33m 5034[2mms[22m[39m
[90mstdout[2m | demo/src/core/DemoApp.incremental.test.ts[2m > [22m[2mDemoApp - Incremental Generation Integration[2m > [22m[2mIncremental Configuration[2m > [22m[2mshould enable incremental generation when configured[22m[39m
DemoApp initialized successfully
DemoApp destroyed

[90mstdout[2m | demo/src/core/DemoApp.incremental.test.ts[2m > [22m[2mDemoApp - Incremental Generation Integration[2m > [22m[2mIncremental Configuration[2m > [22m[2mshould disable incremental generation when configured[22m[39m
DemoApp initialized successfully
DemoApp destroyed

[90mstdout[2m | demo/src/core/DemoApp.incremental.test.ts[2m > [22m[2mDemoApp - Incremental Generation Integration[2m > [22m[2mIncremental Configuration[2m > [22m[2mshould update time budget when changed[22m[39m
DemoApp initialized successfully
DemoApp destroyed

[90mstdout[2m | demo/src/core/DemoApp.incremental.test.ts[2m > [22m[2mDemoApp - Incremental Generation Integration[2m > [22m[2mIncremental Chunk Loading[2m > [22m[2mshould start incremental generation for chunks when enabled[22m[39m
DemoApp initialized successfully
DemoApp destroyed

[90mstdout[2m | demo/src/core/DemoApp.incremental.test.ts[2m > [22m[2mDemoApp - Incremental Generation Integration[2m > [22m[2mIncremental Chunk Loading[2m > [22m[2mshould load chunks immediately when incremental is disabled[22m[39m
DemoApp initialized successfully
Chunk (-1, -1) generation metrics: {
  terrainTime: [33m0.5608999999967637[39m,
  biomeTime: [33m158.5115000000078[39m,
  resourceTime: [33m0.07639999999082647[39m,
  structureTime: [33m0.09059999999590218[39m,
  riverTime: [33m0.19700000000011642[39m,
  totalTime: [33m159.47999999999593[39m
}
Chunk (0, -1) generation metrics: {
  terrainTime: [33m0.41350000000966247[39m,
  biomeTime: [33m139.5399000000034[39m,
  resourceTime: [33m0.15529999999853317[39m,
  structureTime: [33m0.15570000000298023[39m,
  riverTime: [33m0.017099999997299165[39m,
  totalTime: [33m140.33920000000217[39m
}
Chunk (1, -1) generation metrics: {
  terrainTime: [33m0.6771999999909895[39m,
  biomeTime: [33m153.68099999999686[39m,
  resourceTime: [33m0.12329999999201391[39m,
  structureTime: [33m0.11370000000169966[39m,
  riverTime: [33m0.08629999999538995[39m,
  totalTime: [33m154.74130000000878[39m
}
Chunk (-1, 0) generation metrics: {
  terrainTime: [33m0.7924999999959255[39m,
  biomeTime: [33m145.2319000000134[39m,
  resourceTime: [33m0.07200000000011642[39m,
  structureTime: [33m0.1103000000002794[39m,
  riverTime: [33m0.18159999999625143[39m,
  totalTime: [33m146.42779999999038[39m
}
Chunk (0, 0) generation metrics: {
  terrainTime: [33m0.40869999999995343[39m,
  biomeTime: [33m124.88899999999558[39m,
  resourceTime: [33m0.1277000000118278[39m,
  structureTime: [33m0.08659999999508727[39m,
  riverTime: [33m0.01870000000053551[39m,
  totalTime: [33m125.58420000001206[39m
}
Chunk (1, 0) generation metrics: {
  terrainTime: [33m0.6077999999979511[39m,
  biomeTime: [33m133.19670000000042[39m,
  resourceTime: [33m0.13039999999455176[39m,
  structureTime: [33m0.11950000000069849[39m,
  riverTime: [33m0.01630000000295695[39m,
  totalTime: [33m134.12689999998838[39m
}
Chunk (-1, 1) generation metrics: {
  terrainTime: [33m0.6226000000024214[39m,
  biomeTime: [33m146.18940000000293[39m,
  resourceTime: [33m0.11939999999594875[39m,
  structureTime: [33m0.07949999999254942[39m,
  riverTime: [33m0.016100000008009374[39m,
  totalTime: [33m147.07510000000184[39m
}
Chunk (0, 1) generation metrics: {
  terrainTime: [33m0.5854000000108499[39m,
  biomeTime: [33m145.47609999999986[39m,
  resourceTime: [33m0.12429999999585561[39m,
  structureTime: [33m0.08699999999953434[39m,
  riverTime: [33m0.017699999996693805[39m,
  totalTime: [33m146.34590000000026[39m
}
Chunk (1, 1) generation metrics: {
  terrainTime: [33m0.5967999999993481[39m,
  biomeTime: [33m154.77610000000277[39m,
  resourceTime: [33m0.12209999999322463[39m,
  structureTime: [33m0.08419999999750871[39m,
  riverTime: [33m0.016199999998207204[39m,
  totalTime: [33m155.6487999999954[39m
}
Loaded 9 chunks in 1314.09ms
DemoApp destroyed

[90mstdout[2m | demo/src/core/DemoApp.incremental.test.ts[2m > [22m[2mDemoApp - Incremental Generation Integration[2m > [22m[2mIncremental Chunk Loading[2m > [22m[2mshould not start duplicate generation for same chunk[22m[39m
DemoApp initialized successfully
DemoApp destroyed

[90mstdout[2m | demo/src/core/DemoApp.incremental.test.ts[2m > [22m[2mDemoApp - Incremental Generation Integration[2m > [22m[2mContinue Incremental Generation[2m > [22m[2mshould continue generation for chunks in progress[22m[39m
DemoApp initialized successfully
Chunk (0, 0) generation metrics: {
  terrainTime: [33m0.7396000000007916[39m,
  biomeTime: [33m131.6152000000002[39m,
  resourceTime: [33m0.2679999999963911[39m,
  structureTime: [33m0.3346000000019558[39m,
  riverTime: [33m0.021699999997508712[39m,
  totalTime: [33m133.0725999999995[39m
}
DemoApp destroyed

[90mstdout[2m | demo/src/core/DemoApp.incremental.test.ts[2m > [22m[2mDemoApp - Incremental Generation Integration[2m > [22m[2mContinue Incremental Generation[2m > [22m[2mshould emit progress events as stages complete[22m[39m
DemoApp initialized successfully
Chunk (0, 0) generation metrics: {
  terrainTime: [33m0.5871999999944819[39m,
  biomeTime: [33m132.021900000007[39m,
  resourceTime: [33m0.12830000001122244[39m,
  structureTime: [33m0.07950000000710133[39m,
  riverTime: [33m0.016799999997601844[39m,
  totalTime: [33m132.85160000000906[39m
}
DemoApp destroyed

[90mstdout[2m | demo/src/core/DemoApp.incremental.test.ts[2m > [22m[2mDemoApp - Incremental Generation Integration[2m > [22m[2mContinue Incremental Generation[2m > [22m[2mshould move chunks to loaded when generation completes[22m[39m
DemoApp initialized successfully
Chunk (0, 0) generation metrics: {
  terrainTime: [33m0.8508999999903608[39m,
  biomeTime: [33m157.12910000000556[39m,
  resourceTime: [33m0.12760000000707805[39m,
  structureTime: [33m0.07820000000356231[39m,
  riverTime: [33m0.015699999989010394[39m,
  totalTime: [33m158.22329999999783[39m
}
DemoApp destroyed

[90mstdout[2m | demo/src/core/DemoApp.incremental.test.ts[2m > [22m[2mDemoApp - Incremental Generation Integration[2m > [22m[2mContinue Incremental Generation[2m > [22m[2mshould do nothing when incremental is disabled[22m[39m
DemoApp initialized successfully
DemoApp destroyed

[90mstdout[2m | demo/src/core/DemoApp.incremental.test.ts[2m > [22m[2mDemoApp - Incremental Generation Integration[2m > [22m[2mContinue Incremental Generation[2m > [22m[2mshould do nothing when no chunks are in progress[22m[39m
DemoApp initialized successfully
DemoApp destroyed

[90mstdout[2m | demo/src/core/DemoApp.incremental.test.ts[2m > [22m[2mDemoApp - Incremental Generation Integration[2m > [22m[2mState Management[2m > [22m[2mshould track chunks in progress with their stages[22m[39m
DemoApp initialized successfully
DemoApp destroyed

[90mstdout[2m | demo/src/core/DemoApp.incremental.test.ts[2m > [22m[2mDemoApp - Incremental Generation Integration[2m > [22m[2mState Management[2m > [22m[2mshould update state when chunks progress[22m[39m
DemoApp initialized successfully
Chunk (0, 0) generation metrics: {
  terrainTime: [33m0.6195000000006985[39m,
  biomeTime: [33m170.8283000000083[39m,
  resourceTime: [33m0.1254999999946449[39m,
  structureTime: [33m0.08150000000023283[39m,
  riverTime: [33m0.015999999988707714[39m,
  totalTime: [33m171.69160000000556[39m
}
DemoApp destroyed

[90mstdout[2m | demo/src/core/DemoApp.incremental.test.ts[2m > [22m[2mDemoApp - Incremental Generation Integration[2m > [22m[2mIntegration with LOD[2m > [22m[2mshould apply LOD to completed incremental chunks[22m[39m
DemoApp initialized successfully
Chunk (0, 0) generation metrics: {
  terrainTime: [33m0.6468999999924563[39m,
  biomeTime: [33m148.8758999999991[39m,
  resourceTime: [33m0.1392000000050757[39m,
  structureTime: [33m0.07649999999557622[39m,
  riverTime: [33m0.01830000001064036[39m,
  totalTime: [33m149.80749999999534[39m
}
DemoApp destroyed

[90mstdout[2m | demo/src/core/DemoApp.incremental.test.ts[2m > [22m[2mDemoApp - Incremental Generation Integration[2m > [22m[2mError Handling[2m > [22m[2mshould handle errors during incremental generation gracefully[22m[39m
DemoApp initialized successfully
Chunk (0, 0) generation metrics: {
  terrainTime: [33m0.6164000000135275[39m,
  biomeTime: [33m154.63180000000284[39m,
  resourceTime: [33m0.12640000000828877[39m,
  structureTime: [33m0.08980000000155997[39m,
  riverTime: [33m0.016499999997904524[39m,
  totalTime: [33m155.50440000000526[39m
}
DemoApp destroyed

 [32mтЬУ[39m tests/integration/chunk-generation-enhancements.test.ts [2m ([22m[2m5 tests[22m[2m)[22m[90m 279[2mms[22m[39m
[90mstdout[2m | demo/src/core/DemoApp.worker.test.ts[2m > [22m[2mDemoApp - Worker Pool Integration[2m > [22m[2mWorker Pool Configuration[2m > [22m[2mshould start with worker pool disabled[22m[39m
DemoApp initialized successfully

[90mstdout[2m | demo/src/core/DemoApp.worker.test.ts[2m > [22m[2mDemoApp - Worker Pool Integration[2m > [22m[2mWorker Pool Configuration[2m > [22m[2mshould enable worker pool when config is updated[22m[39m
DemoApp initialized successfully

[90mstdout[2m | demo/src/core/DemoApp.worker.test.ts[2m > [22m[2mDemoApp - Worker Pool Integration[2m > [22m[2mWorker Pool Configuration[2m > [22m[2mshould disable worker pool when config is set to undefined[22m[39m
DemoApp initialized successfully

[90mstdout[2m | demo/src/core/DemoApp.worker.test.ts[2m > [22m[2mDemoApp - Worker Pool Integration[2m > [22m[2mWorker Pool Configuration[2m > [22m[2mshould update maxWorkers when config changes[22m[39m
DemoApp initialized successfully

[90mstdout[2m | demo/src/core/DemoApp.worker.test.ts[2m > [22m[2mDemoApp - Worker Pool Integration[2m > [22m[2mWorker Pool Statistics[2m > [22m[2mshould initialize worker pool stats to zero[22m[39m
DemoApp initialized successfully

[90mstdout[2m | demo/src/core/DemoApp.worker.test.ts[2m > [22m[2mDemoApp - Worker Pool Integration[2m > [22m[2mWorker Pool Statistics[2m > [22m[2mshould return zero stats when worker pool is disabled[22m[39m
DemoApp initialized successfully

[90mstdout[2m | demo/src/core/DemoApp.worker.test.ts[2m > [22m[2mDemoApp - Worker Pool Integration[2m > [22m[2mWorker Pool Statistics[2m > [22m[2mshould not update stats when worker pool is disabled[22m[39m
DemoApp initialized successfully

[90mstdout[2m | demo/src/core/DemoApp.worker.test.ts[2m > [22m[2mDemoApp - Worker Pool Integration[2m > [22m[2mWorker Pool Statistics[2m > [22m[2mshould update state with worker pool stats when enabled[22m[39m
DemoApp initialized successfully

[90mstdout[2m | demo/src/core/DemoApp.worker.test.ts[2m > [22m[2mDemoApp - Worker Pool Integration[2m > [22m[2mState Subscription[2m > [22m[2mshould notify subscribers when worker pool is enabled[22m[39m
DemoApp initialized successfully

[90mstdout[2m | demo/src/core/DemoApp.worker.test.ts[2m > [22m[2mDemoApp - Worker Pool Integration[2m > [22m[2mState Subscription[2m > [22m[2mshould notify subscribers when worker pool stats change[22m[39m
DemoApp initialized successfully

[90mstdout[2m | demo/src/core/DemoApp.worker.test.ts[2m > [22m[2mDemoApp - Worker Pool Integration[2m > [22m[2mIntegration with ChunkManager[2m > [22m[2mshould have worker pool config in state when enabled[22m[39m
DemoApp initialized successfully

[90mstdout[2m | demo/src/core/DemoApp.worker.test.ts[2m > [22m[2mDemoApp - Worker Pool Integration[2m > [22m[2mIntegration with ChunkManager[2m > [22m[2mshould update config when worker pool settings change[22m[39m
DemoApp initialized successfully

[90mstdout[2m | demo/src/core/DemoApp.worker.test.ts[2m > [22m[2mDemoApp - Worker Pool Integration[2m > [22m[2mWorker Pool Stats API[2m > [22m[2mshould expose getWorkerPoolStats method[22m[39m
DemoApp initialized successfully

[90mstdout[2m | demo/src/core/DemoApp.worker.test.ts[2m > [22m[2mDemoApp - Worker Pool Integration[2m > [22m[2mWorker Pool Stats API[2m > [22m[2mshould expose updateWorkerPoolStats method[22m[39m
DemoApp initialized successfully

[90mstdout[2m | demo/src/core/DemoApp.worker.test.ts[2m > [22m[2mDemoApp - Worker Pool Integration[2m > [22m[2mWorker Pool Stats API[2m > [22m[2mshould return stats object with correct structure[22m[39m
DemoApp initialized successfully

 [32mтЬУ[39m demo/src/core/DemoApp.worker.test.ts [2m ([22m[2m15 tests[22m[2m)[22m[90m 33[2mms[22m[39m
 [32mтЬУ[39m tests/property/noise.property.test.ts [2m ([22m[2m10 tests[22m[2m)[22m[90m 120[2mms[22m[39m
 [32mтЬУ[39m tests/unit/core/rng.test.ts [2m ([22m[2m22 tests[22m[2m)[22m[90m 117[2mms[22m[39m
 [32mтЬУ[39m demo/src/viewer/WorldViewer.performance.test.ts [2m ([22m[2m13 tests[22m[2m)[22m[90m 26[2mms[22m[39m
 [32mтЬУ[39m tests/unit/gen/resources.test.ts [2m ([22m[2m5 tests[22m[2m)[22m[90m 193[2mms[22m[39m
 [32mтЬУ[39m tests/unit/world/world-config-enhancements.test.ts [2m ([22m[2m8 tests[22m[2m)[22m[90m 11[2mms[22m[39m
 [32mтЬУ[39m tests/property/hash.property.test.ts [2m ([22m[2m9 tests[22m[2m)[22m[90m 85[2mms[22m[39m
 [32mтЬУ[39m demo/src/ui/WorldGeneration.integration.test.ts [2m ([22m[2m28 tests[22m[2m)[22m[33m 103831[2mms[22m[39m
[90mstdout[2m | demo/src/ui/WorldGeneration.integration.test.ts[2m > [22m[2mWorld Generation Flow Integration[2m > [22m[2mInitialize тЖТ Generate тЖТ Render Workflow[2m > [22m[2mshould complete full workflow successfully[22m[39m
DemoApp initialized successfully
Chunk (-1, -1) generation metrics: {
  terrainTime: [33m12.46219999999812[39m,
  biomeTime: [33m190.36019999999917[39m,
  resourceTime: [33m1.8783000000003085[39m,
  structureTime: [33m1.1110000000007858[39m,
  riverTime: [33m1.0557000000007974[39m,
  totalTime: [33m207.09199999999691[39m
}
Chunk (0, -1) generation metrics: {
  terrainTime: [33m0.932200000002922[39m,
  biomeTime: [33m162.8583000000035[39m,
  resourceTime: [33m0.6288999999997031[39m,
  structureTime: [33m0.13850000000093132[39m,
  riverTime: [33m0.018299999999726424[39m,
  totalTime: [33m164.6363999999994[39m
}
Chunk (1, -1) generation metrics: {
  terrainTime: [33m1.5614999999997963[39m,
  biomeTime: [33m149.0637999999999[39m,
  resourceTime: [33m0.2602999999980966[39m,
  structureTime: [33m0.15710000000035507[39m,
  riverTime: [33m0.23250000000189175[39m,
  totalTime: [33m151.4207000000024[39m
}
Chunk (-1, 0) generation metrics: {
  terrainTime: [33m0.7718000000022585[39m,
  biomeTime: [33m132.54449999999997[39m,
  resourceTime: [33m0.12739999999757856[39m,
  structureTime: [33m0.1889000000010128[39m,
  riverTime: [33m0.3269000000000233[39m,
  totalTime: [33m134.02179999999862[39m
}
Chunk (0, 0) generation metrics: {
  terrainTime: [33m0.7740000000012515[39m,
  biomeTime: [33m133.2621999999974[39m,
  resourceTime: [33m0.12370000000009895[39m,
  structureTime: [33m0.29769999999916763[39m,
  riverTime: [33m0.016499999997904524[39m,
  totalTime: [33m134.52419999999984[39m
}
Chunk (1, 0) generation metrics: {
  terrainTime: [33m0.7570000000014261[39m,
  biomeTime: [33m135.31549999999697[39m,
  resourceTime: [33m0.06980000000112341[39m,
  structureTime: [33m0.1775999999990745[39m,
  riverTime: [33m0.011699999999109423[39m,
  totalTime: [33m136.3788999999997[39m
}
Chunk (-1, 1) generation metrics: {
  terrainTime: [33m0.47400000000197906[39m,
  biomeTime: [33m142.6122000000032[39m,
  resourceTime: [33m0.12189999999827705[39m,
  structureTime: [33m0.22620000000097207[39m,
  riverTime: [33m0.01510000000052969[39m,
  totalTime: [33m143.4952000000012[39m
}
Chunk (0, 1) generation metrics: {
  terrainTime: [33m0.8192999999992026[39m,
  biomeTime: [33m153.60159999999814[39m,
  resourceTime: [33m0.13509999999951106[39m,
  structureTime: [33m0.13910000000032596[39m,
  riverTime: [33m0.017700000000331784[39m,
  totalTime: [33m154.76750000000175[39m
}
Chunk (1, 1) generation metrics: {
  terrainTime: [33m0.6300999999984924[39m,
  biomeTime: [33m150.3770000000004[39m,
  resourceTime: [33m0.13720000000103028[39m,
  structureTime: [33m0.12989999999990687[39m,
  riverTime: [33m0.017899999998917338[39m,
  totalTime: [33m151.35410000000047[39m
}
Loaded 9 chunks in 1383.66ms
World generated with seed: 12345
DemoApp destroyed

[90mstdout[2m | demo/src/ui/WorldGeneration.integration.test.ts[2m > [22m[2mWorld Generation Flow Integration[2m > [22m[2mInitialize тЖТ Generate тЖТ Render Workflow[2m > [22m[2mshould emit events in correct order[22m[39m
DemoApp initialized successfully
Chunk (-1, -1) generation metrics: {
  terrainTime: [33m0.6274000000012165[39m,
  biomeTime: [33m136.9200000000019[39m,
  resourceTime: [33m0.13310000000274158[39m,
  structureTime: [33m0.080100000002858[39m,
  riverTime: [33m0.28589999999894644[39m,
  totalTime: [33m138.13580000000002[39m
}
Chunk (0, -1) generation metrics: {
  terrainTime: [33m0.6146000000007916[39m,
  biomeTime: [33m151.20340000000215[39m,
  resourceTime: [33m0.12960000000020955[39m,
  structureTime: [33m0.0650000000023283[39m,
  riverTime: [33m0.015599999998812564[39m,
  totalTime: [33m152.04899999999907[39m
}
Chunk (1, -1) generation metrics: {
  terrainTime: [33m0.6217000000033295[39m,
  biomeTime: [33m136.72959999999875[39m,
  resourceTime: [33m0.12199999999938882[39m,
  structureTime: [33m0.06490000000121654[39m,
  riverTime: [33m0.08620000000155414[39m,
  totalTime: [33m137.64780000000246[39m
}
Chunk (-1, 0) generation metrics: {
  terrainTime: [33m0.591100000001461[39m,
  biomeTime: [33m131.55999999999767[39m,
  resourceTime: [33m0.1238999999986845[39m,
  structureTime: [33m0.2146000000029744[39m,
  riverTime: [33m0.7344000000011874[39m,
  totalTime: [33m133.2515999999996[39m
}
Chunk (0, 0) generation metrics: {
  terrainTime: [33m0.645699999997305[39m,
  biomeTime: [33m138.72379999999976[39m,
  resourceTime: [33m0.12449999999807915[39m,
  structureTime: [33m0.08410000000003492[39m,
  riverTime: [33m0.014400000000023283[39m,
  totalTime: [33m139.61739999999918[39m
}
Chunk (1, 0) generation metrics: {
  terrainTime: [33m0.6193999999995867[39m,
  biomeTime: [33m152.13890000000174[39m,
  resourceTime: [33m0.0698999999985972[39m,
  structureTime: [33m0.0834000000031665[39m,
  riverTime: [33m0.010099999999511056[39m,
  totalTime: [33m152.9436999999998[39m
}
Chunk (-1, 1) generation metrics: {
  terrainTime: [33m0.4135999999998603[39m,
  biomeTime: [33m155.81960000000254[39m,
  resourceTime: [33m0.12340000000040163[39m,
  structureTime: [33m0.10099999999874854[39m,
  riverTime: [33m0.014999999999417923[39m,
  totalTime: [33m156.49570000000313[39m
}
Chunk (0, 1) generation metrics: {
  terrainTime: [33m0.623700000000099[39m,
  biomeTime: [33m147.38590000000113[39m,
  resourceTime: [33m0.14789999999993597[39m,
  structureTime: [33m0.09359999999651336[39m,
  riverTime: [33m0.016100000000733417[39m,
  totalTime: [33m148.29390000000058[39m
}
Chunk (1, 1) generation metrics: {
  terrainTime: [33m0.6201000000000931[39m,
  biomeTime: [33m147.6746000000021[39m,
  resourceTime: [33m0.1287000000011176[39m,
  structureTime: [33m0.09920000000056461[39m,
  riverTime: [33m0.016699999996490078[39m,
  totalTime: [33m148.57039999999688[39m
}
Loaded 9 chunks in 1309.66ms
World generated with seed: 12345
DemoApp destroyed

[90mstdout[2m | demo/src/ui/WorldGeneration.integration.test.ts[2m > [22m[2mWorld Generation Flow Integration[2m > [22m[2mInitialize тЖТ Generate тЖТ Render Workflow[2m > [22m[2mshould update statistics after generation[22m[39m
DemoApp initialized successfully
Chunk (-1, -1) generation metrics: {
  terrainTime: [33m1.0629999999982829[39m,
  biomeTime: [33m158.35629999999946[39m,
  resourceTime: [33m0.13140000000203145[39m,
  structureTime: [33m0.08290000000124564[39m,
  riverTime: [33m0.19529999999940628[39m,
  totalTime: [33m159.85339999999997[39m
}
Chunk (0, -1) generation metrics: {
  terrainTime: [33m0.6189999999987776[39m,
  biomeTime: [33m133.4419999999991[39m,
  resourceTime: [33m0.12440000000060536[39m,
  structureTime: [33m0.0915000000022701[39m,
  riverTime: [33m0.014899999998306157[39m,
  totalTime: [33m134.3185999999987[39m
}
Chunk (1, -1) generation metrics: {
  terrainTime: [33m1.0807999999997264[39m,
  biomeTime: [33m125.42929999999978[39m,
  resourceTime: [33m0.12299999999959255[39m,
  structureTime: [33m0.09000000000014552[39m,
  riverTime: [33m0.06030000000100699[39m,
  totalTime: [33m126.80809999999838[39m
}
Chunk (-1, 0) generation metrics: {
  terrainTime: [33m0.6090999999978521[39m,
  biomeTime: [33m136.41020000000208[39m,
  resourceTime: [33m0.12269999999989523[39m,
  structureTime: [33m0.1297999999987951[39m,
  riverTime: [33m0.17519999999785796[39m,
  totalTime: [33m137.47249999999985[39m
}
Chunk (0, 0) generation metrics: {
  terrainTime: [33m0.6013999999995576[39m,
  biomeTime: [33m138.78720000000249[39m,
  resourceTime: [33m0.1202000000012049[39m,
  structureTime: [33m0.07860000000073342[39m,
  riverTime: [33m0.01389999999810243[39m,
  totalTime: [33m139.6242999999995[39m
}
Chunk (1, 0) generation metrics: {
  terrainTime: [33m0.5588999999999942[39m,
  biomeTime: [33m133.77430000000095[39m,
  resourceTime: [33m0.1044000000001688[39m,
  structureTime: [33m0.1110000000007858[39m,
  riverTime: [33m0.012900000001536682[39m,
  totalTime: [33m134.5835999999981[39m
}
Chunk (-1, 1) generation metrics: {
  terrainTime: [33m0.5777999999991152[39m,
  biomeTime: [33m144.0658000000003[39m,
  resourceTime: [33m0.11969999999928405[39m,
  structureTime: [33m0.0812999999980093[39m,
  riverTime: [33m0.013300000002345769[39m,
  totalTime: [33m144.88100000000122[39m
}
Chunk (0, 1) generation metrics: {
  terrainTime: [33m0.5850000000027649[39m,
  biomeTime: [33m158.47239999999874[39m,
  resourceTime: [33m0.12149999999746797[39m,
  structureTime: [33m0.08790000000226428[39m,
  riverTime: [33m0.014900000001944136[39m,
  totalTime: [33m159.3060000000005[39m
}
Chunk (1, 1) generation metrics: {
  terrainTime: [33m0.5882999999994354[39m,
  biomeTime: [33m146.8864999999969[39m,
  resourceTime: [33m0.06599999999889405[39m,
  structureTime: [33m0.057499999998981366[39m,
  riverTime: [33m0.009600000001228182[39m,
  totalTime: [33m147.627199999999[39m
}
Loaded 9 chunks in 1286.20ms
World generated with seed: 12345
DemoApp destroyed

[90mstdout[2m | demo/src/ui/WorldGeneration.integration.test.ts[2m > [22m[2mWorld Generation Flow Integration[2m > [22m[2mInitialize тЖТ Generate тЖТ Render Workflow[2m > [22m[2mshould render all layers correctly[22m[39m
DemoApp initialized successfully
Chunk (-1, -1) generation metrics: {
  terrainTime: [33m0.6098000000019965[39m,
  biomeTime: [33m151.11549999999988[39m,
  resourceTime: [33m0.12549999999828287[39m,
  structureTime: [33m0.08919999999852735[39m,
  riverTime: [33m0.19060000000172295[39m,
  totalTime: [33m152.15469999999914[39m
}
Chunk (0, -1) generation metrics: {
  terrainTime: [33m0.6232999999992899[39m,
  biomeTime: [33m132.71020000000135[39m,
  resourceTime: [33m0.1220000000030268[39m,
  structureTime: [33m0.08569999999963329[39m,
  riverTime: [33m0.015099999996891711[39m,
  totalTime: [33m133.58230000000185[39m
}
Chunk (1, -1) generation metrics: {
  terrainTime: [33m0.6345000000001164[39m,
  biomeTime: [33m137.14960000000065[39m,
  resourceTime: [33m0.11149999999906868[39m,
  structureTime: [33m0.08250000000043656[39m,
  riverTime: [33m0.05800000000090222[39m,
  totalTime: [33m138.0581999999995[39m
}
Chunk (-1, 0) generation metrics: {
  terrainTime: [33m0.5989999999983411[39m,
  biomeTime: [33m127.84950000000026[39m,
  resourceTime: [33m0.0676000000021304[39m,
  structureTime: [33m0.08930000000327709[39m,
  riverTime: [33m0.13780000000042492[39m,
  totalTime: [33m128.76560000000245[39m
}
Chunk (0, 0) generation metrics: {
  terrainTime: [33m0.6077999999979511[39m,
  biomeTime: [33m141.85689999999886[39m,
  resourceTime: [33m0.07070000000021537[39m,
  structureTime: [33m0.06139999999868451[39m,
  riverTime: [33m0.009899999997287523[39m,
  totalTime: [33m142.62839999999778[39m
}
Chunk (1, 0) generation metrics: {
  terrainTime: [33m0.4025000000001455[39m,
  biomeTime: [33m134.29509999999937[39m,
  resourceTime: [33m0.12019999999756692[39m,
  structureTime: [33m0.07720000000335858[39m,
  riverTime: [33m0.01269999999931315[39m,
  totalTime: [33m134.924500000001[39m
}
Chunk (-1, 1) generation metrics: {
  terrainTime: [33m0.5843999999997322[39m,
  biomeTime: [33m143.34159999999974[39m,
  resourceTime: [33m0.11739999999917927[39m,
  structureTime: [33m0.07969999999841093[39m,
  riverTime: [33m0.013200000001234002[39m,
  totalTime: [33m144.15669999999955[39m
}
Chunk (0, 1) generation metrics: {
  terrainTime: [33m0.6095000000022992[39m,
  biomeTime: [33m152.18889999999737[39m,
  resourceTime: [33m0.12629999999990105[39m,
  structureTime: [33m0.06799999999930151[39m,
  riverTime: [33m0.013500000000931323[39m,
  totalTime: [33m153.02709999999934[39m
}
Chunk (1, 1) generation metrics: {
  terrainTime: [33m0.6244000000006054[39m,
  biomeTime: [33m146.83050000000003[39m,
  resourceTime: [33m0.12920000000303844[39m,
  structureTime: [33m0.08350000000064028[39m,
  riverTime: [33m0.01419999999779975[39m,
  totalTime: [33m147.70520000000033[39m
}
Loaded 9 chunks in 1276.69ms
World generated with seed: 12345
DemoApp destroyed

[90mstdout[2m | demo/src/ui/WorldGeneration.integration.test.ts[2m > [22m[2mWorld Generation Flow Integration[2m > [22m[2mParameter Change тЖТ Regenerate тЖТ Verify Changes[2m > [22m[2mshould regenerate world with updated terrain parameters[22m[39m
DemoApp initialized successfully
Chunk (-1, -1) generation metrics: {
  terrainTime: [33m0.6245999999991909[39m,
  biomeTime: [33m176.29969999999958[39m,
  resourceTime: [33m0.12280000000100699[39m,
  structureTime: [33m0.08090000000083819[39m,
  riverTime: [33m0.18400000000110595[39m,
  totalTime: [33m177.33610000000044[39m
}
Chunk (0, -1) generation metrics: {
  terrainTime: [33m0.6129000000000815[39m,
  biomeTime: [33m156.06600000000253[39m,
  resourceTime: [33m0.12860000000000582[39m,
  structureTime: [33m0.08889999999883003[39m,
  riverTime: [33m0.012300000002142042[39m,
  totalTime: [33m156.9328999999998[39m
}
Chunk (1, -1) generation metrics: {
  terrainTime: [33m0.6825000000026193[39m,
  biomeTime: [33m159.81460000000152[39m,
  resourceTime: [33m0.12730000000010477[39m,
  structureTime: [33m0.08969999999681022[39m,
  riverTime: [33m0.0625[39m,
  totalTime: [33m160.80589999999938[39m
}
Chunk (-1, 0) generation metrics: {
  terrainTime: [33m0.6442000000024564[39m,
  biomeTime: [33m143.53839999999764[39m,
  resourceTime: [33m0.1238999999986845[39m,
  structureTime: [33m0.12189999999827705[39m,
  riverTime: [33m0.17399999999906868[39m,
  totalTime: [33m144.63610000000335[39m
}
Chunk (0, 0) generation metrics: {
  terrainTime: [33m0.6310999999986961[39m,
  biomeTime: [33m131.16960000000108[39m,
  resourceTime: [33m0.13779999999678694[39m,
  structureTime: [33m0.07329999999637948[39m,
  riverTime: [33m0.013800000000628643[39m,
  totalTime: [33m132.04469999999856[39m
}
Chunk (1, 0) generation metrics: {
  terrainTime: [33m0.6140999999988708[39m,
  biomeTime: [33m140.71540000000095[39m,
  resourceTime: [33m0.12669999999343418[39m,
  structureTime: [33m0.1081999999951222[39m,
  riverTime: [33m0.014999999999417923[39m,
  totalTime: [33m141.6006999999954[39m
}
Chunk (-1, 1) generation metrics: {
  terrainTime: [33m0.6422999999995227[39m,
  biomeTime: [33m144.3926999999967[39m,
  resourceTime: [33m0.12569999999686843[39m,
  structureTime: [33m0.07379999999830034[39m,
  riverTime: [33m0.015199999994365498[39m,
  totalTime: [33m145.273199999996[39m
}
Chunk (0, 1) generation metrics: {
  terrainTime: [33m0.6224000000001979[39m,
  biomeTime: [33m143.5775999999969[39m,
  resourceTime: [33m0.13190000000031432[39m,
  structureTime: [33m0.07419999999547144[39m,
  riverTime: [33m0.01479999999719439[39m,
  totalTime: [33m144.482600000003[39m
}
Chunk (1, 1) generation metrics: {
  terrainTime: [33m0.6126000000003842[39m,
  biomeTime: [33m146.47320000000036[39m,
  resourceTime: [33m0.1290999999982887[39m,
  structureTime: [33m0.07969999999477295[39m,
  riverTime: [33m0.014999999999417923[39m,
  totalTime: [33m147.33009999999922[39m
}
Loaded 9 chunks in 1352.21ms
World generated with seed: 12345
Chunk (-1, -1) generation metrics: {
  terrainTime: [33m7.753199999999197[39m,
  biomeTime: [33m136.94830000000366[39m,
  resourceTime: [33m0.07129999999597203[39m,
  structureTime: [33m0.051700000003620517[39m,
  riverTime: [33m0.044500000003608875[39m,
  totalTime: [33m144.89049999999406[39m
}
Chunk (0, -1) generation metrics: {
  terrainTime: [33m0.6933000000062748[39m,
  biomeTime: [33m134.5636999999988[39m,
  resourceTime: [33m0.11930000000575092[39m,
  structureTime: [33m0.05880000000615837[39m,
  riverTime: [33m0.062000000005355105[39m,
  totalTime: [33m135.51659999999538[39m
}
Chunk (1, -1) generation metrics: {
  terrainTime: [33m1.0609000000040396[39m,
  biomeTime: [33m141.50970000000234[39m,
  resourceTime: [33m0.12319999999454012[39m,
  structureTime: [33m0.08849999999802094[39m,
  riverTime: [33m0.06569999999919673[39m,
  totalTime: [33m142.8712000000014[39m
}
Chunk (-1, 0) generation metrics: {
  terrainTime: [33m0.9033000000054017[39m,
  biomeTime: [33m136.37660000000324[39m,
  resourceTime: [33m0.12989999999990687[39m,
  structureTime: [33m0.11269999999785796[39m,
  riverTime: [33m0.06300000000192085[39m,
  totalTime: [33m137.60889999999927[39m
}
Chunk (0, 0) generation metrics: {
  terrainTime: [33m0.8967000000047847[39m,
  biomeTime: [33m134.7655999999988[39m,
  resourceTime: [33m0.12670000000071013[39m,
  structureTime: [33m0.07089999999880092[39m,
  riverTime: [33m0.07149999999819556[39m,
  totalTime: [33m135.95190000000002[39m
}
Chunk (1, 0) generation metrics: {
  terrainTime: [33m0.9490000000005239[39m,
  biomeTime: [33m128.93179999999847[39m,
  resourceTime: [33m0.12529999999969732[39m,
  structureTime: [33m0.08720000000175787[39m,
  riverTime: [33m0.07149999999819556[39m,
  totalTime: [33m130.18649999999616[39m
}
Chunk (-1, 1) generation metrics: {
  terrainTime: [33m0.9112999999997555[39m,
  biomeTime: [33m144.53899999999703[39m,
  resourceTime: [33m0.12470000000030268[39m,
  structureTime: [33m0.08310000000346918[39m,
  riverTime: [33m0.07920000000012806[39m,
  totalTime: [33m145.75960000000487[39m
}
Chunk (0, 1) generation metrics: {
  terrainTime: [33m1.3424999999988358[39m,
  biomeTime: [33m138.8165999999983[39m,
  resourceTime: [33m0.13089999999647262[39m,
  structureTime: [33m0.09369999999762513[39m,
  riverTime: [33m0.07259999999951106[39m,
  totalTime: [33m140.482600000003[39m
}
Chunk (1, 1) generation metrics: {
  terrainTime: [33m0.8945000000021537[39m,
  biomeTime: [33m144.51860000000306[39m,
  resourceTime: [33m0.08110000000306172[39m,
  structureTime: [33m0.07029999999940628[39m,
  riverTime: [33m0.05139999999664724[39m,
  totalTime: [33m145.6376999999993[39m
}
Loaded 9 chunks in 1260.57ms
World generated with seed: 12345
DemoApp destroyed

[90mstdout[2m | demo/src/ui/WorldGeneration.integration.test.ts[2m > [22m[2mWorld Generation Flow Integration[2m > [22m[2mParameter Change тЖТ Regenerate тЖТ Verify Changes[2m > [22m[2mshould update biome distribution with changed biome parameters[22m[39m
DemoApp initialized successfully
Chunk (-1, -1) generation metrics: {
  terrainTime: [33m0.4202000000004773[39m,
  biomeTime: [33m146.05629999999655[39m,
  resourceTime: [33m0.12159999999857973[39m,
  structureTime: [33m0.07250000000203727[39m,
  riverTime: [33m0.1801999999952386[39m,
  totalTime: [33m146.87089999999444[39m
}
Chunk (0, -1) generation metrics: {
  terrainTime: [33m0.6200000000026193[39m,
  biomeTime: [33m141.93090000000666[39m,
  resourceTime: [33m0.11599999999452848[39m,
  structureTime: [33m0.08290000000124564[39m,
  riverTime: [33m0.015299999999115244[39m,
  totalTime: [33m142.78949999999895[39m
}
Chunk (1, -1) generation metrics: {
  terrainTime: [33m0.9429000000018277[39m,
  biomeTime: [33m150.46330000000307[39m,
  resourceTime: [33m0.12449999999807915[39m,
  structureTime: [33m0.0812999999980093[39m,
  riverTime: [33m0.06120000000373693[39m,
  totalTime: [33m151.69850000000588[39m
}
Chunk (-1, 0) generation metrics: {
  terrainTime: [33m0.6388999999981024[39m,
  biomeTime: [33m149.61149999999907[39m,
  resourceTime: [33m0.12779999999474967[39m,
  structureTime: [33m0.12700000000040745[39m,
  riverTime: [33m0.189700000002631[39m,
  totalTime: [33m150.71869999999763[39m
}
Chunk (0, 0) generation metrics: {
  terrainTime: [33m0.6440999999977066[39m,
  biomeTime: [33m138.15789999999834[39m,
  resourceTime: [33m0.11290000000008149[39m,
  structureTime: [33m0.08909999999741558[39m,
  riverTime: [33m0.013200000001234002[39m,
  totalTime: [33m139.04030000000057[39m
}
Chunk (1, 0) generation metrics: {
  terrainTime: [33m0.5961999999999534[39m,
  biomeTime: [33m142.11469999999827[39m,
  resourceTime: [33m0.1253999999971711[39m,
  structureTime: [33m0.1025999999983469[39m,
  riverTime: [33m0.013800000000628643[39m,
  totalTime: [33m142.9757000000027[39m
}
Chunk (-1, 1) generation metrics: {
  terrainTime: [33m0.6141000000061467[39m,
  biomeTime: [33m154.42429999999877[39m,
  resourceTime: [33m0.12319999999454012[39m,
  structureTime: [33m0.08250000000407454[39m,
  riverTime: [33m0.01479999999719439[39m,
  totalTime: [33m155.2809000000052[39m
}
Chunk (0, 1) generation metrics: {
  terrainTime: [33m0.6287000000011176[39m,
  biomeTime: [33m143.85050000000047[39m,
  resourceTime: [33m0.12420000000565778[39m,
  structureTime: [33m0.0812999999980093[39m,
  riverTime: [33m0.013700000003154855[39m,
  totalTime: [33m144.72099999999773[39m
}
Chunk (1, 1) generation metrics: {
  terrainTime: [33m0.6018999999942025[39m,
  biomeTime: [33m162.59560000000056[39m,
  resourceTime: [33m0.11950000000069849[39m,
  structureTime: [33m0.07240000000456348[39m,
  riverTime: [33m0.014699999999720603[39m,
  totalTime: [33m163.42489999999816[39m
}
Loaded 9 chunks in 1339.20ms
World generated with seed: 12345
Chunk (-1, -1) generation metrics: {
  terrainTime: [33m0.6123000000006869[39m,
  biomeTime: [33m232.79509999999573[39m,
  resourceTime: [33m0.125[39m,
  structureTime: [33m0.07639999999810243[39m,
  riverTime: [33m0.18779999999969732[39m,
  totalTime: [33m233.8171000000002[39m
}
Chunk (0, -1) generation metrics: {
  terrainTime: [33m0.6184999999968568[39m,
  biomeTime: [33m269.130799999999[39m,
  resourceTime: [33m0.12630000000353903[39m,
  structureTime: [33m0.08840000000054715[39m,
  riverTime: [33m0.015599999998812564[39m,
  totalTime: [33m270.0034999999989[39m
}
Chunk (1, -1) generation metrics: {
  terrainTime: [33m0.6002999999982421[39m,
  biomeTime: [33m255.61119999999937[39m,
  resourceTime: [33m0.12019999999756692[39m,
  structureTime: [33m0.07519999999931315[39m,
  riverTime: [33m0.0603999999948428[39m,
  totalTime: [33m256.48880000000645[39m
}
Chunk (-1, 0) generation metrics: {
  terrainTime: [33m0.6110000000044238[39m,
  biomeTime: [33m265.39140000000043[39m,
  resourceTime: [33m0.118399999999383[39m,
  structureTime: [33m0.11720000000059372[39m,
  riverTime: [33m0.23079999999754364[39m,
  totalTime: [33m266.491200000004[39m
}
Chunk (0, 0) generation metrics: {
  terrainTime: [33m0.6342000000004191[39m,
  biomeTime: [33m250.03789999999572[39m,
  resourceTime: [33m0.6143999999985681[39m,
  structureTime: [33m0.08090000000083819[39m,
  riverTime: [33m0.014500000004773028[39m,
  totalTime: [33m251.40929999999935[39m
}
Chunk (1, 0) generation metrics: {
  terrainTime: [33m0.7179999999934807[39m,
  biomeTime: [33m265.866200000004[39m,
  resourceTime: [33m0.12470000000030268[39m,
  structureTime: [33m0.09820000000036089[39m,
  riverTime: [33m0.01359999999840511[39m,
  totalTime: [33m266.84300000000076[39m
}
Chunk (-1, 1) generation metrics: {
  terrainTime: [33m0.6247000000003027[39m,
  biomeTime: [33m276.4933999999994[39m,
  resourceTime: [33m0.1253999999971711[39m,
  structureTime: [33m0.08559999999852153[39m,
  riverTime: [33m0.015500000001338776[39m,
  totalTime: [33m277.36509999999544[39m
}
Chunk (0, 1) generation metrics: {
  terrainTime: [33m0.6168999999936204[39m,
  biomeTime: [33m269.531799999997[39m,
  resourceTime: [33m0.164600000003702[39m,
  structureTime: [33m0.14060000000608852[39m,
  riverTime: [33m0.02629999999771826[39m,
  totalTime: [33m270.5014999999985[39m
}
Chunk (1, 1) generation metrics: {
  terrainTime: [33m0.8723000000027241[39m,
  biomeTime: [33m248.17139999999927[39m,
  resourceTime: [33m0.16629999999713618[39m,
  structureTime: [33m0.14989999999670545[39m,
  riverTime: [33m0.06270000000222353[39m,
  totalTime: [33m249.45330000000104[39m
}
Loaded 9 chunks in 2344.59ms
World generated with seed: 12345
DemoApp destroyed

[90mstdout[2m | demo/src/ui/WorldGeneration.integration.test.ts[2m > [22m[2mWorld Generation Flow Integration[2m > [22m[2mParameter Change тЖТ Regenerate тЖТ Verify Changes[2m > [22m[2mshould update river count with changed river parameters[22m[39m
DemoApp initialized successfully
Chunk (-1, -1) generation metrics: {
  terrainTime: [33m0.5918000000019674[39m,
  biomeTime: [33m139.14919999999984[39m,
  resourceTime: [33m0.12180000000080327[39m,
  structureTime: [33m0.09120000000257278[39m,
  riverTime: [33m0.18250000000261934[39m,
  totalTime: [33m140.16090000000258[39m
}
Chunk (0, -1) generation metrics: {
  terrainTime: [33m0.6063999999969383[39m,
  biomeTime: [33m134.1744999999937[39m,
  resourceTime: [33m0.08159999999770662[39m,
  structureTime: [33m0.059300000000803266[39m,
  riverTime: [33m0.010600000001431908[39m,
  totalTime: [33m134.95360000000073[39m
}
Chunk (1, -1) generation metrics: {
  terrainTime: [33m0.3908999999985099[39m,
  biomeTime: [33m138.44520000000193[39m,
  resourceTime: [33m0.11650000000372529[39m,
  structureTime: [33m0.11360000000422588[39m,
  riverTime: [33m0.10240000000339933[39m,
  totalTime: [33m139.19219999999768[39m
}
Chunk (-1, 0) generation metrics: {
  terrainTime: [33m0.6216999999960535[39m,
  biomeTime: [33m140.54899999999907[39m,
  resourceTime: [33m0.12030000000231666[39m,
  structureTime: [33m0.1275000000023283[39m,
  riverTime: [33m0.1727000000028056[39m,
  totalTime: [33m141.61799999999494[39m
}
Chunk (0, 0) generation metrics: {
  terrainTime: [33m0.6068999999988591[39m,
  biomeTime: [33m140.19830000000366[39m,
  resourceTime: [33m0.15520000000105938[39m,
  structureTime: [33m0.1128000000026077[39m,
  riverTime: [33m0.015099999996891711[39m,
  totalTime: [33m141.11260000000038[39m
}
Chunk (1, 0) generation metrics: {
  terrainTime: [33m0.8368000000045868[39m,
  biomeTime: [33m132.142399999997[39m,
  resourceTime: [33m0.12069999999948777[39m,
  structureTime: [33m0.11520000000018626[39m,
  riverTime: [33m0.014600000002246816[39m,
  totalTime: [33m133.25480000000243[39m
}
Chunk (-1, 1) generation metrics: {
  terrainTime: [33m0.4203999999954249[39m,
  biomeTime: [33m134.01989999999932[39m,
  resourceTime: [33m0.11920000000100117[39m,
  structureTime: [33m0.06409999999596039[39m,
  riverTime: [33m0.013399999996181577[39m,
  totalTime: [33m134.6568000000043[39m
}
Chunk (0, 1) generation metrics: {
  terrainTime: [33m0.5988999999972293[39m,
  biomeTime: [33m139.38649999999325[39m,
  resourceTime: [33m0.11670000000594882[39m,
  structureTime: [33m0.06070000000181608[39m,
  riverTime: [33m0.013800000000628643[39m,
  totalTime: [33m140.19539999999688[39m
}
Chunk (1, 1) generation metrics: {
  terrainTime: [33m0.5892999999996391[39m,
  biomeTime: [33m150.47869999999966[39m,
  resourceTime: [33m0.125[39m,
  structureTime: [33m0.07899999999790452[39m,
  riverTime: [33m0.020400000001245644[39m,
  totalTime: [33m151.31460000000516[39m
}
Loaded 9 chunks in 1258.20ms
World generated with seed: 12345
Chunk (-1, -1) generation metrics: {
  terrainTime: [33m0.6199999999953434[39m,
  biomeTime: [33m145.87980000000243[39m,
  resourceTime: [33m0.13109999999869615[39m,
  structureTime: [33m0.0783000000010361[39m,
  riverTime: [33m0.30309999999735737[39m,
  totalTime: [33m147.0358999999953[39m
}
Chunk (0, -1) generation metrics: {
  terrainTime: [33m0.6333999999988009[39m,
  biomeTime: [33m143.4328999999998[39m,
  resourceTime: [33m0.11050000000250293[39m,
  structureTime: [33m0.08060000000114087[39m,
  riverTime: [33m0.006100000005972106[39m,
  totalTime: [33m144.28590000000258[39m
}
Chunk (1, -1) generation metrics: {
  terrainTime: [33m0.6048000000009779[39m,
  biomeTime: [33m141.45290000000386[39m,
  resourceTime: [33m0.12490000000252621[39m,
  structureTime: [33m0.09879999999975553[39m,
  riverTime: [33m0.08140000000275904[39m,
  totalTime: [33m142.3859999999986[39m
}
Chunk (-1, 0) generation metrics: {
  terrainTime: [33m0.6191000000035274[39m,
  biomeTime: [33m133.33290000000125[39m,
  resourceTime: [33m0.12060000000201399[39m,
  structureTime: [33m0.1235000000015134[39m,
  riverTime: [33m0.28929999999672873[39m,
  totalTime: [33m134.5109999999986[39m
}
Chunk (0, 0) generation metrics: {
  terrainTime: [33m0.6164000000062515[39m,
  biomeTime: [33m115.27560000000085[39m,
  resourceTime: [33m0.1279999999969732[39m,
  structureTime: [33m0.08860000000277068[39m,
  riverTime: [33m0.006299999993643723[39m,
  totalTime: [33m116.13969999999972[39m
}
Chunk (1, 0) generation metrics: {
  terrainTime: [33m0.6792999999961467[39m,
  biomeTime: [33m153.14410000000498[39m,
  resourceTime: [33m0.11759999999776483[39m,
  structureTime: [33m0.09409999999479624[39m,
  riverTime: [33m0.006000000001222361[39m,
  totalTime: [33m154.10199999999895[39m
}
Chunk (-1, 1) generation metrics: {
  terrainTime: [33m0.6038000000044121[39m,
  biomeTime: [33m150.4372000000003[39m,
  resourceTime: [33m0.11379999999917345[39m,
  structureTime: [33m0.0797999999995227[39m,
  riverTime: [33m0.006400000005669426[39m,
  totalTime: [33m151.26180000000022[39m
}
Chunk (0, 1) generation metrics: {
  terrainTime: [33m0.6423000000067987[39m,
  biomeTime: [33m143.5231000000058[39m,
  resourceTime: [33m0.11920000000100117[39m,
  structureTime: [33m0.09159999999974389[39m,
  riverTime: [33m0.006400000005669426[39m,
  totalTime: [33m144.40909999999712[39m
}
Chunk (1, 1) generation metrics: {
  terrainTime: [33m0.5970000000015716[39m,
  biomeTime: [33m162.6287999999986[39m,
  resourceTime: [33m0.13070000000152504[39m,
  structureTime: [33m0.08060000000114087[39m,
  riverTime: [33m0.018800000005285256[39m,
  totalTime: [33m163.48010000000068[39m
}
Loaded 9 chunks in 1299.47ms
World generated with seed: 12345
DemoApp destroyed

[90mstdout[2m | demo/src/ui/WorldGeneration.integration.test.ts[2m > [22m[2mWorld Generation Flow Integration[2m > [22m[2mParameter Change тЖТ Regenerate тЖТ Verify Changes[2m > [22m[2mshould update visual rendering after parameter change[22m[39m
DemoApp initialized successfully
Chunk (-1, -1) generation metrics: {
  terrainTime: [33m0.6201999999975669[39m,
  biomeTime: [33m148.6900999999998[39m,
  resourceTime: [33m0.12540000000444707[39m,
  structureTime: [33m0.08410000000003492[39m,
  riverTime: [33m0.13240000000223517[39m,
  totalTime: [33m149.67589999999473[39m
}
Chunk (0, -1) generation metrics: {
  terrainTime: [33m0.6569999999992433[39m,
  biomeTime: [33m161.77449999999953[39m,
  resourceTime: [33m0.12740000000485452[39m,
  structureTime: [33m0.08830000000307336[39m,
  riverTime: [33m0.018900000002759043[39m,
  totalTime: [33m162.68970000000263[39m
}
Chunk (1, -1) generation metrics: {
  terrainTime: [33m0.6266000000032363[39m,
  biomeTime: [33m140.77859999999782[39m,
  resourceTime: [33m0.1287000000011176[39m,
  structureTime: [33m0.07770000000164146[39m,
  riverTime: [33m0.041499999999359716[39m,
  totalTime: [33m141.67610000000423[39m
}
Chunk (-1, 0) generation metrics: {
  terrainTime: [33m1.127599999999802[39m,
  biomeTime: [33m156.30079999999725[39m,
  resourceTime: [33m0.13109999999869615[39m,
  structureTime: [33m0.11600000000180444[39m,
  riverTime: [33m0.1319999999977881[39m,
  totalTime: [33m157.829899999997[39m
}
Chunk (0, 0) generation metrics: {
  terrainTime: [33m0.640400000003865[39m,
  biomeTime: [33m175.62490000000253[39m,
  resourceTime: [33m0.11589999999705469[39m,
  structureTime: [33m0.07860000000073342[39m,
  riverTime: [33m0.007499999999708962[39m,
  totalTime: [33m176.49099999999453[39m
}
Chunk (1, 0) generation metrics: {
  terrainTime: [33m0.6261999999987893[39m,
  biomeTime: [33m171.87109999999666[39m,
  resourceTime: [33m0.14250000000174623[39m,
  structureTime: [33m0.11009999999805586[39m,
  riverTime: [33m0.007499999999708962[39m,
  totalTime: [33m172.78340000000026[39m
}
Chunk (-1, 1) generation metrics: {
  terrainTime: [33m0.6454999999987194[39m,
  biomeTime: [33m161.84010000000126[39m,
  resourceTime: [33m0.12589999999909196[39m,
  structureTime: [33m0.06850000000122236[39m,
  riverTime: [33m0.006300000000919681[39m,
  totalTime: [33m162.70590000000084[39m
}
Chunk (0, 1) generation metrics: {
  terrainTime: [33m0.6148000000030152[39m,
  biomeTime: [33m148.96349999999802[39m,
  resourceTime: [33m0.11960000000544824[39m,
  structureTime: [33m0.06660000000556465[39m,
  riverTime: [33m0.007600000004458707[39m,
  totalTime: [33m149.79119999999966[39m
}
Chunk (1, 1) generation metrics: {
  terrainTime: [33m0.5979000000006636[39m,
  biomeTime: [33m142.95930000000226[39m,
  resourceTime: [33m0.11910000000352738[39m,
  structureTime: [33m0.06759999999485444[39m,
  riverTime: [33m0.005599999996775296[39m,
  totalTime: [33m143.76720000000205[39m
}
Loaded 9 chunks in 1419.52ms
World generated with seed: 12345
Chunk (-1, -1) generation metrics: {
  terrainTime: [33m0.8590000000040163[39m,
  biomeTime: [33m138.1206999999995[39m,
  resourceTime: [33m0.11920000000100117[39m,
  structureTime: [33m0.08359999999811407[39m,
  riverTime: [33m0.05730000000039581[39m,
  totalTime: [33m139.26200000000244[39m
}
Chunk (0, -1) generation metrics: {
  terrainTime: [33m0.8663999999989755[39m,
  biomeTime: [33m138.43220000000292[39m,
  resourceTime: [33m0.06940000000031432[39m,
  structureTime: [33m0.06619999999384163[39m,
  riverTime: [33m0.03869999999733409[39m,
  totalTime: [33m139.49239999999554[39m
}
Chunk (1, -1) generation metrics: {
  terrainTime: [33m0.5950000000011642[39m,
  biomeTime: [33m118.49920000000566[39m,
  resourceTime: [33m0.19640000000072177[39m,
  structureTime: [33m0.09649999999965075[39m,
  riverTime: [33m0.06940000000031432[39m,
  totalTime: [33m119.47520000000077[39m
}
Chunk (-1, 0) generation metrics: {
  terrainTime: [33m1.073100000001432[39m,
  biomeTime: [33m136.4444999999978[39m,
  resourceTime: [33m0.11819999999715947[39m,
  structureTime: [33m0.10229999999864958[39m,
  riverTime: [33m0.0529000000024098[39m,
  totalTime: [33m137.81070000000182[39m
}
Chunk (0, 0) generation metrics: {
  terrainTime: [33m0.8692000000010012[39m,
  biomeTime: [33m153.54579999999987[39m,
  resourceTime: [33m0.12529999999969732[39m,
  structureTime: [33m0.07779999999911524[39m,
  riverTime: [33m0.05939999999827705[39m,
  totalTime: [33m154.69660000000295[39m
}
Chunk (1, 0) generation metrics: {
  terrainTime: [33m0.8850000000020373[39m,
  biomeTime: [33m139.94150000000081[39m,
  resourceTime: [33m0.12989999999990687[39m,
  structureTime: [33m0.09070000000065193[39m,
  riverTime: [33m0.06120000000373693[39m,
  totalTime: [33m141.12739999999758[39m
}
Chunk (-1, 1) generation metrics: {
  terrainTime: [33m0.8926999999966938[39m,
  biomeTime: [33m144.47409999999945[39m,
  resourceTime: [33m0.11450000000331784[39m,
  structureTime: [33m0.07820000000356231[39m,
  riverTime: [33m0.06619999999384163[39m,
  totalTime: [33m145.64450000000215[39m
}
Chunk (0, 1) generation metrics: {
  terrainTime: [33m2.444500000005064[39m,
  biomeTime: [33m146.24320000000444[39m,
  resourceTime: [33m0.12660000000323635[39m,
  structureTime: [33m0.07310000000143191[39m,
  riverTime: [33m0.0573999999978696[39m,
  totalTime: [33m148.96740000000136[39m
}
Chunk (1, 1) generation metrics: {
  terrainTime: [33m0.85389999999461[39m,
  biomeTime: [33m146.3417999999947[39m,
  resourceTime: [33m0.13040000000182772[39m,
  structureTime: [33m0.06379999999626307[39m,
  riverTime: [33m0.10449999999400461[39m,
  totalTime: [33m147.51260000000184[39m
}
Loaded 9 chunks in 1275.65ms
World generated with seed: 12345
DemoApp destroyed

[90mstdout[2m | demo/src/ui/WorldGeneration.integration.test.ts[2m > [22m[2mWorld Generation Flow Integration[2m > [22m[2mParameter Range Testing[2m > [22m[2mTerrain Parameters[2m > [22m[2mshould handle baseScale range (0.001 to 0.1)[22m[39m
DemoApp initialized successfully
Chunk (-1, -1) generation metrics: {
  terrainTime: [33m0.5938999999998487[39m,
  biomeTime: [33m177.81459999999788[39m,
  resourceTime: [33m0.12060000000201399[39m,
  structureTime: [33m0.06730000000243308[39m,
  riverTime: [33m0.006500000003143214[39m,
  totalTime: [33m178.62000000000262[39m
}
Chunk (0, -1) generation metrics: {
  terrainTime: [33m0.5737999999983003[39m,
  biomeTime: [33m162.82200000000012[39m,
  resourceTime: [33m0.16270000000076834[39m,
  structureTime: [33m0.10130000000208383[39m,
  riverTime: [33m0.009700000002339948[39m,
  totalTime: [33m163.69260000000213[39m
}
Chunk (1, -1) generation metrics: {
  terrainTime: [33m0.7163000000000466[39m,
  biomeTime: [33m177.92280000000028[39m,
  resourceTime: [33m0.1315000000031432[39m,
  structureTime: [33m0.23099999999976717[39m,
  riverTime: [33m0.01660000000265427[39m,
  totalTime: [33m179.05660000000353[39m
}
Chunk (-1, 0) generation metrics: {
  terrainTime: [33m0.6091999999989639[39m,
  biomeTime: [33m172.7684999999983[39m,
  resourceTime: [33m0.1305999999967753[39m,
  structureTime: [33m0.12110000000393484[39m,
  riverTime: [33m0.006900000000314321[39m,
  totalTime: [33m173.65840000000026[39m
}
Chunk (0, 0) generation metrics: {
  terrainTime: [33m0.5755000000062864[39m,
  biomeTime: [33m143.93159999999625[39m,
  resourceTime: [33m0.12849999999889405[39m,
  structureTime: [33m0.07790000000386499[39m,
  riverTime: [33m0.006600000000617001[39m,
  totalTime: [33m144.74320000000444[39m
}
Chunk (1, 0) generation metrics: {
  terrainTime: [33m0.5777000000016415[39m,
  biomeTime: [33m169.0211000000054[39m,
  resourceTime: [33m0.1220000000030268[39m,
  structureTime: [33m0.10410000000410946[39m,
  riverTime: [33m0.0070000000050640665[39m,
  totalTime: [33m169.85369999999966[39m
}
Chunk (-1, 1) generation metrics: {
  terrainTime: [33m0.5974999999962165[39m,
  biomeTime: [33m167.53869999999733[39m,
  resourceTime: [33m0.12299999999959255[39m,
  structureTime: [33m0.12380000000121072[39m,
  riverTime: [33m0.006199999996169936[39m,
  totalTime: [33m168.41150000000198[39m
}
Chunk (0, 1) generation metrics: {
  terrainTime: [33m0.5906000000031781[39m,
  biomeTime: [33m193.18199999999342[39m,
  resourceTime: [33m0.12140000000363216[39m,
  structureTime: [33m0.07210000000486616[39m,
  riverTime: [33m0.006800000002840534[39m,
  totalTime: [33m193.9945000000007[39m
}
Chunk (1, 1) generation metrics: {
  terrainTime: [33m0.5660999999963678[39m,
  biomeTime: [33m157.5639999999985[39m,
  resourceTime: [33m0.07240000000456348[39m,
  structureTime: [33m0.0544000000008964[39m,
  riverTime: [33m0.004799999995157123[39m,
  totalTime: [33m158.2824999999939[39m
}
Loaded 9 chunks in 1532.39ms
World generated with seed: 12345
Chunk (-1, -1) generation metrics: {
  terrainTime: [33m0.4653000000034808[39m,
  biomeTime: [33m138.55299999999988[39m,
  resourceTime: [33m0.12540000000444707[39m,
  structureTime: [33m0.08299999999871943[39m,
  riverTime: [33m0.023399999998218846[39m,
  totalTime: [33m139.26880000000529[39m
}
Chunk (0, -1) generation metrics: {
  terrainTime: [33m0.6923999999999069[39m,
  biomeTime: [33m143.17610000000423[39m,
  resourceTime: [33m0.12960000000020955[39m,
  structureTime: [33m0.08410000000003492[39m,
  riverTime: [33m0.010699999998905696[39m,
  totalTime: [33m144.1152000000002[39m
}
Chunk (1, -1) generation metrics: {
  terrainTime: [33m0.660200000005716[39m,
  biomeTime: [33m160.6376999999993[39m,
  resourceTime: [33m0.1173999999955413[39m,
  structureTime: [33m0.07390000000305008[39m,
  riverTime: [33m0.00960000000486616[39m,
  totalTime: [33m161.517399999997[39m
}
Chunk (-1, 0) generation metrics: {
  terrainTime: [33m0.6625999999960186[39m,
  biomeTime: [33m154.9933000000019[39m,
  resourceTime: [33m0.12810000000172295[39m,
  structureTime: [33m0.118399999999383[39m,
  riverTime: [33m0.014800000004470348[39m,
  totalTime: [33m155.9380999999994[39m
}
Chunk (0, 0) generation metrics: {
  terrainTime: [33m0.6727000000028056[39m,
  biomeTime: [33m145.74009999999544[39m,
  resourceTime: [33m0.12589999999909196[39m,
  structureTime: [33m0.07430000000022119[39m,
  riverTime: [33m0.009100000002945308[39m,
  totalTime: [33m146.64769999999407[39m
}
Chunk (1, 0) generation metrics: {
  terrainTime: [33m0.617099999995844[39m,
  biomeTime: [33m163.0109999999986[39m,
  resourceTime: [33m0.12190000000555301[39m,
  structureTime: [33m0.11420000000362052[39m,
  riverTime: [33m0.006699999998090789[39m,
  totalTime: [33m163.8946999999971[39m
}
Chunk (-1, 1) generation metrics: {
  terrainTime: [33m0.5408000000024913[39m,
  biomeTime: [33m145.0527000000002[39m,
  resourceTime: [33m0.1172999999980675[39m,
  structureTime: [33m0.06829999999899883[39m,
  riverTime: [33m0.006400000005669426[39m,
  totalTime: [33m145.80429999999615[39m
}
Chunk (0, 1) generation metrics: {
  terrainTime: [33m0.619700000002922[39m,
  biomeTime: [33m150.63560000000143[39m,
  resourceTime: [33m0.11500000000523869[39m,
  structureTime: [33m0.08390000000508735[39m,
  riverTime: [33m0.007700000001932494[39m,
  totalTime: [33m151.48629999999685[39m
}
Chunk (1, 1) generation metrics: {
  terrainTime: [33m3.127200000002631[39m,
  biomeTime: [33m152.35980000000563[39m,
  resourceTime: [33m0.12019999999756692[39m,
  structureTime: [33m0.08539999999629799[39m,
  riverTime: [33m0.005900000003748573[39m,
  totalTime: [33m155.7213000000047[39m
}
Loaded 9 chunks in 1366.20ms
World generated with seed: 12345
Chunk (-1, -1) generation metrics: {
  terrainTime: [33m0.6643000000040047[39m,
  biomeTime: [33m156.90609999999288[39m,
  resourceTime: [33m0.11929999999847496[39m,
  structureTime: [33m0.08370000000286382[39m,
  riverTime: [33m0.01239999999961583[39m,
  totalTime: [33m157.81200000000536[39m
}
Chunk (0, -1) generation metrics: {
  terrainTime: [33m0.6264999999984866[39m,
  biomeTime: [33m152.51729999999952[39m,
  resourceTime: [33m0.1294999999954598[39m,
  structureTime: [33m0.08920000000216532[39m,
  riverTime: [33m0.013900000005378388[39m,
  totalTime: [33m153.40380000000005[39m
}
Chunk (1, -1) generation metrics: {
  terrainTime: [33m0.6572999999989406[39m,
  biomeTime: [33m157.15639999999985[39m,
  resourceTime: [33m0.133800000003248[39m,
  structureTime: [33m0.08249999999679858[39m,
  riverTime: [33m0.017299999999522697[39m,
  totalTime: [33m158.11320000000705[39m
}
Chunk (-1, 0) generation metrics: {
  terrainTime: [33m0.6555999999982305[39m,
  biomeTime: [33m151.29669999999896[39m,
  resourceTime: [33m0.13179999999556458[39m,
  structureTime: [33m0.12570000000414439[39m,
  riverTime: [33m0.014600000002246816[39m,
  totalTime: [33m152.2494000000006[39m
}
Chunk (0, 0) generation metrics: {
  terrainTime: [33m0.6837999999988824[39m,
  biomeTime: [33m150.06620000000112[39m,
  resourceTime: [33m0.1213999999963562[39m,
  structureTime: [33m0.09159999999974389[39m,
  riverTime: [33m0.01299999999901047[39m,
  totalTime: [33m150.99860000000626[39m
}
Chunk (1, 0) generation metrics: {
  terrainTime: [33m0.6286000000036438[39m,
  biomeTime: [33m158.18129999999655[39m,
  resourceTime: [33m0.12629999999626307[39m,
  structureTime: [33m0.11880000000383006[39m,
  riverTime: [33m0.014000000002852175[39m,
  totalTime: [33m159.14770000000135[39m
}
Chunk (-1, 1) generation metrics: {
  terrainTime: [33m0.6604000000006636[39m,
  biomeTime: [33m146.17510000000038[39m,
  resourceTime: [33m0.12589999999909196[39m,
  structureTime: [33m0.08060000000114087[39m,
  riverTime: [33m0.02019999999902211[39m,
  totalTime: [33m147.0864999999976[39m
}
Chunk (0, 1) generation metrics: {
  terrainTime: [33m0.6536999999952968[39m,
  biomeTime: [33m148.97520000000077[39m,
  resourceTime: [33m0.12069999999948777[39m,
  structureTime: [33m0.07449999999516876[39m,
  riverTime: [33m0.014999999999417923[39m,
  totalTime: [33m149.8608000000022[39m
}
Chunk (1, 1) generation metrics: {
  terrainTime: [33m0.6397999999971944[39m,
  biomeTime: [33m151.5752999999968[39m,
  resourceTime: [33m0.19249999999738066[39m,
  structureTime: [33m0.39839999999821885[39m,
  riverTime: [33m0.017899999998917338[39m,
  totalTime: [33m152.85779999999795[39m
}
Loaded 9 chunks in 1383.25ms
World generated with seed: 12345
Chunk (-1, -1) generation metrics: {
  terrainTime: [33m0.6645000000062282[39m,
  biomeTime: [33m149.97810000000027[39m,
  resourceTime: [33m0.11959999999817228[39m,
  structureTime: [33m0.07859999999345746[39m,
  riverTime: [33m0.011199999993550591[39m,
  totalTime: [33m150.87580000000162[39m
}
Chunk (0, -1) generation metrics: {
  terrainTime: [33m0.7493000000031316[39m,
  biomeTime: [33m145.96570000000065[39m,
  resourceTime: [33m0.12320000000181608[39m,
  structureTime: [33m0.07789999999658903[39m,
  riverTime: [33m0.02080000000569271[39m,
  totalTime: [33m146.95870000000286[39m
}
Chunk (1, -1) generation metrics: {
  terrainTime: [33m0.6891999999934342[39m,
  biomeTime: [33m146.12389999999868[39m,
  resourceTime: [33m0.11880000000383006[39m,
  structureTime: [33m0.08039999999891734[39m,
  riverTime: [33m0.010000000002037268[39m,
  totalTime: [33m147.0445000000036[39m
}
Chunk (-1, 0) generation metrics: {
  terrainTime: [33m0.631600000000617[39m,
  biomeTime: [33m154.98240000000078[39m,
  resourceTime: [33m0.133800000003248[39m,
  structureTime: [33m0.1224000000001979[39m,
  riverTime: [33m0.012799999996786937[39m,
  totalTime: [33m155.90899999999965[39m
}
Chunk (0, 0) generation metrics: {
  terrainTime: [33m0.6863000000012107[39m,
  biomeTime: [33m149.89330000000336[39m,
  resourceTime: [33m0.1260000000038417[39m,
  structureTime: [33m0.07579999999870779[39m,
  riverTime: [33m0.015200000001641456[39m,
  totalTime: [33m150.81900000000314[39m
}
Chunk (1, 0) generation metrics: {
  terrainTime: [33m0.6631000000052154[39m,
  biomeTime: [33m156.74229999999807[39m,
  resourceTime: [33m0.11720000000059372[39m,
  structureTime: [33m0.10850000000209548[39m,
  riverTime: [33m0.014699999999720603[39m,
  totalTime: [33m157.66940000000614[39m
}
Chunk (-1, 1) generation metrics: {
  terrainTime: [33m0.6657999999952153[39m,
  biomeTime: [33m187.59580000000278[39m,
  resourceTime: [33m0.13069999999424908[39m,
  structureTime: [33m0.07660000000032596[39m,
  riverTime: [33m0.010999999998603016[39m,
  totalTime: [33m188.50310000000172[39m
}
Chunk (0, 1) generation metrics: {
  terrainTime: [33m0.6875[39m,
  biomeTime: [33m166.31620000000112[39m,
  resourceTime: [33m0.1268999999956577[39m,
  structureTime: [33m0.07669999999779975[39m,
  riverTime: [33m0.013499999993655365[39m,
  totalTime: [33m167.2439000000013[39m
}
Chunk (1, 1) generation metrics: {
  terrainTime: [33m0.6489000000001397[39m,
  biomeTime: [33m153.97649999999703[39m,
  resourceTime: [33m0.12290000000211876[39m,
  structureTime: [33m0.08770000000367872[39m,
  riverTime: [33m0.01299999999901047[39m,
  totalTime: [33m154.873599999999[39m
}
Loaded 9 chunks in 1421.50ms
World generated with seed: 12345
DemoApp destroyed

[90mstdout[2m | demo/src/ui/WorldGeneration.integration.test.ts[2m > [22m[2mWorld Generation Flow Integration[2m > [22m[2mParameter Range Testing[2m > [22m[2mTerrain Parameters[2m > [22m[2mshould handle octaves range (1 to 8)[22m[39m
DemoApp initialized successfully
Chunk (-1, -1) generation metrics: {
  terrainTime: [33m0.35160000000178115[39m,
  biomeTime: [33m148.68220000000292[39m,
  resourceTime: [33m0.11910000000352738[39m,
  structureTime: [33m0.07890000000043074[39m,
  riverTime: [33m0.035199999998440035[39m,
  totalTime: [33m149.28970000000118[39m
}
Chunk (0, -1) generation metrics: {
  terrainTime: [33m0.3751999999949476[39m,
  biomeTime: [33m149.0882000000056[39m,
  resourceTime: [33m0.1271000000051572[39m,
  structureTime: [33m0.07650000000285218[39m,
  riverTime: [33m0.010600000001431908[39m,
  totalTime: [33m149.69900000000052[39m
}
Chunk (1, -1) generation metrics: {
  terrainTime: [33m0.3392999999996391[39m,
  biomeTime: [33m152.25640000000567[39m,
  resourceTime: [33m0.07040000000415603[39m,
  structureTime: [33m0.05769999999756692[39m,
  riverTime: [33m0.018299999996088445[39m,
  totalTime: [33m152.76140000000305[39m
}
Chunk (-1, 0) generation metrics: {
  terrainTime: [33m0.23509999999805586[39m,
  biomeTime: [33m148.47509999999602[39m,
  resourceTime: [33m0.12590000000636792[39m,
  structureTime: [33m0.11860000000160653[39m,
  riverTime: [33m0.029099999999743886[39m,
  totalTime: [33m149.0051999999996[39m
}
Chunk (0, 0) generation metrics: {
  terrainTime: [33m0.3128999999971711[39m,
  biomeTime: [33m147.31270000000222[39m,
  resourceTime: [33m0.13220000000001164[39m,
  structureTime: [33m0.07220000000233995[39m,
  riverTime: [33m0.010399999999208376[39m,
  totalTime: [33m147.86089999999967[39m
}
Chunk (1, 0) generation metrics: {
  terrainTime: [33m0.3282000000035623[39m,
  biomeTime: [33m136.92700000000332[39m,
  resourceTime: [33m0.1260000000038417[39m,
  structureTime: [33m0.10970000000088476[39m,
  riverTime: [33m0.010600000001431908[39m,
  totalTime: [33m137.52569999999832[39m
}
Chunk (-1, 1) generation metrics: {
  terrainTime: [33m0.35169999999925494[39m,
  biomeTime: [33m165.54939999999624[39m,
  resourceTime: [33m0.1268999999956577[39m,
  structureTime: [33m0.07660000000032596[39m,
  riverTime: [33m0.011400000003050081[39m,
  totalTime: [33m166.1408999999985[39m
}
Chunk (0, 1) generation metrics: {
  terrainTime: [33m0.32159999999566935[39m,
  biomeTime: [33m145.8480000000054[39m,
  resourceTime: [33m0.1147999999957392[39m,
  structureTime: [33m0.07699999999749707[39m,
  riverTime: [33m0.006099999998696148[39m,
  totalTime: [33m146.38789999999426[39m
}
Chunk (1, 1) generation metrics: {
  terrainTime: [33m0.32510000000183936[39m,
  biomeTime: [33m139.53710000000137[39m,
  resourceTime: [33m0.12150000000110595[39m,
  structureTime: [33m0.07910000000265427[39m,
  riverTime: [33m0.01660000000265427[39m,
  totalTime: [33m140.10130000000208[39m
}
Loaded 9 chunks in 1340.37ms
World generated with seed: 12345
Chunk (-1, -1) generation metrics: {
  terrainTime: [33m1.109600000003411[39m,
  biomeTime: [33m145.96620000000257[39m,
  resourceTime: [33m0.12840000000142027[39m,
  structureTime: [33m0.07560000000376021[39m,
  riverTime: [33m0.023099999998521525[39m,
  totalTime: [33m147.32510000000184[39m
}
Chunk (0, -1) generation metrics: {
  terrainTime: [33m0.6656000000002678[39m,
  biomeTime: [33m160.6356999999989[39m,
  resourceTime: [33m0.1312000000034459[39m,
  structureTime: [33m0.05859999999665888[39m,
  riverTime: [33m0.008699999998498242[39m,
  totalTime: [33m161.55159999999887[39m
}
Chunk (1, -1) generation metrics: {
  terrainTime: [33m0.6509000000005472[39m,
  biomeTime: [33m149.0300999999963[39m,
  resourceTime: [33m0.06840000000374857[39m,
  structureTime: [33m0.05809999999473803[39m,
  riverTime: [33m0.006600000000617001[39m,
  totalTime: [33m149.831299999998[39m
}
Chunk (-1, 0) generation metrics: {
  terrainTime: [33m0.4300999999977648[39m,
  biomeTime: [33m135.34580000000278[39m,
  resourceTime: [33m0.12470000000030268[39m,
  structureTime: [33m0.11230000000068685[39m,
  riverTime: [33m0.014699999999720603[39m,
  totalTime: [33m136.0454000000027[39m
}
Chunk (0, 0) generation metrics: {
  terrainTime: [33m0.6565000000045984[39m,
  biomeTime: [33m142.76049999999668[39m,
  resourceTime: [33m0.12129999999888241[39m,
  structureTime: [33m0.08589999999821885[39m,
  riverTime: [33m0.010199999996984843[39m,
  totalTime: [33m143.65869999999995[39m
}
Chunk (1, 0) generation metrics: {
  terrainTime: [33m0.640399999996589[39m,
  biomeTime: [33m146.10779999999795[39m,
  resourceTime: [33m0.12069999999948777[39m,
  structureTime: [33m0.09930000000167638[39m,
  riverTime: [33m0.006300000000919681[39m,
  totalTime: [33m146.99550000000454[39m
}
Chunk (-1, 1) generation metrics: {
  terrainTime: [33m1.152699999998731[39m,
  biomeTime: [33m149.39020000000164[39m,
  resourceTime: [33m0.125[39m,
  structureTime: [33m0.08120000000053551[39m,
  riverTime: [33m0.007799999999406282[39m,
  totalTime: [33m150.77880000000005[39m
}
Chunk (0, 1) generation metrics: {
  terrainTime: [33m0.6406000000060885[39m,
  biomeTime: [33m146.89160000000265[39m,
  resourceTime: [33m0.13330000000132713[39m,
  structureTime: [33m0.0650000000023283[39m,
  riverTime: [33m0.007100000002537854[39m,
  totalTime: [33m147.7708999999959[39m
}
Chunk (1, 1) generation metrics: {
  terrainTime: [33m0.6552000000010594[39m,
  biomeTime: [33m153.11699999999837[39m,
  resourceTime: [33m0.1271000000051572[39m,
  structureTime: [33m0.08330000000569271[39m,
  riverTime: [33m0.006999999997788109[39m,
  totalTime: [33m154.0124999999971[39m
}
Loaded 9 chunks in 1340.81ms
World generated with seed: 12345
Chunk (-1, -1) generation metrics: {
  terrainTime: [33m0.8569999999963329[39m,
  biomeTime: [33m153.75039999999717[39m,
  resourceTime: [33m0.1279999999969732[39m,
  structureTime: [33m0.06879999999364372[39m,
  riverTime: [33m0.021000000000640284[39m,
  totalTime: [33m154.84530000000086[39m
}
Chunk (0, -1) generation metrics: {
  terrainTime: [33m1.0028000000020256[39m,
  biomeTime: [33m154.43359999999666[39m,
  resourceTime: [33m0.1228999999948428[39m,
  structureTime: [33m0.06519999999727588[39m,
  riverTime: [33m0.009200000000419095[39m,
  totalTime: [33m155.65580000000045[39m
}
Chunk (1, -1) generation metrics: {
  terrainTime: [33m0.8526000000056229[39m,
  biomeTime: [33m140.86149999999907[39m,
  resourceTime: [33m0.12180000000080327[39m,
  structureTime: [33m0.0742000000027474[39m,
  riverTime: [33m0.010400000006484333[39m,
  totalTime: [33m141.9458999999988[39m
}
Chunk (-1, 0) generation metrics: {
  terrainTime: [33m0.8350999999966007[39m,
  biomeTime: [33m158.085699999996[39m,
  resourceTime: [33m0.12260000000242144[39m,
  structureTime: [33m0.1022000000011758[39m,
  riverTime: [33m0.01209999999991851[39m,
  totalTime: [33m159.17639999999665[39m
}
Chunk (0, 0) generation metrics: {
  terrainTime: [33m0.8585999999995693[39m,
  biomeTime: [33m129.09339999999793[39m,
  resourceTime: [33m0.07160000000294531[39m,
  structureTime: [33m0.06650000000081491[39m,
  riverTime: [33m0.007400000002235174[39m,
  totalTime: [33m130.11669999999867[39m
}
Chunk (1, 0) generation metrics: {
  terrainTime: [33m0.625[39m,
  biomeTime: [33m146.7315000000017[39m,
  resourceTime: [33m0.12519999999494758[39m,
  structureTime: [33m0.20270000000164146[39m,
  riverTime: [33m0.1132999999972526[39m,
  totalTime: [33m147.8379999999961[39m
}
Chunk (-1, 1) generation metrics: {
  terrainTime: [33m1.2739999999976135[39m,
  biomeTime: [33m145.3998999999967[39m,
  resourceTime: [33m0.13810000000376021[39m,
  structureTime: [33m0.09120000000257278[39m,
  riverTime: [33m0.00810000000637956[39m,
  totalTime: [33m146.94920000000275[39m
}
Chunk (0, 1) generation metrics: {
  terrainTime: [33m0.8292000000001281[39m,
  biomeTime: [33m156.6559000000052[39m,
  resourceTime: [33m0.12570000000414439[39m,
  structureTime: [33m0.08010000000649597[39m,
  riverTime: [33m0.006000000001222361[39m,
  totalTime: [33m157.7227999999959[39m
}
Chunk (1, 1) generation metrics: {
  terrainTime: [33m0.8382999999957974[39m,
  biomeTime: [33m146.6316999999981[39m,
  resourceTime: [33m0.12789999999949941[39m,
  structureTime: [33m0.08729999999923166[39m,
  riverTime: [33m0.006999999997788109[39m,
  totalTime: [33m147.71680000000197[39m
}
Loaded 9 chunks in 1344.09ms
World generated with seed: 12345
Chunk (-1, -1) generation metrics: {
  terrainTime: [33m1.0567000000010012[39m,
  biomeTime: [33m147.8148000000001[39m,
  resourceTime: [33m0.12700000000040745[39m,
  structureTime: [33m0.07110000000102445[39m,
  riverTime: [33m0.021899999999732245[39m,
  totalTime: [33m149.11269999999786[39m
}
Chunk (0, -1) generation metrics: {
  terrainTime: [33m1.065099999999802[39m,
  biomeTime: [33m147.57160000000295[39m,
  resourceTime: [33m0.11770000000251457[39m,
  structureTime: [33m0.16040000000066357[39m,
  riverTime: [33m0.009799999999813735[39m,
  totalTime: [33m148.96959999999672[39m
}
Chunk (1, -1) generation metrics: {
  terrainTime: [33m1.1370000000024447[39m,
  biomeTime: [33m145.90350000000035[39m,
  resourceTime: [33m0.12819999999919673[39m,
  structureTime: [33m0.10260000000562286[39m,
  riverTime: [33m0.006500000003143214[39m,
  totalTime: [33m147.3012000000017[39m
}
Chunk (-1, 0) generation metrics: {
  terrainTime: [33m1.0769000000000233[39m,
  biomeTime: [33m144.06670000000304[39m,
  resourceTime: [33m0.12889999999606516[39m,
  structureTime: [33m0.55279999999766[39m,
  riverTime: [33m0.016700000000128057[39m,
  totalTime: [33m145.86759999999776[39m
}
Chunk (0, 0) generation metrics: {
  terrainTime: [33m2.4337999999988824[39m,
  biomeTime: [33m143.72989999999845[39m,
  resourceTime: [33m0.12299999999959255[39m,
  structureTime: [33m0.09260000000358559[39m,
  riverTime: [33m0.011200000000826549[39m,
  totalTime: [33m146.41859999999724[39m
}
Chunk (1, 0) generation metrics: {
  terrainTime: [33m1.0930000000007567[39m,
  biomeTime: [33m140.99639999999636[39m,
  resourceTime: [33m0.12320000000181608[39m,
  structureTime: [33m0.1025999999983469[39m,
  riverTime: [33m0.006300000000919681[39m,
  totalTime: [33m142.34659999999712[39m
}
Chunk (-1, 1) generation metrics: {
  terrainTime: [33m1.0161000000007334[39m,
  biomeTime: [33m151.69870000000083[39m,
  resourceTime: [33m0.12780000000202563[39m,
  structureTime: [33m0.08079999999608845[39m,
  riverTime: [33m0.0072000000000116415[39m,
  totalTime: [33m152.95610000000306[39m
}
Chunk (0, 1) generation metrics: {
  terrainTime: [33m1.0245999999970081[39m,
  biomeTime: [33m158.42719999999827[39m,
  resourceTime: [33m0.12529999999969732[39m,
  structureTime: [33m0.08370000000286382[39m,
  riverTime: [33m0.006000000001222361[39m,
  totalTime: [33m159.6923999999999[39m
}
Chunk (1, 1) generation metrics: {
  terrainTime: [33m1.0864999999976135[39m,
  biomeTime: [33m165.24429999999847[39m,
  resourceTime: [33m0.12380000000121072[39m,
  structureTime: [33m0.07969999999477295[39m,
  riverTime: [33m0.005899999996472616[39m,
  totalTime: [33m166.56430000000546[39m
}
Loaded 9 chunks in 1360.91ms
World generated with seed: 12345
DemoApp destroyed

[90mstdout[2m | demo/src/ui/WorldGeneration.integration.test.ts[2m > [22m[2mWorld Generation Flow Integration[2m > [22m[2mParameter Range Testing[2m > [22m[2mTerrain Parameters[2m > [22m[2mshould handle persistence range (0.1 to 0.9)[22m[39m
DemoApp initialized successfully
Chunk (-1, -1) generation metrics: {
  terrainTime: [33m0.6575999999986379[39m,
  biomeTime: [33m126.9464999999982[39m,
  resourceTime: [33m0.06979999999748543[39m,
  structureTime: [33m0.07050000000162981[39m,
  riverTime: [33m0.026700000002165325[39m,
  totalTime: [33m127.79389999999694[39m
}
Chunk (0, -1) generation metrics: {
  terrainTime: [33m0.448499999998603[39m,
  biomeTime: [33m143.72499999999854[39m,
  resourceTime: [33m0.12960000000020955[39m,
  structureTime: [33m0.09289999999600695[39m,
  riverTime: [33m0.010699999998905696[39m,
  totalTime: [33m144.43099999999686[39m
}
Chunk (1, -1) generation metrics: {
  terrainTime: [33m0.6523999999990338[39m,
  biomeTime: [33m130.94460000000254[39m,
  resourceTime: [33m0.1187999999965541[39m,
  structureTime: [33m0.09469999999419088[39m,
  riverTime: [33m0.020099999994272366[39m,
  totalTime: [33m131.8614000000016[39m
}
Chunk (-1, 0) generation metrics: {
  terrainTime: [33m0.6797000000005937[39m,
  biomeTime: [33m131.6929999999993[39m,
  resourceTime: [33m0.1132999999972526[39m,
  structureTime: [33m0.10910000000149012[39m,
  riverTime: [33m0.027000000001862645[39m,
  totalTime: [33m132.64360000000306[39m
}
Chunk (0, 0) generation metrics: {
  terrainTime: [33m0.6354999999966822[39m,
  biomeTime: [33m128.2789000000048[39m,
  resourceTime: [33m0.12370000000373693[39m,
  structureTime: [33m0.07710000000224682[39m,
  riverTime: [33m0.009100000002945308[39m,
  totalTime: [33m129.14740000000165[39m
}
Chunk (1, 0) generation metrics: {
  terrainTime: [33m0.635999999998603[39m,
  biomeTime: [33m140.3850999999995[39m,
  resourceTime: [33m0.12069999999948777[39m,
  structureTime: [33m0.11040000000502914[39m,
  riverTime: [33m0.010999999998603016[39m,
  totalTime: [33m141.28809999999794[39m
}
Chunk (-1, 1) generation metrics: {
  terrainTime: [33m0.6503999999986263[39m,
  biomeTime: [33m149.29309999999532[39m,
  resourceTime: [33m0.1459000000031665[39m,
  structureTime: [33m0.08240000000660075[39m,
  riverTime: [33m0.006999999997788109[39m,
  totalTime: [33m150.20380000000296[39m
}
Chunk (0, 1) generation metrics: {
  terrainTime: [33m0.6591000000044005[39m,
  biomeTime: [33m145.1010000000024[39m,
  resourceTime: [33m0.131600000000617[39m,
  structureTime: [33m0.08030000000144355[39m,
  riverTime: [33m0.008000000001629815[39m,
  totalTime: [33m146.0060999999987[39m
}
Chunk (1, 1) generation metrics: {
  terrainTime: [33m0.6488000000026659[39m,
  biomeTime: [33m161.23849999999948[39m,
  resourceTime: [33m0.35390000000188593[39m,
  structureTime: [33m0.08449999999720603[39m,
  riverTime: [33m0.017999999996391125[39m,
  totalTime: [33m162.3698000000004[39m
}
Loaded 9 chunks in 1267.41ms
World generated with seed: 12345
Chunk (-1, -1) generation metrics: {
  terrainTime: [33m0.6481999999959953[39m,
  biomeTime: [33m148.6368999999977[39m,
  resourceTime: [33m0.1169000000008964[39m,
  structureTime: [33m0.08209999999962747[39m,
  riverTime: [33m0.03540000000066357[39m,
  totalTime: [33m149.54560000000492[39m
}
Chunk (0, -1) generation metrics: {
  terrainTime: [33m0.6640999999945052[39m,
  biomeTime: [33m155.09300000000076[39m,
  resourceTime: [33m0.14149999999790452[39m,
  structureTime: [33m0.061199999996460974[39m,
  riverTime: [33m0.009500000000116415[39m,
  totalTime: [33m155.99000000000524[39m
}
Chunk (1, -1) generation metrics: {
  terrainTime: [33m0.6581999999980326[39m,
  biomeTime: [33m138.67050000000017[39m,
  resourceTime: [33m0.1265999999959604[39m,
  structureTime: [33m0.07849999999598367[39m,
  riverTime: [33m0.014600000002246816[39m,
  totalTime: [33m139.5697[39m
}
Chunk (-1, 0) generation metrics: {
  terrainTime: [33m0.6625999999960186[39m,
  biomeTime: [33m142.1183000000019[39m,
  resourceTime: [33m0.13379999999597203[39m,
  structureTime: [33m0.140400000003865[39m,
  riverTime: [33m0.022800000006100163[39m,
  totalTime: [33m143.10759999999573[39m
}
Chunk (0, 0) generation metrics: {
  terrainTime: [33m0.6746999999959371[39m,
  biomeTime: [33m135.52410000000236[39m,
  resourceTime: [33m0.12309999999706633[39m,
  structureTime: [33m0.08430000000225846[39m,
  riverTime: [33m0.009700000002339948[39m,
  totalTime: [33m136.43959999999788[39m
}
Chunk (1, 0) generation metrics: {
  terrainTime: [33m1.045300000005227[39m,
  biomeTime: [33m138.23229999999603[39m,
  resourceTime: [33m0.12800000000424916[39m,
  structureTime: [33m0.10659999999916181[39m,
  riverTime: [33m0.006199999996169936[39m,
  totalTime: [33m139.58510000000388[39m
}
Chunk (-1, 1) generation metrics: {
  terrainTime: [33m0.6613999999972293[39m,
  biomeTime: [33m144.62690000000293[39m,
  resourceTime: [33m0.06850000000122236[39m,
  structureTime: [33m0.059999999997671694[39m,
  riverTime: [33m0.004000000000814907[39m,
  totalTime: [33m145.4398000000001[39m
}
Chunk (0, 1) generation metrics: {
  terrainTime: [33m0.4337000000014086[39m,
  biomeTime: [33m150.40649999999732[39m,
  resourceTime: [33m0.1319999999977881[39m,
  structureTime: [33m0.08219999999710126[39m,
  riverTime: [33m0.006699999998090789[39m,
  totalTime: [33m151.08150000000023[39m
}
Chunk (1, 1) generation metrics: {
  terrainTime: [33m0.644800000001851[39m,
  biomeTime: [33m139.6350999999995[39m,
  resourceTime: [33m0.1238999999986845[39m,
  structureTime: [33m0.09309999999823049[39m,
  riverTime: [33m0.006199999996169936[39m,
  totalTime: [33m140.5260999999955[39m
}
Loaded 9 chunks in 1302.96ms
World generated with seed: 12345
Chunk (-1, -1) generation metrics: {
  terrainTime: [33m0.6561000000001513[39m,
  biomeTime: [33m132.91100000000006[39m,
  resourceTime: [33m0.11960000000544824[39m,
  structureTime: [33m0.08299999999871943[39m,
  riverTime: [33m0.022500000006402843[39m,
  totalTime: [33m133.8162999999986[39m
}
Chunk (0, -1) generation metrics: {
  terrainTime: [33m0.6340999999956694[39m,
  biomeTime: [33m139.01860000000306[39m,
  resourceTime: [33m0.11699999999837019[39m,
  structureTime: [33m0.08120000000053551[39m,
  riverTime: [33m0.009599999997590203[39m,
  totalTime: [33m139.88660000000527[39m
}
Chunk (1, -1) generation metrics: {
  terrainTime: [33m0.6356000000014319[39m,
  biomeTime: [33m140.52300000000105[39m,
  resourceTime: [33m0.138200000001234[39m,
  structureTime: [33m0.08250000000407454[39m,
  riverTime: [33m0.010300000001734588[39m,
  totalTime: [33m141.41480000000593[39m
}
Chunk (-1, 0) generation metrics: {
  terrainTime: [33m0.6457999999984168[39m,
  biomeTime: [33m134.49339999999938[39m,
  resourceTime: [33m0.12430000000313157[39m,
  structureTime: [33m0.12770000000455184[39m,
  riverTime: [33m0.015200000001641456[39m,
  totalTime: [33m135.4308000000019[39m
}
Chunk (0, 0) generation metrics: {
  terrainTime: [33m0.6555000000007567[39m,
  biomeTime: [33m146.3463000000047[39m,
  resourceTime: [33m0.11720000000059372[39m,
  structureTime: [33m0.08580000000074506[39m,
  riverTime: [33m0.010399999999208376[39m,
  totalTime: [33m147.23860000000423[39m
}
Chunk (1, 0) generation metrics: {
  terrainTime: [33m0.6328999999968801[39m,
  biomeTime: [33m142.72839999999997[39m,
  resourceTime: [33m0.13220000000001164[39m,
  structureTime: [33m0.0970999999990454[39m,
  riverTime: [33m0.005899999996472616[39m,
  totalTime: [33m143.61769999999524[39m
}
Chunk (-1, 1) generation metrics: {
  terrainTime: [33m0.6679000000003725[39m,
  biomeTime: [33m156.0361000000048[39m,
  resourceTime: [33m0.12459999999555293[39m,
  structureTime: [33m0.08250000000407454[39m,
  riverTime: [33m0.006999999997788109[39m,
  totalTime: [33m156.93859999999404[39m
}
Chunk (0, 1) generation metrics: {
  terrainTime: [33m0.6408999999985099[39m,
  biomeTime: [33m146.44750000000204[39m,
  resourceTime: [33m0.11779999999998836[39m,
  structureTime: [33m0.06409999999596039[39m,
  riverTime: [33m0.0063999999983934686[39m,
  totalTime: [33m147.29699999999866[39m
}
Chunk (1, 1) generation metrics: {
  terrainTime: [33m0.6143000000010943[39m,
  biomeTime: [33m145.2577999999994[39m,
  resourceTime: [33m0.12019999999756692[39m,
  structureTime: [33m0.07690000000002328[39m,
  riverTime: [33m0.005799999998998828[39m,
  totalTime: [33m146.0963999999949[39m
}
Loaded 9 chunks in 1293.38ms
World generated with seed: 12345
Chunk (-1, -1) generation metrics: {
  terrainTime: [33m0.6693999999988591[39m,
  biomeTime: [33m140.07070000000385[39m,
  resourceTime: [33m0.12529999999969732[39m,
  structureTime: [33m0.06840000000374857[39m,
  riverTime: [33m0.020700000000942964[39m,
  totalTime: [33m140.97789999999804[39m
}
Chunk (0, -1) generation metrics: {
  terrainTime: [33m0.6998999999996158[39m,
  biomeTime: [33m143.175900000002[39m,
  resourceTime: [33m0.1254999999946449[39m,
  structureTime: [33m0.07669999999779975[39m,
  riverTime: [33m0.0063999999983934686[39m,
  totalTime: [33m144.10740000000078[39m
}
Chunk (1, -1) generation metrics: {
  terrainTime: [33m0.6656999999977415[39m,
  biomeTime: [33m152.36000000000058[39m,
  resourceTime: [33m0.12530000000697328[39m,
  structureTime: [33m0.07130000000324799[39m,
  riverTime: [33m0.010199999996984843[39m,
  totalTime: [33m153.2543000000005[39m
}
Chunk (-1, 0) generation metrics: {
  terrainTime: [33m0.6656000000002678[39m,
  biomeTime: [33m148.15030000000115[39m,
  resourceTime: [33m0.12339999999676365[39m,
  structureTime: [33m0.11039999999775318[39m,
  riverTime: [33m0.01959999999962747[39m,
  totalTime: [33m149.1664000000019[39m
}
Chunk (0, 0) generation metrics: {
  terrainTime: [33m0.671200000004319[39m,
  biomeTime: [33m140.85499999999593[39m,
  resourceTime: [33m0.13210000000253785[39m,
  structureTime: [33m0.0676000000021304[39m,
  riverTime: [33m0.009700000002339948[39m,
  totalTime: [33m141.75709999999526[39m
}
Chunk (1, 0) generation metrics: {
  terrainTime: [33m0.6498999999967054[39m,
  biomeTime: [33m147.63490000000456[39m,
  resourceTime: [33m0.12489999999525025[39m,
  structureTime: [33m0.10480000000097789[39m,
  riverTime: [33m0.005899999996472616[39m,
  totalTime: [33m148.54369999999471[39m
}
Chunk (-1, 1) generation metrics: {
  terrainTime: [33m0.658000000003085[39m,
  biomeTime: [33m149.90430000000197[39m,
  resourceTime: [33m0.1488000000026659[39m,
  structureTime: [33m0.08449999999720603[39m,
  riverTime: [33m0.006600000000617001[39m,
  totalTime: [33m150.82630000000063[39m
}
Chunk (0, 1) generation metrics: {
  terrainTime: [33m1.1506000000008498[39m,
  biomeTime: [33m150.5607999999993[39m,
  resourceTime: [33m0.12410000000090804[39m,
  structureTime: [33m0.07990000000427244[39m,
  riverTime: [33m0.005799999998998828[39m,
  totalTime: [33m151.94799999999668[39m
}
Chunk (1, 1) generation metrics: {
  terrainTime: [33m0.610899999999674[39m,
  biomeTime: [33m146.38650000000052[39m,
  resourceTime: [33m0.11939999999594875[39m,
  structureTime: [33m0.07699999999749707[39m,
  riverTime: [33m0.006300000000919681[39m,
  totalTime: [33m147.22140000000218[39m
}
Loaded 9 chunks in 1330.04ms
World generated with seed: 12345
Chunk (-1, -1) generation metrics: {
  terrainTime: [33m0.6450000000040745[39m,
  biomeTime: [33m132.50280000000203[39m,
  resourceTime: [33m0.0705999999991036[39m,
  structureTime: [33m0.06010000000242144[39m,
  riverTime: [33m0.011500000000523869[39m,
  totalTime: [33m133.3096000000005[39m
}
Chunk (0, -1) generation metrics: {
  terrainTime: [33m0.44870000000082655[39m,
  biomeTime: [33m143.26830000000336[39m,
  resourceTime: [33m0.15430000000196742[39m,
  structureTime: [33m0.0746999999973923[39m,
  riverTime: [33m0.0063999999983934686[39m,
  totalTime: [33m144.01640000000043[39m
}
Chunk (1, -1) generation metrics: {
  terrainTime: [33m0.8652000000001863[39m,
  biomeTime: [33m141.52440000000206[39m,
  resourceTime: [33m0.12830000000394648[39m,
  structureTime: [33m0.07860000000073342[39m,
  riverTime: [33m0.008900000000721775[39m,
  totalTime: [33m142.62869999999384[39m
}
Chunk (-1, 0) generation metrics: {
  terrainTime: [33m0.6530999999959022[39m,
  biomeTime: [33m134.70990000000165[39m,
  resourceTime: [33m0.1290000000008149[39m,
  structureTime: [33m0.12380000000121072[39m,
  riverTime: [33m0.010499999996682163[39m,
  totalTime: [33m135.65110000000277[39m
}
Chunk (0, 0) generation metrics: {
  terrainTime: [33m0.6636999999973341[39m,
  biomeTime: [33m127.28270000000339[39m,
  resourceTime: [33m0.12920000000303844[39m,
  structureTime: [33m0.08729999999923166[39m,
  riverTime: [33m0.012600000001839362[39m,
  totalTime: [33m128.19799999999668[39m
}
Chunk (1, 0) generation metrics: {
  terrainTime: [33m0.6198000000003958[39m,
  biomeTime: [33m128.2051999999967[39m,
  resourceTime: [33m0.11100000000442378[39m,
  structureTime: [33m0.10239999999612337[39m,
  riverTime: [33m0.005300000004353933[39m,
  totalTime: [33m129.06749999999738[39m
}
Chunk (-1, 1) generation metrics: {
  terrainTime: [33m0.5444999999963329[39m,
  biomeTime: [33m141.98879999999917[39m,
  resourceTime: [33m0.12369999999646097[39m,
  structureTime: [33m0.09120000000257278[39m,
  riverTime: [33m0.0062000000034458935[39m,
  totalTime: [33m142.77739999999903[39m
}
Chunk (0, 1) generation metrics: {
  terrainTime: [33m0.6392999999952735[39m,
  biomeTime: [33m135.87610000000132[39m,
  resourceTime: [33m0.15580000000045402[39m,
  structureTime: [33m0.10439999999653082[39m,
  riverTime: [33m0.008800000003247987[39m,
  totalTime: [33m136.80679999999847[39m
}
Chunk (1, 1) generation metrics: {
  terrainTime: [33m0.6572000000014668[39m,
  biomeTime: [33m134.12189999999828[39m,
  resourceTime: [33m0.11349999999947613[39m,
  structureTime: [33m0.07589999999618158[39m,
  riverTime: [33m0.005900000003748573[39m,
  totalTime: [33m134.9956999999995[39m
}
Loaded 9 chunks in 1229.54ms
World generated with seed: 12345
DemoApp destroyed

[90mstdout[2m | demo/src/ui/WorldGeneration.integration.test.ts[2m > [22m[2mWorld Generation Flow Integration[2m > [22m[2mParameter Range Testing[2m > [22m[2mTerrain Parameters[2m > [22m[2mshould handle lacunarity range (1.5 to 3.0)[22m[39m
DemoApp initialized successfully
Chunk (-1, -1) generation metrics: {
  terrainTime: [33m0.40720000000146683[39m,
  biomeTime: [33m138.83310000000347[39m,
  resourceTime: [33m0.12679999999818392[39m,
  structureTime: [33m0.09429999999701977[39m,
  riverTime: [33m0.03460000000632135[39m,
  totalTime: [33m139.51950000000215[39m
}
Chunk (0, -1) generation metrics: {
  terrainTime: [33m0.6632000000026892[39m,
  biomeTime: [33m137.4574999999968[39m,
  resourceTime: [33m0.11959999999817228[39m,
  structureTime: [33m0.08619999999791617[39m,
  riverTime: [33m0.010199999996984843[39m,
  totalTime: [33m138.35979999999836[39m
}
Chunk (1, -1) generation metrics: {
  terrainTime: [33m0.6307999999989988[39m,
  biomeTime: [33m146.7546000000002[39m,
  resourceTime: [33m0.12219999999797437[39m,
  structureTime: [33m0.07739999999466818[39m,
  riverTime: [33m0.006099999998696148[39m,
  totalTime: [33m147.6137000000017[39m
}
Chunk (-1, 0) generation metrics: {
  terrainTime: [33m0.6221999999979744[39m,
  biomeTime: [33m129.8715000000011[39m,
  resourceTime: [33m0.1290999999982887[39m,
  structureTime: [33m0.13590000000112923[39m,
  riverTime: [33m0.02569999999832362[39m,
  totalTime: [33m130.81360000000132[39m
}
Chunk (0, 0) generation metrics: {
  terrainTime: [33m0.6457999999984168[39m,
  biomeTime: [33m139.26950000000215[39m,
  resourceTime: [33m0.1253999999971711[39m,
  structureTime: [33m0.33150000000023283[39m,
  riverTime: [33m0.022100000001955777[39m,
  totalTime: [33m140.43329999999696[39m
}
Chunk (1, 0) generation metrics: {
  terrainTime: [33m0.7269000000014785[39m,
  biomeTime: [33m133.61420000000362[39m,
  resourceTime: [33m0.13090000000374857[39m,
  structureTime: [33m0.11200000000098953[39m,
  riverTime: [33m0.006199999996169936[39m,
  totalTime: [33m134.63590000000113[39m
}
Chunk (-1, 1) generation metrics: {
  terrainTime: [33m0.6414000000004307[39m,
  biomeTime: [33m157.7335000000021[39m,
  resourceTime: [33m0.13029999999707798[39m,
  structureTime: [33m0.08929999999963911[39m,
  riverTime: [33m0.006900000000314321[39m,
  totalTime: [33m158.62720000000263[39m
}
Chunk (0, 1) generation metrics: {
  terrainTime: [33m0.6477999999988242[39m,
  biomeTime: [33m150.94350000000122[39m,
  resourceTime: [33m0.1300000000046566[39m,
  structureTime: [33m0.09090000000287546[39m,
  riverTime: [33m0.006600000000617001[39m,
  totalTime: [33m151.84449999999924[39m
}
Chunk (1, 1) generation metrics: {
  terrainTime: [33m0.6710999999995693[39m,
  biomeTime: [33m153.25520000000688[39m,
  resourceTime: [33m0.12599999999656575[39m,
  structureTime: [33m0.08439999999973224[39m,
  riverTime: [33m0.006600000000617001[39m,
  totalTime: [33m154.16619999999966[39m
}
Loaded 9 chunks in 1298.10ms
World generated with seed: 12345
Chunk (-1, -1) generation metrics: {
  terrainTime: [33m0.672099999996135[39m,
  biomeTime: [33m153.43599999999424[39m,
  resourceTime: [33m0.07149999999819556[39m,
  structureTime: [33m0.13089999999647262[39m,
  riverTime: [33m0.02059999999619322[39m,
  totalTime: [33m154.35089999999764[39m
}
Chunk (0, -1) generation metrics: {
  terrainTime: [33m0.6688000000067404[39m,
  biomeTime: [33m143.57540000000154[39m,
  resourceTime: [33m0.07040000000415603[39m,
  structureTime: [33m0.05099999999947613[39m,
  riverTime: [33m0.006099999998696148[39m,
  totalTime: [33m144.3908999999985[39m
}
Chunk (1, -1) generation metrics: {
  terrainTime: [33m0.4305999999996857[39m,
  biomeTime: [33m124.65729999999894[39m,
  resourceTime: [33m0.0717000000004191[39m,
  structureTime: [33m0.0544000000008964[39m,
  riverTime: [33m0.007599999997182749[39m,
  totalTime: [33m125.2393000000011[39m
}
Chunk (-1, 0) generation metrics: {
  terrainTime: [33m0.4554999999963911[39m,
  biomeTime: [33m173.12430000000313[39m,
  resourceTime: [33m0.12400000000343425[39m,
  structureTime: [33m0.08000000000174623[39m,
  riverTime: [33m0.015899999998509884[39m,
  totalTime: [33m173.8220999999976[39m
}
Chunk (0, 0) generation metrics: {
  terrainTime: [33m0.6114999999990687[39m,
  biomeTime: [33m183.3070000000007[39m,
  resourceTime: [33m0.12879999999859137[39m,
  structureTime: [33m0.05610000000160653[39m,
  riverTime: [33m0.010199999996984843[39m,
  totalTime: [33m184.13470000000234[39m
}
Chunk (1, 0) generation metrics: {
  terrainTime: [33m0.6550999999963096[39m,
  biomeTime: [33m143.65209999999934[39m,
  resourceTime: [33m0.12850000000617[39m,
  structureTime: [33m0.07920000000012806[39m,
  riverTime: [33m0.006199999996169936[39m,
  totalTime: [33m144.54449999999633[39m
}
Chunk (-1, 1) generation metrics: {
  terrainTime: [33m0.655399999996007[39m,
  biomeTime: [33m153.43560000000434[39m,
  resourceTime: [33m0.14089999999850988[39m,
  structureTime: [33m0.06079999999928987[39m,
  riverTime: [33m0.006499999995867256[39m,
  totalTime: [33m154.32110000000102[39m
}
Chunk (0, 1) generation metrics: {
  terrainTime: [33m0.6240999999936321[39m,
  biomeTime: [33m142.5025999999998[39m,
  resourceTime: [33m0.13100000000122236[39m,
  structureTime: [33m0.0717000000004191[39m,
  riverTime: [33m0.006900000000314321[39m,
  totalTime: [33m143.36039999999775[39m
}
Chunk (1, 1) generation metrics: {
  terrainTime: [33m0.6415000000051805[39m,
  biomeTime: [33m136.6229999999996[39m,
  resourceTime: [33m0.12700000000040745[39m,
  structureTime: [33m0.05709999999817228[39m,
  riverTime: [33m0.006599999993341044[39m,
  totalTime: [33m137.4759000000049[39m
}
Loaded 9 chunks in 1363.27ms
World generated with seed: 12345
Chunk (-1, -1) generation metrics: {
  terrainTime: [33m1.0862000000051921[39m,
  biomeTime: [33m150.00880000000325[39m,
  resourceTime: [33m0.11609999999927823[39m,
  structureTime: [33m0.046300000001792796[39m,
  riverTime: [33m0.02049999999871943[39m,
  totalTime: [33m151.29869999999937[39m
}
Chunk (0, -1) generation metrics: {
  terrainTime: [33m0.5494999999937136[39m,
  biomeTime: [33m118.48340000000462[39m,
  resourceTime: [33m0.12120000000140863[39m,
  structureTime: [33m0.05529999999998836[39m,
  riverTime: [33m0.009400000002642628[39m,
  totalTime: [33m119.23679999999877[39m
}
Chunk (1, -1) generation metrics: {
  terrainTime: [33m0.6663000000044121[39m,
  biomeTime: [33m147.7494000000006[39m,
  resourceTime: [33m0.13200000000506407[39m,
  structureTime: [33m0.06990000000223517[39m,
  riverTime: [33m1.8936000000030617[39m,
  totalTime: [33m150.54210000000603[39m
}
Chunk (-1, 0) generation metrics: {
  terrainTime: [33m0.6889000000010128[39m,
  biomeTime: [33m130.40090000000055[39m,
  resourceTime: [33m0.1239999999961583[39m,
  structureTime: [33m0.07840000000578584[39m,
  riverTime: [33m0.019099999997706618[39m,
  totalTime: [33m131.33410000000003[39m
}
Chunk (0, 0) generation metrics: {
  terrainTime: [33m0.6707999999998719[39m,
  biomeTime: [33m129.39630000000034[39m,
  resourceTime: [33m0.1238999999986845[39m,
  structureTime: [33m0.06339999999909196[39m,
  riverTime: [33m0.008999999998195563[39m,
  totalTime: [33m130.28390000000218[39m
}
Chunk (1, 0) generation metrics: {
  terrainTime: [33m0.6614000000045053[39m,
  biomeTime: [33m136.4314000000013[39m,
  resourceTime: [33m0.12339999999676365[39m,
  structureTime: [33m0.06390000000101281[39m,
  riverTime: [33m0.006100000005972106[39m,
  totalTime: [33m137.3044000000009[39m
}
Chunk (-1, 1) generation metrics: {
  terrainTime: [33m0.6811999999990803[39m,
  biomeTime: [33m164.58499999999913[39m,
  resourceTime: [33m0.1169000000008964[39m,
  structureTime: [33m0.056999999993422534[39m,
  riverTime: [33m0.005899999996472616[39m,
  totalTime: [33m165.5040999999983[39m
}
Chunk (0, 1) generation metrics: {
  terrainTime: [33m0.6434000000008382[39m,
  biomeTime: [33m154.06089999999676[39m,
  resourceTime: [33m0.1283999999941443[39m,
  structureTime: [33m0.06109999999898719[39m,
  riverTime: [33m0.006800000002840534[39m,
  totalTime: [33m154.92079999999987[39m
}
Chunk (1, 1) generation metrics: {
  terrainTime: [33m0.6546999999991385[39m,
  biomeTime: [33m151.96630000000005[39m,
  resourceTime: [33m0.1331999999965774[39m,
  structureTime: [33m0.06890000000566943[39m,
  riverTime: [33m0.01929999999993015[39m,
  totalTime: [33m152.86449999999604[39m
}
Loaded 9 chunks in 1294.97ms
World generated with seed: 12345
Chunk (-1, -1) generation metrics: {
  terrainTime: [33m0.688800000003539[39m,
  biomeTime: [33m150.77439999999478[39m,
  resourceTime: [33m0.18220000000292202[39m,
  structureTime: [33m0.07770000000164146[39m,
  riverTime: [33m0.02209999999467982[39m,
  totalTime: [33m151.76789999999892[39m
}
Chunk (0, -1) generation metrics: {
  terrainTime: [33m0.6847999999954482[39m,
  biomeTime: [33m124.01780000000144[39m,
  resourceTime: [33m0.12449999999080319[39m,
  structureTime: [33m0.07069999999657739[39m,
  riverTime: [33m0.009799999999813735[39m,
  totalTime: [33m124.93199999999342[39m
}
Chunk (1, -1) generation metrics: {
  terrainTime: [33m0.6613000000070315[39m,
  biomeTime: [33m124.10099999999511[39m,
  resourceTime: [33m0.11740000000281725[39m,
  structureTime: [33m0.04790000000502914[39m,
  riverTime: [33m0.009299999990616925[39m,
  totalTime: [33m124.9539999999979[39m
}
Chunk (-1, 0) generation metrics: {
  terrainTime: [33m0.6459000000031665[39m,
  biomeTime: [33m148.99030000000494[39m,
  resourceTime: [33m0.12619999999878928[39m,
  structureTime: [33m0.0731999999989057[39m,
  riverTime: [33m0.011299999998300336[39m,
  totalTime: [33m149.86729999999807[39m
}
Chunk (0, 0) generation metrics: {
  terrainTime: [33m0.6509999999980209[39m,
  biomeTime: [33m136.0442000000039[39m,
  resourceTime: [33m0.11249999998835847[39m,
  structureTime: [33m0.06359999999403954[39m,
  riverTime: [33m0.006300000008195639[39m,
  totalTime: [33m136.91270000000077[39m
}
Chunk (1, 0) generation metrics: {
  terrainTime: [33m0.6238999999914085[39m,
  biomeTime: [33m149.0014999999985[39m,
  resourceTime: [33m0.12930000000051223[39m,
  structureTime: [33m0.07799999999406282[39m,
  riverTime: [33m0.0058000000135507435[39m,
  totalTime: [33m149.86169999999402[39m
}
Chunk (-1, 1) generation metrics: {
  terrainTime: [33m0.6773000000102911[39m,
  biomeTime: [33m154.56980000001204[39m,
  resourceTime: [33m0.12230000000272412[39m,
  structureTime: [33m0.06519999999727588[39m,
  riverTime: [33m0.006099999998696148[39m,
  totalTime: [33m155.46289999999863[39m
}
Chunk (0, 1) generation metrics: {
  terrainTime: [33m0.6611999999877298[39m,
  biomeTime: [33m153.08529999999155[39m,
  resourceTime: [33m0.12430000001040753[39m,
  structureTime: [33m0.0727000000042608[39m,
  riverTime: [33m0.006800000002840534[39m,
  totalTime: [33m153.9716000000044[39m
}
Chunk (1, 1) generation metrics: {
  terrainTime: [33m0.7272999999986496[39m,
  biomeTime: [33m147.75109999999404[39m,
  resourceTime: [33m0.1327000000019325[39m,
  structureTime: [33m0.07100000001082662[39m,
  riverTime: [33m0.015299999999115244[39m,
  totalTime: [33m148.72030000000086[39m
}
Loaded 9 chunks in 1298.42ms
World generated with seed: 12345
DemoApp destroyed

[90mstdout[2m | demo/src/ui/WorldGeneration.integration.test.ts[2m > [22m[2mWorld Generation Flow Integration[2m > [22m[2mParameter Range Testing[2m > [22m[2mTerrain Parameters[2m > [22m[2mshould handle warpStrength range (0 to 100)[22m[39m
DemoApp initialized successfully
Chunk (-1, -1) generation metrics: {
  terrainTime: [33m0.6885000000038417[39m,
  biomeTime: [33m162.57200000000012[39m,
  resourceTime: [33m0.12369999999646097[39m,
  structureTime: [33m0.06960000000253785[39m,
  riverTime: [33m0.1904999999969732[39m,
  totalTime: [33m163.66790000000037[39m
}
Chunk (0, -1) generation metrics: {
  terrainTime: [33m0.6567999999970198[39m,
  biomeTime: [33m144.5570999999909[39m,
  resourceTime: [33m0.11050000000977889[39m,
  structureTime: [33m0.0761999999958789[39m,
  riverTime: [33m0.007500000006984919[39m,
  totalTime: [33m145.4331000000093[39m
}
Chunk (1, -1) generation metrics: {
  terrainTime: [33m0.6294999999954598[39m,
  biomeTime: [33m152.28159999998752[39m,
  resourceTime: [33m0.11909999999625143[39m,
  structureTime: [33m0.07219999999506399[39m,
  riverTime: [33m0.03760000001057051[39m,
  totalTime: [33m153.16210000000137[39m
}
Chunk (-1, 0) generation metrics: {
  terrainTime: [33m0.6496000000042841[39m,
  biomeTime: [33m140.52580000000307[39m,
  resourceTime: [33m0.11650000000372529[39m,
  structureTime: [33m0.05649999999150168[39m,
  riverTime: [33m0.20149999999557622[39m,
  totalTime: [33m141.56729999999516[39m
}
Chunk (0, 0) generation metrics: {
  terrainTime: [33m0.6042999999917811[39m,
  biomeTime: [33m141.96289999999863[39m,
  resourceTime: [33m0.11930000000575092[39m,
  structureTime: [33m0.06240000000980217[39m,
  riverTime: [33m0.005900000003748573[39m,
  totalTime: [33m142.77320000001055[39m
}
Chunk (1, 0) generation metrics: {
  terrainTime: [33m0.6059999999997672[39m,
  biomeTime: [33m132.14370000000054[39m,
  resourceTime: [33m0.11140000000887085[39m,
  structureTime: [33m0.08380000000761356[39m,
  riverTime: [33m0.007299999997485429[39m,
  totalTime: [33m132.97039999999106[39m
}
Chunk (-1, 1) generation metrics: {
  terrainTime: [33m0.6377999999967869[39m,
  biomeTime: [33m147.1704000000027[39m,
  resourceTime: [33m0.13310000000637956[39m,
  structureTime: [33m0.0737000000081025[39m,
  riverTime: [33m0.006299999993643723[39m,
  totalTime: [33m148.0441000000137[39m
}
Chunk (0, 1) generation metrics: {
  terrainTime: [33m0.5847000000067055[39m,
  biomeTime: [33m157.63249999999243[39m,
  resourceTime: [33m0.11370000000169966[39m,
  structureTime: [33m0.0590000000083819[39m,
  riverTime: [33m0.005600000004051253[39m,
  totalTime: [33m158.45209999999497[39m
}
Chunk (1, 1) generation metrics: {
  terrainTime: [33m0.5899000000063097[39m,
  biomeTime: [33m141.8859999999986[39m,
  resourceTime: [33m0.12039999999979045[39m,
  structureTime: [33m0.05969999999797437[39m,
  riverTime: [33m0.005900000003748573[39m,
  totalTime: [33m142.6808000000019[39m
}
Loaded 9 chunks in 1330.48ms
World generated with seed: 12345
Chunk (-1, -1) generation metrics: {
  terrainTime: [33m0.7811999999976251[39m,
  biomeTime: [33m144.9930000000022[39m,
  resourceTime: [33m0.12659999998868443[39m,
  structureTime: [33m0.06309999999939464[39m,
  riverTime: [33m0.027200000011362135[39m,
  totalTime: [33m146.01309999999648[39m
}
Chunk (0, -1) generation metrics: {
  terrainTime: [33m0.6661000000021886[39m,
  biomeTime: [33m155.32189999999537[39m,
  resourceTime: [33m0.1312000000034459[39m,
  structureTime: [33m0.10820000000239816[39m,
  riverTime: [33m0.014100000000325963[39m,
  totalTime: [33m156.2826000000059[39m
}
Chunk (1, -1) generation metrics: {
  terrainTime: [33m0.7700000000040745[39m,
  biomeTime: [33m166.02360000000044[39m,
  resourceTime: [33m0.125[39m,
  structureTime: [33m0.0644999999931315[39m,
  riverTime: [33m0.011100000003352761[39m,
  totalTime: [33m167.0170999999973[39m
}
Chunk (-1, 0) generation metrics: {
  terrainTime: [33m0.6597000000037951[39m,
  biomeTime: [33m141.81489999999758[39m,
  resourceTime: [33m0.1279999999969732[39m,
  structureTime: [33m0.08629999999538995[39m,
  riverTime: [33m0.015100000004167669[39m,
  totalTime: [33m142.72540000001027[39m
}
Chunk (0, 0) generation metrics: {
  terrainTime: [33m0.6539999999949941[39m,
  biomeTime: [33m131.0051000000094[39m,
  resourceTime: [33m0.12859999999636784[39m,
  structureTime: [33m0.06359999999403954[39m,
  riverTime: [33m0.008800000010523945[39m,
  totalTime: [33m131.8811999999889[39m
}
Chunk (1, 0) generation metrics: {
  terrainTime: [33m0.6147000000055414[39m,
  biomeTime: [33m147.2033000000083[39m,
  resourceTime: [33m0.13139999999839347[39m,
  structureTime: [33m0.07860000000800937[39m,
  riverTime: [33m0.0062000000034458935[39m,
  totalTime: [33m148.05509999999776[39m
}
Chunk (-1, 1) generation metrics: {
  terrainTime: [33m0.6744000000035157[39m,
  biomeTime: [33m142.9985000000015[39m,
  resourceTime: [33m0.13559999999415595[39m,
  structureTime: [33m0.0659999999916181[39m,
  riverTime: [33m0.006099999998696148[39m,
  totalTime: [33m143.90239999999176[39m
}
Chunk (0, 1) generation metrics: {
  terrainTime: [33m1.0469000000011874[39m,
  biomeTime: [33m140.04499999999825[39m,
  resourceTime: [33m0.12329999999201391[39m,
  structureTime: [33m0.07400000000779983[39m,
  riverTime: [33m0.007100000002537854[39m,
  totalTime: [33m141.3194999999978[39m
}
Chunk (1, 1) generation metrics: {
  terrainTime: [33m0.6414999999979045[39m,
  biomeTime: [33m145.45000000001164[39m,
  resourceTime: [33m0.12679999999818392[39m,
  structureTime: [33m0.06489999999757856[39m,
  riverTime: [33m0.006300000008195639[39m,
  totalTime: [33m146.310799999992[39m
}
Loaded 9 chunks in 1326.60ms
World generated with seed: 12345
Chunk (-1, -1) generation metrics: {
  terrainTime: [33m0.6824999999953434[39m,
  biomeTime: [33m137.2340000000113[39m,
  resourceTime: [33m0.12189999999827705[39m,
  structureTime: [33m0.06810000000405125[39m,
  riverTime: [33m0.015400000003864989[39m,
  totalTime: [33m138.1435000000056[39m
}
Chunk (0, -1) generation metrics: {
  terrainTime: [33m0.6398000000044703[39m,
  biomeTime: [33m147.41889999998966[39m,
  resourceTime: [33m0.12189999999827705[39m,
  structureTime: [33m0.060500000006868504[39m,
  riverTime: [33m0.008900000000721775[39m,
  totalTime: [33m148.27150000000256[39m
}
Chunk (1, -1) generation metrics: {
  terrainTime: [33m0.6487000000051921[39m,
  biomeTime: [33m143.70749999998952[39m,
  resourceTime: [33m0.1316999999980908[39m,
  structureTime: [33m0.07440000001224689[39m,
  riverTime: [33m0.007099999987985939[39m,
  totalTime: [33m144.59130000000005[39m
}
Chunk (-1, 0) generation metrics: {
  terrainTime: [33m0.6662999999971362[39m,
  biomeTime: [33m133.9320000000007[39m,
  resourceTime: [33m0.07179999999061693[39m,
  structureTime: [33m0.06950000001234002[39m,
  riverTime: [33m0.07899999999790452[39m,
  totalTime: [33m134.83729999999923[39m
}
Chunk (0, 0) generation metrics: {
  terrainTime: [33m0.6252999999996973[39m,
  biomeTime: [33m139.40599999998813[39m,
  resourceTime: [33m0.12660000000323635[39m,
  structureTime: [33m0.06339999999909196[39m,
  riverTime: [33m0.010699999998905696[39m,
  totalTime: [33m140.25100000000384[39m
}
Chunk (1, 0) generation metrics: {
  terrainTime: [33m0.6634000000049127[39m,
  biomeTime: [33m132.2560999999987[39m,
  resourceTime: [33m0.11659999999392312[39m,
  structureTime: [33m0.07219999999506399[39m,
  riverTime: [33m0.005799999998998828[39m,
  totalTime: [33m133.13259999999718[39m
}
Chunk (-1, 1) generation metrics: {
  terrainTime: [33m0.662400000001071[39m,
  biomeTime: [33m143.72600000000966[39m,
  resourceTime: [33m0.12529999999969732[39m,
  structureTime: [33m0.06990000000223517[39m,
  riverTime: [33m0.013200000001234002[39m,
  totalTime: [33m144.6186999999918[39m
}
Chunk (0, 1) generation metrics: {
  terrainTime: [33m0.639500000004773[39m,
  biomeTime: [33m157.33529999999155[39m,
  resourceTime: [33m0.40080000000307336[39m,
  structureTime: [33m0.08199999999487773[39m,
  riverTime: [33m0.007400000002235174[39m,
  totalTime: [33m158.49700000000303[39m
}
Chunk (1, 1) generation metrics: {
  terrainTime: [33m0.7771000000066124[39m,
  biomeTime: [33m149.41229999999632[39m,
  resourceTime: [33m0.12099999999918509[39m,
  structureTime: [33m0.052799999990384094[39m,
  riverTime: [33m0.006299999993643723[39m,
  totalTime: [33m150.3869999999879[39m
}
Loaded 9 chunks in 1294.49ms
World generated with seed: 12345
Chunk (-1, -1) generation metrics: {
  terrainTime: [33m4.380000000004657[39m,
  biomeTime: [33m152.46689999999944[39m,
  resourceTime: [33m0.1269999999931315[39m,
  structureTime: [33m0.060299999997369014[39m,
  riverTime: [33m0.014899999994668178[39m,
  totalTime: [33m157.0676999999996[39m
}
Chunk (0, -1) generation metrics: {
  terrainTime: [33m0.71830000000773[39m,
  biomeTime: [33m155.1762000000017[39m,
  resourceTime: [33m0.12449999999080319[39m,
  structureTime: [33m0.053599999999278225[39m,
  riverTime: [33m0.011799999992945231[39m,
  totalTime: [33m156.13839999999618[39m
}
Chunk (1, -1) generation metrics: {
  terrainTime: [33m0.6774000000004889[39m,
  biomeTime: [33m163.6820000000007[39m,
  resourceTime: [33m0.21270000000367872[39m,
  structureTime: [33m0.6000000000058208[39m,
  riverTime: [33m0.012999999991734512[39m,
  totalTime: [33m165.21340000000782[39m
}
Chunk (-1, 0) generation metrics: {
  terrainTime: [33m0.7409000000043306[39m,
  biomeTime: [33m151.12609999999404[39m,
  resourceTime: [33m0.13139999999839347[39m,
  structureTime: [33m0.06799999999930151[39m,
  riverTime: [33m0.015299999999115244[39m,
  totalTime: [33m152.1009000000049[39m
}
Chunk (0, 0) generation metrics: {
  terrainTime: [33m0.6985999999888008[39m,
  biomeTime: [33m150.6018999999942[39m,
  resourceTime: [33m0.13250000000698492[39m,
  structureTime: [33m0.06419999999343418[39m,
  riverTime: [33m0.010999999998603016[39m,
  totalTime: [33m151.528999999995[39m
}
Chunk (1, 0) generation metrics: {
  terrainTime: [33m0.6779999999998836[39m,
  biomeTime: [33m152.81639999999607[39m,
  resourceTime: [33m0.12669999999343418[39m,
  structureTime: [33m0.06930000000284053[39m,
  riverTime: [33m0.006899999993038364[39m,
  totalTime: [33m153.71989999999641[39m
}
Chunk (-1, 1) generation metrics: {
  terrainTime: [33m0.6621000000013737[39m,
  biomeTime: [33m158.4603999999963[39m,
  resourceTime: [33m0.12739999999757856[39m,
  structureTime: [33m0.05610000000160653[39m,
  riverTime: [33m0.011599999997997656[39m,
  totalTime: [33m159.33840000000782[39m
}
Chunk (0, 1) generation metrics: {
  terrainTime: [33m0.6716000000014901[39m,
  biomeTime: [33m150.93409999999858[39m,
  resourceTime: [33m0.127200000002631[39m,
  structureTime: [33m0.05709999999089632[39m,
  riverTime: [33m0.011899999997694977[39m,
  totalTime: [33m151.8185000000085[39m
}
Chunk (1, 1) generation metrics: {
  terrainTime: [33m0.6304999999993015[39m,
  biomeTime: [33m155.92720000000554[39m,
  resourceTime: [33m0.12279999999736901[39m,
  structureTime: [33m0.3371000000042841[39m,
  riverTime: [33m0.012199999997392297[39m,
  totalTime: [33m157.04790000000503[39m
}
Loaded 9 chunks in 1405.96ms
World generated with seed: 12345
Chunk (-1, -1) generation metrics: {
  terrainTime: [33m0.6394000000000233[39m,
  biomeTime: [33m169.4085999999952[39m,
  resourceTime: [33m0.127200000002631[39m,
  structureTime: [33m0.06329999999434222[39m,
  riverTime: [33m0.011500000007799827[39m,
  totalTime: [33m170.2740000000049[39m
}
Chunk (0, -1) generation metrics: {
  terrainTime: [33m0.6935999999986961[39m,
  biomeTime: [33m148.88780000001134[39m,
  resourceTime: [33m0.1270000000076834[39m,
  structureTime: [33m0.06429999999818392[39m,
  riverTime: [33m0.010399999999208376[39m,
  totalTime: [33m149.80329999999958[39m
}
Chunk (1, -1) generation metrics: {
  terrainTime: [33m0.6784999999945285[39m,
  biomeTime: [33m138.2173000000039[39m,
  resourceTime: [33m0.12240000000747386[39m,
  structureTime: [33m0.059999999997671694[39m,
  riverTime: [33m0.011599999997997656[39m,
  totalTime: [33m139.10980000000563[39m
}
Chunk (-1, 0) generation metrics: {
  terrainTime: [33m0.6735999999946216[39m,
  biomeTime: [33m131.76509999998962[39m,
  resourceTime: [33m0.12089999999443535[39m,
  structureTime: [33m0.07600000000093132[39m,
  riverTime: [33m0.012800000011338852[39m,
  totalTime: [33m132.67050000000745[39m
}
Chunk (0, 0) generation metrics: {
  terrainTime: [33m0.6886000000085915[39m,
  biomeTime: [33m140.363400000002[39m,
  resourceTime: [33m0.13030000000435393[39m,
  structureTime: [33m0.06609999999636784[39m,
  riverTime: [33m0.017099999997299165[39m,
  totalTime: [33m141.28679999998712[39m
}
Chunk (1, 0) generation metrics: {
  terrainTime: [33m0.6759999999922002[39m,
  biomeTime: [33m134.83779999999388[39m,
  resourceTime: [33m0.12919999999576248[39m,
  structureTime: [33m0.07550000000628643[39m,
  riverTime: [33m0.005900000003748573[39m,
  totalTime: [33m135.74730000000272[39m
}
Chunk (-1, 1) generation metrics: {
  terrainTime: [33m0.6603000000031898[39m,
  biomeTime: [33m129.7088999999978[39m,
  resourceTime: [33m0.1274999999877764[39m,
  structureTime: [33m0.06279999999969732[39m,
  riverTime: [33m0.009200000000419095[39m,
  totalTime: [33m130.5911000000051[39m
}
Chunk (0, 1) generation metrics: {
  terrainTime: [33m0.8444000000017695[39m,
  biomeTime: [33m148.47320000000764[39m,
  resourceTime: [33m0.12330000000656582[39m,
  structureTime: [33m0.07609999999112915[39m,
  riverTime: [33m0.006800000002840534[39m,
  totalTime: [33m149.54780000000028[39m
}
Chunk (1, 1) generation metrics: {
  terrainTime: [33m0.9739999999874271[39m,
  biomeTime: [33m125.48450000000594[39m,
  resourceTime: [33m0.12580000000889413[39m,
  structureTime: [33m0.07150000000547152[39m,
  riverTime: [33m0.012999999991734512[39m,
  totalTime: [33m126.69189999999071[39m
}
Loaded 9 chunks in 1277.39ms
World generated with seed: 12345
DemoApp destroyed

[90mstdout[2m | demo/src/ui/WorldGeneration.integration.test.ts[2m > [22m[2mWorld Generation Flow Integration[2m > [22m[2mParameter Range Testing[2m > [22m[2mTerrain Parameters[2m > [22m[2mshould handle heightMultiplier range (0.5 to 2.0)[22m[39m
DemoApp initialized successfully
Chunk (-1, -1) generation metrics: {
  terrainTime: [33m0.6595999999990454[39m,
  biomeTime: [33m118.88300000000163[39m,
  resourceTime: [33m0.11509999999543652[39m,
  structureTime: [33m0.07349999999860302[39m,
  riverTime: [33m0.006099999998696148[39m,
  totalTime: [33m119.75770000000193[39m
}
Chunk (0, -1) generation metrics: {
  terrainTime: [33m0.6209000000089873[39m,
  biomeTime: [33m137.45930000000226[39m,
  resourceTime: [33m0.11999999999534339[39m,
  structureTime: [33m0.060999999986961484[39m,
  riverTime: [33m0.006300000008195639[39m,
  totalTime: [33m138.2884000000049[39m
}
Chunk (1, -1) generation metrics: {
  terrainTime: [33m0.6215999999985797[39m,
  biomeTime: [33m135.51669999999285[39m,
  resourceTime: [33m0.12829999999667052[39m,
  structureTime: [33m0.051500000001396984[39m,
  riverTime: [33m0.005699999994249083[39m,
  totalTime: [33m136.34270000000834[39m
}
Chunk (-1, 0) generation metrics: {
  terrainTime: [33m0.6598000000085449[39m,
  biomeTime: [33m139.64130000000296[39m,
  resourceTime: [33m0.06959999998798594[39m,
  structureTime: [33m0.06269999999494758[39m,
  riverTime: [33m0.004500000010011718[39m,
  totalTime: [33m140.45590000000084[39m
}
Chunk (0, 0) generation metrics: {
  terrainTime: [33m0.4165000000066357[39m,
  biomeTime: [33m125.7902000000031[39m,
  resourceTime: [33m0.13809999999648426[39m,
  structureTime: [33m0.069999999992433[39m,
  riverTime: [33m0.007300000012037344[39m,
  totalTime: [33m126.44250000000466[39m
}
Chunk (1, 0) generation metrics: {
  terrainTime: [33m0.6440000000002328[39m,
  biomeTime: [33m128.6923999999999[39m,
  resourceTime: [33m0.1301999999996042[39m,
  structureTime: [33m0.07430000000749715[39m,
  riverTime: [33m0.006799999988288619[39m,
  totalTime: [33m129.57149999999092[39m
}
Chunk (-1, 1) generation metrics: {
  terrainTime: [33m0.5084000000060769[39m,
  biomeTime: [33m139.7167999999947[39m,
  resourceTime: [33m0.11969999999564607[39m,
  structureTime: [33m0.06389999999373686[39m,
  riverTime: [33m0.006699999998090789[39m,
  totalTime: [33m140.4377000000095[39m
}
Chunk (0, 1) generation metrics: {
  terrainTime: [33m0.6873999999952503[39m,
  biomeTime: [33m147.40180000000692[39m,
  resourceTime: [33m0.12630000000353903[39m,
  structureTime: [33m0.04949999999371357[39m,
  riverTime: [33m0.007300000012037344[39m,
  totalTime: [33m148.33669999999984[39m
}
Chunk (1, 1) generation metrics: {
  terrainTime: [33m0.6376000000018394[39m,
  biomeTime: [33m148.6253999999899[39m,
  resourceTime: [33m0.12780000000202563[39m,
  structureTime: [33m0.0746999999973923[39m,
  riverTime: [33m0.006999999997788109[39m,
  totalTime: [33m149.4953999999998[39m
}
Loaded 9 chunks in 1230.84ms
World generated with seed: 12345
Chunk (-1, -1) generation metrics: {
  terrainTime: [33m0.6567000000068219[39m,
  biomeTime: [33m140.93480000000272[39m,
  resourceTime: [33m0.11699999999837019[39m,
  structureTime: [33m0.06380000000353903[39m,
  riverTime: [33m0.022400000001653098[39m,
  totalTime: [33m141.8133999999991[39m
}
Chunk (0, -1) generation metrics: {
  terrainTime: [33m0.6699999999982538[39m,
  biomeTime: [33m156.9360000000015[39m,
  resourceTime: [33m0.12470000000030268[39m,
  structureTime: [33m0.07059999999182764[39m,
  riverTime: [33m0.00999999999476131[39m,
  totalTime: [33m157.83390000001236[39m
}
Chunk (1, -1) generation metrics: {
  terrainTime: [33m0.6590999999898486[39m,
  biomeTime: [33m162.53779999999097[39m,
  resourceTime: [33m0.12110000000393484[39m,
  structureTime: [33m0.0659999999916181[39m,
  riverTime: [33m0.00939999999536667[39m,
  totalTime: [33m163.4161000000022[39m
}
Chunk (-1, 0) generation metrics: {
  terrainTime: [33m0.6599999999889405[39m,
  biomeTime: [33m146.41790000000037[39m,
  resourceTime: [33m0.13109999999869615[39m,
  structureTime: [33m0.07670000000507571[39m,
  riverTime: [33m0.014800000004470348[39m,
  totalTime: [33m147.3237999999983[39m
}
Chunk (0, 0) generation metrics: {
  terrainTime: [33m0.6698000000033062[39m,
  biomeTime: [33m159.55419999999867[39m,
  resourceTime: [33m0.12589999999909196[39m,
  structureTime: [33m0.0639999999984866[39m,
  riverTime: [33m0.009500000000116415[39m,
  totalTime: [33m160.4444999999978[39m
}
Chunk (1, 0) generation metrics: {
  terrainTime: [33m0.664600000003702[39m,
  biomeTime: [33m145.46989999999641[39m,
  resourceTime: [33m0.12380000000121072[39m,
  structureTime: [33m0.08160000000498258[39m,
  riverTime: [33m0.0063999999983934686[39m,
  totalTime: [33m146.38309999999183[39m
}
Chunk (-1, 1) generation metrics: {
  terrainTime: [33m0.6708999999973457[39m,
  biomeTime: [33m150.5225999999966[39m,
  resourceTime: [33m0.12189999999827705[39m,
  structureTime: [33m0.046800000010989606[39m,
  riverTime: [33m0.008099999991827644[39m,
  totalTime: [33m151.38730000000214[39m
}
Chunk (0, 1) generation metrics: {
  terrainTime: [33m0.6514999999926658[39m,
  biomeTime: [33m147.80160000000615[39m,
  resourceTime: [33m0.12679999999818392[39m,
  structureTime: [33m0.053800000008777715[39m,
  riverTime: [33m0.007499999992433004[39m,
  totalTime: [33m148.66029999998864[39m
}
Chunk (1, 1) generation metrics: {
  terrainTime: [33m0.6776000000099884[39m,
  biomeTime: [33m146.3847999999998[39m,
  resourceTime: [33m0.1239999999961583[39m,
  structureTime: [33m0.04749999998603016[39m,
  riverTime: [33m0.005999999993946403[39m,
  totalTime: [33m147.25790000001143[39m
}
Loaded 9 chunks in 1367.54ms
World generated with seed: 12345
Chunk (-1, -1) generation metrics: {
  terrainTime: [33m0.667299999986426[39m,
  biomeTime: [33m139.47559999999066[39m,
  resourceTime: [33m0.12660000000323635[39m,
  structureTime: [33m0.04879999998956919[39m,
  riverTime: [33m0.06120000001101289[39m,
  totalTime: [33m140.39760000001115[39m
}
Chunk (0, -1) generation metrics: {
  terrainTime: [33m0.7307000000000698[39m,
  biomeTime: [33m139.7158999999956[39m,
  resourceTime: [33m0.07210000000486616[39m,
  structureTime: [33m0.05969999999797437[39m,
  riverTime: [33m0.026100000002770685[39m,
  totalTime: [33m140.62369999999646[39m
}
Chunk (1, -1) generation metrics: {
  terrainTime: [33m0.4602000000013504[39m,
  biomeTime: [33m155.77760000000126[39m,
  resourceTime: [33m0.12829999999667052[39m,
  structureTime: [33m0.07129999999597203[39m,
  riverTime: [33m0.06510000000707805[39m,
  totalTime: [33m156.52449999999953[39m
}
Chunk (-1, 0) generation metrics: {
  terrainTime: [33m0.690600000001723[39m,
  biomeTime: [33m200.66810000000987[39m,
  resourceTime: [33m0.12570000000414439[39m,
  structureTime: [33m0.08320000000821892[39m,
  riverTime: [33m0.05819999999948777[39m,
  totalTime: [33m201.64880000000994[39m
}
Chunk (0, 0) generation metrics: {
  terrainTime: [33m0.6772000000055414[39m,
  biomeTime: [33m168.20230000000447[39m,
  resourceTime: [33m0.12930000000051223[39m,
  structureTime: [33m0.06939999999303836[39m,
  riverTime: [33m0.02929999999469146[39m,
  totalTime: [33m169.12920000001031[39m
}
Chunk (1, 0) generation metrics: {
  terrainTime: [33m0.6519000000116648[39m,
  biomeTime: [33m144.4472999999998[39m,
  resourceTime: [33m0.151400000002468[39m,
  structureTime: [33m2.344700000001467[39m,
  riverTime: [33m0.05099999999220017[39m,
  totalTime: [33m147.6692000000039[39m
}
Chunk (-1, 1) generation metrics: {
  terrainTime: [33m0.6603999999933876[39m,
  biomeTime: [33m159.9872999999934[39m,
  resourceTime: [33m0.12519999999494758[39m,
  structureTime: [33m0.06479999999282882[39m,
  riverTime: [33m0.029900000008638017[39m,
  totalTime: [33m160.89020000000892[39m
}
Chunk (0, 1) generation metrics: {
  terrainTime: [33m0.6336000000010245[39m,
  biomeTime: [33m153.62820000000647[39m,
  resourceTime: [33m0.1284999999916181[39m,
  structureTime: [33m0.06590000000142027[39m,
  riverTime: [33m0.01660000000265427[39m,
  totalTime: [33m154.49609999998938[39m
}
Chunk (1, 1) generation metrics: {
  terrainTime: [33m0.6441999999951804[39m,
  biomeTime: [33m155.38060000000405[39m,
  resourceTime: [33m0.1292000000103144[39m,
  structureTime: [33m0.06739999999990687[39m,
  riverTime: [33m0.033600000009755604[39m,
  totalTime: [33m156.2774999999965[39m
}
Loaded 9 chunks in 1429.27ms
World generated with seed: 12345
Chunk (-1, -1) generation metrics: {
  terrainTime: [33m0.6598999999987427[39m,
  biomeTime: [33m150.9475000000093[39m,
  resourceTime: [33m0.132499999992433[39m,
  structureTime: [33m0.0771999999997206[39m,
  riverTime: [33m0.04770000001008157[39m,
  totalTime: [33m151.88860000000568[39m
}
Chunk (0, -1) generation metrics: {
  terrainTime: [33m0.6887999999889871[39m,
  biomeTime: [33m212.65200000000186[39m,
  resourceTime: [33m0.12280000001192093[39m,
  structureTime: [33m0.06650000000081491[39m,
  riverTime: [33m0.046600000001490116[39m,
  totalTime: [33m213.59829999999783[39m
}
Chunk (1, -1) generation metrics: {
  terrainTime: [33m0.6462000000028638[39m,
  biomeTime: [33m300.94490000000224[39m,
  resourceTime: [33m0.12860000001091976[39m,
  structureTime: [33m0.06650000000081491[39m,
  riverTime: [33m0.06969999999273568[39m,
  totalTime: [33m301.8796000000002[39m
}
Chunk (-1, 0) generation metrics: {
  terrainTime: [33m0.6778999999951338[39m,
  biomeTime: [33m148.56099999998696[39m,
  resourceTime: [33m0.08280000000377186[39m,
  structureTime: [33m0.06040000000211876[39m,
  riverTime: [33m0.042700000005424954[39m,
  totalTime: [33m149.44170000001031[39m
}
Chunk (0, 0) generation metrics: {
  terrainTime: [33m0.46649999999499414[39m,
  biomeTime: [33m127.39059999999881[39m,
  resourceTime: [33m0.1255000000091968[39m,
  structureTime: [33m0.07050000000162981[39m,
  riverTime: [33m0.05930000000807922[39m,
  totalTime: [33m128.13409999999567[39m
}
Chunk (1, 0) generation metrics: {
  terrainTime: [33m0.669499999989057[39m,
  biomeTime: [33m131.5524000000005[39m,
  resourceTime: [33m0.12639999999373686[39m,
  structureTime: [33m0.05680000000575092[39m,
  riverTime: [33m0.062000000005355105[39m,
  totalTime: [33m132.48579999999492[39m
}
Chunk (-1, 1) generation metrics: {
  terrainTime: [33m0.6805000000022119[39m,
  biomeTime: [33m138.38910000000033[39m,
  resourceTime: [33m0.14329999999608845[39m,
  structureTime: [33m0.07039999999688007[39m,
  riverTime: [33m0.05720000001019798[39m,
  totalTime: [33m139.35980000000563[39m
}
Chunk (0, 1) generation metrics: {
  terrainTime: [33m0.6569000000017695[39m,
  biomeTime: [33m145.70359999999346[39m,
  resourceTime: [33m0.1239999999961583[39m,
  structureTime: [33m0.06580000001122244[39m,
  riverTime: [33m0.055699999997159466[39m,
  totalTime: [33m146.626700000008[39m
}
Chunk (1, 1) generation metrics: {
  terrainTime: [33m0.6612999999924796[39m,
  biomeTime: [33m145.80539999999746[39m,
  resourceTime: [33m0.06859999999869615[39m,
  structureTime: [33m0.05680000000575092[39m,
  riverTime: [33m0.03680000000167638[39m,
  totalTime: [33m146.64680000000226[39m
}
Loaded 9 chunks in 1511.74ms
World generated with seed: 12345
DemoApp destroyed

[90mstdout[2m | demo/src/ui/WorldGeneration.integration.test.ts[2m > [22m[2mWorld Generation Flow Integration[2m > [22m[2mParameter Range Testing[2m > [22m[2mBiome Parameters[2m > [22m[2mshould handle temperatureScale range (0.001 to 0.01)[22m[39m
DemoApp initialized successfully
Chunk (-1, -1) generation metrics: {
  terrainTime: [33m0.39209999999729916[39m,
  biomeTime: [33m138.19869999999355[39m,
  resourceTime: [33m0.12140000000363216[39m,
  structureTime: [33m0.055600000006961636[39m,
  riverTime: [33m0.1030999999929918[39m,
  totalTime: [33m138.88679999999295[39m
}
Chunk (0, -1) generation metrics: {
  terrainTime: [33m0.638200000001234[39m,
  biomeTime: [33m140.94770000000426[39m,
  resourceTime: [33m0.09049999999115244[39m,
  structureTime: [33m0.05289999999513384[39m,
  riverTime: [33m0.004800000009709038[39m,
  totalTime: [33m141.7566000000079[39m
}
Chunk (1, -1) generation metrics: {
  terrainTime: [33m0.41220000000612345[39m,
  biomeTime: [33m140.89389999999548[39m,
  resourceTime: [33m0.12490000000980217[39m,
  structureTime: [33m0.07829999999376014[39m,
  riverTime: [33m0.04890000000887085[39m,
  totalTime: [33m141.57630000000063[39m
}
Chunk (-1, 0) generation metrics: {
  terrainTime: [33m0.6263999999937369[39m,
  biomeTime: [33m129.16059999998834[39m,
  resourceTime: [33m0.1300000000046566[39m,
  structureTime: [33m0.0819000000046799[39m,
  riverTime: [33m0.10869999999704305[39m,
  totalTime: [33m130.12970000000496[39m
}
Chunk (0, 0) generation metrics: {
  terrainTime: [33m0.6284000000014203[39m,
  biomeTime: [33m130.07559999999648[39m,
  resourceTime: [33m0.07159999999566935[39m,
  structureTime: [33m0.05039999999280553[39m,
  riverTime: [33m0.004300000000512227[39m,
  totalTime: [33m130.84900000000198[39m
}
Chunk (1, 0) generation metrics: {
  terrainTime: [33m0.40129999999771826[39m,
  biomeTime: [33m136.7902000000031[39m,
  resourceTime: [33m0.16749999999592546[39m,
  structureTime: [33m0.08719999999448191[39m,
  riverTime: [33m0.005199999999604188[39m,
  totalTime: [33m137.46799999999348[39m
}
Chunk (-1, 1) generation metrics: {
  terrainTime: [33m0.8059999999968568[39m,
  biomeTime: [33m141.7326999999932[39m,
  resourceTime: [33m0.12690000000293367[39m,
  structureTime: [33m0.061199999996460974[39m,
  riverTime: [33m0.006699999998090789[39m,
  totalTime: [33m142.75229999999283[39m
}
Chunk (0, 1) generation metrics: {
  terrainTime: [33m0.6144999999960419[39m,
  biomeTime: [33m149.94199999999546[39m,
  resourceTime: [33m0.11990000000514556[39m,
  structureTime: [33m0.053599999999278225[39m,
  riverTime: [33m0.0063999999983934686[39m,
  totalTime: [33m150.75379999999132[39m
}
Chunk (1, 1) generation metrics: {
  terrainTime: [33m0.7023000000044703[39m,
  biomeTime: [33m149.64579999999842[39m,
  resourceTime: [33m0.13100000000849832[39m,
  structureTime: [33m0.05860000000393484[39m,
  riverTime: [33m0.006700000012642704[39m,
  totalTime: [33m150.5633999999991[39m
}
Loaded 9 chunks in 1266.32ms
World generated with seed: 12345
Chunk (-1, -1) generation metrics: {
  terrainTime: [33m0.6284000000014203[39m,
  biomeTime: [33m169.74580000000424[39m,
  resourceTime: [33m0.12790000000677537[39m,
  structureTime: [33m0.08289999999396969[39m,
  riverTime: [33m0.11100000000442378[39m,
  totalTime: [33m170.71390000000247[39m
}
Chunk (0, -1) generation metrics: {
  terrainTime: [33m0.6916999999957625[39m,
  biomeTime: [33m157.84900000000198[39m,
  resourceTime: [33m0.16689999999653082[39m,
  structureTime: [33m0.05980000000272412[39m,
  riverTime: [33m0.014400000000023283[39m,
  totalTime: [33m158.83640000000014[39m
}
Chunk (1, -1) generation metrics: {
  terrainTime: [33m0.8484000000025844[39m,
  biomeTime: [33m142.3686000000016[39m,
  resourceTime: [33m0.11950000000069849[39m,
  structureTime: [33m0.0473000000056345[39m,
  riverTime: [33m0.033100000000558794[39m,
  totalTime: [33m143.4326000000001[39m
}
Chunk (-1, 0) generation metrics: {
  terrainTime: [33m0.6002000000007683[39m,
  biomeTime: [33m150.06840000000375[39m,
  resourceTime: [33m0.12279999999736901[39m,
  structureTime: [33m0.07240000000456348[39m,
  riverTime: [33m0.17250000000058208[39m,
  totalTime: [33m151.05319999999483[39m
}
Chunk (0, 0) generation metrics: {
  terrainTime: [33m0.5999999999912689[39m,
  biomeTime: [33m157.17919999999867[39m,
  resourceTime: [33m0.1309999999939464[39m,
  structureTime: [33m0.06010000000242144[39m,
  riverTime: [33m0.007400000002235174[39m,
  totalTime: [33m157.99739999999292[39m
}
Chunk (1, 0) generation metrics: {
  terrainTime: [33m0.6472000000067055[39m,
  biomeTime: [33m149.3365000000049[39m,
  resourceTime: [33m0.13450000000011642[39m,
  structureTime: [33m0.0761999999958789[39m,
  riverTime: [33m0.007400000002235174[39m,
  totalTime: [33m150.22479999999632[39m
}
Chunk (-1, 1) generation metrics: {
  terrainTime: [33m0.625899999999092[39m,
  biomeTime: [33m144.86039999999048[39m,
  resourceTime: [33m0.13210000000253785[39m,
  structureTime: [33m0.0610000000015134[39m,
  riverTime: [33m0.006800000002840534[39m,
  totalTime: [33m145.70689999999013[39m
}
Chunk (0, 1) generation metrics: {
  terrainTime: [33m0.6296000000002095[39m,
  biomeTime: [33m159.14229999999225[39m,
  resourceTime: [33m0.11849999999685679[39m,
  structureTime: [33m0.052999999999883585[39m,
  riverTime: [33m0.005600000004051253[39m,
  totalTime: [33m159.96699999998964[39m
}
Chunk (1, 1) generation metrics: {
  terrainTime: [33m0.6844999999884749[39m,
  biomeTime: [33m158.15460000000894[39m,
  resourceTime: [33m0.13659999999799766[39m,
  structureTime: [33m0.05340000000433065[39m,
  riverTime: [33m0.007500000006984919[39m,
  totalTime: [33m159.05560000000696[39m
}
Loaded 9 chunks in 1398.65ms
World generated with seed: 12345
Chunk (-1, -1) generation metrics: {
  terrainTime: [33m0.6378999999869848[39m,
  biomeTime: [33m156.91889999998966[39m,
  resourceTime: [33m0.11289999999280553[39m,
  structureTime: [33m0.05740000000514556[39m,
  riverTime: [33m0.10340000000724103[39m,
  totalTime: [33m157.84949999999662[39m
}
Chunk (0, -1) generation metrics: {
  terrainTime: [33m0.635999999998603[39m,
  biomeTime: [33m145.62579999999434[39m,
  resourceTime: [33m0.1239999999961583[39m,
  structureTime: [33m0.044200000003911555[39m,
  riverTime: [33m0.006600000007892959[39m,
  totalTime: [33m146.4533000000083[39m
}
Chunk (1, -1) generation metrics: {
  terrainTime: [33m0.7859000000025844[39m,
  biomeTime: [33m149.26979999999458[39m,
  resourceTime: [33m0.12879999999131542[39m,
  structureTime: [33m0.06040000000211876[39m,
  riverTime: [33m0.03500000000349246[39m,
  totalTime: [33m150.30040000000736[39m
}
Chunk (-1, 0) generation metrics: {
  terrainTime: [33m0.6699000000080559[39m,
  biomeTime: [33m137.43210000000545[39m,
  resourceTime: [33m0.12570000000414439[39m,
  structureTime: [33m0.06319999998959247[39m,
  riverTime: [33m0.10030000000551809[39m,
  totalTime: [33m138.41259999999602[39m
}
Chunk (0, 0) generation metrics: {
  terrainTime: [33m0.6525999999867054[39m,
  biomeTime: [33m134.0457999999926[39m,
  resourceTime: [33m0.12299999999231659[39m,
  structureTime: [33m0.07540000000153668[39m,
  riverTime: [33m0.007700000001932494[39m,
  totalTime: [33m134.93530000001192[39m
}
Chunk (1, 0) generation metrics: {
  terrainTime: [33m0.6261999999987893[39m,
  biomeTime: [33m143.6533000000054[39m,
  resourceTime: [33m0.1386999999958789[39m,
  structureTime: [33m0.07430000000749715[39m,
  riverTime: [33m0.006099999998696148[39m,
  totalTime: [33m144.52009999999427[39m
}
Chunk (-1, 1) generation metrics: {
  terrainTime: [33m0.8619000000035157[39m,
  biomeTime: [33m165.11889999998675[39m,
  resourceTime: [33m0.0702000000019325[39m,
  structureTime: [33m0.04980000000796281[39m,
  riverTime: [33m0.004399999990710057[39m,
  totalTime: [33m166.1249000000098[39m
}
Chunk (0, 1) generation metrics: {
  terrainTime: [33m0.49139999999897555[39m,
  biomeTime: [33m146.87609999999404[39m,
  resourceTime: [33m0.07009999999718275[39m,
  structureTime: [33m0.05559999999240972[39m,
  riverTime: [33m0.005399999994551763[39m,
  totalTime: [33m147.51620000001276[39m
}
Chunk (1, 1) generation metrics: {
  terrainTime: [33m0.8386000000027707[39m,
  biomeTime: [33m136.27569999999832[39m,
  resourceTime: [33m0.07130000001052395[39m,
  structureTime: [33m0.04809999999997672[39m,
  riverTime: [33m0.004000000000814907[39m,
  totalTime: [33m137.25650000000314[39m
}
Loaded 9 chunks in 1325.60ms
World generated with seed: 12345
Chunk (-1, -1) generation metrics: {
  terrainTime: [33m0.4211000000068452[39m,
  biomeTime: [33m117.26529999999912[39m,
  resourceTime: [33m0.06759999999485444[39m,
  structureTime: [33m0.04989999999816064[39m,
  riverTime: [33m0.0702000000019325[39m,
  totalTime: [33m117.88919999999052[39m
}
Chunk (0, -1) generation metrics: {
  terrainTime: [33m0.4492000000027474[39m,
  biomeTime: [33m150.11530000000494[39m,
  resourceTime: [33m0.1269999999931315[39m,
  structureTime: [33m0.06470000000263099[39m,
  riverTime: [33m0.0062000000034458935[39m,
  totalTime: [33m150.7838999999949[39m
}
Chunk (1, -1) generation metrics: {
  terrainTime: [33m0.6343999999953667[39m,
  biomeTime: [33m165.41090000000258[39m,
  resourceTime: [33m0.12510000000474975[39m,
  structureTime: [33m0.06499999998777639[39m,
  riverTime: [33m0.03640000001178123[39m,
  totalTime: [33m166.2960000000021[39m
}
Chunk (-1, 0) generation metrics: {
  terrainTime: [33m0.6519999999873107[39m,
  biomeTime: [33m148.41199999999662[39m,
  resourceTime: [33m0.13289999999688007[39m,
  structureTime: [33m0.07739999999466818[39m,
  riverTime: [33m0.10369999999238644[39m,
  totalTime: [33m149.39890000000014[39m
}
Chunk (0, 0) generation metrics: {
  terrainTime: [33m0.6417999999976018[39m,
  biomeTime: [33m141.82180000000517[39m,
  resourceTime: [33m0.25639999999839347[39m,
  structureTime: [33m0.11650000000372529[39m,
  riverTime: [33m0.006999999997788109[39m,
  totalTime: [33m142.8735000000015[39m
}
Chunk (1, 0) generation metrics: {
  terrainTime: [33m0.7024999999994179[39m,
  biomeTime: [33m144.4869999999937[39m,
  resourceTime: [33m0.12169999998877756[39m,
  structureTime: [33m0.0844000000070082[39m,
  riverTime: [33m0.006299999993643723[39m,
  totalTime: [33m145.42489999999816[39m
}
Chunk (-1, 1) generation metrics: {
  terrainTime: [33m0.6220999999932246[39m,
  biomeTime: [33m142.60409999999683[39m,
  resourceTime: [33m0.11050000000977889[39m,
  structureTime: [33m0.06429999999818392[39m,
  riverTime: [33m0.006800000002840534[39m,
  totalTime: [33m143.43009999999776[39m
}
Chunk (0, 1) generation metrics: {
  terrainTime: [33m0.9393000000127358[39m,
  biomeTime: [33m155.90170000000217[39m,
  resourceTime: [33m0.1301999999996042[39m,
  structureTime: [33m0.07660000000032596[39m,
  riverTime: [33m0.007400000002235174[39m,
  totalTime: [33m157.07910000000265[39m
}
Chunk (1, 1) generation metrics: {
  terrainTime: [33m0.9501000000018394[39m,
  biomeTime: [33m156.199099999998[39m,
  resourceTime: [33m0.1315000000031432[39m,
  structureTime: [33m0.0639999999984866[39m,
  riverTime: [33m0.006699999998090789[39m,
  totalTime: [33m157.3741000000009[39m
}
Loaded 9 chunks in 1332.26ms
World generated with seed: 12345
DemoApp destroyed

[90mstdout[2m | demo/src/ui/WorldGeneration.integration.test.ts[2m > [22m[2mWorld Generation Flow Integration[2m > [22m[2mParameter Range Testing[2m > [22m[2mBiome Parameters[2m > [22m[2mshould handle moistureScale range (0.001 to 0.01)[22m[39m
DemoApp initialized successfully
Chunk (-1, -1) generation metrics: {
  terrainTime: [33m0.622799999997369[39m,
  biomeTime: [33m160.12270000000717[39m,
  resourceTime: [33m0.12490000000980217[39m,
  structureTime: [33m0.08220000000437722[39m,
  riverTime: [33m0.1053000000101747[39m,
  totalTime: [33m161.07979999999225[39m
}
Chunk (0, -1) generation metrics: {
  terrainTime: [33m0.6472000000067055[39m,
  biomeTime: [33m138.21779999999853[39m,
  resourceTime: [33m0.12640000000828877[39m,
  structureTime: [33m0.04919999999401625[39m,
  riverTime: [33m0.0060000000084983185[39m,
  totalTime: [33m139.06479999999283[39m
}
Chunk (1, -1) generation metrics: {
  terrainTime: [33m0.6340000000054715[39m,
  biomeTime: [33m144.58910000001197[39m,
  resourceTime: [33m0.12680000001273584[39m,
  structureTime: [33m0.060899999996763654[39m,
  riverTime: [33m0.03500000000349246[39m,
  totalTime: [33m145.46510000000126[39m
}
Chunk (-1, 0) generation metrics: {
  terrainTime: [33m0.6235000000015134[39m,
  biomeTime: [33m127.98720000000321[39m,
  resourceTime: [33m0.12329999999201391[39m,
  structureTime: [33m0.09840000000258442[39m,
  riverTime: [33m0.10490000000572763[39m,
  totalTime: [33m128.95660000000498[39m
}
Chunk (0, 0) generation metrics: {
  terrainTime: [33m0.6204999999899883[39m,
  biomeTime: [33m134.99009999999544[39m,
  resourceTime: [33m0.12639999999373686[39m,
  structureTime: [33m0.036099999997531995[39m,
  riverTime: [33m0.005300000004353933[39m,
  totalTime: [33m135.7962000000116[39m
}
Chunk (1, 0) generation metrics: {
  terrainTime: [33m0.598599999997532[39m,
  biomeTime: [33m119.51390000000538[39m,
  resourceTime: [33m0.1239999999961583[39m,
  structureTime: [33m0.0746999999973923[39m,
  riverTime: [33m0.006099999998696148[39m,
  totalTime: [33m120.33389999999781[39m
}
Chunk (-1, 1) generation metrics: {
  terrainTime: [33m0.6235000000015134[39m,
  biomeTime: [33m144.71519999999146[39m,
  resourceTime: [33m0.12459999999555293[39m,
  structureTime: [33m0.06560000000172295[39m,
  riverTime: [33m0.006899999993038364[39m,
  totalTime: [33m145.55659999999625[39m
}
Chunk (0, 1) generation metrics: {
  terrainTime: [33m0.6088000000017928[39m,
  biomeTime: [33m138.84509999999136[39m,
  resourceTime: [33m0.06979999999748543[39m,
  structureTime: [33m0.05839999999443535[39m,
  riverTime: [33m0.004700000004959293[39m,
  totalTime: [33m139.60310000000754[39m
}
Chunk (1, 1) generation metrics: {
  terrainTime: [33m0.39549999999871943[39m,
  biomeTime: [33m159.39710000000196[39m,
  resourceTime: [33m0.06919999999809079[39m,
  structureTime: [33m0.05040000000735745[39m,
  riverTime: [33m0.004199999995762482[39m,
  totalTime: [33m159.92939999999362[39m
}
Loaded 9 chunks in 1277.41ms
World generated with seed: 12345
Chunk (-1, -1) generation metrics: {
  terrainTime: [33m0.4128999999957159[39m,
  biomeTime: [33m137.34649999999965[39m,
  resourceTime: [33m0.1426999999966938[39m,
  structureTime: [33m0.08560000000579748[39m,
  riverTime: [33m0.12119999999413267[39m,
  totalTime: [33m138.13919999999052[39m
}
Chunk (0, -1) generation metrics: {
  terrainTime: [33m0.6422000000020489[39m,
  biomeTime: [33m133.85640000000421[39m,
  resourceTime: [33m0.13079999999899883[39m,
  structureTime: [33m0.06919999999809079[39m,
  riverTime: [33m0.006699999998090789[39m,
  totalTime: [33m134.72580000000016[39m
}
Chunk (1, -1) generation metrics: {
  terrainTime: [33m0.6339000000007218[39m,
  biomeTime: [33m154.49190000000817[39m,
  resourceTime: [33m0.12380000000121072[39m,
  structureTime: [33m0.06620000000111759[39m,
  riverTime: [33m0.038499999995110556[39m,
  totalTime: [33m155.41650000000664[39m
}
Chunk (-1, 0) generation metrics: {
  terrainTime: [33m0.6052999999956228[39m,
  biomeTime: [33m144.5411999999924[39m,
  resourceTime: [33m0.12049999998998828[39m,
  structureTime: [33m0.083199999993667[39m,
  riverTime: [33m0.1075999999884516[39m,
  totalTime: [33m145.48300000000745[39m
}
Chunk (0, 0) generation metrics: {
  terrainTime: [33m0.625[39m,
  biomeTime: [33m135.40840000000026[39m,
  resourceTime: [33m0.12339999999676365[39m,
  structureTime: [33m0.052400000000488944[39m,
  riverTime: [33m0.006600000007892959[39m,
  totalTime: [33m136.2332000000024[39m
}
Chunk (1, 0) generation metrics: {
  terrainTime: [33m0.6370999999926426[39m,
  biomeTime: [33m161.41259999999602[39m,
  resourceTime: [33m0.12219999999797437[39m,
  structureTime: [33m0.07390000000305008[39m,
  riverTime: [33m0.006099999998696148[39m,
  totalTime: [33m162.26989999999932[39m
}
Chunk (-1, 1) generation metrics: {
  terrainTime: [33m0.6578000000008615[39m,
  biomeTime: [33m165.214799999987[39m,
  resourceTime: [33m0.12420000000565778[39m,
  structureTime: [33m0.06190000000060536[39m,
  riverTime: [33m0.0063999999983934686[39m,
  totalTime: [33m166.08370000000286[39m
}
Chunk (0, 1) generation metrics: {
  terrainTime: [33m1.2441000000108033[39m,
  biomeTime: [33m151.726800000004[39m,
  resourceTime: [33m0.12579999999434222[39m,
  structureTime: [33m0.07330000000365544[39m,
  riverTime: [33m0.007900000011431985[39m,
  totalTime: [33m153.19980000000214[39m
}
Chunk (1, 1) generation metrics: {
  terrainTime: [33m0.6268999999883818[39m,
  biomeTime: [33m147.4426999999996[39m,
  resourceTime: [33m0.15029999999387655[39m,
  structureTime: [33m0.04739999999583233[39m,
  riverTime: [33m0.005300000004353933[39m,
  totalTime: [33m148.28680000000168[39m
}
Loaded 9 chunks in 1341.58ms
World generated with seed: 12345
Chunk (-1, -1) generation metrics: {
  terrainTime: [33m0.43980000000738073[39m,
  biomeTime: [33m138.33710000000428[39m,
  resourceTime: [33m0.1254999999946449[39m,
  structureTime: [33m0.06049999999231659[39m,
  riverTime: [33m0.10910000000149012[39m,
  totalTime: [33m139.08669999999984[39m
}
Chunk (0, -1) generation metrics: {
  terrainTime: [33m0.6469000000070082[39m,
  biomeTime: [33m142.57829999999376[39m,
  resourceTime: [33m0.07309999999415595[39m,
  structureTime: [33m0.04439999999885913[39m,
  riverTime: [33m0.004799999995157123[39m,
  totalTime: [33m143.3646000000008[39m
}
Chunk (1, -1) generation metrics: {
  terrainTime: [33m0.5865000000048894[39m,
  biomeTime: [33m130.51780000000144[39m,
  resourceTime: [33m0.07089999999152496[39m,
  structureTime: [33m0.046900000001187436[39m,
  riverTime: [33m0.027399999991757795[39m,
  totalTime: [33m131.26260000000184[39m
}
Chunk (-1, 0) generation metrics: {
  terrainTime: [33m0.4409999999916181[39m,
  biomeTime: [33m125.72500000000582[39m,
  resourceTime: [33m0.1269999999931315[39m,
  structureTime: [33m0.07970000000204891[39m,
  riverTime: [33m0.1085999999922933[39m,
  totalTime: [33m126.49880000000121[39m
}
Chunk (0, 0) generation metrics: {
  terrainTime: [33m0.6451999999990221[39m,
  biomeTime: [33m132.7780999999959[39m,
  resourceTime: [33m0.11989999999059364[39m,
  structureTime: [33m0.07379999999830034[39m,
  riverTime: [33m0.006100000013248064[39m,
  totalTime: [33m133.64470000000438[39m
}
Chunk (1, 0) generation metrics: {
  terrainTime: [33m0.6264000000082888[39m,
  biomeTime: [33m143.9371000000101[39m,
  resourceTime: [33m0.12490000000980217[39m,
  structureTime: [33m0.07430000000749715[39m,
  riverTime: [33m0.005799999998998828[39m,
  totalTime: [33m144.78519999999844[39m
}
Chunk (-1, 1) generation metrics: {
  terrainTime: [33m0.6379000000015367[39m,
  biomeTime: [33m140.95500000000175[39m,
  resourceTime: [33m0.12129999999888241[39m,
  structureTime: [33m0.06390000000828877[39m,
  riverTime: [33m0.006099999998696148[39m,
  totalTime: [33m141.80169999999634[39m
}
Chunk (0, 1) generation metrics: {
  terrainTime: [33m0.6275000000023283[39m,
  biomeTime: [33m155.64040000000386[39m,
  resourceTime: [33m0.1299999999901047[39m,
  structureTime: [33m0.07480000000214204[39m,
  riverTime: [33m0.007500000006984919[39m,
  totalTime: [33m156.50339999998687[39m
}
Chunk (1, 1) generation metrics: {
  terrainTime: [33m0.6290000000008149[39m,
  biomeTime: [33m143.28230000000622[39m,
  resourceTime: [33m0.12619999999878928[39m,
  structureTime: [33m0.07440000001224689[39m,
  riverTime: [33m0.008600000001024455[39m,
  totalTime: [33m144.14100000000326[39m
}
Loaded 9 chunks in 1262.67ms
World generated with seed: 12345
Chunk (-1, -1) generation metrics: {
  terrainTime: [33m0.5987000000022817[39m,
  biomeTime: [33m128.84870000000228[39m,
  resourceTime: [33m0.1190000000060536[39m,
  structureTime: [33m0.0746999999973923[39m,
  riverTime: [33m0.20489999999699648[39m,
  totalTime: [33m129.86629999999423[39m
}
Chunk (0, -1) generation metrics: {
  terrainTime: [33m0.6143000000010943[39m,
  biomeTime: [33m135.1356000000087[39m,
  resourceTime: [33m0.07060000000637956[39m,
  structureTime: [33m0.05139999999664724[39m,
  riverTime: [33m0.003699999986565672[39m,
  totalTime: [33m135.8935000000056[39m
}
Chunk (1, -1) generation metrics: {
  terrainTime: [33m0.4455000000016298[39m,
  biomeTime: [33m146.72369999998773[39m,
  resourceTime: [33m0.12329999999201391[39m,
  structureTime: [33m0.0629999999946449[39m,
  riverTime: [33m0.035400000007939525[39m,
  totalTime: [33m147.4094999999943[39m
}
Chunk (-1, 0) generation metrics: {
  terrainTime: [33m0.6251999999949476[39m,
  biomeTime: [33m129.55359999999928[39m,
  resourceTime: [33m0.06990000000223517[39m,
  structureTime: [33m0.05989999999292195[39m,
  riverTime: [33m0.07189999999536667[39m,
  totalTime: [33m130.39620000000286[39m
}
Chunk (0, 0) generation metrics: {
  terrainTime: [33m0.42620000000169966[39m,
  biomeTime: [33m129.52629999999772[39m,
  resourceTime: [33m0.11780000000726432[39m,
  structureTime: [33m0.054499999998370185[39m,
  riverTime: [33m0.005999999993946403[39m,
  totalTime: [33m130.14489999999932[39m
}
Chunk (1, 0) generation metrics: {
  terrainTime: [33m0.6140999999915948[39m,
  biomeTime: [33m139.88999999999942[39m,
  resourceTime: [33m0.12339999999676365[39m,
  structureTime: [33m0.06000000001222361[39m,
  riverTime: [33m0.006500000003143214[39m,
  totalTime: [33m140.7152999999962[39m
}
Chunk (-1, 1) generation metrics: {
  terrainTime: [33m0.6444999999948777[39m,
  biomeTime: [33m144.62219999999797[39m,
  resourceTime: [33m0.12470000000030268[39m,
  structureTime: [33m0.0639999999984866[39m,
  riverTime: [33m0.006899999993038364[39m,
  totalTime: [33m145.48089999999502[39m
}
Chunk (0, 1) generation metrics: {
  terrainTime: [33m0.6186000000016065[39m,
  biomeTime: [33m153.60030000000552[39m,
  resourceTime: [33m0.12660000000323635[39m,
  structureTime: [33m0.07089999999152496[39m,
  riverTime: [33m0.007599999997182749[39m,
  totalTime: [33m154.4438000000082[39m
}
Chunk (1, 1) generation metrics: {
  terrainTime: [33m0.6290000000008149[39m,
  biomeTime: [33m154.6353999999992[39m,
  resourceTime: [33m0.12400000001071021[39m,
  structureTime: [33m0.06739999999990687[39m,
  riverTime: [33m0.006999999997788109[39m,
  totalTime: [33m155.48689999998896[39m
}
Loaded 9 chunks in 1271.40ms
World generated with seed: 12345
DemoApp destroyed

[90mstdout[2m | demo/src/ui/WorldGeneration.integration.test.ts[2m > [22m[2mWorld Generation Flow Integration[2m > [22m[2mParameter Range Testing[2m > [22m[2mBiome Parameters[2m > [22m[2mshould handle blendRadius range (1 to 10)[22m[39m
DemoApp initialized successfully
Chunk (-1, -1) generation metrics: {
  terrainTime: [33m0.5433000000048196[39m,
  biomeTime: [33m127.48659999998927[39m,
  resourceTime: [33m0.13579999998910353[39m,
  structureTime: [33m0.07330000000365544[39m,
  riverTime: [33m0.10420000000158325[39m,
  totalTime: [33m128.36540000000969[39m
}
Chunk (0, -1) generation metrics: {
  terrainTime: [33m0.6336000000010245[39m,
  biomeTime: [33m122.1308999999892[39m,
  resourceTime: [33m0.06829999999899883[39m,
  structureTime: [33m0.04740000001038425[39m,
  riverTime: [33m0.004000000000814907[39m,
  totalTime: [33m122.89879999999539[39m
}
Chunk (1, -1) generation metrics: {
  terrainTime: [33m0.9671999999991385[39m,
  biomeTime: [33m124.81870000000345[39m,
  resourceTime: [33m0.13109999999869615[39m,
  structureTime: [33m0.06690000000526197[39m,
  riverTime: [33m0.03900000000430737[39m,
  totalTime: [33m126.04030000000785[39m
}
Chunk (-1, 0) generation metrics: {
  terrainTime: [33m0.6521999999968102[39m,
  biomeTime: [33m100.98279999999795[39m,
  resourceTime: [33m0.0727000000042608[39m,
  structureTime: [33m0.06359999999403954[39m,
  riverTime: [33m0.07649999999557622[39m,
  totalTime: [33m101.8643000000011[39m
}
Chunk (0, 0) generation metrics: {
  terrainTime: [33m0.4566000000049826[39m,
  biomeTime: [33m124.43850000000384[39m,
  resourceTime: [33m0.12539999998989515[39m,
  structureTime: [33m0.06339999999909196[39m,
  riverTime: [33m0.006700000012642704[39m,
  totalTime: [33m125.1131000000023[39m
}
Chunk (1, 0) generation metrics: {
  terrainTime: [33m0.6167999999888707[39m,
  biomeTime: [33m119.90099999999802[39m,
  resourceTime: [33m0.12540000000444707[39m,
  structureTime: [33m0.07180000000516884[39m,
  riverTime: [33m0.007199999992735684[39m,
  totalTime: [33m120.73999999999069[39m
}
Chunk (-1, 1) generation metrics: {
  terrainTime: [33m0.6217000000033295[39m,
  biomeTime: [33m138.11470000000554[39m,
  resourceTime: [33m0.12780000000202563[39m,
  structureTime: [33m0.0789000000077067[39m,
  riverTime: [33m0.007499999992433004[39m,
  totalTime: [33m138.97580000000016[39m
}
Chunk (0, 1) generation metrics: {
  terrainTime: [33m0.6538999999902444[39m,
  biomeTime: [33m123.01429999999527[39m,
  resourceTime: [33m0.07009999999718275[39m,
  structureTime: [33m0.12989999999990687[39m,
  riverTime: [33m0.007599999997182749[39m,
  totalTime: [33m123.89280000000144[39m
}
Chunk (1, 1) generation metrics: {
  terrainTime: [33m0.6215000000083819[39m,
  biomeTime: [33m132.07670000000508[39m,
  resourceTime: [33m0.11690000000817236[39m,
  structureTime: [33m0.05490000000281725[39m,
  riverTime: [33m0.0063999999983934686[39m,
  totalTime: [33m132.91760000000068[39m
}
Loaded 9 chunks in 1122.52ms
World generated with seed: 12345
Chunk (-1, -1) generation metrics: {
  terrainTime: [33m0.6159999999945285[39m,
  biomeTime: [33m182.70960000000196[39m,
  resourceTime: [33m0.13030000000435393[39m,
  structureTime: [33m0.07200000000011642[39m,
  riverTime: [33m0.10520000000542495[39m,
  totalTime: [33m183.6588000000047[39m
}
Chunk (0, -1) generation metrics: {
  terrainTime: [33m0.6330000000016298[39m,
  biomeTime: [33m104.21870000001218[39m,
  resourceTime: [33m0.13450000000011642[39m,
  structureTime: [33m0.05919999998877756[39m,
  riverTime: [33m0.006500000003143214[39m,
  totalTime: [33m105.07030000000668[39m
}
Chunk (1, -1) generation metrics: {
  terrainTime: [33m0.6450999999942724[39m,
  biomeTime: [33m108.19250000000466[39m,
  resourceTime: [33m0.12190000001282897[39m,
  structureTime: [33m0.05620000000635628[39m,
  riverTime: [33m0.0371000000013737[39m,
  totalTime: [33m109.07229999999981[39m
}
Chunk (-1, 0) generation metrics: {
  terrainTime: [33m0.6383999999961816[39m,
  biomeTime: [33m103.81990000000224[39m,
  resourceTime: [33m0.111799999998766[39m,
  structureTime: [33m0.0819000000046799[39m,
  riverTime: [33m0.0976000000082422[39m,
  totalTime: [33m104.77039999999397[39m
}
Chunk (0, 0) generation metrics: {
  terrainTime: [33m0.6042000000015832[39m,
  biomeTime: [33m89.96439999999711[39m,
  resourceTime: [33m0.12769999999727588[39m,
  structureTime: [33m0.06379999998898711[39m,
  riverTime: [33m0.0063999999983934686[39m,
  totalTime: [33m90.78579999999783[39m
}
Chunk (1, 0) generation metrics: {
  terrainTime: [33m0.6298999999999069[39m,
  biomeTime: [33m103.976800000004[39m,
  resourceTime: [33m0.12480000000505242[39m,
  structureTime: [33m0.08430000000225846[39m,
  riverTime: [33m0.007399999987683259[39m,
  totalTime: [33m104.84509999999136[39m
}
Chunk (-1, 1) generation metrics: {
  terrainTime: [33m0.6445999999996275[39m,
  biomeTime: [33m100.98709999999846[39m,
  resourceTime: [33m0.12330000000656582[39m,
  structureTime: [33m0.07330000000365544[39m,
  riverTime: [33m0.007100000002537854[39m,
  totalTime: [33m101.85470000001078[39m
}
Chunk (0, 1) generation metrics: {
  terrainTime: [33m0.6198000000003958[39m,
  biomeTime: [33m99.99310000000696[39m,
  resourceTime: [33m0.12460000001010485[39m,
  structureTime: [33m0.07089999999152496[39m,
  riverTime: [33m0.007499999992433004[39m,
  totalTime: [33m100.83669999999984[39m
}
Chunk (1, 1) generation metrics: {
  terrainTime: [33m0.6246000000101048[39m,
  biomeTime: [33m105.8518999999942[39m,
  resourceTime: [33m0.11800000000221189[39m,
  structureTime: [33m0.06730000000970904[39m,
  riverTime: [33m0.005899999989196658[39m,
  totalTime: [33m106.68899999999849[39m
}
Loaded 9 chunks in 1009.40ms
World generated with seed: 12345
Chunk (-1, -1) generation metrics: {
  terrainTime: [33m0.6290000000008149[39m,
  biomeTime: [33m153.80900000000838[39m,
  resourceTime: [33m0.12209999999322463[39m,
  structureTime: [33m0.04080000000249129[39m,
  riverTime: [33m0.10289999999804422[39m,
  totalTime: [33m154.71760000000359[39m
}
Chunk (0, -1) generation metrics: {
  terrainTime: [33m0.6452999999892199[39m,
  biomeTime: [33m152.6460999999981[39m,
  resourceTime: [33m0.1190000000060536[39m,
  structureTime: [33m0.05119999998714775[39m,
  riverTime: [33m0.007100000002537854[39m,
  totalTime: [33m153.4823999999935[39m
}
Chunk (1, -1) generation metrics: {
  terrainTime: [33m0.6895999999978812[39m,
  biomeTime: [33m158.69019999999728[39m,
  resourceTime: [33m0.13080000001355074[39m,
  structureTime: [33m0.04740000001038425[39m,
  riverTime: [33m0.035499999998137355[39m,
  totalTime: [33m159.6122999999934[39m
}
Chunk (-1, 0) generation metrics: {
  terrainTime: [33m0.666800000006333[39m,
  biomeTime: [33m150.943299999999[39m,
  resourceTime: [33m0.12630000000353903[39m,
  structureTime: [33m0.08159999999043066[39m,
  riverTime: [33m0.10279999999329448[39m,
  totalTime: [33m151.93949999999313[39m
}
Chunk (0, 0) generation metrics: {
  terrainTime: [33m0.6392999999952735[39m,
  biomeTime: [33m163.3024000000005[39m,
  resourceTime: [33m0.12440000000060536[39m,
  structureTime: [33m0.06279999999969732[39m,
  riverTime: [33m0.006099999998696148[39m,
  totalTime: [33m164.1531999999861[39m
}
Chunk (1, 0) generation metrics: {
  terrainTime: [33m0.6177999999927124[39m,
  biomeTime: [33m163.6988999999885[39m,
  resourceTime: [33m0.13240000000223517[39m,
  structureTime: [33m0.24169999999867287[39m,
  riverTime: [33m0.02579999998852145[39m,
  totalTime: [33m164.75920000000042[39m
}
Chunk (-1, 1) generation metrics: {
  terrainTime: [33m0.6313999999983935[39m,
  biomeTime: [33m154.64130000000296[39m,
  resourceTime: [33m0.07210000000486616[39m,
  structureTime: [33m0.043000000005122274[39m,
  riverTime: [33m0.005399999994551763[39m,
  totalTime: [33m155.45279999999912[39m
}
Chunk (0, 1) generation metrics: {
  terrainTime: [33m0.4165000000066357[39m,
  biomeTime: [33m148.45829999999842[39m,
  resourceTime: [33m0.1356999999989057[39m,
  structureTime: [33m0.06939999999303836[39m,
  riverTime: [33m0.005499999999301508[39m,
  totalTime: [33m149.10289999999804[39m
}
Chunk (1, 1) generation metrics: {
  terrainTime: [33m0.4279999999998836[39m,
  biomeTime: [33m151.107600000003[39m,
  resourceTime: [33m0.1264999999984866[39m,
  structureTime: [33m0.06459999999788124[39m,
  riverTime: [33m0.006199999988893978[39m,
  totalTime: [33m151.75310000000172[39m
}
Loaded 9 chunks in 1406.83ms
World generated with seed: 12345
Chunk (-1, -1) generation metrics: {
  terrainTime: [33m0.6266000000032363[39m,
  biomeTime: [33m256.1258999999991[39m,
  resourceTime: [33m0.12989999999990687[39m,
  structureTime: [33m0.06210000001010485[39m,
  riverTime: [33m0.1070999999938067[39m,
  totalTime: [33m257.0725999999995[39m
}
Chunk (0, -1) generation metrics: {
  terrainTime: [33m0.611799999998766[39m,
  biomeTime: [33m228.04369999999471[39m,
  resourceTime: [33m0.1262000000133412[39m,
  structureTime: [33m0.07700000000477303[39m,
  riverTime: [33m0.007299999997485429[39m,
  totalTime: [33m228.88890000000538[39m
}
Chunk (1, -1) generation metrics: {
  terrainTime: [33m0.6231999999872642[39m,
  biomeTime: [33m299.82360000000335[39m,
  resourceTime: [33m0.12819999999192078[39m,
  structureTime: [33m0.07129999999597203[39m,
  riverTime: [33m0.037800000005518086[39m,
  totalTime: [33m300.70870000000286[39m
}
Chunk (-1, 0) generation metrics: {
  terrainTime: [33m0.6321999999927357[39m,
  biomeTime: [33m252.37819999999192[39m,
  resourceTime: [33m0.12099999999918509[39m,
  structureTime: [33m0.07060000000637956[39m,
  riverTime: [33m0.10599999999976717[39m,
  totalTime: [33m253.3280999999988[39m
}
Chunk (0, 0) generation metrics: {
  terrainTime: [33m0.633399999991525[39m,
  biomeTime: [33m265.5822999999946[39m,
  resourceTime: [33m0.1103000000002794[39m,
  structureTime: [33m0.05370000000402797[39m,
  riverTime: [33m0.007200000007287599[39m,
  totalTime: [33m266.40320000000065[39m
}
Chunk (1, 0) generation metrics: {
  terrainTime: [33m0.5933999999979278[39m,
  biomeTime: [33m264.3457999999955[39m,
  resourceTime: [33m0.1157999999995809[39m,
  structureTime: [33m0.06279999999969732[39m,
  riverTime: [33m0.005499999999301508[39m,
  totalTime: [33m265.1411999999982[39m
}
Chunk (-1, 1) generation metrics: {
  terrainTime: [33m0.6071999999985565[39m,
  biomeTime: [33m251.23309999999765[39m,
  resourceTime: [33m0.13060000000405125[39m,
  structureTime: [33m0.060899999996763654[39m,
  riverTime: [33m0.0063999999983934686[39m,
  totalTime: [33m252.0567999999912[39m
}
Chunk (0, 1) generation metrics: {
  terrainTime: [33m0.6343000000051688[39m,
  biomeTime: [33m256.4326000000001[39m,
  resourceTime: [33m0.09159999999974389[39m,
  structureTime: [33m0.060299999997369014[39m,
  riverTime: [33m0.005099999994854443[39m,
  totalTime: [33m257.24619999999413[39m
}
Chunk (1, 1) generation metrics: {
  terrainTime: [33m0.4158000000024913[39m,
  biomeTime: [33m275.4582000000082[39m,
  resourceTime: [33m0.12690000000293367[39m,
  structureTime: [33m0.05849999999918509[39m,
  riverTime: [33m0.006699999998090789[39m,
  totalTime: [33m276.08589999999094[39m
}
Loaded 9 chunks in 2358.68ms
World generated with seed: 12345
Chunk (-1, -1) generation metrics: {
  terrainTime: [33m0.6732999999949243[39m,
  biomeTime: [33m209.61230000000796[39m,
  resourceTime: [33m0.14329999999608845[39m,
  structureTime: [33m0.06730000000970904[39m,
  riverTime: [33m0.1991999999881955[39m,
  totalTime: [33m210.71860000000743[39m
}
Chunk (0, -1) generation metrics: {
  terrainTime: [33m0.9565999999904307[39m,
  biomeTime: [33m199.85379999999714[39m,
  resourceTime: [33m0.06759999999485444[39m,
  structureTime: [33m0.04959999999846332[39m,
  riverTime: [33m0.004600000000209548[39m,
  totalTime: [33m200.95200000000477[39m
}
Chunk (1, -1) generation metrics: {
  terrainTime: [33m0.46999999998661224[39m,
  biomeTime: [33m185.66189999999187[39m,
  resourceTime: [33m0.13229999999748543[39m,
  structureTime: [33m0.06430000001273584[39m,
  riverTime: [33m0.03449999999429565[39m,
  totalTime: [33m186.38300000000163[39m
}
Chunk (-1, 0) generation metrics: {
  terrainTime: [33m0.6490999999950873[39m,
  biomeTime: [33m203.53399999999965[39m,
  resourceTime: [33m0.13090000000374857[39m,
  structureTime: [33m0.09010000000125729[39m,
  riverTime: [33m0.10450000000128057[39m,
  totalTime: [33m204.53379999999015[39m
}
Chunk (0, 0) generation metrics: {
  terrainTime: [33m0.6796999999933178[39m,
  biomeTime: [33m183.56599999999162[39m,
  resourceTime: [33m0.11209999999846332[39m,
  structureTime: [33m0.06860000001324806[39m,
  riverTime: [33m0.006299999993643723[39m,
  totalTime: [33m184.45190000000002[39m
}
Chunk (1, 0) generation metrics: {
  terrainTime: [33m0.40429999999469146[39m,
  biomeTime: [33m201.74869999999646[39m,
  resourceTime: [33m0.11869999999180436[39m,
  structureTime: [33m0.05980000000272412[39m,
  riverTime: [33m0.006500000003143214[39m,
  totalTime: [33m202.35379999999714[39m
}
Chunk (-1, 1) generation metrics: {
  terrainTime: [33m0.6124000000127126[39m,
  biomeTime: [33m188.87169999998878[39m,
  resourceTime: [33m0.12480000000505242[39m,
  structureTime: [33m0.06060000001161825[39m,
  riverTime: [33m0.006299999993643723[39m,
  totalTime: [33m189.69349999999395[39m
}
Chunk (0, 1) generation metrics: {
  terrainTime: [33m0.6209999999991851[39m,
  biomeTime: [33m199.44430000000284[39m,
  resourceTime: [33m0.12239999999292195[39m,
  structureTime: [33m0.0503000000026077[39m,
  riverTime: [33m0.006500000003143214[39m,
  totalTime: [33m200.26879999999073[39m
}
Chunk (1, 1) generation metrics: {
  terrainTime: [33m0.6203999999997905[39m,
  biomeTime: [33m198.2057999999961[39m,
  resourceTime: [33m0.13010000000940636[39m,
  structureTime: [33m0.052199999990989454[39m,
  riverTime: [33m0.0064999999885912985[39m,
  totalTime: [33m199.03399999999965[39m
}
Loaded 9 chunks in 1779.99ms
World generated with seed: 12345
DemoApp destroyed

[90mstdout[2m | demo/src/ui/WorldGeneration.integration.test.ts[2m > [22m[2mWorld Generation Flow Integration[2m > [22m[2mParameter Range Testing[2m > [22m[2mRiver Parameters[2m > [22m[2mshould handle sourceElevation range (0.5 to 0.9)[22m[39m
DemoApp initialized successfully
Chunk (-1, -1) generation metrics: {
  terrainTime: [33m0.5954000000056112[39m,
  biomeTime: [33m135.04670000000624[39m,
  resourceTime: [33m0.13479999999981374[39m,
  structureTime: [33m0.0667000000103144[39m,
  riverTime: [33m0.2437999999965541[39m,
  totalTime: [33m136.10659999999916[39m
}
Chunk (0, -1) generation metrics: {
  terrainTime: [33m0.6419000000023516[39m,
  biomeTime: [33m126.32880000000296[39m,
  resourceTime: [33m0.0687000000034459[39m,
  structureTime: [33m0.04990000001271255[39m,
  riverTime: [33m0.010499999989406206[39m,
  totalTime: [33m127.11780000000726[39m
}
Chunk (1, -1) generation metrics: {
  terrainTime: [33m0.42169999999168795[39m,
  biomeTime: [33m135.9430999999895[39m,
  resourceTime: [33m0.1339999999909196[39m,
  structureTime: [33m0.060500000006868504[39m,
  riverTime: [33m0.216100000005099[39m,
  totalTime: [33m136.7902000000031[39m
}
Chunk (-1, 0) generation metrics: {
  terrainTime: [33m0.6493999999947846[39m,
  biomeTime: [33m132.88069999999425[39m,
  resourceTime: [33m0.1239999999961583[39m,
  structureTime: [33m0.07760000000416767[39m,
  riverTime: [33m0.3283999999985099[39m,
  totalTime: [33m134.08259999999427[39m
}
Chunk (0, 0) generation metrics: {
  terrainTime: [33m0.6085000000020955[39m,
  biomeTime: [33m131.31669999999576[39m,
  resourceTime: [33m0.06730000000970904[39m,
  structureTime: [33m0.046600000001490116[39m,
  riverTime: [33m0.004899999999906868[39m,
  totalTime: [33m132.05870000000868[39m
}
Chunk (1, 0) generation metrics: {
  terrainTime: [33m0.41599999999743886[39m,
  biomeTime: [33m134.14160000000265[39m,
  resourceTime: [33m0.12240000000747386[39m,
  structureTime: [33m0.08759999999892898[39m,
  riverTime: [33m0.1401999999943655[39m,
  totalTime: [33m134.92579999999725[39m
}
Chunk (-1, 1) generation metrics: {
  terrainTime: [33m0.6332000000111293[39m,
  biomeTime: [33m149.50239999999758[39m,
  resourceTime: [33m0.06840000000374857[39m,
  structureTime: [33m0.05400000000372529[39m,
  riverTime: [33m0.008900000000721775[39m,
  totalTime: [33m150.28540000000794[39m
}
Chunk (0, 1) generation metrics: {
  terrainTime: [33m0.40279999999620486[39m,
  biomeTime: [33m137.016100000008[39m,
  resourceTime: [33m0.07160000001022127[39m,
  structureTime: [33m0.045900000011897646[39m,
  riverTime: [33m0.022799999991548248[39m,
  totalTime: [33m137.59390000000712[39m
}
Chunk (1, 1) generation metrics: {
  terrainTime: [33m0.41840000000956934[39m,
  biomeTime: [33m161.78220000000147[39m,
  resourceTime: [33m0.14130000000295695[39m,
  structureTime: [33m0.05690000001050066[39m,
  riverTime: [33m0.07779999999911524[39m,
  totalTime: [33m162.49349999999686[39m
}
Loaded 9 chunks in 1252.98ms
World generated with seed: 12345
Chunk (-1, -1) generation metrics: {
  terrainTime: [33m0.6074999999982538[39m,
  biomeTime: [33m154.59369999999763[39m,
  resourceTime: [33m0.1190000000060536[39m,
  structureTime: [33m0.05909999999857973[39m,
  riverTime: [33m0.19180000000051223[39m,
  totalTime: [33m155.5896999999968[39m
}
Chunk (0, -1) generation metrics: {
  terrainTime: [33m0.635999999998603[39m,
  biomeTime: [33m155.04000000000815[39m,
  resourceTime: [33m0.11589999998977873[39m,
  structureTime: [33m0.04950000000826549[39m,
  riverTime: [33m0.006500000003143214[39m,
  totalTime: [33m155.86209999999846[39m
}
Chunk (1, -1) generation metrics: {
  terrainTime: [33m0.6091000000014901[39m,
  biomeTime: [33m150.0465000000113[39m,
  resourceTime: [33m0.9226000000053318[39m,
  structureTime: [33m0.05799999998998828[39m,
  riverTime: [33m0.09669999999459833[39m,
  totalTime: [33m151.7506999999896[39m
}
Chunk (-1, 0) generation metrics: {
  terrainTime: [33m0.6143000000010943[39m,
  biomeTime: [33m150.5[39m,
  resourceTime: [33m0.12360000000626314[39m,
  structureTime: [33m0.0761999999958789[39m,
  riverTime: [33m0.26729999999224674[39m,
  totalTime: [33m151.601800000004[39m
}
Chunk (0, 0) generation metrics: {
  terrainTime: [33m0.5746999999973923[39m,
  biomeTime: [33m148.2743000000046[39m,
  resourceTime: [33m0.1319999999977881[39m,
  structureTime: [33m0.07140000000072177[39m,
  riverTime: [33m0.006600000007892959[39m,
  totalTime: [33m149.08169999999518[39m
}
Chunk (1, 0) generation metrics: {
  terrainTime: [33m0.6512999999977183[39m,
  biomeTime: [33m138.5011000000086[39m,
  resourceTime: [33m0.07080000000132713[39m,
  structureTime: [33m0.06660000000556465[39m,
  riverTime: [33m0.004500000010011718[39m,
  totalTime: [33m139.3122000000003[39m
}
Chunk (-1, 1) generation metrics: {
  terrainTime: [33m0.633399999991525[39m,
  biomeTime: [33m154.55289999999513[39m,
  resourceTime: [33m0.1239999999961583[39m,
  structureTime: [33m0.06540000000677537[39m,
  riverTime: [33m0.006299999993643723[39m,
  totalTime: [33m155.40209999999206[39m
}
Chunk (0, 1) generation metrics: {
  terrainTime: [33m1.0899999999965075[39m,
  biomeTime: [33m141.3512999999948[39m,
  resourceTime: [33m0.1315000000031432[39m,
  structureTime: [33m0.07839999999850988[39m,
  riverTime: [33m0.008099999991827644[39m,
  totalTime: [33m142.68039999999746[39m
}
Chunk (1, 1) generation metrics: {
  terrainTime: [33m0.6296000000002095[39m,
  biomeTime: [33m139.29950000000827[39m,
  resourceTime: [33m0.1270000000076834[39m,
  structureTime: [33m0.06130000000121072[39m,
  riverTime: [33m0.016299999988405034[39m,
  totalTime: [33m140.1530000000057[39m
}
Loaded 9 chunks in 1343.12ms
World generated with seed: 12345
Chunk (-1, -1) generation metrics: {
  terrainTime: [33m0.6454000000085216[39m,
  biomeTime: [33m128.67399999999907[39m,
  resourceTime: [33m0.12540000000444707[39m,
  structureTime: [33m0.06220000000030268[39m,
  riverTime: [33m0.10330000000249129[39m,
  totalTime: [33m129.6293000000005[39m
}
Chunk (0, -1) generation metrics: {
  terrainTime: [33m0.6226000000024214[39m,
  biomeTime: [33m136.47560000000522[39m,
  resourceTime: [33m0.1316999999980908[39m,
  structureTime: [33m0.06509999999252614[39m,
  riverTime: [33m0.006600000007892959[39m,
  totalTime: [33m137.3222999999998[39m
}
Chunk (1, -1) generation metrics: {
  terrainTime: [33m0.6486000000004424[39m,
  biomeTime: [33m150.83050000001094[39m,
  resourceTime: [33m0.11890000000130385[39m,
  structureTime: [33m0.07229999999981374[39m,
  riverTime: [33m0.034599999999045394[39m,
  totalTime: [33m151.72509999999602[39m
}
Chunk (-1, 0) generation metrics: {
  terrainTime: [33m0.6112999999895692[39m,
  biomeTime: [33m124.24279999999271[39m,
  resourceTime: [33m0.12149999999382999[39m,
  structureTime: [33m0.08759999999892898[39m,
  riverTime: [33m0.10160000000905711[39m,
  totalTime: [33m125.18510000000242[39m
}
Chunk (0, 0) generation metrics: {
  terrainTime: [33m0.6718000000109896[39m,
  biomeTime: [33m135.52790000000095[39m,
  resourceTime: [33m0.14310000000114087[39m,
  structureTime: [33m0.05100000000675209[39m,
  riverTime: [33m0.0063999999983934686[39m,
  totalTime: [33m136.42229999999108[39m
}
Chunk (1, 0) generation metrics: {
  terrainTime: [33m0.6198000000003958[39m,
  biomeTime: [33m134.90869999999995[39m,
  resourceTime: [33m0.12810000000172295[39m,
  structureTime: [33m0.07289999999920838[39m,
  riverTime: [33m0.006599999993341044[39m,
  totalTime: [33m135.75250000000233[39m
}
Chunk (-1, 1) generation metrics: {
  terrainTime: [33m0.6349000000045635[39m,
  biomeTime: [33m153.77479999999923[39m,
  resourceTime: [33m0.12919999999576248[39m,
  structureTime: [33m0.0443000000086613[39m,
  riverTime: [33m0.0063999999983934686[39m,
  totalTime: [33m154.60460000000603[39m
}
Chunk (0, 1) generation metrics: {
  terrainTime: [33m0.6097000000008848[39m,
  biomeTime: [33m147.7199999999866[39m,
  resourceTime: [33m0.13160000000789296[39m,
  structureTime: [33m0.0717000000004191[39m,
  riverTime: [33m0.00789999999688007[39m,
  totalTime: [33m148.5636999999988[39m
}
Chunk (1, 1) generation metrics: {
  terrainTime: [33m0.6229000000021188[39m,
  biomeTime: [33m148.7722999999969[39m,
  resourceTime: [33m0.1300000000046566[39m,
  structureTime: [33m0.07479999998759013[39m,
  riverTime: [33m0.007200000007287599[39m,
  totalTime: [33m149.62850000000617[39m
}
Loaded 9 chunks in 1270.58ms
World generated with seed: 12345
Chunk (-1, -1) generation metrics: {
  terrainTime: [33m0.644799999994575[39m,
  biomeTime: [33m148.25130000000354[39m,
  resourceTime: [33m0.11890000000130385[39m,
  structureTime: [33m0.07229999999981374[39m,
  riverTime: [33m0.007699999987380579[39m,
  totalTime: [33m149.11559999999008[39m
}
Chunk (0, -1) generation metrics: {
  terrainTime: [33m0.5832000000082189[39m,
  biomeTime: [33m159.98940000000584[39m,
  resourceTime: [33m0.12679999999818392[39m,
  structureTime: [33m0.05730000000039581[39m,
  riverTime: [33m0.0060000000084983185[39m,
  totalTime: [33m160.78540000000794[39m
}
Chunk (1, -1) generation metrics: {
  terrainTime: [33m0.641300000002957[39m,
  biomeTime: [33m165.60370000000694[39m,
  resourceTime: [33m0.1314999999885913[39m,
  structureTime: [33m0.0654999999969732[39m,
  riverTime: [33m0.006500000003143214[39m,
  totalTime: [33m166.46959999999672[39m
}
Chunk (-1, 0) generation metrics: {
  terrainTime: [33m0.6428999999916414[39m,
  biomeTime: [33m137.74430000000575[39m,
  resourceTime: [33m0.13229999999748543[39m,
  structureTime: [33m0.08809999999357387[39m,
  riverTime: [33m0.006900000007590279[39m,
  totalTime: [33m138.6347999999998[39m
}
Chunk (0, 0) generation metrics: {
  terrainTime: [33m0.6509000000078231[39m,
  biomeTime: [33m140.17089999999735[39m,
  resourceTime: [33m0.13109999999869615[39m,
  structureTime: [33m0.06260000000474975[39m,
  riverTime: [33m0.007200000007287599[39m,
  totalTime: [33m141.04069999999774[39m
}
Chunk (1, 0) generation metrics: {
  terrainTime: [33m0.6309999999939464[39m,
  biomeTime: [33m131.80470000000787[39m,
  resourceTime: [33m0.12830000001122244[39m,
  structureTime: [33m0.07359999998880085[39m,
  riverTime: [33m0.006299999993643723[39m,
  totalTime: [33m132.66470000000845[39m
}
Chunk (-1, 1) generation metrics: {
  terrainTime: [33m0.6393000000098255[39m,
  biomeTime: [33m150.52820000000065[39m,
  resourceTime: [33m0.1215000000083819[39m,
  structureTime: [33m0.0639999999984866[39m,
  riverTime: [33m0.006800000002840534[39m,
  totalTime: [33m151.37949999999546[39m
}
Chunk (0, 1) generation metrics: {
  terrainTime: [33m0.5987000000022817[39m,
  biomeTime: [33m149.43790000000445[39m,
  resourceTime: [33m0.1294999999954598[39m,
  structureTime: [33m0.06889999999839347[39m,
  riverTime: [33m0.0062000000034458935[39m,
  totalTime: [33m150.2600000000093[39m
}
Chunk (1, 1) generation metrics: {
  terrainTime: [33m0.625899999999092[39m,
  biomeTime: [33m144.00890000000072[39m,
  resourceTime: [33m0.1319999999977881[39m,
  structureTime: [33m0.07309999999415595[39m,
  riverTime: [33m0.007299999997485429[39m,
  totalTime: [33m144.8683000000019[39m
}
Loaded 9 chunks in 1336.94ms
World generated with seed: 12345
Chunk (-1, -1) generation metrics: {
  terrainTime: [33m0.7059000000008382[39m,
  biomeTime: [33m148.41330000000016[39m,
  resourceTime: [33m0.0687000000034459[39m,
  structureTime: [33m0.05710000000544824[39m,
  riverTime: [33m0.005199999999604188[39m,
  totalTime: [33m149.26859999999579[39m
}
Chunk (0, -1) generation metrics: {
  terrainTime: [33m0.6310999999986961[39m,
  biomeTime: [33m155.2899999999936[39m,
  resourceTime: [33m0.11549999999988358[39m,
  structureTime: [33m0.04619999999704305[39m,
  riverTime: [33m0.006599999993341044[39m,
  totalTime: [33m156.10610000000452[39m
}
Chunk (1, -1) generation metrics: {
  terrainTime: [33m0.638200000001234[39m,
  biomeTime: [33m139.0682000000088[39m,
  resourceTime: [33m0.07050000000162981[39m,
  structureTime: [33m0.04120000000693835[39m,
  riverTime: [33m0.004800000009709038[39m,
  totalTime: [33m139.83900000000722[39m
}
Chunk (-1, 0) generation metrics: {
  terrainTime: [33m0.4253000000026077[39m,
  biomeTime: [33m132.00719999999274[39m,
  resourceTime: [33m0.12280000001192093[39m,
  structureTime: [33m0.05920000000332948[39m,
  riverTime: [33m0.005900000003748573[39m,
  totalTime: [33m132.63360000000102[39m
}
Chunk (0, 0) generation metrics: {
  terrainTime: [33m0.6442999999999302[39m,
  biomeTime: [33m133.521900000007[39m,
  resourceTime: [33m0.12159999999857973[39m,
  structureTime: [33m0.05169999999634456[39m,
  riverTime: [33m0.008900000000721775[39m,
  totalTime: [33m134.36500000000524[39m
}
Chunk (1, 0) generation metrics: {
  terrainTime: [33m0.6174999999930151[39m,
  biomeTime: [33m141.77550000000338[39m,
  resourceTime: [33m0.06620000000111759[39m,
  structureTime: [33m0.050900000002002344[39m,
  riverTime: [33m0.0044000000052619725[39m,
  totalTime: [33m142.53160000000207[39m
}
Chunk (-1, 1) generation metrics: {
  terrainTime: [33m0.4128000000055181[39m,
  biomeTime: [33m141.56450000000768[39m,
  resourceTime: [33m0.12540000000444707[39m,
  structureTime: [33m0.05989999999292195[39m,
  riverTime: [33m0.007100000002537854[39m,
  totalTime: [33m142.18739999999525[39m
}
Chunk (0, 1) generation metrics: {
  terrainTime: [33m0.6705999999976484[39m,
  biomeTime: [33m158.07949999999255[39m,
  resourceTime: [33m0.1290000000008149[39m,
  structureTime: [33m0.05830000000423752[39m,
  riverTime: [33m0.0063999999983934686[39m,
  totalTime: [33m158.96210000000428[39m
}
Chunk (1, 1) generation metrics: {
  terrainTime: [33m0.6377999999967869[39m,
  biomeTime: [33m147.95720000000438[39m,
  resourceTime: [33m0.12529999999969732[39m,
  structureTime: [33m0.052799999990384094[39m,
  riverTime: [33m0.006300000008195639[39m,
  totalTime: [33m148.79739999999583[39m
}
Loaded 9 chunks in 1306.55ms
World generated with seed: 12345
DemoApp destroyed

[90mstdout[2m | demo/src/ui/WorldGeneration.integration.test.ts[2m > [22m[2mWorld Generation Flow Integration[2m > [22m[2mParameter Range Testing[2m > [22m[2mRiver Parameters[2m > [22m[2mshould handle minFlowLength range (5 to 50)[22m[39m
DemoApp initialized successfully
Chunk (-1, -1) generation metrics: {
  terrainTime: [33m0.5948000000062166[39m,
  biomeTime: [33m134.4134000000049[39m,
  resourceTime: [33m0.12859999999636784[39m,
  structureTime: [33m0.0816999999951804[39m,
  riverTime: [33m0.15530000001308508[39m,
  totalTime: [33m135.3903999999893[39m
}
Chunk (0, -1) generation metrics: {
  terrainTime: [33m0.654900000008638[39m,
  biomeTime: [33m159.2155000000057[39m,
  resourceTime: [33m0.13030000000435393[39m,
  structureTime: [33m0.05190000000584405[39m,
  riverTime: [33m0.006699999998090789[39m,
  totalTime: [33m160.07760000000417[39m
}
Chunk (1, -1) generation metrics: {
  terrainTime: [33m0.6332000000111293[39m,
  biomeTime: [33m142.3695000000007[39m,
  resourceTime: [33m0.12429999999585561[39m,
  structureTime: [33m0.07200000000011642[39m,
  riverTime: [33m0.04499999999825377[39m,
  totalTime: [33m143.26339999999618[39m
}
Chunk (-1, 0) generation metrics: {
  terrainTime: [33m0.6230000000068685[39m,
  biomeTime: [33m144.2832999999955[39m,
  resourceTime: [33m0.11989999999059364[39m,
  structureTime: [33m0.0868999999947846[39m,
  riverTime: [33m0.19759999999951106[39m,
  totalTime: [33m145.33379999999306[39m
}
Chunk (0, 0) generation metrics: {
  terrainTime: [33m0.5946999999869149[39m,
  biomeTime: [33m156.16820000000007[39m,
  resourceTime: [33m0.11999999999534339[39m,
  structureTime: [33m0.09149999999499414[39m,
  riverTime: [33m0.026799999992363155[39m,
  totalTime: [33m157.02240000000165[39m
}
Chunk (1, 0) generation metrics: {
  terrainTime: [33m0.825700000001234[39m,
  biomeTime: [33m139.58430000000226[39m,
  resourceTime: [33m0.07809999999881256[39m,
  structureTime: [33m0.059999999997671694[39m,
  riverTime: [33m0.005300000004353933[39m,
  totalTime: [33m140.57219999999506[39m
}
Chunk (-1, 1) generation metrics: {
  terrainTime: [33m0.40949999999429565[39m,
  biomeTime: [33m151.22269999999844[39m,
  resourceTime: [33m0.13030000000435393[39m,
  structureTime: [33m0.07839999999850988[39m,
  riverTime: [33m0.007500000006984919[39m,
  totalTime: [33m151.86749999999302[39m
}
Chunk (0, 1) generation metrics: {
  terrainTime: [33m0.614000000001397[39m,
  biomeTime: [33m161.5954999999958[39m,
  resourceTime: [33m0.13090000000374857[39m,
  structureTime: [33m0.06780000000435393[39m,
  riverTime: [33m0.006600000007892959[39m,
  totalTime: [33m162.4829000000027[39m
}
Chunk (1, 1) generation metrics: {
  terrainTime: [33m0.6322000000072876[39m,
  biomeTime: [33m141.1235000000015[39m,
  resourceTime: [33m0.13200000001234002[39m,
  structureTime: [33m0.07339999999385327[39m,
  riverTime: [33m0.0076000000117346644[39m,
  totalTime: [33m141.9886000000115[39m
}
Loaded 9 chunks in 1339.75ms
World generated with seed: 12345
Chunk (-1, -1) generation metrics: {
  terrainTime: [33m0.8386000000027707[39m,
  biomeTime: [33m145.56720000000496[39m,
  resourceTime: [33m0.12789999999222346[39m,
  structureTime: [33m0.07540000000153668[39m,
  riverTime: [33m0.08199999999487773[39m,
  totalTime: [33m146.7158999999956[39m
}
Chunk (0, -1) generation metrics: {
  terrainTime: [33m0.6616999999969266[39m,
  biomeTime: [33m141.08520000000135[39m,
  resourceTime: [33m0.11909999999625143[39m,
  structureTime: [33m0.06270000000949949[39m,
  riverTime: [33m0.005199999999604188[39m,
  totalTime: [33m141.95320000000356[39m
}
Chunk (1, -1) generation metrics: {
  terrainTime: [33m0.603400000007241[39m,
  biomeTime: [33m161.30359999999928[39m,
  resourceTime: [33m0.12589999999909196[39m,
  structureTime: [33m0.059900000007473864[39m,
  riverTime: [33m0.01980000000912696[39m,
  totalTime: [33m162.1298999999999[39m
}
Chunk (-1, 0) generation metrics: {
  terrainTime: [33m0.607399999993504[39m,
  biomeTime: [33m126.91559999999299[39m,
  resourceTime: [33m0.11469999999098945[39m,
  structureTime: [33m0.07029999999213032[39m,
  riverTime: [33m0.07459999999264255[39m,
  totalTime: [33m127.80000000000291[39m
}
Chunk (0, 0) generation metrics: {
  terrainTime: [33m0.6015999999945052[39m,
  biomeTime: [33m141.00209999999788[39m,
  resourceTime: [33m0.1282000000064727[39m,
  structureTime: [33m0.04889999999431893[39m,
  riverTime: [33m0.006700000012642704[39m,
  totalTime: [33m141.8024000000005[39m
}
Chunk (1, 0) generation metrics: {
  terrainTime: [33m0.6269000000029337[39m,
  biomeTime: [33m124.50339999998687[39m,
  resourceTime: [33m0.12410000000090804[39m,
  structureTime: [33m0.08410000000731088[39m,
  riverTime: [33m0.006500000003143214[39m,
  totalTime: [33m125.3637000000017[39m
}
Chunk (-1, 1) generation metrics: {
  terrainTime: [33m0.9153000000078464[39m,
  biomeTime: [33m144.5917999999947[39m,
  resourceTime: [33m0.1235000000015134[39m,
  structureTime: [33m0.04839999999967404[39m,
  riverTime: [33m0.007400000002235174[39m,
  totalTime: [33m145.70449999999255[39m
}
Chunk (0, 1) generation metrics: {
  terrainTime: [33m0.6347999999998137[39m,
  biomeTime: [33m144.79159999999683[39m,
  resourceTime: [33m0.06590000000142027[39m,
  structureTime: [33m0.04979999999341089[39m,
  riverTime: [33m0.004600000000209548[39m,
  totalTime: [33m145.5633999999991[39m
}
Chunk (1, 1) generation metrics: {
  terrainTime: [33m0.4109000000025844[39m,
  biomeTime: [33m142.52449999999953[39m,
  resourceTime: [33m0.06880000000819564[39m,
  structureTime: [33m0.051400000011199154[39m,
  riverTime: [33m0.004099999991012737[39m,
  totalTime: [33m143.07749999999942[39m
}
Loaded 9 chunks in 1281.61ms
World generated with seed: 12345
Chunk (-1, -1) generation metrics: {
  terrainTime: [33m0.8035999999992782[39m,
  biomeTime: [33m153.27979999998934[39m,
  resourceTime: [33m0.1337000000057742[39m,
  structureTime: [33m0.060999999986961484[39m,
  riverTime: [33m0.05839999999443535[39m,
  totalTime: [33m154.35349999999744[39m
}
Chunk (0, -1) generation metrics: {
  terrainTime: [33m0.6440000000002328[39m,
  biomeTime: [33m154.94809999999416[39m,
  resourceTime: [33m0.125[39m,
  structureTime: [33m0.08389999999781139[39m,
  riverTime: [33m0.0078000000066822395[39m,
  totalTime: [33m155.83269999999902[39m
}
Chunk (1, -1) generation metrics: {
  terrainTime: [33m0.6445000000094296[39m,
  biomeTime: [33m148.8362000000052[39m,
  resourceTime: [33m0.06979999999748543[39m,
  structureTime: [33m0.04149999999208376[39m,
  riverTime: [33m0.017000000007101335[39m,
  totalTime: [33m149.6249000000098[39m
}
Chunk (-1, 0) generation metrics: {
  terrainTime: [33m0.4294999999983702[39m,
  biomeTime: [33m140.67440000000352[39m,
  resourceTime: [33m0.1235000000015134[39m,
  structureTime: [33m0.06580000001122244[39m,
  riverTime: [33m0.05860000000393484[39m,
  totalTime: [33m141.36659999999392[39m
}
Chunk (0, 0) generation metrics: {
  terrainTime: [33m0.6405999999988126[39m,
  biomeTime: [33m167.28119999999763[39m,
  resourceTime: [33m0.13190000000759028[39m,
  structureTime: [33m0.06420000000798609[39m,
  riverTime: [33m0.0063999999983934686[39m,
  totalTime: [33m168.14509999999427[39m
}
Chunk (1, 0) generation metrics: {
  terrainTime: [33m0.6202000000048429[39m,
  biomeTime: [33m153.9447000000073[39m,
  resourceTime: [33m0.11710000000311993[39m,
  structureTime: [33m0.061700000005657785[39m,
  riverTime: [33m0.007400000002235174[39m,
  totalTime: [33m154.76840000000084[39m
}
Chunk (-1, 1) generation metrics: {
  terrainTime: [33m0.6493999999947846[39m,
  biomeTime: [33m149.65239999999176[39m,
  resourceTime: [33m0.12410000000090804[39m,
  structureTime: [33m0.06639999999606516[39m,
  riverTime: [33m0.0063999999983934686[39m,
  totalTime: [33m150.51840000000084[39m
}
Chunk (0, 1) generation metrics: {
  terrainTime: [33m0.658899999994901[39m,
  biomeTime: [33m169.61059999999998[39m,
  resourceTime: [33m0.12429999999585561[39m,
  structureTime: [33m0.04409999999916181[39m,
  riverTime: [33m0.006500000003143214[39m,
  totalTime: [33m170.46110000000044[39m
}
Chunk (1, 1) generation metrics: {
  terrainTime: [33m0.6264999999984866[39m,
  biomeTime: [33m155.81470000000263[39m,
  resourceTime: [33m0.1254999999946449[39m,
  structureTime: [33m0.03730000001087319[39m,
  riverTime: [33m0.006300000008195639[39m,
  totalTime: [33m156.62279999999737[39m
}
Loaded 9 chunks in 1403.20ms
World generated with seed: 12345
Chunk (-1, -1) generation metrics: {
  terrainTime: [33m0.6298999999999069[39m,
  biomeTime: [33m158.07190000000992[39m,
  resourceTime: [33m0.1290000000008149[39m,
  structureTime: [33m0.07350000001315493[39m,
  riverTime: [33m0.0580000000045402[39m,
  totalTime: [33m158.98120000000927[39m
}
Chunk (0, -1) generation metrics: {
  terrainTime: [33m0.650500000003376[39m,
  biomeTime: [33m189.1088000000018[39m,
  resourceTime: [33m0.15059999999357387[39m,
  structureTime: [33m0.06809999998949934[39m,
  riverTime: [33m0.007100000002537854[39m,
  totalTime: [33m190.00400000000081[39m
}
Chunk (1, -1) generation metrics: {
  terrainTime: [33m0.760599999994156[39m,
  biomeTime: [33m157.78740000000107[39m,
  resourceTime: [33m0.07229999999981374[39m,
  structureTime: [33m0.05550000000221189[39m,
  riverTime: [33m0.017000000007101335[39m,
  totalTime: [33m158.71199999999953[39m
}
Chunk (-1, 0) generation metrics: {
  terrainTime: [33m0.5858000000007451[39m,
  biomeTime: [33m142.96570000000065[39m,
  resourceTime: [33m0.12069999999948777[39m,
  structureTime: [33m0.07359999998880085[39m,
  riverTime: [33m0.05709999999089632[39m,
  totalTime: [33m143.82180000000517[39m
}
Chunk (0, 0) generation metrics: {
  terrainTime: [33m0.6401999999943655[39m,
  biomeTime: [33m140.81969999999274[39m,
  resourceTime: [33m0.11400000000139698[39m,
  structureTime: [33m0.046900000001187436[39m,
  riverTime: [33m0.006699999998090789[39m,
  totalTime: [33m141.64009999998962[39m
}
Chunk (1, 0) generation metrics: {
  terrainTime: [33m0.989400000005844[39m,
  biomeTime: [33m141.4378999999899[39m,
  resourceTime: [33m0.11990000000514556[39m,
  structureTime: [33m0.0801999999966938[39m,
  riverTime: [33m0.006800000002840534[39m,
  totalTime: [33m142.65649999999732[39m
}
Chunk (-1, 1) generation metrics: {
  terrainTime: [33m0.6000999999960186[39m,
  biomeTime: [33m147.67320000000473[39m,
  resourceTime: [33m0.07529999999678694[39m,
  structureTime: [33m0.04800000000977889[39m,
  riverTime: [33m0.005899999989196658[39m,
  totalTime: [33m148.41990000000806[39m
}
Chunk (0, 1) generation metrics: {
  terrainTime: [33m0.4275000000052387[39m,
  biomeTime: [33m152.05479999999807[39m,
  resourceTime: [33m0.1260000000038417[39m,
  structureTime: [33m0.05749999999534339[39m,
  riverTime: [33m0.006699999998090789[39m,
  totalTime: [33m152.68989999999758[39m
}
Chunk (1, 1) generation metrics: {
  terrainTime: [33m0.6436999999859836[39m,
  biomeTime: [33m141.528999999995[39m,
  resourceTime: [33m0.1224999999976717[39m,
  structureTime: [33m0.060299999997369014[39m,
  riverTime: [33m0.006500000003143214[39m,
  totalTime: [33m142.3807000000088[39m
}
Loaded 9 chunks in 1380.89ms
World generated with seed: 12345
Chunk (-1, -1) generation metrics: {
  terrainTime: [33m0.6367000000027474[39m,
  biomeTime: [33m140.30520000000251[39m,
  resourceTime: [33m0.11659999999392312[39m,
  structureTime: [33m0.04830000000947621[39m,
  riverTime: [33m0.052700000000186265[39m,
  totalTime: [33m141.17440000000352[39m
}
Chunk (0, -1) generation metrics: {
  terrainTime: [33m0.6150000000052387[39m,
  biomeTime: [33m149.3420999999944[39m,
  resourceTime: [33m0.07699999999022111[39m,
  structureTime: [33m0.05919999998877756[39m,
  riverTime: [33m0.005000000004656613[39m,
  totalTime: [33m150.114699999991[39m
}
Chunk (1, -1) generation metrics: {
  terrainTime: [33m0.4305000000022119[39m,
  biomeTime: [33m144.39489999999932[39m,
  resourceTime: [33m0.13160000000789296[39m,
  structureTime: [33m0.05069999999250285[39m,
  riverTime: [33m0.02019999999902211[39m,
  totalTime: [33m145.0463000000018[39m
}
Chunk (-1, 0) generation metrics: {
  terrainTime: [33m0.6558999999979278[39m,
  biomeTime: [33m134.18939999998838[39m,
  resourceTime: [33m0.11950000000069849[39m,
  structureTime: [33m0.08499999999185093[39m,
  riverTime: [33m0.05289999999513384[39m,
  totalTime: [33m135.13450000000012[39m
}
Chunk (0, 0) generation metrics: {
  terrainTime: [33m0.6141000000061467[39m,
  biomeTime: [33m152.0969000000041[39m,
  resourceTime: [33m0.12369999999646097[39m,
  structureTime: [33m0.0650000000023283[39m,
  riverTime: [33m0.006899999993038364[39m,
  totalTime: [33m152.98070000000007[39m
}
Chunk (1, 0) generation metrics: {
  terrainTime: [33m0.6178999999974621[39m,
  biomeTime: [33m131.73530000000028[39m,
  resourceTime: [33m0.12679999999818392[39m,
  structureTime: [33m0.08049999999639113[39m,
  riverTime: [33m0.005799999998998828[39m,
  totalTime: [33m132.5853000000061[39m
}
Chunk (-1, 1) generation metrics: {
  terrainTime: [33m0.6441000000049826[39m,
  biomeTime: [33m149.38129999999364[39m,
  resourceTime: [33m0.12330000000656582[39m,
  structureTime: [33m0.07609999999112915[39m,
  riverTime: [33m0.007599999997182749[39m,
  totalTime: [33m150.25810000000638[39m
}
Chunk (0, 1) generation metrics: {
  terrainTime: [33m0.6198000000003958[39m,
  biomeTime: [33m152.40020000000368[39m,
  resourceTime: [33m0.1264999999984866[39m,
  structureTime: [33m0.06359999999403954[39m,
  riverTime: [33m0.0063999999983934686[39m,
  totalTime: [33m153.23600000000442[39m
}
Chunk (1, 1) generation metrics: {
  terrainTime: [33m0.8733000000065658[39m,
  biomeTime: [33m159.06510000000708[39m,
  resourceTime: [33m0.16120000000228174[39m,
  structureTime: [33m0.07529999999678694[39m,
  riverTime: [33m0.007199999992735684[39m,
  totalTime: [33m160.20900000000256[39m
}
Loaded 9 chunks in 1322.80ms
World generated with seed: 12345
DemoApp destroyed

[90mstdout[2m | demo/src/ui/WorldGeneration.integration.test.ts[2m > [22m[2mWorld Generation Flow Integration[2m > [22m[2mParameter Range Testing[2m > [22m[2mRiver Parameters[2m > [22m[2mshould handle flowWidth range (1 to 5)[22m[39m
DemoApp initialized successfully
Chunk (-1, -1) generation metrics: {
  terrainTime: [33m0.6548000000038883[39m,
  biomeTime: [33m157.9835999999923[39m,
  resourceTime: [33m0.12490000000980217[39m,
  structureTime: [33m0.05740000000514556[39m,
  riverTime: [33m0.06940000000759028[39m,
  totalTime: [33m158.91109999999753[39m
}
Chunk (0, -1) generation metrics: {
  terrainTime: [33m0.5975000000034925[39m,
  biomeTime: [33m152.95219999999972[39m,
  resourceTime: [33m0.1147999999957392[39m,
  structureTime: [33m0.050500000012107193[39m,
  riverTime: [33m0.005400000009103678[39m,
  totalTime: [33m153.73679999999877[39m
}
Chunk (1, -1) generation metrics: {
  terrainTime: [33m0.4156000000075437[39m,
  biomeTime: [33m197.9539999999979[39m,
  resourceTime: [33m0.12910000000556465[39m,
  structureTime: [33m0.05640000000130385[39m,
  riverTime: [33m0.0253999999986263[39m,
  totalTime: [33m198.5957999999955[39m
}
Chunk (-1, 0) generation metrics: {
  terrainTime: [33m0.6275000000023283[39m,
  biomeTime: [33m165.39590000000317[39m,
  resourceTime: [33m0.12179999999352731[39m,
  structureTime: [33m0.06729999999515712[39m,
  riverTime: [33m0.06509999999252614[39m,
  totalTime: [33m166.29529999999795[39m
}
Chunk (0, 0) generation metrics: {
  terrainTime: [33m0.5939999999973224[39m,
  biomeTime: [33m146.2957000000024[39m,
  resourceTime: [33m0.1235000000015134[39m,
  structureTime: [33m0.05319999999483116[39m,
  riverTime: [33m0.007200000007287599[39m,
  totalTime: [33m147.08729999999923[39m
}
Chunk (1, 0) generation metrics: {
  terrainTime: [33m0.5905000000057044[39m,
  biomeTime: [33m146.20689999999013[39m,
  resourceTime: [33m0.12030000000959262[39m,
  structureTime: [33m0.07429999999294523[39m,
  riverTime: [33m0.006999999997788109[39m,
  totalTime: [33m147.01630000000296[39m
}
Chunk (-1, 1) generation metrics: {
  terrainTime: [33m0.6078999999881489[39m,
  biomeTime: [33m164.40170000000217[39m,
  resourceTime: [33m0.12679999999818392[39m,
  structureTime: [33m0.05970000001252629[39m,
  riverTime: [33m0.0063999999983934686[39m,
  totalTime: [33m165.22090000000026[39m
}
Chunk (0, 1) generation metrics: {
  terrainTime: [33m0.5708000000013271[39m,
  biomeTime: [33m157.00879999999597[39m,
  resourceTime: [33m0.127200000002631[39m,
  structureTime: [33m0.062000000005355105[39m,
  riverTime: [33m0.007599999997182749[39m,
  totalTime: [33m157.7954999999929[39m
}
Chunk (1, 1) generation metrics: {
  terrainTime: [33m0.6101000000053318[39m,
  biomeTime: [33m154.91670000000158[39m,
  resourceTime: [33m0.12880000000586733[39m,
  structureTime: [33m0.05719999999564607[39m,
  riverTime: [33m0.006600000007892959[39m,
  totalTime: [33m155.73659999998927[39m
}
Loaded 9 chunks in 1451.93ms
World generated with seed: 12345
Chunk (-1, -1) generation metrics: {
  terrainTime: [33m0.72620000000461[39m,
  biomeTime: [33m147.33550000000105[39m,
  resourceTime: [33m0.11650000000372529[39m,
  structureTime: [33m0.05860000000393484[39m,
  riverTime: [33m0.10240000000339933[39m,
  totalTime: [33m148.36009999999078[39m
}
Chunk (0, -1) generation metrics: {
  terrainTime: [33m0.617099999988568[39m,
  biomeTime: [33m144.5676999999996[39m,
  resourceTime: [33m0.13250000000698492[39m,
  structureTime: [33m0.06530000000202563[39m,
  riverTime: [33m0.007299999997485429[39m,
  totalTime: [33m145.40690000000177[39m
}
Chunk (1, -1) generation metrics: {
  terrainTime: [33m0.6542999999946915[39m,
  biomeTime: [33m153.39999999999418[39m,
  resourceTime: [33m0.1287000000011176[39m,
  structureTime: [33m0.06420000000798609[39m,
  riverTime: [33m0.0385999999998603[39m,
  totalTime: [33m154.30319999999483[39m
}
Chunk (-1, 0) generation metrics: {
  terrainTime: [33m0.7462999999988824[39m,
  biomeTime: [33m128.56429999999818[39m,
  resourceTime: [33m0.12109999998938292[39m,
  structureTime: [33m0.06729999999515712[39m,
  riverTime: [33m0.1573999999964144[39m,
  totalTime: [33m129.6771000000008[39m
}
Chunk (0, 0) generation metrics: {
  terrainTime: [33m0.6027000000030966[39m,
  biomeTime: [33m147.3188999999984[39m,
  resourceTime: [33m0.07450000000244472[39m,
  structureTime: [33m0.05039999999280553[39m,
  riverTime: [33m0.004899999999906868[39m,
  totalTime: [33m148.06870000000345[39m
}
Chunk (1, 0) generation metrics: {
  terrainTime: [33m0.4173000000009779[39m,
  biomeTime: [33m141.2042999999976[39m,
  resourceTime: [33m0.12730000000738073[39m,
  structureTime: [33m0.06480000000738073[39m,
  riverTime: [33m0.005900000003748573[39m,
  totalTime: [33m141.83350000000792[39m
}
Chunk (-1, 1) generation metrics: {
  terrainTime: [33m0.6353999999992084[39m,
  biomeTime: [33m160.10559999999532[39m,
  resourceTime: [33m0.1264999999984866[39m,
  structureTime: [33m0.06590000000142027[39m,
  riverTime: [33m0.007299999997485429[39m,
  totalTime: [33m160.95829999999842[39m
}
Chunk (0, 1) generation metrics: {
  terrainTime: [33m0.6641000000090571[39m,
  biomeTime: [33m146.18299999999[39m,
  resourceTime: [33m0.12419999999110587[39m,
  structureTime: [33m0.06540000000677537[39m,
  riverTime: [33m0.00789999999688007[39m,
  totalTime: [33m147.06450000000768[39m
}
Chunk (1, 1) generation metrics: {
  terrainTime: [33m0.6232000000018161[39m,
  biomeTime: [33m150.1460999999981[39m,
  resourceTime: [33m0.07000000000698492[39m,
  structureTime: [33m0.046300000001792796[39m,
  riverTime: [33m0.004600000000209548[39m,
  totalTime: [33m150.90499999999884[39m
}
Loaded 9 chunks in 1328.20ms
World generated with seed: 12345
Chunk (-1, -1) generation metrics: {
  terrainTime: [33m0.4213999999919906[39m,
  biomeTime: [33m150.71810000001278[39m,
  resourceTime: [33m0.13040000000910368[39m,
  structureTime: [33m0.06369999999878928[39m,
  riverTime: [33m0.1070999999938067[39m,
  totalTime: [33m151.4557000000059[39m
}
Chunk (0, -1) generation metrics: {
  terrainTime: [33m0.6469000000070082[39m,
  biomeTime: [33m160.04279999999562[39m,
  resourceTime: [33m0.16779999999562278[39m,
  structureTime: [33m0.07949999999254942[39m,
  riverTime: [33m0.00849999999627471[39m,
  totalTime: [33m160.97129999999015[39m
}
Chunk (1, -1) generation metrics: {
  terrainTime: [33m0.8159000000014203[39m,
  biomeTime: [33m188.26209999999264[39m,
  resourceTime: [33m0.14350000000558794[39m,
  structureTime: [33m0.06609999999636784[39m,
  riverTime: [33m0.04189999999653082[39m,
  totalTime: [33m189.3478000000032[39m
}
Chunk (-1, 0) generation metrics: {
  terrainTime: [33m1.2994999999937136[39m,
  biomeTime: [33m151.28770000000077[39m,
  resourceTime: [33m0.11940000001050066[39m,
  structureTime: [33m0.07379999999830034[39m,
  riverTime: [33m0.09750000000349246[39m,
  totalTime: [33m152.8960999999981[39m
}
Chunk (0, 0) generation metrics: {
  terrainTime: [33m0.6148000000102911[39m,
  biomeTime: [33m123.50930000000517[39m,
  resourceTime: [33m0.12309999999706633[39m,
  structureTime: [33m0.04970000000321306[39m,
  riverTime: [33m0.007599999997182749[39m,
  totalTime: [33m124.31990000000224[39m
}
Chunk (1, 0) generation metrics: {
  terrainTime: [33m0.6040000000066357[39m,
  biomeTime: [33m145.63310000000638[39m,
  resourceTime: [33m0.12369999999646097[39m,
  structureTime: [33m0.0737000000081025[39m,
  riverTime: [33m0.006799999988288619[39m,
  totalTime: [33m146.4655999999959[39m
}
Chunk (-1, 1) generation metrics: {
  terrainTime: [33m0.6146000000007916[39m,
  biomeTime: [33m169.25019999999495[39m,
  resourceTime: [33m0.12460000001010485[39m,
  structureTime: [33m0.0625[39m,
  riverTime: [33m0.007100000002537854[39m,
  totalTime: [33m170.07660000000033[39m
}
Chunk (0, 1) generation metrics: {
  terrainTime: [33m0.6212000000086846[39m,
  biomeTime: [33m147.3061000000016[39m,
  resourceTime: [33m0.07219999999506399[39m,
  structureTime: [33m0.05280000000493601[39m,
  riverTime: [33m0.005099999994854443[39m,
  totalTime: [33m148.07390000000305[39m
}
Chunk (1, 1) generation metrics: {
  terrainTime: [33m0.4464999999909196[39m,
  biomeTime: [33m173.52900000000955[39m,
  resourceTime: [33m0.12110000000393484[39m,
  structureTime: [33m0.05190000000584405[39m,
  riverTime: [33m0.004999999990104698[39m,
  totalTime: [33m174.1719000000012[39m
}
Loaded 9 chunks in 1419.42ms
World generated with seed: 12345
Chunk (-1, -1) generation metrics: {
  terrainTime: [33m0.5774999999994179[39m,
  biomeTime: [33m189.18009999999776[39m,
  resourceTime: [33m0.14360000001033768[39m,
  structureTime: [33m0.06900000000314321[39m,
  riverTime: [33m0.15920000000915024[39m,
  totalTime: [33m190.14779999999155[39m
}
Chunk (0, -1) generation metrics: {
  terrainTime: [33m0.7687000000005355[39m,
  biomeTime: [33m147.02449999999953[39m,
  resourceTime: [33m0.12410000000090804[39m,
  structureTime: [33m0.05689999999594875[39m,
  riverTime: [33m0.006500000003143214[39m,
  totalTime: [33m147.9990000000107[39m
}
Chunk (1, -1) generation metrics: {
  terrainTime: [33m0.6252999999996973[39m,
  biomeTime: [33m161.0838999999978[39m,
  resourceTime: [33m0.06979999999748543[39m,
  structureTime: [33m0.04989999999816064[39m,
  riverTime: [33m0.03140000000712462[39m,
  totalTime: [33m161.8798999999999[39m
}
Chunk (-1, 0) generation metrics: {
  terrainTime: [33m0.4109000000025844[39m,
  biomeTime: [33m140.16250000000582[39m,
  resourceTime: [33m0.12780000000202563[39m,
  structureTime: [33m0.08719999999448191[39m,
  riverTime: [33m0.13910000000032596[39m,
  totalTime: [33m140.94630000001052[39m
}
Chunk (0, 0) generation metrics: {
  terrainTime: [33m0.6033999999926891[39m,
  biomeTime: [33m115.65760000000591[39m,
  resourceTime: [33m0.1235000000015134[39m,
  structureTime: [33m0.0667000000103144[39m,
  riverTime: [33m0.006999999997788109[39m,
  totalTime: [33m116.47639999999956[39m
}
Chunk (1, 0) generation metrics: {
  terrainTime: [33m0.6086000000068452[39m,
  biomeTime: [33m133.795100000003[39m,
  resourceTime: [33m0.12570000000414439[39m,
  structureTime: [33m0.08179999999993015[39m,
  riverTime: [33m0.007299999997485429[39m,
  totalTime: [33m134.64049999999406[39m
}
Chunk (-1, 1) generation metrics: {
  terrainTime: [33m0.6333000000013271[39m,
  biomeTime: [33m144.2887000000046[39m,
  resourceTime: [33m0.12360000000626314[39m,
  structureTime: [33m0.06620000000111759[39m,
  riverTime: [33m0.022600000011152588[39m,
  totalTime: [33m145.15389999999024[39m
}
Chunk (0, 1) generation metrics: {
  terrainTime: [33m0.6334999999962747[39m,
  biomeTime: [33m148.57210000000487[39m,
  resourceTime: [33m0.12510000000474975[39m,
  structureTime: [33m0.07259999999951106[39m,
  riverTime: [33m0.00819999999657739[39m,
  totalTime: [33m149.43339999999444[39m
}
Chunk (1, 1) generation metrics: {
  terrainTime: [33m0.6283000000112224[39m,
  biomeTime: [33m156.46829999999318[39m,
  resourceTime: [33m0.1322000000072876[39m,
  structureTime: [33m0.07379999999830034[39m,
  riverTime: [33m0.006699999998090789[39m,
  totalTime: [33m157.33209999999963[39m
}
Loaded 9 chunks in 1345.73ms
World generated with seed: 12345
Chunk (-1, -1) generation metrics: {
  terrainTime: [33m0.6336000000010245[39m,
  biomeTime: [33m141.7286000000022[39m,
  resourceTime: [33m0.12230000000272412[39m,
  structureTime: [33m0.07210000000486616[39m,
  riverTime: [33m0.14160000000265427[39m,
  totalTime: [33m142.71809999999823[39m
}
Chunk (0, -1) generation metrics: {
  terrainTime: [33m0.6691999999893596[39m,
  biomeTime: [33m135.36710000000312[39m,
  resourceTime: [33m0.13139999999839347[39m,
  structureTime: [33m0.14330000001064036[39m,
  riverTime: [33m0.007299999997485429[39m,
  totalTime: [33m136.3405000000057[39m
}
Chunk (1, -1) generation metrics: {
  terrainTime: [33m0.6546999999991385[39m,
  biomeTime: [33m139.7719999999972[39m,
  resourceTime: [33m0.12590000001364388[39m,
  structureTime: [33m0.0625[39m,
  riverTime: [33m0.046399999991990626[39m,
  totalTime: [33m140.680400000012[39m
}
Chunk (-1, 0) generation metrics: {
  terrainTime: [33m0.6358000000036554[39m,
  biomeTime: [33m124.15039999999863[39m,
  resourceTime: [33m0.13899999999557622[39m,
  structureTime: [33m0.08809999999357387[39m,
  riverTime: [33m0.1437000000005355[39m,
  totalTime: [33m125.17799999999988[39m
}
Chunk (0, 0) generation metrics: {
  terrainTime: [33m0.6500000000087311[39m,
  biomeTime: [33m146.3813000000082[39m,
  resourceTime: [33m0.13159999999334104[39m,
  structureTime: [33m0.06900000000314321[39m,
  riverTime: [33m0.006699999998090789[39m,
  totalTime: [33m147.31049999999232[39m
}
Chunk (1, 0) generation metrics: {
  terrainTime: [33m0.6303999999945518[39m,
  biomeTime: [33m160.11769999998796[39m,
  resourceTime: [33m0.0712000000057742[39m,
  structureTime: [33m0.05870000000868458[39m,
  riverTime: [33m0.004099999991012737[39m,
  totalTime: [33m160.8984000000055[39m
}
Chunk (-1, 1) generation metrics: {
  terrainTime: [33m0.4337999999988824[39m,
  biomeTime: [33m157.86100000000442[39m,
  resourceTime: [33m0.12630000000353903[39m,
  structureTime: [33m0.05980000000272412[39m,
  riverTime: [33m0.007400000002235174[39m,
  totalTime: [33m158.50650000000314[39m
}
Chunk (0, 1) generation metrics: {
  terrainTime: [33m0.6303999999945518[39m,
  biomeTime: [33m144.27960000000894[39m,
  resourceTime: [33m0.11400000000139698[39m,
  structureTime: [33m0.06739999999990687[39m,
  riverTime: [33m0.006900000007590279[39m,
  totalTime: [33m145.11620000000403[39m
}
Chunk (1, 1) generation metrics: {
  terrainTime: [33m0.6309000000037486[39m,
  biomeTime: [33m148.48429999999644[39m,
  resourceTime: [33m0.1220000000030268[39m,
  structureTime: [33m0.060999999986961484[39m,
  riverTime: [33m0.007100000002537854[39m,
  totalTime: [33m149.32390000000305[39m
}
Loaded 9 chunks in 1307.86ms
World generated with seed: 12345
DemoApp destroyed

[90mstdout[2m | demo/src/ui/WorldGeneration.integration.test.ts[2m > [22m[2mWorld Generation Flow Integration[2m > [22m[2mPerformance Metrics Update[2m > [22m[2mshould update avgGenerationTime after world generation[22m[39m
DemoApp initialized successfully
Chunk (-1, -1) generation metrics: {
  terrainTime: [33m0.5728000000090105[39m,
  biomeTime: [33m138.86930000000575[39m,
  resourceTime: [33m0.07100000001082662[39m,
  structureTime: [33m0.054599999988568015[39m,
  riverTime: [33m0.0789000000077067[39m,
  totalTime: [33m139.6652000000031[39m
}
Chunk (0, -1) generation metrics: {
  terrainTime: [33m1.0111000000033528[39m,
  biomeTime: [33m152.05800000000454[39m,
  resourceTime: [33m0.12910000000556465[39m,
  structureTime: [33m0.04920000000856817[39m,
  riverTime: [33m0.007299999997485429[39m,
  totalTime: [33m153.27079999999842[39m
}
Chunk (1, -1) generation metrics: {
  terrainTime: [33m0.6321999999927357[39m,
  biomeTime: [33m136.10489999999118[39m,
  resourceTime: [33m0.13229999999748543[39m,
  structureTime: [33m0.06339999999909196[39m,
  riverTime: [33m0.03740000000107102[39m,
  totalTime: [33m136.9875999999931[39m
}
Chunk (-1, 0) generation metrics: {
  terrainTime: [33m0.6532000000006519[39m,
  biomeTime: [33m139.6183000000019[39m,
  resourceTime: [33m0.06910000000789296[39m,
  structureTime: [33m0.061199999996460974[39m,
  riverTime: [33m0.13339999999152496[39m,
  totalTime: [33m140.5521000000008[39m
}
Chunk (0, 0) generation metrics: {
  terrainTime: [33m0.41129999999247957[39m,
  biomeTime: [33m134.45739999999932[39m,
  resourceTime: [33m0.5328000000008615[39m,
  structureTime: [33m0.06130000000121072[39m,
  riverTime: [33m0.007500000006984919[39m,
  totalTime: [33m135.4884999999922[39m
}
Chunk (1, 0) generation metrics: {
  terrainTime: [33m0.6247000000003027[39m,
  biomeTime: [33m142.92239999999583[39m,
  resourceTime: [33m0.12220000001252629[39m,
  structureTime: [33m0.07540000000153668[39m,
  riverTime: [33m0.0062000000034458935[39m,
  totalTime: [33m143.76900000000023[39m
}
Chunk (-1, 1) generation metrics: {
  terrainTime: [33m0.6209999999991851[39m,
  biomeTime: [33m147.99599999999919[39m,
  resourceTime: [33m0.11789999999746215[39m,
  structureTime: [33m0.07069999999657739[39m,
  riverTime: [33m0.006900000007590279[39m,
  totalTime: [33m148.83110000001034[39m
}
Chunk (0, 1) generation metrics: {
  terrainTime: [33m0.6195999999908963[39m,
  biomeTime: [33m145.34819999999308[39m,
  resourceTime: [33m0.12559999999939464[39m,
  structureTime: [33m0.07279999999445863[39m,
  riverTime: [33m0.006899999993038364[39m,
  totalTime: [33m146.19250000000466[39m
}
Chunk (1, 1) generation metrics: {
  terrainTime: [33m0.6172000000078697[39m,
  biomeTime: [33m145.95659999999043[39m,
  resourceTime: [33m0.12940000000526197[39m,
  structureTime: [33m0.060599999997066334[39m,
  riverTime: [33m0.006600000007892959[39m,
  totalTime: [33m146.78899999998976[39m
}
Loaded 9 chunks in 1293.18ms
World generated with seed: 12345
DemoApp destroyed

[90mstdout[2m | demo/src/ui/WorldGeneration.integration.test.ts[2m > [22m[2mWorld Generation Flow Integration[2m > [22m[2mPerformance Metrics Update[2m > [22m[2mshould update loadedChunkCount correctly[22m[39m
DemoApp initialized successfully
Chunk (-1, -1) generation metrics: {
  terrainTime: [33m0.627600000007078[39m,
  biomeTime: [33m149.4262000000017[39m,
  resourceTime: [33m0.13350000001082662[39m,
  structureTime: [33m0.06290000000444707[39m,
  riverTime: [33m0.11500000000523869[39m,
  totalTime: [33m150.38069999999425[39m
}
Chunk (0, -1) generation metrics: {
  terrainTime: [33m0.6535000000003492[39m,
  biomeTime: [33m150.37730000000738[39m,
  resourceTime: [33m0.07870000001275912[39m,
  structureTime: [33m0.043599999989965[39m,
  riverTime: [33m0.005100000009406358[39m,
  totalTime: [33m151.17789999999513[39m
}
Chunk (1, -1) generation metrics: {
  terrainTime: [33m0.4226000000053318[39m,
  biomeTime: [33m174.23970000000554[39m,
  resourceTime: [33m0.13360000000102445[39m,
  structureTime: [33m0.053899999998975545[39m,
  riverTime: [33m0.036099999997531995[39m,
  totalTime: [33m174.90099999999802[39m
}
Chunk (-1, 0) generation metrics: {
  terrainTime: [33m0.664600000003702[39m,
  biomeTime: [33m145.22360000001208[39m,
  resourceTime: [33m0.12669999999343418[39m,
  structureTime: [33m0.07310000000870787[39m,
  riverTime: [33m0.15940000000409782[39m,
  totalTime: [33m146.26510000000417[39m
}
Chunk (0, 0) generation metrics: {
  terrainTime: [33m0.6896999999880791[39m,
  biomeTime: [33m160.3801999999996[39m,
  resourceTime: [33m0.12690000000293367[39m,
  structureTime: [33m0.05709999999089632[39m,
  riverTime: [33m0.006500000003143214[39m,
  totalTime: [33m161.27889999999024[39m
}
Chunk (1, 0) generation metrics: {
  terrainTime: [33m0.6233999999967637[39m,
  biomeTime: [33m157.16990000000806[39m,
  resourceTime: [33m0.12270000000717118[39m,
  structureTime: [33m0.07709999999497086[39m,
  riverTime: [33m0.007599999997182749[39m,
  totalTime: [33m158.01729999999225[39m
}
Chunk (-1, 1) generation metrics: {
  terrainTime: [33m0.629400000005262[39m,
  biomeTime: [33m152.4771999999939[39m,
  resourceTime: [33m0.1279999999969732[39m,
  structureTime: [33m0.05420000001322478[39m,
  riverTime: [33m0.006099999998696148[39m,
  totalTime: [33m153.31209999999555[39m
}
Chunk (0, 1) generation metrics: {
  terrainTime: [33m0.6310000000084983[39m,
  biomeTime: [33m157.8640000000014[39m,
  resourceTime: [33m0.12129999999888241[39m,
  structureTime: [33m0.06320000000414439[39m,
  riverTime: [33m0.006400000012945384[39m,
  totalTime: [33m158.70430000001215[39m
}
Chunk (1, 1) generation metrics: {
  terrainTime: [33m0.6270999999978812[39m,
  biomeTime: [33m163.1359999999986[39m,
  resourceTime: [33m0.1290000000008149[39m,
  structureTime: [33m0.06489999999757856[39m,
  riverTime: [33m0.007400000002235174[39m,
  totalTime: [33m163.98110000000452[39m
}
Loaded 9 chunks in 1419.54ms
World generated with seed: 12345
DemoApp destroyed

[90mstdout[2m | demo/src/ui/WorldGeneration.integration.test.ts[2m > [22m[2mWorld Generation Flow Integration[2m > [22m[2mPerformance Metrics Update[2m > [22m[2mshould track biome distribution accurately[22m[39m
DemoApp initialized successfully
Chunk (-1, -1) generation metrics: {
  terrainTime: [33m0.6212000000086846[39m,
  biomeTime: [33m161.45210000000952[39m,
  resourceTime: [33m0.06969999999273568[39m,
  structureTime: [33m0.04700000000593718[39m,
  riverTime: [33m0.09649999999965075[39m,
  totalTime: [33m162.30040000000736[39m
}
Chunk (0, -1) generation metrics: {
  terrainTime: [33m0.4554000000061933[39m,
  biomeTime: [33m144.07009999999718[39m,
  resourceTime: [33m0.1269999999931315[39m,
  structureTime: [33m0.06349999998928979[39m,
  riverTime: [33m0.006199999988893978[39m,
  totalTime: [33m144.74249999999302[39m
}
Chunk (1, -1) generation metrics: {
  terrainTime: [33m0.6233999999967637[39m,
  biomeTime: [33m161.09910000000673[39m,
  resourceTime: [33m0.125[39m,
  structureTime: [33m0.0595000000030268[39m,
  riverTime: [33m0.03620000000228174[39m,
  totalTime: [33m161.9615000000049[39m
}
Chunk (-1, 0) generation metrics: {
  terrainTime: [33m0.6622999999963213[39m,
  biomeTime: [33m152.89779999999155[39m,
  resourceTime: [33m0.11680000000342261[39m,
  structureTime: [33m0.06519999999727588[39m,
  riverTime: [33m0.09670000000915024[39m,
  totalTime: [33m153.85640000000421[39m
}
Chunk (0, 0) generation metrics: {
  terrainTime: [33m0.5936000000074273[39m,
  biomeTime: [33m149.26540000000386[39m,
  resourceTime: [33m0.13139999999839347[39m,
  structureTime: [33m0.060299999997369014[39m,
  riverTime: [33m0.007700000001932494[39m,
  totalTime: [33m150.07600000000093[39m
}
Chunk (1, 0) generation metrics: {
  terrainTime: [33m0.7636000000056811[39m,
  biomeTime: [33m136.7560999999987[39m,
  resourceTime: [33m0.12679999999818392[39m,
  structureTime: [33m0.06650000000081491[39m,
  riverTime: [33m0.007200000007287599[39m,
  totalTime: [33m137.74079999999958[39m
}
Chunk (-1, 1) generation metrics: {
  terrainTime: [33m0.6309000000037486[39m,
  biomeTime: [33m166.07620000001043[39m,
  resourceTime: [33m0.125[39m,
  structureTime: [33m0.06859999999869615[39m,
  riverTime: [33m0.006500000003143214[39m,
  totalTime: [33m166.93439999999828[39m
}
Chunk (0, 1) generation metrics: {
  terrainTime: [33m0.6226999999926193[39m,
  biomeTime: [33m159.78420000000915[39m,
  resourceTime: [33m0.1282000000064727[39m,
  structureTime: [33m0.0590000000083819[39m,
  riverTime: [33m0.005399999994551763[39m,
  totalTime: [33m160.61789999999746[39m
}
Chunk (1, 1) generation metrics: {
  terrainTime: [33m0.620199999990291[39m,
  biomeTime: [33m155.77640000000247[39m,
  resourceTime: [33m0.1352000000042608[39m,
  structureTime: [33m0.07090000000607688[39m,
  riverTime: [33m0.006500000003143214[39m,
  totalTime: [33m156.63099999999395[39m
}
Loaded 9 chunks in 1396.71ms
World generated with seed: 12345
DemoApp destroyed

[90mstdout[2m | demo/src/ui/WorldGeneration.integration.test.ts[2m > [22m[2mWorld Generation Flow Integration[2m > [22m[2mPerformance Metrics Update[2m > [22m[2mshould update height statistics[22m[39m
DemoApp initialized successfully
Chunk (-1, -1) generation metrics: {
  terrainTime: [33m0.6621999999915715[39m,
  biomeTime: [33m149.48080000000482[39m,
  resourceTime: [33m0.12930000000051223[39m,
  structureTime: [33m0.08770000000367872[39m,
  riverTime: [33m0.10850000000209548[39m,
  totalTime: [33m150.49030000000494[39m
}
Chunk (0, -1) generation metrics: {
  terrainTime: [33m0.6407000000035623[39m,
  biomeTime: [33m137.75800000000163[39m,
  resourceTime: [33m0.11109999999462161[39m,
  structureTime: [33m0.060899999996763654[39m,
  riverTime: [33m0.008300000001327135[39m,
  totalTime: [33m138.5978000000032[39m
}
Chunk (1, -1) generation metrics: {
  terrainTime: [33m0.8654999999998836[39m,
  biomeTime: [33m143.01900000000023[39m,
  resourceTime: [33m0.1264999999984866[39m,
  structureTime: [33m0.0864000000001397[39m,
  riverTime: [33m0.035199999998440035[39m,
  totalTime: [33m144.15690000000177[39m
}
Chunk (-1, 0) generation metrics: {
  terrainTime: [33m0.6359000000084052[39m,
  biomeTime: [33m138.57730000000447[39m,
  resourceTime: [33m0.3839000000007218[39m,
  structureTime: [33m0.10080000000016298[39m,
  riverTime: [33m0.0913999999902444[39m,
  totalTime: [33m139.80890000000363[39m
}
Chunk (0, 0) generation metrics: {
  terrainTime: [33m0.6537000000098487[39m,
  biomeTime: [33m127.59159999999974[39m,
  resourceTime: [33m0.11860000000160653[39m,
  structureTime: [33m0.06610000001091976[39m,
  riverTime: [33m0.007100000002537854[39m,
  totalTime: [33m128.45590000000084[39m
}
Chunk (1, 0) generation metrics: {
  terrainTime: [33m0.5915999999997439[39m,
  biomeTime: [33m128.94019999999728[39m,
  resourceTime: [33m0.1260000000038417[39m,
  structureTime: [33m0.0731999999989057[39m,
  riverTime: [33m0.006800000002840534[39m,
  totalTime: [33m129.75750000000698[39m
}
Chunk (-1, 1) generation metrics: {
  terrainTime: [33m0.6307999999989988[39m,
  biomeTime: [33m152.48730000000796[39m,
  resourceTime: [33m0.0712000000057742[39m,
  structureTime: [33m0.04870000001392327[39m,
  riverTime: [33m0.004099999991012737[39m,
  totalTime: [33m153.25770000000193[39m
}
Chunk (0, 1) generation metrics: {
  terrainTime: [33m0.4061000000074273[39m,
  biomeTime: [33m141.37349999998696[39m,
  resourceTime: [33m0.12989999999990687[39m,
  structureTime: [33m0.045700000002398156[39m,
  riverTime: [33m0.0062000000034458935[39m,
  totalTime: [33m141.9756999999954[39m
}
Chunk (1, 1) generation metrics: {
  terrainTime: [33m0.6313999999983935[39m,
  biomeTime: [33m153.7618000000075[39m,
  resourceTime: [33m0.12470000000030268[39m,
  structureTime: [33m0.07289999999920838[39m,
  riverTime: [33m0.006799999988288619[39m,
  totalTime: [33m154.61819999999716[39m
}
Loaded 9 chunks in 1282.80ms
World generated with seed: 12345
DemoApp destroyed

[90mstdout[2m | demo/src/ui/WorldGeneration.integration.test.ts[2m > [22m[2mWorld Generation Flow Integration[2m > [22m[2mPerformance Metrics Update[2m > [22m[2mshould update resource counts[22m[39m
DemoApp initialized successfully
Chunk (-1, -1) generation metrics: {
  terrainTime: [33m0.614000000001397[39m,
  biomeTime: [33m138.7508999999991[39m,
  resourceTime: [33m0.13810000001103617[39m,
  structureTime: [33m0.07549999999173451[39m,
  riverTime: [33m0.1437000000005355[39m,
  totalTime: [33m139.7393999999913[39m
}
Chunk (0, -1) generation metrics: {
  terrainTime: [33m0.7339999999967404[39m,
  biomeTime: [33m145.4890000000014[39m,
  resourceTime: [33m0.12789999999222346[39m,
  structureTime: [33m0.05460000000311993[39m,
  riverTime: [33m0.006999999997788109[39m,
  totalTime: [33m146.42990000000282[39m
}
Chunk (1, -1) generation metrics: {
  terrainTime: [33m0.6328999999968801[39m,
  biomeTime: [33m157.96020000000135[39m,
  resourceTime: [33m0.1132999999972526[39m,
  structureTime: [33m0.08430000000225846[39m,
  riverTime: [33m0.035199999998440035[39m,
  totalTime: [33m158.84419999999227[39m
}
Chunk (-1, 0) generation metrics: {
  terrainTime: [33m1.1336000000010245[39m,
  biomeTime: [33m147.0439999999944[39m,
  resourceTime: [33m0.12310000001161825[39m,
  structureTime: [33m0.07090000000607688[39m,
  riverTime: [33m0.1006000000052154[39m,
  totalTime: [33m148.49229999999807[39m
}
Chunk (0, 0) generation metrics: {
  terrainTime: [33m0.634699999995064[39m,
  biomeTime: [33m151.60229999999865[39m,
  resourceTime: [33m0.12580000000889413[39m,
  structureTime: [33m0.05139999999664724[39m,
  riverTime: [33m0.006099999998696148[39m,
  totalTime: [33m152.48219999999856[39m
}
Chunk (1, 0) generation metrics: {
  terrainTime: [33m0.6165999999939231[39m,
  biomeTime: [33m148.40610000000743[39m,
  resourceTime: [33m0.1331999999965774[39m,
  structureTime: [33m0.06639999999606516[39m,
  riverTime: [33m7.224300000001676[39m,
  totalTime: [33m156.46480000000156[39m
}
Chunk (-1, 1) generation metrics: {
  terrainTime: [33m0.7474999999976717[39m,
  biomeTime: [33m158.90089999999327[39m,
  resourceTime: [33m0.11500000000523869[39m,
  structureTime: [33m0.07399999999324791[39m,
  riverTime: [33m0.0079999999870779[39m,
  totalTime: [33m159.87110000000393[39m
}
Chunk (0, 1) generation metrics: {
  terrainTime: [33m0.6105999999999767[39m,
  biomeTime: [33m163.83730000001378[39m,
  resourceTime: [33m0.14899999999033753[39m,
  structureTime: [33m0.05830000000423752[39m,
  riverTime: [33m0.007499999992433004[39m,
  totalTime: [33m164.68060000000696[39m
}
Chunk (1, 1) generation metrics: {
  terrainTime: [33m0.576600000000326[39m,
  biomeTime: [33m157.55869999999413[39m,
  resourceTime: [33m0.17689999999129213[39m,
  structureTime: [33m0.062300000005052425[39m,
  riverTime: [33m0.007100000002537854[39m,
  totalTime: [33m158.42549999999756[39m
}
Loaded 9 chunks in 1388.30ms
World generated with seed: 12345
DemoApp destroyed

[90mstdout[2m | demo/src/ui/WorldGeneration.integration.test.ts[2m > [22m[2mWorld Generation Flow Integration[2m > [22m[2mPerformance Metrics Update[2m > [22m[2mshould update structure counts[22m[39m
DemoApp initialized successfully
Chunk (-1, -1) generation metrics: {
  terrainTime: [33m0.6175999999977648[39m,
  biomeTime: [33m152.35669999998936[39m,
  resourceTime: [33m0.12320000000181608[39m,
  structureTime: [33m0.05809999999473803[39m,
  riverTime: [33m0.11719999999331776[39m,
  totalTime: [33m153.29269999999087[39m
}
Chunk (0, -1) generation metrics: {
  terrainTime: [33m0.6419999999925494[39m,
  biomeTime: [33m149.51230000000214[39m,
  resourceTime: [33m0.12719999998807907[39m,
  structureTime: [33m0.06130000000121072[39m,
  riverTime: [33m0.006199999988893978[39m,
  totalTime: [33m150.36710000000312[39m
}
Chunk (1, -1) generation metrics: {
  terrainTime: [33m1.4272000000055414[39m,
  biomeTime: [33m164.12570000000414[39m,
  resourceTime: [33m0.12689999998838175[39m,
  structureTime: [33m0.051800000001094304[39m,
  riverTime: [33m0.03569999999308493[39m,
  totalTime: [33m165.78789999999572[39m
}
Chunk (-1, 0) generation metrics: {
  terrainTime: [33m0.637300000002142[39m,
  biomeTime: [33m183.01720000000205[39m,
  resourceTime: [33m0.1215000000083819[39m,
  structureTime: [33m0.06309999999939464[39m,
  riverTime: [33m0.10420000000158325[39m,
  totalTime: [33m183.96400000000722[39m
}
Chunk (0, 0) generation metrics: {
  terrainTime: [33m0.6083999999973457[39m,
  biomeTime: [33m165.0292000000045[39m,
  resourceTime: [33m0.11359999999694992[39m,
  structureTime: [33m0.05099999999220017[39m,
  riverTime: [33m0.007499999992433004[39m,
  totalTime: [33m165.82779999999912[39m
}
Chunk (1, 0) generation metrics: {
  terrainTime: [33m0.6187999999965541[39m,
  biomeTime: [33m153.98020000000542[39m,
  resourceTime: [33m0.18929999999818392[39m,
  structureTime: [33m0.1406999999890104[39m,
  riverTime: [33m0.006199999988893978[39m,
  totalTime: [33m154.9530999999988[39m
}
Chunk (-1, 1) generation metrics: {
  terrainTime: [33m0.5835999999981141[39m,
  biomeTime: [33m148.11179999999877[39m,
  resourceTime: [33m0.12570000000414439[39m,
  structureTime: [33m0.05789999999979045[39m,
  riverTime: [33m0.006699999998090789[39m,
  totalTime: [33m148.90290000000095[39m
}
Chunk (0, 1) generation metrics: {
  terrainTime: [33m0.6145000000105938[39m,
  biomeTime: [33m158.46560000001045[39m,
  resourceTime: [33m0.1292999999859603[39m,
  structureTime: [33m0.05010000000766013[39m,
  riverTime: [33m0.006699999998090789[39m,
  totalTime: [33m159.28399999999965[39m
}
Chunk (1, 1) generation metrics: {
  terrainTime: [33m0.610499999995227[39m,
  biomeTime: [33m160.21630000000005[39m,
  resourceTime: [33m0.07099999999627471[39m,
  structureTime: [33m0.04739999999583233[39m,
  riverTime: [33m0.005100000009406358[39m,
  totalTime: [33m160.96659999999974[39m
}
Loaded 9 chunks in 1445.68ms
World generated with seed: 12345
DemoApp destroyed

[90mstdout[2m | demo/src/ui/WorldGeneration.integration.test.ts[2m > [22m[2mWorld Generation Flow Integration[2m > [22m[2mPerformance Metrics Update[2m > [22m[2mshould update metrics on subsequent generations[22m[39m
DemoApp initialized successfully
Chunk (-1, -1) generation metrics: {
  terrainTime: [33m0.6037999999971362[39m,
  biomeTime: [33m149.5051999999996[39m,
  resourceTime: [33m0.12529999999969732[39m,
  structureTime: [33m0.05879999999888241[39m,
  riverTime: [33m0.10659999999916181[39m,
  totalTime: [33m150.41999999999825[39m
}
Chunk (0, -1) generation metrics: {
  terrainTime: [33m0.678700000004028[39m,
  biomeTime: [33m165.0847999999969[39m,
  resourceTime: [33m0.12939999999071006[39m,
  structureTime: [33m0.05719999999564607[39m,
  riverTime: [33m0.007500000006984919[39m,
  totalTime: [33m165.9777000000031[39m
}
Chunk (1, -1) generation metrics: {
  terrainTime: [33m0.6334999999962747[39m,
  biomeTime: [33m159.9143999999942[39m,
  resourceTime: [33m0.12110000000393484[39m,
  structureTime: [33m0.05819999999948777[39m,
  riverTime: [33m0.1070999999938067[39m,
  totalTime: [33m160.84970000000612[39m
}
Chunk (-1, 0) generation metrics: {
  terrainTime: [33m0.6227000000071712[39m,
  biomeTime: [33m175.89890000000014[39m,
  resourceTime: [33m0.15149999999266583[39m,
  structureTime: [33m0.07309999999415595[39m,
  riverTime: [33m0.12189999999827705[39m,
  totalTime: [33m176.88460000000487[39m
}
Chunk (0, 0) generation metrics: {
  terrainTime: [33m0.7491999999911059[39m,
  biomeTime: [33m170.70249999999942[39m,
  resourceTime: [33m0.13139999999839347[39m,
  structureTime: [33m0.0635000000038417[39m,
  riverTime: [33m0.0076000000117346644[39m,
  totalTime: [33m171.67459999999846[39m
}
Chunk (1, 0) generation metrics: {
  terrainTime: [33m0.6181999999971595[39m,
  biomeTime: [33m149.4192999999941[39m,
  resourceTime: [33m0.12170000000332948[39m,
  structureTime: [33m0.05929999999352731[39m,
  riverTime: [33m0.0062000000034458935[39m,
  totalTime: [33m150.24120000000403[39m
}
Chunk (-1, 1) generation metrics: {
  terrainTime: [33m0.5847999999969034[39m,
  biomeTime: [33m151.04910000000382[39m,
  resourceTime: [33m0.12489999999525025[39m,
  structureTime: [33m0.0580000000045402[39m,
  riverTime: [33m0.03280000000086147[39m,
  totalTime: [33m151.86660000000848[39m
}
Chunk (0, 1) generation metrics: {
  terrainTime: [33m0.5984000000025844[39m,
  biomeTime: [33m150.66949999998906[39m,
  resourceTime: [33m0.069999999992433[39m,
  structureTime: [33m0.045400000002700835[39m,
  riverTime: [33m0.004899999999906868[39m,
  totalTime: [33m151.4143999999942[39m
}
Chunk (1, 1) generation metrics: {
  terrainTime: [33m0.8687999999965541[39m,
  biomeTime: [33m166.01459999999497[39m,
  resourceTime: [33m0.32089999999152496[39m,
  structureTime: [33m0.05709999999089632[39m,
  riverTime: [33m0.005999999993946403[39m,
  totalTime: [33m167.28529999998864[39m
}
Loaded 9 chunks in 1448.30ms
World generated with seed: 12345
Chunk (-1, -1) generation metrics: {
  terrainTime: [33m0.6098999999958323[39m,
  biomeTime: [33m167.70539999999164[39m,
  resourceTime: [33m0.12639999999373686[39m,
  structureTime: [33m0.05430000000342261[39m,
  riverTime: [33m0.12029999999504071[39m,
  totalTime: [33m168.63349999999627[39m
}
Chunk (0, -1) generation metrics: {
  terrainTime: [33m0.6304000000091037[39m,
  biomeTime: [33m162.05149999998685[39m,
  resourceTime: [33m0.13560000000870787[39m,
  structureTime: [33m0.09110000000509899[39m,
  riverTime: [33m0.009599999990314245[39m,
  totalTime: [33m162.93469999999797[39m
}
Chunk (1, -1) generation metrics: {
  terrainTime: [33m1.435700000001816[39m,
  biomeTime: [33m152.93309999999474[39m,
  resourceTime: [33m0.06790000000910368[39m,
  structureTime: [33m0.03899999998975545[39m,
  riverTime: [33m0.0044999999954598024[39m,
  totalTime: [33m154.50179999999818[39m
}
Chunk (-1, 0) generation metrics: {
  terrainTime: [33m0.5584000000089873[39m,
  biomeTime: [33m134.36969999999565[39m,
  resourceTime: [33m0.1292000000103144[39m,
  structureTime: [33m0.05400000000372529[39m,
  riverTime: [33m0.1103000000002794[39m,
  totalTime: [33m135.23690000000352[39m
}
Chunk (0, 0) generation metrics: {
  terrainTime: [33m0.6710000000020955[39m,
  biomeTime: [33m162.29529999999795[39m,
  resourceTime: [33m0.11930000000575092[39m,
  structureTime: [33m0.0390999999945052[39m,
  riverTime: [33m0.00810000000637956[39m,
  totalTime: [33m163.1478000000061[39m
}
Chunk (1, 0) generation metrics: {
  terrainTime: [33m0.6019999999989523[39m,
  biomeTime: [33m135.716499999995[39m,
  resourceTime: [33m0.0776999999943655[39m,
  structureTime: [33m0.052300000010291114[39m,
  riverTime: [33m0.005499999999301508[39m,
  totalTime: [33m136.46749999999884[39m
}
Chunk (-1, 1) generation metrics: {
  terrainTime: [33m0.41220000000612345[39m,
  biomeTime: [33m156.5176999999967[39m,
  resourceTime: [33m0.1224999999976717[39m,
  structureTime: [33m0.060500000006868504[39m,
  riverTime: [33m0.012099999992642552[39m,
  totalTime: [33m157.14479999999458[39m
}
Chunk (0, 1) generation metrics: {
  terrainTime: [33m0.6074999999982538[39m,
  biomeTime: [33m152.70590000000084[39m,
  resourceTime: [33m0.1239999999961583[39m,
  structureTime: [33m0.05980000000272412[39m,
  riverTime: [33m0.015699999989010394[39m,
  totalTime: [33m153.53009999998903[39m
}
Chunk (1, 1) generation metrics: {
  terrainTime: [33m0.6010000000096625[39m,
  biomeTime: [33m145.49929999999586[39m,
  resourceTime: [33m0.12449999999080319[39m,
  structureTime: [33m0.06730000000970904[39m,
  riverTime: [33m0.006299999993643723[39m,
  totalTime: [33m146.31380000000354[39m
}
Loaded 9 chunks in 1379.49ms
World generated with seed: 54321
DemoApp destroyed

[90mstdout[2m | demo/src/ui/WorldGeneration.integration.test.ts[2m > [22m[2mWorld Generation Flow Integration[2m > [22m[2mPerformance Metrics Update[2m > [22m[2mshould maintain consistent metrics across regeneration with same seed[22m[39m
DemoApp initialized successfully
Chunk (-1, -1) generation metrics: {
  terrainTime: [33m0.6427000000112457[39m,
  biomeTime: [33m140.24229999999807[39m,
  resourceTime: [33m0.12410000000090804[39m,
  structureTime: [33m0.05770000000484288[39m,
  riverTime: [33m0.09739999999874271[39m,
  totalTime: [33m141.1871000000101[39m
}
Chunk (0, -1) generation metrics: {
  terrainTime: [33m0.5584999999991851[39m,
  biomeTime: [33m146.71989999999641[39m,
  resourceTime: [33m0.1224999999976717[39m,
  structureTime: [33m0.05109999999694992[39m,
  riverTime: [33m0.0060000000084983185[39m,
  totalTime: [33m147.47529999999097[39m
}
Chunk (1, -1) generation metrics: {
  terrainTime: [33m0.6097000000008848[39m,
  biomeTime: [33m153.36650000000373[39m,
  resourceTime: [33m1.8966999999975087[39m,
  structureTime: [33m0.06570000000647269[39m,
  riverTime: [33m0.036999999996623956[39m,
  totalTime: [33m155.9933999999921[39m
}
Chunk (-1, 0) generation metrics: {
  terrainTime: [33m0.5663999999960652[39m,
  biomeTime: [33m147.85570000000007[39m,
  resourceTime: [33m0.11759999999776483[39m,
  structureTime: [33m0.06709999998565763[39m,
  riverTime: [33m0.09769999999844003[39m,
  totalTime: [33m148.7219999999943[39m
}
Chunk (0, 0) generation metrics: {
  terrainTime: [33m0.6189999999915017[39m,
  biomeTime: [33m135.66539999999804[39m,
  resourceTime: [33m0.18730000000505242[39m,
  structureTime: [33m0.05740000000514556[39m,
  riverTime: [33m0.006599999993341044[39m,
  totalTime: [33m136.55329999999958[39m
}
Chunk (1, 0) generation metrics: {
  terrainTime: [33m0.7385999999969499[39m,
  biomeTime: [33m145.16419999999925[39m,
  resourceTime: [33m0.11740000000281725[39m,
  structureTime: [33m0.06650000000081491[39m,
  riverTime: [33m0.007700000001932494[39m,
  totalTime: [33m146.11209999999846[39m
}
Chunk (-1, 1) generation metrics: {
  terrainTime: [33m0.6368000000074971[39m,
  biomeTime: [33m159.72999999999593[39m,
  resourceTime: [33m0.12410000000090804[39m,
  structureTime: [33m0.05490000000281725[39m,
  riverTime: [33m0.006299999993643723[39m,
  totalTime: [33m160.56939999999304[39m
}
Chunk (0, 1) generation metrics: {
  terrainTime: [33m0.6104000000050291[39m,
  biomeTime: [33m142.1875[39m,
  resourceTime: [33m0.15670000000682194[39m,
  structureTime: [33m0.5319000000017695[39m,
  riverTime: [33m0.007499999992433004[39m,
  totalTime: [33m143.5121999999974[39m
}
Chunk (1, 1) generation metrics: {
  terrainTime: [33m0.6256999999895925[39m,
  biomeTime: [33m157.97849999999744[39m,
  resourceTime: [33m0.12919999999576248[39m,
  structureTime: [33m0.06880000000819564[39m,
  riverTime: [33m0.007199999992735684[39m,
  totalTime: [33m158.8249999999971[39m
}
Loaded 9 chunks in 1340.52ms
World generated with seed: 12345
Chunk (-1, -1) generation metrics: {
  terrainTime: [33m0.6352000000042608[39m,
  biomeTime: [33m142.50330000001122[39m,
  resourceTime: [33m0.12360000000626314[39m,
  structureTime: [33m0.04559999999764841[39m,
  riverTime: [33m0.10500000001047738[39m,
  totalTime: [33m143.4277000000002[39m
}
Chunk (0, -1) generation metrics: {
  terrainTime: [33m0.6464999999880092[39m,
  biomeTime: [33m143.6082999999926[39m,
  resourceTime: [33m0.12690000000293367[39m,
  structureTime: [33m0.07790000000386499[39m,
  riverTime: [33m0.008000000001629815[39m,
  totalTime: [33m144.4875000000029[39m
}
Chunk (1, -1) generation metrics: {
  terrainTime: [33m0.6621000000013737[39m,
  biomeTime: [33m145.72540000001027[39m,
  resourceTime: [33m0.13079999999899883[39m,
  structureTime: [33m0.05720000001019798[39m,
  riverTime: [33m0.034800000008544885[39m,
  totalTime: [33m146.62889999999607[39m
}
Chunk (-1, 0) generation metrics: {
  terrainTime: [33m0.6376999999920372[39m,
  biomeTime: [33m153.27010000000882[39m,
  resourceTime: [33m0.15819999999075662[39m,
  structureTime: [33m0.12489999999525025[39m,
  riverTime: [33m0.29299999999057036[39m,
  totalTime: [33m154.50249999998778[39m
}
Chunk (0, 0) generation metrics: {
  terrainTime: [33m0.8435000000026776[39m,
  biomeTime: [33m168.65099999999802[39m,
  resourceTime: [33m0.1367000000027474[39m,
  structureTime: [33m0.04869999999937136[39m,
  riverTime: [33m0.0062000000034458935[39m,
  totalTime: [33m169.7054000000062[39m
}
Chunk (1, 0) generation metrics: {
  terrainTime: [33m0.6980000000039581[39m,
  biomeTime: [33m162.0841000000073[39m,
  resourceTime: [33m0.11839999999210704[39m,
  structureTime: [33m0.07090000000607688[39m,
  riverTime: [33m0.007299999997485429[39m,
  totalTime: [33m163.0350000000035[39m
}
Chunk (-1, 1) generation metrics: {
  terrainTime: [33m0.6183000000019092[39m,
  biomeTime: [33m132.03340000000026[39m,
  resourceTime: [33m0.11669999999867287[39m,
  structureTime: [33m0.045700000002398156[39m,
  riverTime: [33m0.006299999993643723[39m,
  totalTime: [33m132.8350999999966[39m
}
Chunk (0, 1) generation metrics: {
  terrainTime: [33m0.5706999999965774[39m,
  biomeTime: [33m137.71240000000398[39m,
  resourceTime: [33m0.12619999999878928[39m,
  structureTime: [33m0.06040000000211876[39m,
  riverTime: [33m0.0063999999983934686[39m,
  totalTime: [33m138.49469999999565[39m
}
Chunk (1, 1) generation metrics: {
  terrainTime: [33m1.1015999999945052[39m,
  biomeTime: [33m152.47490000000107[39m,
  resourceTime: [33m0.11719999999331776[39m,
  structureTime: [33m0.04770000001008157[39m,
  riverTime: [33m0.006600000007892959[39m,
  totalTime: [33m153.76289999998698[39m
}
Loaded 9 chunks in 1348.43ms
World generated with seed: 12345
DemoApp destroyed

 [32mтЬУ[39m tests/unit/world/biome.test.ts [2m ([22m[2m10 tests[22m[2m)[22m[90m 35[2mms[22m[39m
 [32mтЬУ[39m tests/unit/core/hash.test.ts [2m ([22m[2m22 tests[22m[2m)[22m[90m 15[2mms[22m[39m
 [32mтЬУ[39m demo/src/ui/ControlPanel.test.ts [2m ([22m[2m15 tests[22m[2m)[22m[90m 12[2mms[22m[39m
 [32mтЬУ[39m tests/property/rng.property.test.ts [2m ([22m[2m6 tests[22m[2m)[22m[90m 277[2mms[22m[39m
 [32mтЬУ[39m src/gen/terrain.test.ts [2m ([22m[2m5 tests[22m[2m)[22m[90m 62[2mms[22m[39m
 [32mтЬУ[39m tests/property/resources.property.test.ts [2m ([22m[2m2 tests[22m[2m)[22m[33m 5899[2mms[22m[39m
 [32mтЬУ[39m tests/unit/utils/poisson.test.ts [2m ([22m[2m7 tests[22m[2m)[22m[90m 103[2mms[22m[39m
 [32mтЬУ[39m demo/src/core/DemoApp.biome-fix-verification.test.ts [2m ([22m[2m4 tests[22m[2m)[22m[33m 903[2mms[22m[39m
[90mstdout[2m | demo/src/core/DemoApp.biome-fix-verification.test.ts[2m > [22m[2mDemoApp - Biome Fix Verification (Tasks 3.8 & 3.9)[2m > [22m[2mTask 3.8: should continue through BIOMES before first render[22m[39m
DemoApp initialized successfully
DemoApp destroyed

[90mstdout[2m | demo/src/core/DemoApp.biome-fix-verification.test.ts[2m > [22m[2mDemoApp - Biome Fix Verification (Tasks 3.8 & 3.9)[2m > [22m[2mTask 3.9: should update progress tracking after each continueGeneration() call[22m[39m
DemoApp initialized successfully
DemoApp destroyed

[90mstdout[2m | demo/src/core/DemoApp.biome-fix-verification.test.ts[2m > [22m[2mDemoApp - Biome Fix Verification (Tasks 3.8 & 3.9)[2m > [22m[2mTask 3.8 & 3.9: should not emit CHUNK_LOADED if biomeMap is missing[22m[39m
DemoApp initialized successfully
DemoApp destroyed

[90mstdout[2m | demo/src/core/DemoApp.biome-fix-verification.test.ts[2m > [22m[2mDemoApp - Biome Fix Verification (Tasks 3.8 & 3.9)[2m > [22m[2mTask 3.9: should remove from progress map only when stage = COMPLETE[22m[39m
DemoApp initialized successfully
Chunk (0, 0) generation metrics: {
  terrainTime: [33m0.7857999999832828[39m,
  biomeTime: [33m166.58780000000843[39m,
  resourceTime: [33m0.134699999995064[39m,
  structureTime: [33m0.2330999999830965[39m,
  riverTime: [33m0.022300000011455268[39m,
  totalTime: [33m167.8257000000158[39m
}
DemoApp destroyed

 [32mтЬУ[39m tests/unit/world/enhanced-biome-types.test.ts [2m ([22m[2m7 tests[22m[2m)[22m[90m 11[2mms[22m[39m
 [32mтЬУ[39m demo/src/viewer/ObjectPool.test.ts [2m ([22m[2m8 tests[22m[2m)[22m[90m 11[2mms[22m[39m
 [32mтЬУ[39m demo/src/ui/ControlPanel.preset.test.ts [2m ([22m[2m4 tests[22m[2m)[22m[90m 10[2mms[22m[39m
 [32mтЬУ[39m demo/src/core/DemoApp.lod.test.ts [2m ([22m[2m12 tests[22m[2m)[22m[33m 11063[2mms[22m[39m
[90mstdout[2m | demo/src/core/DemoApp.lod.test.ts[2m > [22m[2mDemoApp - LOD Integration[2m > [22m[2mLOD Configuration[2m > [22m[2mshould initialize without LOD manager by default[22m[39m
DemoApp initialized successfully

[90mstdout[2m | demo/src/core/DemoApp.lod.test.ts[2m > [22m[2mDemoApp - LOD Integration[2m > [22m[2mLOD Configuration[2m > [22m[2mshould create LOD manager when LOD config is set[22m[39m
DemoApp initialized successfully

[90mstdout[2m | demo/src/core/DemoApp.lod.test.ts[2m > [22m[2mDemoApp - LOD Integration[2m > [22m[2mLOD Configuration[2m > [22m[2mshould remove LOD manager when LOD config is disabled[22m[39m
DemoApp initialized successfully

[90mstdout[2m | demo/src/core/DemoApp.lod.test.ts[2m > [22m[2mDemoApp - LOD Integration[2m > [22m[2mLOD Level Calculation[2m > [22m[2mshould calculate HIGH LOD for chunks close to camera[22m[39m
DemoApp initialized successfully

[90mstdout[2m | demo/src/core/DemoApp.lod.test.ts[2m > [22m[2mDemoApp - LOD Integration[2m > [22m[2mLOD Level Calculation[2m > [22m[2mshould calculate MEDIUM LOD for chunks at medium distance[22m[39m
DemoApp initialized successfully

[90mstdout[2m | demo/src/core/DemoApp.lod.test.ts[2m > [22m[2mDemoApp - LOD Integration[2m > [22m[2mLOD Level Calculation[2m > [22m[2mshould calculate LOW LOD for chunks far from camera[22m[39m
DemoApp initialized successfully

[90mstdout[2m | demo/src/core/DemoApp.lod.test.ts[2m > [22m[2mDemoApp - LOD Integration[2m > [22m[2mLOD Level Calculation[2m > [22m[2mshould update LOD levels when camera moves[22m[39m
DemoApp initialized successfully
Chunk (-1, -1) generation metrics: {
  terrainTime: [33m12.098199999993085[39m,
  biomeTime: [33m181.9872999999934[39m,
  resourceTime: [33m2.0892000000021653[39m,
  structureTime: [33m1.2246999999915715[39m,
  riverTime: [33m1.1018000000040047[39m,
  totalTime: [33m198.74069999999483[39m
}
Chunk (0, -1) generation metrics: {
  terrainTime: [33m3.6107999999949243[39m,
  biomeTime: [33m183.04290000000037[39m,
  resourceTime: [33m0.5949000000109663[39m,
  structureTime: [33m0.1676000000006752[39m,
  riverTime: [33m0.01900000000023283[39m,
  totalTime: [33m187.50379999999132[39m
}
Chunk (1, -1) generation metrics: {
  terrainTime: [33m0.7788000000000466[39m,
  biomeTime: [33m178.4137999999948[39m,
  resourceTime: [33m0.25579999999899883[39m,
  structureTime: [33m0.24520000000484288[39m,
  riverTime: [33m0.09350000000267755[39m,
  totalTime: [33m179.8451000000059[39m
}
Chunk (-1, 0) generation metrics: {
  terrainTime: [33m1.0123999999923399[39m,
  biomeTime: [33m161.0130000000063[39m,
  resourceTime: [33m0.1529000000009546[39m,
  structureTime: [33m0.20079999999143183[39m,
  riverTime: [33m0.3301999999966938[39m,
  totalTime: [33m162.7713000000076[39m
}
Chunk (0, 0) generation metrics: {
  terrainTime: [33m0.809899999992922[39m,
  biomeTime: [33m146.10039999999572[39m,
  resourceTime: [33m0.15669999999227002[39m,
  structureTime: [33m0.3104999999923166[39m,
  riverTime: [33m0.02629999999771826[39m,
  totalTime: [33m147.4591999999975[39m
}
Chunk (1, 0) generation metrics: {
  terrainTime: [33m0.9394999999931315[39m,
  biomeTime: [33m139.738400000002[39m,
  resourceTime: [33m0.13079999999899883[39m,
  structureTime: [33m0.23120000000926666[39m,
  riverTime: [33m0.01720000000204891[39m,
  totalTime: [33m141.10659999999916[39m
}
Chunk (-1, 1) generation metrics: {
  terrainTime: [33m0.7885000000096625[39m,
  biomeTime: [33m157.84949999999662[39m,
  resourceTime: [33m0.12579999999434222[39m,
  structureTime: [33m0.10020000000076834[39m,
  riverTime: [33m0.014900000009220093[39m,
  totalTime: [33m158.92799999999988[39m
}
Chunk (0, 1) generation metrics: {
  terrainTime: [33m0.7894999999989523[39m,
  biomeTime: [33m155.1146000000008[39m,
  resourceTime: [33m0.1264999999984866[39m,
  structureTime: [33m0.10379999999713618[39m,
  riverTime: [33m0.01600000000325963[39m,
  totalTime: [33m156.19770000000426[39m
}
Chunk (1, 1) generation metrics: {
  terrainTime: [33m0.6006000000052154[39m,
  biomeTime: [33m155.33750000000873[39m,
  resourceTime: [33m0.12369999999646097[39m,
  structureTime: [33m0.08900000000721775[39m,
  riverTime: [33m0.016100000008009374[39m,
  totalTime: [33m156.21880000000237[39m
}
Loaded 9 chunks in 1496.00ms
World generated with seed: 12345

[90mstdout[2m | demo/src/core/DemoApp.lod.test.ts[2m > [22m[2mDemoApp - LOD Integration[2m > [22m[2mLOD Statistics[2m > [22m[2mshould track LOD statistics when chunks are loaded[22m[39m
DemoApp initialized successfully
Chunk (-1, -1) generation metrics: {
  terrainTime: [33m0.5893999999971129[39m,
  biomeTime: [33m143.59339999999793[39m,
  resourceTime: [33m0.12619999999878928[39m,
  structureTime: [33m0.07269999998970889[39m,
  riverTime: [33m0.3070000000006985[39m,
  totalTime: [33m144.7668999999878[39m
}
Chunk (0, -1) generation metrics: {
  terrainTime: [33m0.5828999999939697[39m,
  biomeTime: [33m142.53680000000168[39m,
  resourceTime: [33m0.11819999999715947[39m,
  structureTime: [33m0.06240000000980217[39m,
  riverTime: [33m0.014600000009522773[39m,
  totalTime: [33m143.3351999999868[39m
}
Chunk (1, -1) generation metrics: {
  terrainTime: [33m0.6120999999984633[39m,
  biomeTime: [33m149.54790000000503[39m,
  resourceTime: [33m0.12129999999888241[39m,
  structureTime: [33m0.09380000000237487[39m,
  riverTime: [33m0.08389999999781139[39m,
  totalTime: [33m150.48140000000421[39m
}
Chunk (-1, 0) generation metrics: {
  terrainTime: [33m0.6067000000039116[39m,
  biomeTime: [33m151.75289999999222[39m,
  resourceTime: [33m0.13090000000374857[39m,
  structureTime: [33m0.11909999999625143[39m,
  riverTime: [33m4.1014999999897555[39m,
  totalTime: [33m156.73470000000088[39m
}
Chunk (0, 0) generation metrics: {
  terrainTime: [33m1.157999999995809[39m,
  biomeTime: [33m142.40840000000026[39m,
  resourceTime: [33m0.12369999999646097[39m,
  structureTime: [33m0.06680000000051223[39m,
  riverTime: [33m0.013699999995878898[39m,
  totalTime: [33m143.7902000000031[39m
}
Chunk (1, 0) generation metrics: {
  terrainTime: [33m0.6027000000030966[39m,
  biomeTime: [33m141.02069999999367[39m,
  resourceTime: [33m0.12359999999171123[39m,
  structureTime: [33m0.1045999999914784[39m,
  riverTime: [33m0.014200000005075708[39m,
  totalTime: [33m141.88700000000244[39m
}
Chunk (-1, 1) generation metrics: {
  terrainTime: [33m0.6184999999968568[39m,
  biomeTime: [33m157.516100000008[39m,
  resourceTime: [33m0.12569999998959247[39m,
  structureTime: [33m0.07940000000235159[39m,
  riverTime: [33m0.016100000008009374[39m,
  totalTime: [33m158.37700000000768[39m
}
Chunk (0, 1) generation metrics: {
  terrainTime: [33m0.6545999999943888[39m,
  biomeTime: [33m157.64310000000114[39m,
  resourceTime: [33m0.13340000000607688[39m,
  structureTime: [33m0.07940000000235159[39m,
  riverTime: [33m0.01650000001245644[39m,
  totalTime: [33m158.5555999999924[39m
}
Chunk (1, 1) generation metrics: {
  terrainTime: [33m0.6154999999998836[39m,
  biomeTime: [33m154.35289999999804[39m,
  resourceTime: [33m0.07160000001022127[39m,
  structureTime: [33m0.0635000000038417[39m,
  riverTime: [33m0.012900000001536682[39m,
  totalTime: [33m155.1365000000078[39m
}
Loaded 9 chunks in 1356.23ms
World generated with seed: 12345

[90mstdout[2m | demo/src/core/DemoApp.lod.test.ts[2m > [22m[2mDemoApp - LOD Integration[2m > [22m[2mLOD Statistics[2m > [22m[2mshould update LOD statistics when camera position changes[22m[39m
DemoApp initialized successfully
Chunk (-1, -1) generation metrics: {
  terrainTime: [33m0.6168000000034226[39m,
  biomeTime: [33m144.2204999999958[39m,
  resourceTime: [33m0.11599999999452848[39m,
  structureTime: [33m0.08260000000882428[39m,
  riverTime: [33m0.17519999999785796[39m,
  totalTime: [33m145.23509999999078[39m
}
Chunk (0, -1) generation metrics: {
  terrainTime: [33m0.5996000000013737[39m,
  biomeTime: [33m130.00250000000233[39m,
  resourceTime: [33m0.07399999999324791[39m,
  structureTime: [33m0.06990000000223517[39m,
  riverTime: [33m0.010900000008405186[39m,
  totalTime: [33m130.777700000006[39m
}
Chunk (1, -1) generation metrics: {
  terrainTime: [33m0.42369999999937136[39m,
  biomeTime: [33m132.35480000000098[39m,
  resourceTime: [33m0.12510000000474975[39m,
  structureTime: [33m0.06840000000374857[39m,
  riverTime: [33m0.05879999999888241[39m,
  totalTime: [33m133.0515000000014[39m
}
Chunk (-1, 0) generation metrics: {
  terrainTime: [33m0.6159000000043306[39m,
  biomeTime: [33m138.58899999999267[39m,
  resourceTime: [33m0.12459999999555293[39m,
  structureTime: [33m0.11689999999362044[39m,
  riverTime: [33m0.1810000000114087[39m,
  totalTime: [33m139.64770000000135[39m
}
Chunk (0, 0) generation metrics: {
  terrainTime: [33m0.6204999999899883[39m,
  biomeTime: [33m135.22900000000664[39m,
  resourceTime: [33m0.1327000000019325[39m,
  structureTime: [33m0.07529999999678694[39m,
  riverTime: [33m0.01630000000295695[39m,
  totalTime: [33m136.0957999999955[39m
}
Chunk (1, 0) generation metrics: {
  terrainTime: [33m0.6194999999861466[39m,
  biomeTime: [33m149.42499999998836[39m,
  resourceTime: [33m0.18510000000242144[39m,
  structureTime: [33m0.12059999999473803[39m,
  riverTime: [33m0.015500000008614734[39m,
  totalTime: [33m150.39160000000265[39m
}
Chunk (-1, 1) generation metrics: {
  terrainTime: [33m0.7688000000052853[39m,
  biomeTime: [33m179.53740000000107[39m,
  resourceTime: [33m0.07530000001133885[39m,
  structureTime: [33m0.06070000000181608[39m,
  riverTime: [33m0.011800000007497147[39m,
  totalTime: [33m180.47500000000582[39m
}
Chunk (0, 1) generation metrics: {
  terrainTime: [33m0.4323000000003958[39m,
  biomeTime: [33m152.3119999999908[39m,
  resourceTime: [33m0.06739999999990687[39m,
  structureTime: [33m0.05640000000130385[39m,
  riverTime: [33m0.009599999990314245[39m,
  totalTime: [33m152.89340000000084[39m
}
Chunk (1, 1) generation metrics: {
  terrainTime: [33m0.39150000001245644[39m,
  biomeTime: [33m142.64939999999478[39m,
  resourceTime: [33m0.12290000000211876[39m,
  structureTime: [33m0.0834000000031665[39m,
  riverTime: [33m0.015200000008917414[39m,
  totalTime: [33m143.28179999999702[39m
}
Loaded 9 chunks in 1314.19ms
World generated with seed: 12345

[90mstdout[2m | demo/src/core/DemoApp.lod.test.ts[2m > [22m[2mDemoApp - LOD Integration[2m > [22m[2mLOD with Chunk Loading[2m > [22m[2mshould apply LOD when loading chunks[22m[39m
DemoApp initialized successfully
Chunk (-1, -1) generation metrics: {
  terrainTime: [33m0.5837999999930616[39m,
  biomeTime: [33m137.64710000000196[39m,
  resourceTime: [33m0.125[39m,
  structureTime: [33m0.059999999997671694[39m,
  riverTime: [33m0.18569999998726416[39m,
  totalTime: [33m138.62099999999919[39m
}
Chunk (0, -1) generation metrics: {
  terrainTime: [33m0.5945999999967171[39m,
  biomeTime: [33m134.16760000000068[39m,
  resourceTime: [33m0.13090000000374857[39m,
  structureTime: [33m0.0878999999986263[39m,
  riverTime: [33m0.015299999999115244[39m,
  totalTime: [33m135.02079999999842[39m
}
Chunk (1, -1) generation metrics: {
  terrainTime: [33m0.6134000000020023[39m,
  biomeTime: [33m153.87319999998726[39m,
  resourceTime: [33m0.14699999999720603[39m,
  structureTime: [33m0.2551999999996042[39m,
  riverTime: [33m0.06509999999252614[39m,
  totalTime: [33m154.98029999999562[39m
}
Chunk (-1, 0) generation metrics: {
  terrainTime: [33m0.6162999999942258[39m,
  biomeTime: [33m143.12780000001658[39m,
  resourceTime: [33m0.1282000000064727[39m,
  structureTime: [33m0.14949999999953434[39m,
  riverTime: [33m0.1790999999793712[39m,
  totalTime: [33m144.22389999998268[39m
}
Chunk (0, 0) generation metrics: {
  terrainTime: [33m0.5811000000103377[39m,
  biomeTime: [33m136.08169999998063[39m,
  resourceTime: [33m0.17420000000856817[39m,
  structureTime: [33m0.19019999998272397[39m,
  riverTime: [33m0.051500000001396984[39m,
  totalTime: [33m137.10130000000936[39m
}
Chunk (1, 0) generation metrics: {
  terrainTime: [33m0.572199999995064[39m,
  biomeTime: [33m162.86630000002333[39m,
  resourceTime: [33m0.13790000000153668[39m,
  structureTime: [33m0.11049999998067506[39m,
  riverTime: [33m0.015599999984260648[39m,
  totalTime: [33m163.72789999999804[39m
}
Chunk (-1, 1) generation metrics: {
  terrainTime: [33m0.6202999999804888[39m,
  biomeTime: [33m156.1095000000205[39m,
  resourceTime: [33m0.11569999999483116[39m,
  structureTime: [33m0.06990000000223517[39m,
  riverTime: [33m0.013100000011036173[39m,
  totalTime: [33m156.94959999999264[39m
}
Chunk (0, 1) generation metrics: {
  terrainTime: [33m0.5512999999918975[39m,
  biomeTime: [33m148.97539999999572[39m,
  resourceTime: [33m0.12819999997736886[39m,
  structureTime: [33m0.07220000002416782[39m,
  riverTime: [33m0.015100000018719584[39m,
  totalTime: [33m149.7618000000075[39m
}
Chunk (1, 1) generation metrics: {
  terrainTime: [33m0.6119999999937136[39m,
  biomeTime: [33m180.88840000002529[39m,
  resourceTime: [33m0.13190000000759028[39m,
  structureTime: [33m0.07089999999152496[39m,
  riverTime: [33m0.014799999975366518[39m,
  totalTime: [33m181.7378000000026[39m
}
Loaded 9 chunks in 1364.63ms
World generated with seed: 12345

[90mstdout[2m | demo/src/core/DemoApp.lod.test.ts[2m > [22m[2mDemoApp - LOD Integration[2m > [22m[2mLOD with Chunk Loading[2m > [22m[2mshould apply appropriate LOD level to each chunk[22m[39m
DemoApp initialized successfully
Chunk (-2, -2) generation metrics: {
  terrainTime: [33m0.614400000020396[39m,
  biomeTime: [33m193.79000000000815[39m,
  resourceTime: [33m0.1187999999965541[39m,
  structureTime: [33m0.08720000000903383[39m,
  riverTime: [33m0.03540000002249144[39m,
  totalTime: [33m194.69800000000396[39m
}
Chunk (-1, -2) generation metrics: {
  terrainTime: [33m0.6157999999995809[39m,
  biomeTime: [33m156.53800000000047[39m,
  resourceTime: [33m0.13140000001294538[39m,
  structureTime: [33m0.07439999998314306[39m,
  riverTime: [33m0.08499999999185093[39m,
  totalTime: [33m157.4673999999941[39m
}
Chunk (0, -2) generation metrics: {
  terrainTime: [33m0.631599999993341[39m,
  biomeTime: [33m147.6293000000005[39m,
  resourceTime: [33m0.12739999999757856[39m,
  structureTime: [33m0.10200000001350418[39m,
  riverTime: [33m0.014200000005075708[39m,
  totalTime: [33m148.52609999998822[39m
}
Chunk (1, -2) generation metrics: {
  terrainTime: [33m0.620599999994738[39m,
  biomeTime: [33m172.5097999999998[39m,
  resourceTime: [33m0.16179999997257255[39m,
  structureTime: [33m0.09260000000358559[39m,
  riverTime: [33m0.019900000013876706[39m,
  totalTime: [33m173.42980000001262[39m
}
Chunk (2, -2) generation metrics: {
  terrainTime: [33m0.7695999999996275[39m,
  biomeTime: [33m187.11759999999776[39m,
  resourceTime: [33m0.16290000002481975[39m,
  structureTime: [33m0.1362000000081025[39m,
  riverTime: [33m0.016299999988405034[39m,
  totalTime: [33m188.2320999999938[39m
}
Chunk (-2, -1) generation metrics: {
  terrainTime: [33m0.7025000000139698[39m,
  biomeTime: [33m153.6040000000212[39m,
  resourceTime: [33m0.12669999999343418[39m,
  structureTime: [33m0.10910000000149012[39m,
  riverTime: [33m0.0707000000111293[39m,
  totalTime: [33m154.63769999999204[39m
}
Chunk (-1, -1) generation metrics: {
  terrainTime: [33m0.5956000000005588[39m,
  biomeTime: [33m126.14429999998538[39m,
  resourceTime: [33m0.12609999999403954[39m,
  structureTime: [33m0.07850000000325963[39m,
  riverTime: [33m0.18230000001494773[39m,
  totalTime: [33m127.14920000001439[39m
}
Chunk (0, -1) generation metrics: {
  terrainTime: [33m0.7032000000181142[39m,
  biomeTime: [33m146.30950000000303[39m,
  resourceTime: [33m0.12510000000474975[39m,
  structureTime: [33m0.061000000016065314[39m,
  riverTime: [33m0.014500000019324943[39m,
  totalTime: [33m147.2601999999897[39m
}
Chunk (1, -1) generation metrics: {
  terrainTime: [33m0.5942000000213739[39m,
  biomeTime: [33m146.65770000001066[39m,
  resourceTime: [33m0.1357000000134576[39m,
  structureTime: [33m0.06489999999757856[39m,
  riverTime: [33m0.06390000000828877[39m,
  totalTime: [33m147.53750000000582[39m
}
Chunk (2, -1) generation metrics: {
  terrainTime: [33m0.6281999999773689[39m,
  biomeTime: [33m136.2998999999836[39m,
  resourceTime: [33m0.07519999999203719[39m,
  structureTime: [33m0.07829999999376014[39m,
  riverTime: [33m0.009599999990314245[39m,
  totalTime: [33m137.11140000002342[39m
}
Chunk (-2, 0) generation metrics: {
  terrainTime: [33m0.4092999999993481[39m,
  biomeTime: [33m134.40750000000116[39m,
  resourceTime: [33m0.1339000000152737[39m,
  structureTime: [33m0.11389999999664724[39m,
  riverTime: [33m0.05899999997927807[39m,
  totalTime: [33m135.14509999999427[39m
}
Chunk (-1, 0) generation metrics: {
  terrainTime: [33m0.6315000000176951[39m,
  biomeTime: [33m143.44649999999092[39m,
  resourceTime: [33m0.13300000000162981[39m,
  structureTime: [33m0.10810000001220033[39m,
  riverTime: [33m0.18260000000009313[39m,
  totalTime: [33m144.52509999999893[39m
}
Chunk (0, 0) generation metrics: {
  terrainTime: [33m0.624599999981001[39m,
  biomeTime: [33m149.4202000000223[39m,
  resourceTime: [33m0.12840000001597218[39m,
  structureTime: [33m0.07429999997839332[39m,
  riverTime: [33m0.015000000013969839[39m,
  totalTime: [33m150.28549999999814[39m
}
Chunk (1, 0) generation metrics: {
  terrainTime: [33m0.7868000000016764[39m,
  biomeTime: [33m143.82540000000154[39m,
  resourceTime: [33m0.13279999999213032[39m,
  structureTime: [33m0.09779999998863786[39m,
  riverTime: [33m0.014199999975971878[39m,
  totalTime: [33m144.88060000000405[39m
}
Chunk (2, 0) generation metrics: {
  terrainTime: [33m0.609599999996135[39m,
  biomeTime: [33m160.00169999999343[39m,
  resourceTime: [33m0.15470000001369044[39m,
  structureTime: [33m0.08470000000670552[39m,
  riverTime: [33m0.01699999999254942[39m,
  totalTime: [33m160.8930999999866[39m
}
Chunk (-2, 1) generation metrics: {
  terrainTime: [33m0.737699999997858[39m,
  biomeTime: [33m171.62450000000536[39m,
  resourceTime: [33m0.15369999999529682[39m,
  structureTime: [33m0.08060000001569279[39m,
  riverTime: [33m0.017099999997299165[39m,
  totalTime: [33m172.63670000000275[39m
}
Chunk (-1, 1) generation metrics: {
  terrainTime: [33m0.7171999999845866[39m,
  biomeTime: [33m165.76939999999013[39m,
  resourceTime: [33m0.14929999999003485[39m,
  structureTime: [33m0.09380000000237487[39m,
  riverTime: [33m0.014499999990221113[39m,
  totalTime: [33m166.7835999999952[39m
}
Chunk (0, 1) generation metrics: {
  terrainTime: [33m0.7509000000136439[39m,
  biomeTime: [33m143.52310000002035[39m,
  resourceTime: [33m0.06539999999222346[39m,
  structureTime: [33m0.056299999996554106[39m,
  riverTime: [33m0.010899999993853271[39m,
  totalTime: [33m144.43600000001607[39m
}
Chunk (1, 1) generation metrics: {
  terrainTime: [33m0.3830000000016298[39m,
  biomeTime: [33m150.32420000000275[39m,
  resourceTime: [33m0.1103000000002794[39m,
  structureTime: [33m0.07349999999860302[39m,
  riverTime: [33m0.015899999998509884[39m,
  totalTime: [33m150.92560000001686[39m
}
Chunk (2, 1) generation metrics: {
  terrainTime: [33m0.5839000000269152[39m,
  biomeTime: [33m157.2789000000048[39m,
  resourceTime: [33m0.12039999998523854[39m,
  structureTime: [33m0.07089999999152496[39m,
  riverTime: [33m0.016100000008009374[39m,
  totalTime: [33m158.09500000000116[39m
}
Chunk (-2, 2) generation metrics: {
  terrainTime: [33m0.6104999999806751[39m,
  biomeTime: [33m187.43940000000293[39m,
  resourceTime: [33m0.12309999999706633[39m,
  structureTime: [33m0.06909999999334104[39m,
  riverTime: [33m0.014400000014575198[39m,
  totalTime: [33m188.27880000000005[39m
}
Chunk (-1, 2) generation metrics: {
  terrainTime: [33m0.6230999999970663[39m,
  biomeTime: [33m180.97970000002533[39m,
  resourceTime: [33m0.12630000000353903[39m,
  structureTime: [33m0.06690000000526197[39m,
  riverTime: [33m0.015500000008614734[39m,
  totalTime: [33m181.83290000000852[39m
}
Chunk (0, 2) generation metrics: {
  terrainTime: [33m0.6104000000050291[39m,
  biomeTime: [33m201.27349999998114[39m,
  resourceTime: [33m0.151400000002468[39m,
  structureTime: [33m0.09400000001187436[39m,
  riverTime: [33m0.017500000016298145[39m,
  totalTime: [33m202.17069999998785[39m
}
Chunk (1, 2) generation metrics: {
  terrainTime: [33m0.7072000000043772[39m,
  biomeTime: [33m179.4363000000012[39m,
  resourceTime: [33m0.12339999998221174[39m,
  structureTime: [33m0.07130000001052395[39m,
  riverTime: [33m0.013899999990826473[39m,
  totalTime: [33m180.37489999999525[39m
}
Chunk (2, 2) generation metrics: {
  terrainTime: [33m0.5806999999913387[39m,
  biomeTime: [33m168.75239999999758[39m,
  resourceTime: [33m0.12789999999222346[39m,
  structureTime: [33m0.08310000001802109[39m,
  riverTime: [33m0.06739999999990687[39m,
  totalTime: [33m169.63360000000102[39m
}
Loaded 25 chunks in 4032.60ms

[90mstdout[2m | demo/src/core/DemoApp.lod.test.ts[2m > [22m[2mDemoApp - LOD Integration[2m > [22m[2mLOD Performance[2m > [22m[2mshould update LOD levels within 100ms requirement[22m[39m
DemoApp initialized successfully
Chunk (-1, -1) generation metrics: {
  terrainTime: [33m0.6039999999920838[39m,
  biomeTime: [33m141.89910000000964[39m,
  resourceTime: [33m0.06799999999930151[39m,
  structureTime: [33m0.054299999988870695[39m,
  riverTime: [33m0.11610000001383014[39m,
  totalTime: [33m142.75889999998617[39m
}
Chunk (0, -1) generation metrics: {
  terrainTime: [33m0.39109999997890554[39m,
  biomeTime: [33m137.23339999999735[39m,
  resourceTime: [33m0.12639999997918494[39m,
  structureTime: [33m0.07229999999981374[39m,
  riverTime: [33m0.014399999985471368[39m,
  totalTime: [33m137.85779999999795[39m
}
Chunk (1, -1) generation metrics: {
  terrainTime: [33m1.0847999999823514[39m,
  biomeTime: [33m161.87750000000233[39m,
  resourceTime: [33m0.1319999999832362[39m,
  structureTime: [33m0.07110000000102445[39m,
  riverTime: [33m0.06290000001899898[39m,
  totalTime: [33m163.25139999997918[39m
}
Chunk (-1, 0) generation metrics: {
  terrainTime: [33m0.6344999999855645[39m,
  biomeTime: [33m155.49779999998282[39m,
  resourceTime: [33m0.13539999999920838[39m,
  structureTime: [33m0.1190000000060536[39m,
  riverTime: [33m0.18969999998807907[39m,
  totalTime: [33m156.5983000000124[39m
}
Chunk (0, 0) generation metrics: {
  terrainTime: [33m0.6215000000083819[39m,
  biomeTime: [33m153.74060000001919[39m,
  resourceTime: [33m0.13440000000991859[39m,
  structureTime: [33m0.0804000000061933[39m,
  riverTime: [33m0.019300000014482066[39m,
  totalTime: [33m154.61720000000787[39m
}
Chunk (1, 0) generation metrics: {
  terrainTime: [33m0.625[39m,
  biomeTime: [33m147.27960000000894[39m,
  resourceTime: [33m0.07060000000637956[39m,
  structureTime: [33m0.07219999999506399[39m,
  riverTime: [33m0.011100000003352761[39m,
  totalTime: [33m148.0787999999884[39m
}
Chunk (-1, 1) generation metrics: {
  terrainTime: [33m0.4081999999762047[39m,
  biomeTime: [33m160.01209999999264[39m,
  resourceTime: [33m0.12320000000181608[39m,
  structureTime: [33m0.07630000001518056[39m,
  riverTime: [33m0.014999999984866008[39m,
  totalTime: [33m160.65279999998165[39m
}
Chunk (0, 1) generation metrics: {
  terrainTime: [33m0.6086000000068452[39m,
  biomeTime: [33m188.03179999999702[39m,
  resourceTime: [33m0.1486999999906402[39m,
  structureTime: [33m0.08659999998053536[39m,
  riverTime: [33m0.01799999998183921[39m,
  totalTime: [33m188.91700000001583[39m
}
Chunk (1, 1) generation metrics: {
  terrainTime: [33m1.0204999999841675[39m,
  biomeTime: [33m199.37729999999283[39m,
  resourceTime: [33m0.13610000000335276[39m,
  structureTime: [33m0.08090000000083819[39m,
  riverTime: [33m0.015400000003864989[39m,
  totalTime: [33m200.65570000000298[39m
}
Loaded 9 chunks in 1455.74ms
World generated with seed: 12345

 [32mтЬУ[39m demo/src/viewer/WorldViewer.test.ts [2m ([22m[2m5 tests[22m[2m)[22m[90m 9[2mms[22m[39m
 [32mтЬУ[39m tests/debug-structures.test.ts [2m ([22m[2m1 test[22m[2m)[22m[90m 13[2mms[22m[39m
[90mstdout[2m | tests/debug-structures.test.ts[2m > [22m[2mDebug Structures[2m > [22m[2mdebug poisson points[22m[39m
Poisson points:
Point 0: (4.26, 0.01) -> floored: (4, 0)
Point 1: (6.93, 3.50) -> floored: (6, 3)
Point 2: (2.37, 4.80) -> floored: (2, 4)
Point 3: (0.27, 0.80) -> floored: (0, 0)
Point 4: (8.39, 0.55) -> floored: (8, 0)
Point 5: (11.06, 1.96) -> floored: (11, 1)
Point 6: (5.00, 6.63) -> floored: (5, 6)
Point 7: (4.94, 11.81) -> floored: (4, 11)
Point 8: (2.98, 8.99) -> floored: (2, 8)
Point 9: (7.17, 9.57) -> floored: (7, 9)
Point 10: (9.31, 6.55) -> floored: (9, 6)
Point 11: (14.65, 1.97) -> floored: (14, 1)
Point 12: (0.88, 12.88) -> floored: (0, 12)
Point 13: (9.75, 14.52) -> floored: (9, 14)
Point 14: (6.39, 15.75) -> floored: (6, 15)
Point 15: (12.38, 8.87) -> floored: (12, 8)
Point 16: (12.65, 13.67) -> floored: (12, 13)
Point 17: (0.04, 9.95) -> floored: (0, 9)
Point 18: (15.56, 6.47) -> floored: (15, 6)
Point 19: (12.59, 5.08) -> floored: (12, 5)
Point 20: (2.11, 15.67) -> floored: (2, 15)
Point 21: (10.32, 11.31) -> floored: (10, 11)
Point 22: (15.88, 11.97) -> floored: (15, 11)
Point 23: (15.34, 15.35) -> floored: (15, 15)

Checking floored distances:
Points 8 and 17: (2, 8) and (0, 9) -> distance: 2.236
Points 16 and 21: (12, 13) and (10, 11) -> distance: 2.828

 [32mтЬУ[39m demo/src/viewer/WorldViewer.mesh.test.ts [2m ([22m[2m17 tests[22m[2m)[22m[90m 136[2mms[22m[39m
[90mstdout[2m | demo/src/viewer/WorldViewer.mesh.test.ts[2m > [22m[2mWorldViewer - Mesh Generation[2m > [22m[2mTerrain Geometry Creation[2m > [22m[2mshould create correct number of vertices from heightmap[22m[39m
WorldViewer initialized with free camera mode
WorldViewer disposed

[90mstdout[2m | demo/src/viewer/WorldViewer.mesh.test.ts[2m > [22m[2mWorldViewer - Mesh Generation[2m > [22m[2mTerrain Geometry Creation[2m > [22m[2mshould create vertices at correct world positions[22m[39m
WorldViewer initialized with free camera mode
WorldViewer disposed

[90mstdout[2m | demo/src/viewer/WorldViewer.mesh.test.ts[2m > [22m[2mWorldViewer - Mesh Generation[2m > [22m[2mTerrain Geometry Creation[2m > [22m[2mshould scale heightmap values correctly[22m[39m
WorldViewer initialized with free camera mode
WorldViewer disposed

[90mstdout[2m | demo/src/viewer/WorldViewer.mesh.test.ts[2m > [22m[2mWorldViewer - Mesh Generation[2m > [22m[2mTerrain Geometry Creation[2m > [22m[2mshould create correct triangle indices[22m[39m
WorldViewer initialized with free camera mode
WorldViewer disposed

[90mstdout[2m | demo/src/viewer/WorldViewer.mesh.test.ts[2m > [22m[2mWorldViewer - Mesh Generation[2m > [22m[2mNormal Calculation[2m > [22m[2mshould compute vertex normals for terrain mesh[22m[39m
WorldViewer initialized with free camera mode
WorldViewer disposed

[90mstdout[2m | demo/src/viewer/WorldViewer.mesh.test.ts[2m > [22m[2mWorldViewer - Mesh Generation[2m > [22m[2mNormal Calculation[2m > [22m[2mshould have normalized normal vectors[22m[39m
WorldViewer initialized with free camera mode
WorldViewer disposed

[90mstdout[2m | demo/src/viewer/WorldViewer.mesh.test.ts[2m > [22m[2mWorldViewer - Mesh Generation[2m > [22m[2mNormal Calculation[2m > [22m[2mshould point upward for flat terrain[22m[39m
WorldViewer initialized with free camera mode
WorldViewer disposed

[90mstdout[2m | demo/src/viewer/WorldViewer.mesh.test.ts[2m > [22m[2mWorldViewer - Mesh Generation[2m > [22m[2mBiome Color Mapping[2m > [22m[2mshould apply biome colors to vertices[22m[39m
WorldViewer initialized with free camera mode
WorldViewer disposed

[90mstdout[2m | demo/src/viewer/WorldViewer.mesh.test.ts[2m > [22m[2mWorldViewer - Mesh Generation[2m > [22m[2mBiome Color Mapping[2m > [22m[2mshould use blended colors when biome weights are available[22m[39m
WorldViewer initialized with free camera mode
WorldViewer disposed

[90mstdout[2m | demo/src/viewer/WorldViewer.mesh.test.ts[2m > [22m[2mWorldViewer - Mesh Generation[2m > [22m[2mBiome Color Mapping[2m > [22m[2mshould use gray color when no biome data available[22m[39m
WorldViewer initialized with free camera mode
WorldViewer disposed

[90mstdout[2m | demo/src/viewer/WorldViewer.mesh.test.ts[2m > [22m[2mWorldViewer - Mesh Generation[2m > [22m[2mLOD Mesh Simplification[2m > [22m[2mshould apply LOD tint to mesh colors[22m[39m
WorldViewer initialized with free camera mode
WorldViewer disposed

[90mstdout[2m | demo/src/viewer/WorldViewer.mesh.test.ts[2m > [22m[2mWorldViewer - Mesh Generation[2m > [22m[2mLOD Mesh Simplification[2m > [22m[2mshould store LOD level in mesh userData[22m[39m
WorldViewer initialized with free camera mode
WorldViewer disposed

[90mstdout[2m | demo/src/viewer/WorldViewer.mesh.test.ts[2m > [22m[2mWorldViewer - Mesh Generation[2m > [22m[2mLOD Mesh Simplification[2m > [22m[2mshould apply different tints for different LOD levels[22m[39m
WorldViewer initialized with free camera mode
WorldViewer disposed

[90mstdout[2m | demo/src/viewer/WorldViewer.mesh.test.ts[2m > [22m[2mWorldViewer - Mesh Generation[2m > [22m[2mLOD Mesh Simplification[2m > [22m[2mshould not apply LOD tint when lodLevel is undefined[22m[39m
WorldViewer initialized with free camera mode
WorldViewer disposed

[90mstdout[2m | demo/src/viewer/WorldViewer.mesh.test.ts[2m > [22m[2mWorldViewer - Mesh Generation[2m > [22m[2mPartial Generation Visualization[2m > [22m[2mshould apply opacity for partial chunks[22m[39m
WorldViewer initialized with free camera mode
WorldViewer disposed

[90mstdout[2m | demo/src/viewer/WorldViewer.mesh.test.ts[2m > [22m[2mWorldViewer - Mesh Generation[2m > [22m[2mPartial Generation Visualization[2m > [22m[2mshould store partial status in mesh userData[22m[39m
WorldViewer initialized with free camera mode
WorldViewer disposed

[90mstdout[2m | demo/src/viewer/WorldViewer.mesh.test.ts[2m > [22m[2mWorldViewer - Mesh Generation[2m > [22m[2mPartial Generation Visualization[2m > [22m[2mshould apply different tints for different generation stages[22m[39m
WorldViewer initialized with free camera mode
WorldViewer disposed

[90mstdout[2m | demo/src/viewer/WorldViewer.incremental.test.ts[2m > [22m[2mWorldViewer - Incremental Rendering[2m > [22m[2mPartial Chunk Rendering[2m > [22m[2mshould render partial chunks with terrain stage[22m[39m
WorldViewer initialized with free camera mode
WorldViewer disposed

[90mstderr[2m | demo/src/viewer/WorldViewer.incremental.test.ts[2m > [22m[2mWorldViewer - Incremental Rendering
[2m > [22m[2mPartial Chunk Rendering[2m > [22m[2mshould render partial chunks with terrain stage[22m[39m
Heightmap size mismatch! Expected 1089 (33x33), got 1024. Chunk: (0, 0), LOD: undefined

[90mstdout[2m | demo/src/viewer/WorldViewer.incremental.test.ts[2m > [22m[2mWorldViewer - Incremental Rendering[2m > [22m[2mPartial Chunk Rendering[2m > [22m[2mshould render partial chunks with biomes stage[22m[39m
WorldViewer initialized with free camera mode
WorldViewer disposed

[90mstderr[2m | demo/src/viewer/WorldViewer.incremental.test.ts[2m > [22m[2mWorldViewer - Incremental Rendering
[2m > [22m[2mPartial Chunk Rendering[2m > [22m[2mshould render partial chunks with biomes stage[22m[39m
Heightmap size mismatch! Expected 1089 (33x33), got 1024. Chunk: (0, 0), LOD: undefined

[90mstdout[2m | demo/src/viewer/WorldViewer.incremental.test.ts[2m > [22m[2mWorldViewer - Incremental Rendering[2m > [22m[2mPartial Chunk Rendering[2m > [22m[2mshould render partial chunks with rivers stage[22m[39m
WorldViewer initialized with free camera mode
WorldViewer disposed

[90mstderr[2m | demo/src/viewer/WorldViewer.incremental.test.ts[2m > [22m[2mWorldViewer - Incremental Rendering
[2m > [22m[2mPartial Chunk Rendering[2m > [22m[2mshould render partial chunks with rivers stage[22m[39m
Heightmap size mismatch! Expected 1089 (33x33), got 1024. Chunk: (0, 0), LOD: undefined

[90mstdout[2m | demo/src/viewer/WorldViewer.incremental.test.ts[2m > [22m[2mWorldViewer - Incremental Rendering[2m > [22m[2mPartial Chunk Rendering[2m > [22m[2mshould render partial chunks with resources stage[22m[39m
WorldViewer initialized with free camera mode
WorldViewer disposed

[90mstderr[2m | demo/src/viewer/WorldViewer.incremental.test.ts[2m > [22m[2mWorldViewer - Incremental Rendering
[2m > [22m[2mPartial Chunk Rendering[2m > [22m[2mshould render partial chunks with resources stage[22m[39m
Heightmap size mismatch! Expected 1089 (33x33), got 1024. Chunk: (0, 0), LOD: undefined

[90mstdout[2m | demo/src/viewer/WorldViewer.incremental.test.ts[2m > [22m[2mWorldViewer - Incremental Rendering[2m > [22m[2mPartial Chunk Rendering[2m > [22m[2mshould render partial chunks with structures stage[22m[39m
WorldViewer initialized with free camera mode
WorldViewer disposed

[90mstderr[2m | demo/src/viewer/WorldViewer.incremental.test.ts[2m > [22m[2mWorldViewer - Incremental Rendering
[2m > [22m[2mPartial Chunk Rendering[2m > [22m[2mshould render partial chunks with structures stage[22m[39m
Heightmap size mismatch! Expected 1089 (33x33), got 1024. Chunk: (0, 0), LOD: undefined

[90mstdout[2m | demo/src/viewer/WorldViewer.incremental.test.ts[2m > [22m[2mWorldViewer - Incremental Rendering[2m > [22m[2mPartial Chunk Rendering[2m > [22m[2mshould render complete chunks[22m[39m
WorldViewer initialized with free camera mode
WorldViewer disposed

[90mstderr[2m | demo/src/viewer/WorldViewer.incremental.test.ts[2m > [22m[2mWorldViewer - Incremental Rendering
[2m > [22m[2mPartial Chunk Rendering[2m > [22m[2mshould render complete chunks[22m[39m
Heightmap size mismatch! Expected 1089 (33x33), got 1024. Chunk: (0, 0), LOD: undefined

[90mstdout[2m | demo/src/viewer/WorldViewer.incremental.test.ts[2m > [22m[2mWorldViewer - Incremental Rendering[2m > [22m[2mProgressive Layer Rendering[2m > [22m[2mshould not render rivers for terrain-only chunks[22m[39m
WorldViewer initialized with free camera mode
WorldViewer disposed

[90mstderr[2m | demo/src/viewer/WorldViewer.incremental.test.ts[2m > [22m[2mWorldViewer - Incremental Rendering
[2m > [22m[2mProgressive Layer Rendering[2m > [22m[2mshould not render rivers for terrain-only chunks[22m[39
m
Heightmap size mismatch! Expected 1089 (33x33), got 1024. Chunk: (0, 0), LOD: undefined

[90mstdout[2m | demo/src/viewer/WorldViewer.incremental.test.ts[2m > [22m[2mWorldViewer - Incremental Rendering[2m > [22m[2mProgressive Layer Rendering[2m > [22m[2mshould render rivers when rivers stage is reached[22m[39m
WorldViewer initialized with free camera mode
WorldViewer disposed

[90mstderr[2m | demo/src/viewer/WorldViewer.incremental.test.ts[2m > [22m[2mWorldViewer - Incremental Rendering
[2m > [22m[2mProgressive Layer Rendering[2m > [22m[2mshould render rivers when rivers stage is reached[22m[3
9m
Heightmap size mismatch! Expected 1089 (33x33), got 1024. Chunk: (0, 0), LOD: undefined

[90mstdout[2m | demo/src/viewer/WorldViewer.incremental.test.ts[2m > [22m[2mWorldViewer - Incremental Rendering[2m > [22m[2mProgressive Layer Rendering[2m > [22m[2mshould not render resources for chunks before resources stage[22m[39m
WorldViewer initialized with free camera mode
WorldViewer disposed

[90mstderr[2m | demo/src/viewer/WorldViewer.incremental.test.ts[2m > [22m[2mWorldViewer - Incremental Rendering
[2m > [22m[2mProgressive Layer Rendering[2m > [22m[2mshould not render resources for chunks before resources s
tage[22m[39m
Heightmap size mismatch! Expected 1089 (33x33), got 1024. Chunk: (0, 0), LOD: undefined

[90mstdout[2m | demo/src/viewer/WorldViewer.incremental.test.ts[2m > [22m[2mWorldViewer - Incremental Rendering[2m > [22m[2mProgressive Layer Rendering[2m > [22m[2mshould render resources when resources stage is reached[22m[39m
WorldViewer initialized with free camera mode
WorldViewer disposed

[90mstderr[2m | demo/src/viewer/WorldViewer.incremental.test.ts[2m > [22m[2mWorldViewer - Incremental Rendering
[2m > [22m[2mProgressive Layer Rendering[2m > [22m[2mshould render resources when resources stage is reached[
22m[39m
Heightmap size mismatch! Expected 1089 (33x33), got 1024. Chunk: (0, 0), LOD: undefined

[90mstdout[2m | demo/src/viewer/WorldViewer.incremental.test.ts[2m > [22m[2mWorldViewer - Incremental Rendering[2m > [22m[2mProgressive Layer Rendering[2m > [22m[2mshould not render structures for chunks before structures stage[22m[39m
WorldViewer initialized with free camera mode
WorldViewer disposed

[90mstderr[2m | demo/src/viewer/WorldViewer.incremental.test.ts[2m > [22m[2mWorldViewer - Incremental Rendering
[2m > [22m[2mProgressive Layer Rendering[2m > [22m[2mshould not render structures for chunks before structures
 stage[22m[39m
Heightmap size mismatch! Expected 1089 (33x33), got 1024. Chunk: (0, 0), LOD: undefined

[90mstdout[2m | demo/src/viewer/WorldViewer.incremental.test.ts[2m > [22m[2mWorldViewer - Incremental Rendering[2m > [22m[2mProgressive Layer Rendering[2m > [22m[2mshould render structures when structures stage is reached[22m[39m
WorldViewer initialized with free camera mode
WorldViewer disposed

[90mstderr[2m | demo/src/viewer/WorldViewer.incremental.test.ts[2m > [22m[2mWorldViewer - Incremental Rendering
[2m > [22m[2mProgressive Layer Rendering[2m > [22m[2mshould render structures when structures stage is reached
[22m[39m
Heightmap size mismatch! Expected 1089 (33x33), got 1024. Chunk: (0, 0), LOD: undefined

[90mstdout[2m | demo/src/viewer/WorldViewer.incremental.test.ts[2m > [22m[2mWorldViewer - Incremental Rendering[2m > [22m[2mVisual Indicators[2m > [22m[2mshould apply reduced opacity for terrain-only chunks[22m[39m
WorldViewer initialized with free camera mode
WorldViewer disposed

[90mstderr[2m | demo/src/viewer/WorldViewer.incremental.test.ts[2m > [22m[2mWorldViewer - Incremental Rendering
[2m > [22m[2mVisual Indicators[2m > [22m[2mshould apply reduced opacity for terrain-only chunks[22m[39m
Heightmap size mismatch! Expected 1089 (33x33), got 1024. Chunk: (0, 0), LOD: undefined

[90mstdout[2m | demo/src/viewer/WorldViewer.incremental.test.ts[2m > [22m[2mWorldViewer - Incremental Rendering[2m > [22m[2mVisual Indicators[2m > [22m[2mshould apply gray tint for terrain-only chunks[22m[39m
WorldViewer initialized with free camera mode
WorldViewer disposed

[90mstderr[2m | demo/src/viewer/WorldViewer.incremental.test.ts[2m > [22m[2mWorldViewer - Incremental Rendering
[2m > [22m[2mVisual Indicators[2m > [22m[2mshould apply gray tint for terrain-only chunks[22m[39m
Heightmap size mismatch! Expected 1089 (33x33), got 1024. Chunk: (0, 0), LOD: undefined

[90mstdout[2m | demo/src/viewer/WorldViewer.incremental.test.ts[2m > [22m[2mWorldViewer - Incremental Rendering[2m > [22m[2mVisual Indicators[2m > [22m[2mshould apply partial opacity for biomes stage[22m[39m
WorldViewer initialized with free camera mode
WorldViewer disposed

[90mstderr[2m | demo/src/viewer/WorldViewer.incremental.test.ts[2m > [22m[2mWorldViewer - Incremental Rendering
[2m > [22m[2mVisual Indicators[2m > [22m[2mshould apply partial opacity for biomes stage[22m[39m
Heightmap size mismatch! Expected 1089 (33x33), got 1024. Chunk: (0, 0), LOD: undefined

[90mstdout[2m | demo/src/viewer/WorldViewer.incremental.test.ts[2m > [22m[2mWorldViewer - Incremental Rendering[2m > [22m[2mVisual Indicators[2m > [22m[2mshould apply full opacity for complete chunks[22m[39m
WorldViewer initialized with free camera mode
WorldViewer disposed

[90mstderr[2m | demo/src/viewer/WorldViewer.incremental.test.ts[2m > [22m[2mWorldViewer - Incremental Rendering
[2m > [22m[2mVisual Indicators[2m > [22m[2mshould apply full opacity for complete chunks[22m[39m
Heightmap size mismatch! Expected 1089 (33x33), got 1024. Chunk: (0, 0), LOD: undefined

[90mstdout[2m | demo/src/viewer/WorldViewer.incremental.test.ts[2m > [22m[2mWorldViewer - Incremental Rendering[2m > [22m[2mChunk Updates[2m > [22m[2mshould update chunk as generation progresses[22m[39m
WorldViewer initialized with free camera mode
WorldViewer disposed

[90mstderr[2m | demo/src/viewer/WorldViewer.incremental.test.ts[2m > [22m[2mWorldViewer - Incremental Rendering
[2m > [22m[2mChunk Updates[2m > [22m[2mshould update chunk as generation progresses[22m[39m
Heightmap size mismatch! Expected 1089 (33x33), got 1024. Chunk: (0, 0), LOD: undefined
Heightmap size mismatch! Expected 1089 (33x33), got 1024. Chunk: (0, 0), LOD: undefined

[90mstdout[2m | demo/src/viewer/WorldViewer.incremental.test.ts[2m > [22m[2mWorldViewer - Incremental Rendering[2m > [22m[2mChunk Updates[2m > [22m[2mshould replace partial chunk with complete chunk[22m[39m
WorldViewer initialized with free camera mode
WorldViewer disposed

[90mstderr[2m | demo/src/viewer/WorldViewer.incremental.test.ts[2m > [22m[2mWorldViewer - Incremental Rendering
[2m > [22m[2mChunk Updates[2m > [22m[2mshould replace partial chunk with complete chunk[22m[39m
Heightmap size mismatch! Expected 1089 (33x33), got 1024. Chunk: (0, 0), LOD: undefined
Heightmap size mismatch! Expected 1089 (33x33), got 1024. Chunk: (0, 0), LOD: undefined

[90mstdout[2m | demo/src/viewer/WorldViewer.incremental.test.ts[2m > [22m[2mWorldViewer - Incremental Rendering[2m > [22m[2mChunk Updates[2m > [22m[2mshould handle multiple updates to same chunk[22m[39m
WorldViewer initialized with free camera mode
WorldViewer disposed

[90mstderr[2m | demo/src/viewer/WorldViewer.incremental.test.ts[2m > [22m[2mWorldViewer - Incremental Rendering
[2m > [22m[2mChunk Updates[2m > [22m[2mshould handle multiple updates to same chunk[22m[39m
Heightmap size mismatch! Expected 1089 (33x33), got 1024. Chunk: (0, 0), LOD: undefined
Heightmap size mismatch! Expected 1089 (33x33), got 1024. Chunk: (0, 0), LOD: undefined
Heightmap size mismatch! Expected 1089 (33x33), got 1024. Chunk: (0, 0), LOD: undefined
Heightmap size mismatch! Expected 1089 (33x33), got 1024. Chunk: (0, 0), LOD: undefined

[90mstdout[2m | demo/src/viewer/WorldViewer.incremental.test.ts[2m > [22m[2mWorldViewer - Incremental Rendering[2m > [22m[2mIntegration with Existing Features[2m > [22m[2mshould work with LOD visualization[22m[39m
WorldViewer initialized with free camera mode
WorldViewer disposed

[90mstderr[2m | demo/src/viewer/WorldViewer.incremental.test.ts[2m > [22m[2mWorldViewer - Incremental Rendering
[2m > [22m[2mIntegration with Existing Features[2m > [22m[2mshould work with LOD visualization[22m[39m
Heightmap size mismatch! Expected 1089 (33x33), got 1024. Chunk: (0, 0), LOD: 1

[90mstderr[2m | demo/src/viewer/WorldViewer.incremental.test.ts[2m > [22m[2mWorldViewer - Incremental Rendering
[2m > [22m[2mIntegration with Existing Features[2m > [22m[2mshould respect visibility toggles for partial chun
ks[22m[39m
Heightmap size mismatch! Expected 1089 (33x33), got 1024. Chunk: (0, 0), LOD: undefined

[90mstderr[2m | demo/src/viewer/WorldViewer.incremental.test.ts[2m > [22m[2mWorldViewer - Incremental Rendering
[2m > [22m[2mIntegration with Existing Features[2m > [22m[2mshould handle chunk removal for partial chunks[22
m[39m
Heightmap size mismatch! Expected 1089 (33x33), got 1024. Chunk: (0, 0), LOD: undefined

[90mstdout[2m | demo/src/viewer/WorldViewer.incremental.test.ts[2m > [22m[2mWorldViewer - Incremental Rendering[2m > [22m[2mIntegration with Existing Features[2m > [22m[2mshould respect visibility toggles for partial chunks[22m[39m
WorldViewer initialized with free camera mode
WorldViewer disposed

[90mstdout[2m | demo/src/viewer/WorldViewer.incremental.test.ts[2m > [22m[2mWorldViewer - Incremental Rendering[2m > [22m[2mIntegration with Existing Features[2m > [22m[2mshould handle chunk removal for partial chunks[22m[39m
WorldViewer initialized with free camera mode
WorldViewer disposed

 [32mтЬУ[39m demo/src/viewer/WorldViewer.incremental.test.ts [2m ([22m[2m22 tests[22m[2m)[22m[90m 197[2mms[22m[39m
 [32mтЬУ[39m demo/src/viewer/WorldViewer.camera.test.ts [2m ([22m[2m24 tests[22m[2m)[22m[90m 87[2mms[22m[39m
[90mstdout[2m | demo/src/viewer/WorldViewer.camera.test.ts[2m > [22m[2mWorldViewer Camera Controls[2m > [22m[2mKeyboard WASD Controls (Requirement 14.4)[2m > [22m[2mshould handle W key for forward movement[22m[39m
WorldViewer initialized with free camera mode
WorldViewer disposed

[90mstdout[2m | demo/src/viewer/WorldViewer.camera.test.ts[2m > [22m[2mWorldViewer Camera Controls[2m > [22m[2mKeyboard WASD Controls (Requirement 14.4)[2m > [22m[2mshould handle S key for backward movement[22m[39m
WorldViewer initialized with free camera mode
WorldViewer disposed

[90mstdout[2m | demo/src/viewer/WorldViewer.camera.test.ts[2m > [22m[2mWorldViewer Camera Controls[2m > [22m[2mKeyboard WASD Controls (Requirement 14.4)[2m > [22m[2mshould handle A key for left movement[22m[39m
WorldViewer initialized with free camera mode
WorldViewer disposed

[90mstdout[2m | demo/src/viewer/WorldViewer.camera.test.ts[2m > [22m[2mWorldViewer Camera Controls[2m > [22m[2mKeyboard WASD Controls (Requirement 14.4)[2m > [22m[2mshould handle D key for right movement[22m[39m
WorldViewer initialized with free camera mode
WorldViewer disposed

[90mstdout[2m | demo/src/viewer/WorldViewer.camera.test.ts[2m > [22m[2mWorldViewer Camera Controls[2m > [22m[2mKeyboard WASD Controls (Requirement 14.4)[2m > [22m[2mshould handle uppercase WASD keys[22m[39m
WorldViewer initialized with free camera mode
WorldViewer disposed

[90mstdout[2m | demo/src/viewer/WorldViewer.camera.test.ts[2m > [22m[2mWorldViewer Camera Controls[2m > [22m[2mKeyboard WASD Controls (Requirement 14.4)[2m > [22m[2mshould stop movement on key release[22m[39m
WorldViewer initialized with free camera mode
WorldViewer disposed

[90mstdout[2m | demo/src/viewer/WorldViewer.camera.test.ts[2m > [22m[2mWorldViewer Camera Controls[2m > [22m[2mReset Camera (Requirement 14.5)[2m > [22m[2mshould reset camera to default position[22m[39m
WorldViewer initialized with free camera mode
WorldViewer disposed

[90mstdout[2m | demo/src/viewer/WorldViewer.camera.test.ts[2m > [22m[2mWorldViewer Camera Controls[2m > [22m[2mReset Camera (Requirement 14.5)[2m > [22m[2mshould reset camera target to origin[22m[39m
WorldViewer initialized with free camera mode
WorldViewer disposed

[90mstdout[2m | demo/src/viewer/WorldViewer.camera.test.ts[2m > [22m[2mWorldViewer Camera Controls[2m > [22m[2mReset Camera (Requirement 14.5)[2m > [22m[2mshould disable orthographic mode when resetting[22m[39m
WorldViewer initialized with free camera mode
WorldViewer disposed

[90mstdout[2m | demo/src/viewer/WorldViewer.camera.test.ts[2m > [22m[2mWorldViewer Camera Controls[2m > [22m[2mReset Camera (Requirement 14.5)[2m > [22m[2mshould disable follow terrain mode when resetting[22m[39m
WorldViewer initialized with free camera mode
WorldViewer disposed

[90mstdout[2m | demo/src/viewer/WorldViewer.camera.test.ts[2m > [22m[2mWorldViewer Camera Controls[2m > [22m[2mTop-Down Orthographic View (Requirement 14.6)[2m > [22m[2mshould switch to orthographic camera when enabled[22m[39m
WorldViewer initialized with free camera mode
WorldViewer disposed

[90mstdout[2m | demo/src/viewer/WorldViewer.camera.test.ts[2m > [22m[2mWorldViewer Camera Controls[2m > [22m[2mTop-Down Orthographic View (Requirement 14.6)[2m > [22m[2mshould position orthographic camera for top-down view[22m[39m
WorldViewer initialized with free camera mode
WorldViewer disposed

[90mstdout[2m | demo/src/viewer/WorldViewer.camera.test.ts[2m > [22m[2mWorldViewer Camera Controls[2m > [22m[2mTop-Down Orthographic View (Requirement 14.6)[2m > [22m[2mshould switch back to perspective camera when disabled[22m[39m
WorldViewer initialized with free camera mode
WorldViewer disposed

[90mstdout[2m | demo/src/viewer/WorldViewer.camera.test.ts[2m > [22m[2mWorldViewer Camera Controls[2m > [22m[2mTop-Down Orthographic View (Requirement 14.6)[2m > [22m[2mshould not recreate orthographic camera if already exists[22m[39m
WorldViewer initialized with free camera mode
WorldViewer disposed

[90mstdout[2m | demo/src/viewer/WorldViewer.camera.test.ts[2m > [22m[2mWorldViewer Camera Controls[2m > [22m[2mTop-Down Orthographic View (Requirement 14.6)[2m > [22m[2mshould do nothing if already in requested mode[22m[39m
WorldViewer initialized with free camera mode
WorldViewer disposed

[90mstdout[2m | demo/src/viewer/WorldViewer.camera.test.ts[2m > [22m[2mWorldViewer Camera Controls[2m > [22m[2mFollow Terrain Mode (Requirement 14.7)[2m > [22m[2mshould enable follow terrain mode[22m[39m
WorldViewer initialized with free camera mode
WorldViewer disposed

[90mstdout[2m | demo/src/viewer/WorldViewer.camera.test.ts[2m > [22m[2mWorldViewer Camera Controls[2m > [22m[2mFollow Terrain Mode (Requirement 14.7)[2m > [22m[2mshould disable follow terrain mode[22m[39m
WorldViewer initialized with free camera mode
WorldViewer disposed

[90mstdout[2m | demo/src/viewer/WorldViewer.camera.test.ts[2m > [22m[2mWorldViewer Camera Controls[2m > [22m[2mFollow Terrain Mode (Requirement 14.7)[2m > [22m[2mshould disable orthographic mode when enabling follow terrain[22m[39m
WorldViewer initialized with free camera mode
WorldViewer disposed

[90mstdout[2m | demo/src/viewer/WorldViewer.camera.test.ts[2m > [22m[2mWorldViewer Camera Controls[2m > [22m[2mCamera Position Display (Requirement 14.8)[2m > [22m[2mshould return current camera position[22m[39m
WorldViewer initialized with free camera mode
WorldViewer disposed

[90mstdout[2m | demo/src/viewer/WorldViewer.camera.test.ts[2m > [22m[2mWorldViewer Camera Controls[2m > [22m[2mCamera Position Display (Requirement 14.8)[2m > [22m[2mshould return updated position after camera move[22m[39m
WorldViewer initialized with free camera mode
WorldViewer disposed

[90mstdout[2m | demo/src/viewer/WorldViewer.camera.test.ts[2m > [22m[2mWorldViewer Camera Controls[2m > [22m[2mCamera Position Display (Requirement 14.8)[2m > [22m[2mshould return current camera target[22m[39m
WorldViewer initialized with free camera mode
WorldViewer disposed

[90mstdout[2m | demo/src/viewer/WorldViewer.camera.test.ts[2m > [22m[2mWorldViewer Camera Controls[2m > [22m[2mCamera Position Display (Requirement 14.8)[2m > [22m[2mshould return updated target after setting[22m[39m
WorldViewer initialized with free camera mode
WorldViewer disposed

[90mstdout[2m | demo/src/viewer/WorldViewer.camera.test.ts[2m > [22m[2mWorldViewer Camera Controls[2m > [22m[2mCamera Integration[2m > [22m[2mshould set camera position[22m[39m
WorldViewer initialized with free camera mode
WorldViewer disposed

[90mstdout[2m | demo/src/viewer/WorldViewer.camera.test.ts[2m > [22m[2mWorldViewer Camera Controls[2m > [22m[2mCamera Integration[2m > [22m[2mshould set camera target[22m[39m
WorldViewer initialized with free camera mode
WorldViewer disposed

 [32mтЬУ[39m demo/src/ui/ControlPanel.undo-redo.test.ts [2m ([22m[2m20 tests[22m[2m)[22m[33m 818[2mms[22m[39m
[90mstdout[2m | demo/src/ui/ControlPanel.undo-redo.test.ts[2m > [22m[2mControlPanel Undo/Redo Integration[2m > [22m[2mUndo/Redo Button Creation[2m > [22m[2mshould create undo button[22m[39m
TerrainEditor initialized

[90mstdout[2m | demo/src/ui/ControlPanel.undo-redo.test.ts[2m > [22m[2mControlPanel Undo/Redo Integration[2m > [22m[2mUndo/Redo Button Creation[2m > [22m[2mshould create redo button[22m[39m
TerrainEditor initialized

[90mstdout[2m | demo/src/ui/ControlPanel.undo-redo.test.ts[2m > [22m[2mControlPanel Undo/Redo Integration[2m > [22m[2mUndo/Redo Button Creation[2m > [22m[2mshould initially disable undo button[22m[39m
TerrainEditor initialized

[90mstdout[2m | demo/src/ui/ControlPanel.undo-redo.test.ts[2m > [22m[2mControlPanel Undo/Redo Integration[2m > [22m[2mUndo/Redo Button Creation[2m > [22m[2mshould initially disable redo button[22m[39m
TerrainEditor initialized

[90mstdout[2m | demo/src/ui/ControlPanel.undo-redo.test.ts[2m > [22m[2mControlPanel Undo/Redo Integration[2m > [22m[2mUndo/Redo Button State Updates[2m > [22m[2mshould enable undo button when canUndo returns true[22m[39m
TerrainEditor initialized

[90mstdout[2m | demo/src/ui/ControlPanel.undo-redo.test.ts[2m > [22m[2mControlPanel Undo/Redo Integration[2m > [22m[2mUndo/Redo Button State Updates[2m > [22m[2mshould enable redo button when canRedo returns true[22m[39m
TerrainEditor initialized

[90mstdout[2m | demo/src/ui/ControlPanel.undo-redo.test.ts[2m > [22m[2mControlPanel Undo/Redo Integration[2m > [22m[2mUndo/Redo Button State Updates[2m > [22m[2mshould disable buttons when canUndo and canRedo return false[22m[39m
TerrainEditor initialized

[90mstdout[2m | demo/src/ui/ControlPanel.undo-redo.test.ts[2m > [22m[2mControlPanel Undo/Redo Integration[2m > [22m[2mUndo/Redo Button Functionality[2m > [22m[2mshould call terrainEditor.undo() when undo button is clicked[22m[39m
TerrainEditor initialized

[90mstdout[2m | demo/src/ui/ControlPanel.undo-redo.test.ts[2m > [22m[2mControlPanel Undo/Redo Integration[2m > [22m[2mUndo/Redo Button Functionality[2m > [22m[2mshould call terrainEditor.redo() when redo button is clicked[22m[39m
TerrainEditor initialized

[90mstdout[2m | demo/src/ui/ControlPanel.undo-redo.test.ts[2m > [22m[2mControlPanel Undo/Redo Integration[2m > [22m[2mUndo/Redo Button Functionality[2m > [22m[2mshould not call undo when button is disabled[22m[39m
TerrainEditor initialized

[90mstdout[2m | demo/src/ui/ControlPanel.undo-redo.test.ts[2m > [22m[2mControlPanel Undo/Redo Integration[2m > [22m[2mUndo/Redo Button Functionality[2m > [22m[2mshould not call redo when button is disabled[22m[39m
TerrainEditor initialized

[90mstdout[2m | demo/src/ui/ControlPanel.undo-redo.test.ts[2m > [22m[2mControlPanel Undo/Redo Integration[2m > [22m[2mReactive Button State Updates[2m > [22m[2mshould update button states after modification[22m[39m
TerrainEditor initialized

[90mstdout[2m | demo/src/ui/ControlPanel.undo-redo.test.ts[2m > [22m[2mControlPanel Undo/Redo Integration[2m > [22m[2mReactive Button State Updates[2m > [22m[2mshould update button states after undo[22m[39m
TerrainEditor initialized

[90mstdout[2m | demo/src/ui/ControlPanel.undo-redo.test.ts[2m > [22m[2mControlPanel Undo/Redo Integration[2m > [22m[2mTool Selection Integration[2m > [22m[2mshould create tool selection buttons[22m[39m
TerrainEditor initialized

[90mstdout[2m | demo/src/ui/ControlPanel.undo-redo.test.ts[2m > [22m[2mControlPanel Undo/Redo Integration[2m > [22m[2mTool Selection Integration[2m > [22m[2mshould call terrainEditor.setTool() when tool button is clicked[22m[39m
TerrainEditor initialized

[90mstdout[2m | demo/src/ui/ControlPanel.undo-redo.test.ts[2m > [22m[2mControlPanel Undo/Redo Integration[2m > [22m[2mTool Selection Integration[2m > [22m[2mshould update button visual state when tool is selected[22m[39m
TerrainEditor initialized

[90mstdout[2m | demo/src/ui/ControlPanel.undo-redo.test.ts[2m > [22m[2mControlPanel Undo/Redo Integration[2m > [22m[2mBrush Controls Integration[2m > [22m[2mshould create brush size slider[22m[39m
TerrainEditor initialized

[90mstdout[2m | demo/src/ui/ControlPanel.undo-redo.test.ts[2m > [22m[2mControlPanel Undo/Redo Integration[2m > [22m[2mBrush Controls Integration[2m > [22m[2mshould create brush strength slider[22m[39m
TerrainEditor initialized

[90mstdout[2m | demo/src/ui/ControlPanel.undo-redo.test.ts[2m > [22m[2mControlPanel Undo/Redo Integration[2m > [22m[2mBrush Controls Integration[2m > [22m[2mshould call terrainEditor.setBrushSize() when slider changes[22m[39m
TerrainEditor initialized

[90mstdout[2m | demo/src/ui/ControlPanel.undo-redo.test.ts[2m > [22m[2mControlPanel Undo/Redo Integration[2m > [22m[2mBrush Controls Integration[2m > [22m[2mshould call terrainEditor.setBrushStrength() when slider changes[22m[39m
TerrainEditor initialized

 [32mтЬУ[39m demo/src/core/DemoApp.performance.test.ts [2m ([22m[2m21 tests[22m[2m)[22m[33m 115669[2mms[22m[39m
[90mstdout[2m | demo/src/core/DemoApp.performance.test.ts[2m > [22m[2mDemoApp - Performance Testing[2m > [22m[2mFrame Rate Performance[2m > [22m[2mshould maintain 60fps target during normal operation[22m[39m
DemoApp initialized successfully
Chunk (-2, -2) generation metrics: {
  terrainTime: [33m13.132599999997183[39m,
  biomeTime: [33m208.37049999999726[39m,
  resourceTime: [33m1.0190999999977066[39m,
  structureTime: [33m1.1717999999964377[39m,
  riverTime: [33m0.5450999999957276[39m,
  totalTime: [33m225.24259999999776[39m
}
Chunk (-1, -2) generation metrics: {
  terrainTime: [33m0.7996000000057393[39m,
  biomeTime: [33m159.6768000000011[39m,
  resourceTime: [33m1.7560999999986961[39m,
  structureTime: [33m0.14930000000458676[39m,
  riverTime: [33m0.5579999999972642[39m,
  totalTime: [33m162.99790000000212[39m
}
Chunk (0, -2) generation metrics: {
  terrainTime: [33m0.8999999999941792[39m,
  biomeTime: [33m159.5069999999978[39m,
  resourceTime: [33m0.41370000000461005[39m,
  structureTime: [33m0.20890000000508735[39m,
  riverTime: [33m0.017699999996693805[39m,
  totalTime: [33m161.20149999999558[39m
}
Chunk (1, -2) generation metrics: {
  terrainTime: [33m0.8870999999999185[39m,
  biomeTime: [33m161.14679999999498[39m,
  resourceTime: [33m0.12180000000080327[39m,
  structureTime: [33m0.11499999999796273[39m,
  riverTime: [33m0.015899999998509884[39m,
  totalTime: [33m162.36349999999948[39m
}
Chunk (2, -2) generation metrics: {
  terrainTime: [33m0.8941999999951804[39m,
  biomeTime: [33m147.9478999999992[39m,
  resourceTime: [33m0.12140000000363216[39m,
  structureTime: [33m0.42119999999704305[39m,
  riverTime: [33m0.0217999999949825[39m,
  totalTime: [33m149.46340000000055[39m
}
Chunk (-2, -1) generation metrics: {
  terrainTime: [33m0.9058999999979278[39m,
  biomeTime: [33m132.76580000000104[39m,
  resourceTime: [33m0.07340000000112923[39m,
  structureTime: [33m0.15479999999661231[39m,
  riverTime: [33m0.08749999999417923[39m,
  totalTime: [33m134.03349999999773[39m
}
Chunk (-1, -1) generation metrics: {
  terrainTime: [33m1.2566999999980908[39m,
  biomeTime: [33m142.73389999999927[39m,
  resourceTime: [33m0.12589999999909196[39m,
  structureTime: [33m0.1507999999957974[39m,
  riverTime: [33m0.29980000000068685[39m,
  totalTime: [33m144.63610000000335[39m
}
Chunk (0, -1) generation metrics: {
  terrainTime: [33m0.9961000000039348[39m,
  biomeTime: [33m144.18580000000657[39m,
  resourceTime: [33m0.1275999999998021[39m,
  structureTime: [33m0.0874000000039814[39m,
  riverTime: [33m0.015800000001036096[39m,
  totalTime: [33m145.46809999999823[39m
}
Chunk (1, -1) generation metrics: {
  terrainTime: [33m0.6039999999993597[39m,
  biomeTime: [33m146.61939999999595[39m,
  resourceTime: [33m0.1290999999982887[39m,
  structureTime: [33m0.0893999999971129[39m,
  riverTime: [33m0.08619999999791617[39m,
  totalTime: [33m147.5865000000049[39m
}
Chunk (2, -1) generation metrics: {
  terrainTime: [33m0.6048999999984517[39m,
  biomeTime: [33m136.00009999999747[39m,
  resourceTime: [33m0.13839999999618158[39m,
  structureTime: [33m0.12299999999959255[39m,
  riverTime: [33m0.01810000000114087[39m,
  totalTime: [33m136.9733999999953[39m
}
Chunk (-2, 0) generation metrics: {
  terrainTime: [33m0.6304000000018277[39m,
  biomeTime: [33m151.2774999999965[39m,
  resourceTime: [33m0.12960000000020955[39m,
  structureTime: [33m0.12430000000313157[39m,
  riverTime: [33m0.08120000000053551[39m,
  totalTime: [33m152.26729999999952[39m
}
Chunk (-1, 0) generation metrics: {
  terrainTime: [33m0.6385000000009313[39m,
  biomeTime: [33m117.83050000000367[39m,
  resourceTime: [33m0.12529999999969732[39m,
  structureTime: [33m0.12849999999889405[39m,
  riverTime: [33m0.2842999999993481[39m,
  totalTime: [33m119.03330000000278[39m
}
Chunk (0, 0) generation metrics: {
  terrainTime: [33m0.6010999999998603[39m,
  biomeTime: [33m128.14540000000125[39m,
  resourceTime: [33m0.14280000000144355[39m,
  structureTime: [33m0.08770000000367872[39m,
  riverTime: [33m0.01570000000356231[39m,
  totalTime: [33m129.0170999999973[39m
}
Chunk (1, 0) generation metrics: {
  terrainTime: [33m0.611800000006042[39m,
  biomeTime: [33m134.8047000000006[39m,
  resourceTime: [33m0.12679999999818392[39m,
  structureTime: [33m0.1188999999940279[39m,
  riverTime: [33m0.01449999999749707[39m,
  totalTime: [33m135.70190000000002[39m
}
Chunk (2, 0) generation metrics: {
  terrainTime: [33m0.5849000000016531[39m,
  biomeTime: [33m135.62969999999768[39m,
  resourceTime: [33m0.10590000000229338[39m,
  structureTime: [33m0.08420000000478467[39m,
  riverTime: [33m0.013699999995878898[39m,
  totalTime: [33m136.44289999999455[39m
}
Chunk (-2, 1) generation metrics: {
  terrainTime: [33m0.38980000000447035[39m,
  biomeTime: [33m147.43119999999908[39m,
  resourceTime: [33m0.1187999999965541[39m,
  structureTime: [33m0.08649999999761349[39m,
  riverTime: [33m0.019099999997706618[39m,
  totalTime: [33m148.06440000000293[39m
}
Chunk (-1, 1) generation metrics: {
  terrainTime: [33m0.6241999999983818[39m,
  biomeTime: [33m146.5570000000007[39m,
  resourceTime: [33m0.12550000000192085[39m,
  structureTime: [33m0.07890000000043074[39m,
  riverTime: [33m0.014600000002246816[39m,
  totalTime: [33m147.4233000000022[39m
}
Chunk (0, 1) generation metrics: {
  terrainTime: [33m0.5934999999954016[39m,
  biomeTime: [33m141.09939999999915[39m,
  resourceTime: [33m0.06859999999869615[39m,
  structureTime: [33m0.05770000000484288[39m,
  riverTime: [33m0.008600000001024455[39m,
  totalTime: [33m141.8466000000044[39m
}
Chunk (1, 1) generation metrics: {
  terrainTime: [33m0.41410000000178115[39m,
  biomeTime: [33m145.78330000000278[39m,
  resourceTime: [33m0.11349999999947613[39m,
  structureTime: [33m0.06940000000031432[39m,
  riverTime: [33m0.013900000005378388[39m,
  totalTime: [33m146.41300000000047[39m
}
Chunk (2, 1) generation metrics: {
  terrainTime: [33m0.5789999999979045[39m,
  biomeTime: [33m146.14400000000023[39m,
  resourceTime: [33m0.28149999999732245[39m,
  structureTime: [33m0.07870000000548316[39m,
  riverTime: [33m0.013400000003457535[39m,
  totalTime: [33m147.12089999999444[39m
}
Chunk (-2, 2) generation metrics: {
  terrainTime: [33m0.5952000000033877[39m,
  biomeTime: [33m158.20060000000376[39m,
  resourceTime: [33m0.06919999999809079[39m,
  structureTime: [33m0.06190000000060536[39m,
  riverTime: [33m0.010500000003958121[39m,
  totalTime: [33m158.9554999999964[39m
}
Chunk (-1, 2) generation metrics: {
  terrainTime: [33m0.43039999999746215[39m,
  biomeTime: [33m149.61999999999534[39m,
  resourceTime: [33m0.12159999999857973[39m,
  structureTime: [33m0.07729999999719439[39m,
  riverTime: [33m0.013200000001234002[39m,
  totalTime: [33m150.28280000000086[39m
}
Chunk (0, 2) generation metrics: {
  terrainTime: [33m0.5855000000010477[39m,
  biomeTime: [33m153.40149999999994[39m,
  resourceTime: [33m0.0687000000034459[39m,
  structureTime: [33m0.06180000000313157[39m,
  riverTime: [33m0.011599999997997656[39m,
  totalTime: [33m154.14890000000014[39m
}
Chunk (1, 2) generation metrics: {
  terrainTime: [33m0.3963000000003376[39m,
  biomeTime: [33m148.13650000000052[39m,
  resourceTime: [33m0.12369999999646097[39m,
  structureTime: [33m0.07069999999657739[39m,
  riverTime: [33m0.015400000003864989[39m,
  totalTime: [33m148.76280000000406[39m
}
Chunk (2, 2) generation metrics: {
  terrainTime: [33m0.610499999995227[39m,
  biomeTime: [33m169.68790000000445[39m,
  resourceTime: [33m0.12529999999969732[39m,
  structureTime: [33m0.23049999999784632[39m,
  riverTime: [33m0.14600000000064028[39m,
  totalTime: [33m170.83520000000135[39m
}
Loaded 25 chunks in 3766.48ms
DemoApp destroyed

[90mstdout[2m | demo/src/core/DemoApp.performance.test.ts[2m > [22m[2mDemoApp - Performance Testing[2m > [22m[2mFrame Rate Performance[2m > [22m[2mshould track FPS metrics accurately[22m[39m
DemoApp initialized successfully
Chunk (-1, -1) generation metrics: {
  terrainTime: [33m0.624100000000908[39m,
  biomeTime: [33m169.66250000000582[39m,
  resourceTime: [33m0.1305999999967753[39m,
  structureTime: [33m0.1463999999978114[39m,
  riverTime: [33m0.3515999999945052[39m,
  totalTime: [33m170.94080000000395[39m
}
Chunk (0, -1) generation metrics: {
  terrainTime: [33m0.6313000000009197[39m,
  biomeTime: [33m142.3732999999993[39m,
  resourceTime: [33m0.11909999999625143[39m,
  structureTime: [33m0.0801999999966938[39m,
  riverTime: [33m0.01299999999901047[39m,
  totalTime: [33m143.24049999999988[39m
}
Chunk (1, -1) generation metrics: {
  terrainTime: [33m0.6016999999992549[39m,
  biomeTime: [33m179.71429999999964[39m,
  resourceTime: [33m0.12129999999888241[39m,
  structureTime: [33m0.08100000000558794[39m,
  riverTime: [33m0.05799999999726424[39m,
  totalTime: [33m180.5989000000045[39m
}
Chunk (-1, 0) generation metrics: {
  terrainTime: [33m1.03519999999844[39m,
  biomeTime: [33m174.9916000000012[39m,
  resourceTime: [33m0.11520000000018626[39m,
  structureTime: [33m0.12879999999859137[39m,
  riverTime: [33m0.1661000000021886[39m,
  totalTime: [33m176.45769999999902[39m
}
Chunk (0, 0) generation metrics: {
  terrainTime: [33m0.5959000000002561[39m,
  biomeTime: [33m175.25960000000487[39m,
  resourceTime: [33m0.12770000000455184[39m,
  structureTime: [33m0.0761999999958789[39m,
  riverTime: [33m0.014600000002246816[39m,
  totalTime: [33m176.09599999999773[39m
}
Chunk (1, 0) generation metrics: {
  terrainTime: [33m0.586699999999837[39m,
  biomeTime: [33m140.42990000000282[39m,
  resourceTime: [33m0.1316999999980908[39m,
  structureTime: [33m0.1209000000017113[39m,
  riverTime: [33m0.017999999996391125[39m,
  totalTime: [33m141.3110000000015[39m
}
Chunk (-1, 1) generation metrics: {
  terrainTime: [33m1.1621999999988475[39m,
  biomeTime: [33m140.22699999999895[39m,
  resourceTime: [33m0.11420000000362052[39m,
  structureTime: [33m0.07819999999628635[39m,
  riverTime: [33m0.01239999999961583[39m,
  totalTime: [33m141.61599999999453[39m
}
Chunk (0, 1) generation metrics: {
  terrainTime: [33m0.5775999999968917[39m,
  biomeTime: [33m131.73139999999694[39m,
  resourceTime: [33m0.06420000000071013[39m,
  structureTime: [33m0.059900000000197906[39m,
  riverTime: [33m0.00939999999536667[39m,
  totalTime: [33m132.46199999999953[39m
}
Chunk (1, 1) generation metrics: {
  terrainTime: [33m0.39970000000175787[39m,
  biomeTime: [33m115.06130000000121[39m,
  resourceTime: [33m0.06829999999899883[39m,
  structureTime: [33m0.062399999995250255[39m,
  riverTime: [33m0.009500000000116415[39m,
  totalTime: [33m115.61710000000312[39m
}
Loaded 9 chunks in 1379.99ms
DemoApp destroyed

[90mstdout[2m | demo/src/core/DemoApp.performance.test.ts[2m > [22m[2mDemoApp - Performance Testing[2m > [22m[2mFrame Rate Performance[2m > [22m[2mshould maintain performance with camera movement[22m[39m
DemoApp initialized successfully
Chunk (-2, -2) generation metrics: {
  terrainTime: [33m0.44729999999981374[39m,
  biomeTime: [33m133.59580000000278[39m,
  resourceTime: [33m0.06739999999990687[39m,
  structureTime: [33m0.06269999999494758[39m,
  riverTime: [33m0.021500000002561137[39m,
  totalTime: [33m134.2132999999958[39m
}
Chunk (-1, -2) generation metrics: {
  terrainTime: [33m0.39469999999710126[39m,
  biomeTime: [33m121.12649999999849[39m,
  resourceTime: [33m0.06899999999586726[39m,
  structureTime: [33m0.07029999999940628[39m,
  riverTime: [33m0.052400000000488944[39m,
  totalTime: [33m121.73089999999502[39m
}
Chunk (0, -2) generation metrics: {
  terrainTime: [33m0.42239999999583233[39m,
  biomeTime: [33m151.77909999999974[39m,
  resourceTime: [33m0.12840000000142027[39m,
  structureTime: [33m0.10979999999835854[39m,
  riverTime: [33m0.014100000000325963[39m,
  totalTime: [33m152.4739999999947[39m
}
Chunk (1, -2) generation metrics: {
  terrainTime: [33m0.5937999999950989[39m,
  biomeTime: [33m154.74559999999474[39m,
  resourceTime: [33m0.1224000000001979[39m,
  structureTime: [33m0.07259999999951106[39m,
  riverTime: [33m0.01570000000356231[39m,
  totalTime: [33m155.57050000000163[39m
}
Chunk (2, -2) generation metrics: {
  terrainTime: [33m0.6065999999991618[39m,
  biomeTime: [33m154.30639999999403[39m,
  resourceTime: [33m0.12690000000293367[39m,
  structureTime: [33m0.11059999999997672[39m,
  riverTime: [33m0.014300000002549496[39m,
  totalTime: [33m155.1860000000015[39m
}
Chunk (-2, -1) generation metrics: {
  terrainTime: [33m0.6555999999982305[39m,
  biomeTime: [33m131.79470000000583[39m,
  resourceTime: [33m0.0687000000034459[39m,
  structureTime: [33m0.0874000000039814[39m,
  riverTime: [33m0.04710000000341097[39m,
  totalTime: [33m132.6750000000029[39m
}
Chunk (-1, -1) generation metrics: {
  terrainTime: [33m0.4158999999999651[39m,
  biomeTime: [33m139.82710000000225[39m,
  resourceTime: [33m0.13279999999940628[39m,
  structureTime: [33m0.08699999999953434[39m,
  riverTime: [33m0.1900000000023283[39m,
  totalTime: [33m140.6756000000023[39m
}
Chunk (0, -1) generation metrics: {
  terrainTime: [33m0.6437999999980093[39m,
  biomeTime: [33m150.79789999999775[39m,
  resourceTime: [33m0.12069999999948777[39m,
  structureTime: [33m0.07529999999678694[39m,
  riverTime: [33m0.012599999994563404[39m,
  totalTime: [33m151.69680000000517[39m
}
Chunk (1, -1) generation metrics: {
  terrainTime: [33m0.5586000000039348[39m,
  biomeTime: [33m168.92989999999554[39m,
  resourceTime: [33m0.17459999999846332[39m,
  structureTime: [33m0.09369999999762513[39m,
  riverTime: [33m0.08959999999933643[39m,
  totalTime: [33m169.86610000000655[39m
}
Chunk (2, -1) generation metrics: {
  terrainTime: [33m0.7932999999975436[39m,
  biomeTime: [33m174.42399999999907[39m,
  resourceTime: [33m0.12299999999959255[39m,
  structureTime: [33m0.12429999999585561[39m,
  riverTime: [33m0.014900000001944136[39m,
  totalTime: [33m175.50400000000081[39m
}
Chunk (-2, 0) generation metrics: {
  terrainTime: [33m0.6345999999975902[39m,
  biomeTime: [33m157.65050000000338[39m,
  resourceTime: [33m0.12999999999738066[39m,
  structureTime: [33m0.10670000000391155[39m,
  riverTime: [33m0.055999999996856786[39m,
  totalTime: [33m158.60009999999602[39m
}
Chunk (-1, 0) generation metrics: {
  terrainTime: [33m0.6205000000045402[39m,
  biomeTime: [33m177.22980000000098[39m,
  resourceTime: [33m0.14949999999953434[39m,
  structureTime: [33m0.19440000000031432[39m,
  riverTime: [33m0.16179999999440042[39m,
  totalTime: [33m178.4102999999959[39m
}
Chunk (0, 0) generation metrics: {
  terrainTime: [33m0.613999999994121[39m,
  biomeTime: [33m142.79619999999704[39m,
  resourceTime: [33m0.1224999999976717[39m,
  structureTime: [33m0.08499999999912689[39m,
  riverTime: [33m0.014599999994970858[39m,
  totalTime: [33m143.65490000000136[39m
}
Chunk (1, 0) generation metrics: {
  terrainTime: [33m0.5774000000019441[39m,
  biomeTime: [33m148.5668000000005[39m,
  resourceTime: [33m0.12440000000060536[39m,
  structureTime: [33m0.10039999999571592[39m,
  riverTime: [33m0.016400000000430737[39m,
  totalTime: [33m149.40789999999834[39m
}
Chunk (2, 0) generation metrics: {
  terrainTime: [33m0.6045000000012806[39m,
  biomeTime: [33m167.0645000000004[39m,
  resourceTime: [33m0.127200000002631[39m,
  structureTime: [33m0.075700000001234[39m,
  riverTime: [33m0.013500000000931323[39m,
  totalTime: [33m167.90690000000177[39m
}
Chunk (-2, 1) generation metrics: {
  terrainTime: [33m0.6071000000010827[39m,
  biomeTime: [33m158.1018999999942[39m,
  resourceTime: [33m0.12700000000040745[39m,
  structureTime: [33m0.07250000000203727[39m,
  riverTime: [33m0.015200000001641456[39m,
  totalTime: [33m158.94370000000345[39m
}
Chunk (-1, 1) generation metrics: {
  terrainTime: [33m0.6095000000059372[39m,
  biomeTime: [33m157.8556000000026[39m,
  resourceTime: [33m0.12180000000080327[39m,
  structureTime: [33m0.08159999999770662[39m,
  riverTime: [33m0.015899999998509884[39m,
  totalTime: [33m158.70639999999548[39m
}
Chunk (0, 1) generation metrics: {
  terrainTime: [33m0.6543999999994412[39m,
  biomeTime: [33m167.55299999999988[39m,
  resourceTime: [33m0.11759999999776483[39m,
  structureTime: [33m0.07449999999516876[39m,
  riverTime: [33m0.013999999995576218[39m,
  totalTime: [33m168.43680000000313[39m
}
Chunk (1, 1) generation metrics: {
  terrainTime: [33m1.021099999998114[39m,
  biomeTime: [33m157.96399999999994[39m,
  resourceTime: [33m0.10829999999987194[39m,
  structureTime: [33m0.08360000000539003[39m,
  riverTime: [33m0.014600000002246816[39m,
  totalTime: [33m159.217899999996[39m
}
Chunk (2, 1) generation metrics: {
  terrainTime: [33m0.5774000000019441[39m,
  biomeTime: [33m171.13179999999556[39m,
  resourceTime: [33m0.12099999999918509[39m,
  structureTime: [33m0.07730000000447035[39m,
  riverTime: [33m0.015200000001641456[39m,
  totalTime: [33m171.94489999999496[39m
}
Chunk (-2, 2) generation metrics: {
  terrainTime: [33m0.614000000001397[39m,
  biomeTime: [33m165.51550000000134[39m,
  resourceTime: [33m0.13790000000153668[39m,
  structureTime: [33m0.08160000000498258[39m,
  riverTime: [33m0.013800000000628643[39m,
  totalTime: [33m166.44309999999678[39m
}
Chunk (-1, 2) generation metrics: {
  terrainTime: [33m0.7021000000022468[39m,
  biomeTime: [33m156.97520000000077[39m,
  resourceTime: [33m0.08589999999821885[39m,
  structureTime: [33m0.0636000000013155[39m,
  riverTime: [33m0.010699999998905696[39m,
  totalTime: [33m157.85919999999896[39m
}
Chunk (0, 2) generation metrics: {
  terrainTime: [33m0.41040000000066357[39m,
  biomeTime: [33m157.94230000000243[39m,
  resourceTime: [33m0.19549999999435386[39m,
  structureTime: [33m0.13100000000122236[39m,
  riverTime: [33m0.01599999999598367[39m,
  totalTime: [33m158.715200000006[39m
}
Chunk (1, 2) generation metrics: {
  terrainTime: [33m1.243000000002212[39m,
  biomeTime: [33m151.40729999999894[39m,
  resourceTime: [33m0.1157999999995809[39m,
  structureTime: [33m0.07760000000416767[39m,
  riverTime: [33m0.013699999995878898[39m,
  totalTime: [33m152.88160000000062[39m
}
Chunk (2, 2) generation metrics: {
  terrainTime: [33m0.6187999999965541[39m,
  biomeTime: [33m151.07979999999952[39m,
  resourceTime: [33m0.13259999999718275[39m,
  structureTime: [33m0.09450000000651926[39m,
  riverTime: [33m0.06840000000374857[39m,
  totalTime: [33m152.06849999999395[39m
}
Loaded 25 chunks in 3897.77ms
DemoApp destroyed

[90mstdout[2m | demo/src/core/DemoApp.performance.test.ts[2m > [22m[2mDemoApp - Performance Testing[2m > [22m[2mChunk Generation Performance[2m > [22m[2mshould generate chunks in less than 100ms[22m[39m
DemoApp initialized successfully
Chunk (-1, -1) generation metrics: {
  terrainTime: [33m0.8395999999993364[39m,
  biomeTime: [33m157.4777000000031[39m,
  resourceTime: [33m0.12960000000020955[39m,
  structureTime: [33m0.08410000000003492[39m,
  riverTime: [33m0.19100000000617[39m,
  totalTime: [33m158.74429999999847[39m
}
Chunk (0, -1) generation metrics: {
  terrainTime: [33m0.6206999999994878[39m,
  biomeTime: [33m142.05140000000392[39m,
  resourceTime: [33m0.11400000000139698[39m,
  structureTime: [33m0.08030000000144355[39m,
  riverTime: [33m0.014000000002852175[39m,
  totalTime: [33m142.90260000000126[39m
}
Chunk (1, -1) generation metrics: {
  terrainTime: [33m0.6748000000006869[39m,
  biomeTime: [33m144.0100999999995[39m,
  resourceTime: [33m0.1290000000008149[39m,
  structureTime: [33m0.10199999999895226[39m,
  riverTime: [33m0.06199999999807915[39m,
  totalTime: [33m145.00220000000263[39m
}
Chunk (-1, 0) generation metrics: {
  terrainTime: [33m0.6372999999948661[39m,
  biomeTime: [33m148.51369999999588[39m,
  resourceTime: [33m0.12460000000282889[39m,
  structureTime: [33m0.12210000000050059[39m,
  riverTime: [33m0.1768000000010943[39m,
  totalTime: [33m149.5983999999953[39m
}
Chunk (0, 0) generation metrics: {
  terrainTime: [33m0.625[39m,
  biomeTime: [33m149.52829999999813[39m,
  resourceTime: [33m0.12879999999859137[39m,
  structureTime: [33m0.08099999999831198[39m,
  riverTime: [33m0.014699999999720603[39m,
  totalTime: [33m150.39970000000176[39m
}
Chunk (1, 0) generation metrics: {
  terrainTime: [33m0.6071000000010827[39m,
  biomeTime: [33m158.02180000000226[39m,
  resourceTime: [33m0.06979999999748543[39m,
  structureTime: [33m0.08610000000044238[39m,
  riverTime: [33m0.010399999999208376[39m,
  totalTime: [33m158.81639999999607[39m
}
Chunk (-1, 1) generation metrics: {
  terrainTime: [33m1.1195000000006985[39m,
  biomeTime: [33m163.77479999999923[39m,
  resourceTime: [33m0.07229999999981374[39m,
  structureTime: [33m0.09639999999490101[39m,
  riverTime: [33m0.014500000004773028[39m,
  totalTime: [33m165.1053000000029[39m
}
Chunk (0, 1) generation metrics: {
  terrainTime: [33m0.6105999999999767[39m,
  biomeTime: [33m140.0862999999954[39m,
  resourceTime: [33m1.8905000000013388[39m,
  structureTime: [33m0.0842999999949825[39m,
  riverTime: [33m0.013700000003154855[39m,
  totalTime: [33m142.71070000000327[39m
}
Chunk (1, 1) generation metrics: {
  terrainTime: [33m0.6077000000004773[39m,
  biomeTime: [33m152.0691999999981[39m,
  resourceTime: [33m0.12630000000353903[39m,
  structureTime: [33m0.0867999999973108[39m,
  riverTime: [33m0.01569999999628635[39m,
  totalTime: [33m152.93009999999776[39m
}
Loaded 9 chunks in 1368.23ms
DemoApp destroyed

[90mstdout[2m | demo/src/core/DemoApp.performance.test.ts[2m > [22m[2mDemoApp - Performance Testing[2m > [22m[2mChunk Generation Performance[2m > [22m[2mshould track generation time metrics[22m[39m
DemoApp initialized successfully
Chunk (-1, -1) generation metrics: {
  terrainTime: [33m0.60740000000078[39m,
  biomeTime: [33m137.43840000000637[39m,
  resourceTime: [33m0.1264999999984866[39m,
  structureTime: [33m0.07160000000294531[39m,
  riverTime: [33m0.17650000000139698[39m,
  totalTime: [33m138.44120000000112[39m
}
Chunk (0, -1) generation metrics: {
  terrainTime: [33m0.7036000000007334[39m,
  biomeTime: [33m165.36879999999655[39m,
  resourceTime: [33m0.12029999999504071[39m,
  structureTime: [33m0.07600000000093132[39m,
  riverTime: [33m0.012799999996786937[39m,
  totalTime: [33m166.30249999999796[39m
}
Chunk (1, -1) generation metrics: {
  terrainTime: [33m0.6281999999991967[39m,
  biomeTime: [33m159.31460000000516[39m,
  resourceTime: [33m0.11570000000210712[39m,
  structureTime: [33m0.07409999999799766[39m,
  riverTime: [33m0.0580000000045402[39m,
  totalTime: [33m160.2126999999964[39m
}
Chunk (-1, 0) generation metrics: {
  terrainTime: [33m0.5990000000019791[39m,
  biomeTime: [33m142.74529999999504[39m,
  resourceTime: [33m0.20780000000377186[39m,
  structureTime: [33m0.19739999999728752[39m,
  riverTime: [33m0.1863999999986845[39m,
  totalTime: [33m143.95639999999548[39m
}
Chunk (0, 0) generation metrics: {
  terrainTime: [33m0.6467000000047847[39m,
  biomeTime: [33m136.03919999999925[39m,
  resourceTime: [33m0.12939999999798601[39m,
  structureTime: [33m0.08870000000024447[39m,
  riverTime: [33m0.01570000000356231[39m,
  totalTime: [33m136.94119999999384[39m
}
Chunk (1, 0) generation metrics: {
  terrainTime: [33m0.6194999999934225[39m,
  biomeTime: [33m160.9916000000012[39m,
  resourceTime: [33m0.11950000000069849[39m,
  structureTime: [33m0.10650000000168802[39m,
  riverTime: [33m0.01359999999840511[39m,
  totalTime: [33m161.87309999999707[39m
}
Chunk (-1, 1) generation metrics: {
  terrainTime: [33m0.6172999999980675[39m,
  biomeTime: [33m201.17150000000402[39m,
  resourceTime: [33m3.3519000000014785[39m,
  structureTime: [33m0.08509999999660067[39m,
  riverTime: [33m0.01720000000204891[39m,
  totalTime: [33m205.26749999999447[39m
}
Chunk (0, 1) generation metrics: {
  terrainTime: [33m0.6538000000000466[39m,
  biomeTime: [33m183.31910000000062[39m,
  resourceTime: [33m0.12490000000252621[39m,
  structureTime: [33m0.0786999999982072[39m,
  riverTime: [33m0.017099999997299165[39m,
  totalTime: [33m184.21719999999914[39m
}
Chunk (1, 1) generation metrics: {
  terrainTime: [33m1.543999999994412[39m,
  biomeTime: [33m158.60599999999977[39m,
  resourceTime: [33m0.13100000000122236[39m,
  structureTime: [33m0.08849999999802094[39m,
  riverTime: [33m0.016999999999825377[39m,
  totalTime: [33m160.41109999999753[39m
}
Loaded 9 chunks in 1459.43ms
DemoApp destroyed

[90mstdout[2m | demo/src/core/DemoApp.performance.test.ts[2m > [22m[2mDemoApp - Performance Testing[2m > [22m[2mChunk Generation Performance[2m > [22m[2mshould generate multiple chunks efficiently[22m[39m
DemoApp initialized successfully
Chunk (-2, -2) generation metrics: {
  terrainTime: [33m0.6224000000001979[39m,
  biomeTime: [33m182.63110000000597[39m,
  resourceTime: [33m0.127200000002631[39m,
  structureTime: [33m0.08110000000306172[39m,
  riverTime: [33m0.033999999999650754[39m,
  totalTime: [33m183.52010000000155[39m
}
Chunk (-1, -2) generation metrics: {
  terrainTime: [33m2.4873999999981606[39m,
  biomeTime: [33m175.86149999999907[39m,
  resourceTime: [33m0.11549999999988358[39m,
  structureTime: [33m0.07599999999365536[39m,
  riverTime: [33m0.07430000000022119[39m,
  totalTime: [33m178.6382999999987[39m
}
Chunk (0, -2) generation metrics: {
  terrainTime: [33m0.5805000000036671[39m,
  biomeTime: [33m167.0020000000004[39m,
  resourceTime: [33m0.11910000000352738[39m,
  structureTime: [33m0.10749999999825377[39m,
  riverTime: [33m0.013800000000628643[39m,
  totalTime: [33m167.84470000000147[39m
}
Chunk (1, -2) generation metrics: {
  terrainTime: [33m0.5789000000004307[39m,
  biomeTime: [33m143.57130000000325[39m,
  resourceTime: [33m0.12019999999756692[39m,
  structureTime: [33m0.09080000000540167[39m,
  riverTime: [33m0.01969999999710126[39m,
  totalTime: [33m144.40389999999752[39m
}
Chunk (2, -2) generation metrics: {
  terrainTime: [33m0.7779999999984284[39m,
  biomeTime: [33m177.42250000000058[39m,
  resourceTime: [33m0.12219999999797437[39m,
  structureTime: [33m0.10560000000259606[39m,
  riverTime: [33m0.06030000000464497[39m,
  totalTime: [33m178.51399999999558[39m
}
Chunk (-2, -1) generation metrics: {
  terrainTime: [33m0.6240000000034343[39m,
  biomeTime: [33m147.2940000000017[39m,
  resourceTime: [33m0.1287000000011176[39m,
  structureTime: [33m0.1106999999974505[39m,
  riverTime: [33m0.062099999995552935[39m,
  totalTime: [33m148.24079999999958[39m
}
Chunk (-1, -1) generation metrics: {
  terrainTime: [33m0.6237000000037369[39m,
  biomeTime: [33m154.30040000000008[39m,
  resourceTime: [33m0.1514999999999418[39m,
  structureTime: [33m0.07400000000052387[39m,
  riverTime: [33m0.14899999999761349[39m,
  totalTime: [33m155.32020000000193[39m
}
Chunk (0, -1) generation metrics: {
  terrainTime: [33m0.6036999999996624[39m,
  biomeTime: [33m167.68209999999817[39m,
  resourceTime: [33m0.12430000000313157[39m,
  structureTime: [33m0.07489999999961583[39m,
  riverTime: [33m0.006999999997788109[39m,
  totalTime: [33m168.60749999999825[39m
}
Chunk (1, -1) generation metrics: {
  terrainTime: [33m0.6149000000004889[39m,
  biomeTime: [33m149.8850999999995[39m,
  resourceTime: [33m0.12599999999656575[39m,
  structureTime: [33m0.0761999999958789[39m,
  riverTime: [33m0.10779999999795109[39m,
  totalTime: [33m150.83110000000306[39m
}
Chunk (2, -1) generation metrics: {
  terrainTime: [33m0.6164999999964493[39m,
  biomeTime: [33m154.14630000000034[39m,
  resourceTime: [33m0.11849999999685679[39m,
  structureTime: [33m0.1157999999995809[39m,
  riverTime: [33m0.007300000004761387[39m,
  totalTime: [33m155.02629999999772[39m
}
Chunk (-2, 0) generation metrics: {
  terrainTime: [33m0.6160999999992782[39m,
  biomeTime: [33m149.77560000000085[39m,
  resourceTime: [33m0.12849999999889405[39m,
  structureTime: [33m0.11609999999927823[39m,
  riverTime: [33m0.04899999999906868[39m,
  totalTime: [33m150.7089000000051[39m
}
Chunk (-1, 0) generation metrics: {
  terrainTime: [33m0.628100000001723[39m,
  biomeTime: [33m174.84380000000237[39m,
  resourceTime: [33m0.12980000000243308[39m,
  structureTime: [33m0.12260000000242144[39m,
  riverTime: [33m0.1731999999974505[39m,
  totalTime: [33m175.92309999999998[39m
}
Chunk (0, 0) generation metrics: {
  terrainTime: [33m0.6500000000014552[39m,
  biomeTime: [33m144.4487999999983[39m,
  resourceTime: [33m0.12130000000615837[39m,
  structureTime: [33m0.07590000000345754[39m,
  riverTime: [33m0.0063999999983934686[39m,
  totalTime: [33m145.3243999999977[39m
}
Chunk (1, 0) generation metrics: {
  terrainTime: [33m1.2453999999997905[39m,
  biomeTime: [33m146.9149000000034[39m,
  resourceTime: [33m0.12889999999606516[39m,
  structureTime: [33m0.10360000000218861[39m,
  riverTime: [33m0.006000000001222361[39m,
  totalTime: [33m148.4224000000031[39m
}
Chunk (2, 0) generation metrics: {
  terrainTime: [33m0.6474999999991269[39m,
  biomeTime: [33m141.40359999999782[39m,
  resourceTime: [33m0.12879999999859137[39m,
  structureTime: [33m0.08339999999589054[39m,
  riverTime: [33m0.007499999999708962[39m,
  totalTime: [33m142.29379999999946[39m
}
Chunk (-2, 1) generation metrics: {
  terrainTime: [33m0.5985000000000582[39m,
  biomeTime: [33m156.545100000003[39m,
  resourceTime: [33m0.12550000000192085[39m,
  structureTime: [33m0.07759999999689171[39m,
  riverTime: [33m0.005600000004051253[39m,
  totalTime: [33m157.375[39m
}
Chunk (-1, 1) generation metrics: {
  terrainTime: [33m0.6193999999959487[39m,
  biomeTime: [33m155.9441999999981[39m,
  resourceTime: [33m0.12039999999979045[39m,
  structureTime: [33m0.08439999999973224[39m,
  riverTime: [33m0.005700000001525041[39m,
  totalTime: [33m156.79490000000078[39m
}
Chunk (0, 1) generation metrics: {
  terrainTime: [33m0.6040000000066357[39m,
  biomeTime: [33m141.76950000000215[39m,
  resourceTime: [33m0.12400000000343425[39m,
  structureTime: [33m0.09080000000540167[39m,
  riverTime: [33m0.0073999999949592166[39m,
  totalTime: [33m142.62099999999919[39m
}
Chunk (1, 1) generation metrics: {
  terrainTime: [33m0.6237000000037369[39m,
  biomeTime: [33m156.06980000000476[39m,
  resourceTime: [33m0.12890000000334112[39m,
  structureTime: [33m0.0797999999995227[39m,
  riverTime: [33m0.005199999999604188[39m,
  totalTime: [33m156.9291000000012[39m
}
Chunk (2, 1) generation metrics: {
  terrainTime: [33m0.6073000000033062[39m,
  biomeTime: [33m151.46920000000682[39m,
  resourceTime: [33m0.08009999999922002[39m,
  structureTime: [33m0.0684999999939464[39m,
  riverTime: [33m0.004399999997986015[39m,
  totalTime: [33m152.24780000000464[39m
}
Chunk (-2, 2) generation metrics: {
  terrainTime: [33m0.5434999999997672[39m,
  biomeTime: [33m155.92320000000473[39m,
  resourceTime: [33m0.14510000000154832[39m,
  structureTime: [33m0.07710000000224682[39m,
  riverTime: [33m0.006600000000617001[39m,
  totalTime: [33m156.71620000000257[39m
}
Chunk (-1, 2) generation metrics: {
  terrainTime: [33m0.703800000002957[39m,
  biomeTime: [33m153.94030000000203[39m,
  resourceTime: [33m0.12529999999969732[39m,
  structureTime: [33m0.075700000001234[39m,
  riverTime: [33m0.005499999999301508[39m,
  totalTime: [33m154.8761999999988[39m
}
Chunk (0, 2) generation metrics: {
  terrainTime: [33m0.606099999997241[39m,
  biomeTime: [33m149.82670000000508[39m,
  resourceTime: [33m0.1287000000011176[39m,
  structureTime: [33m0.07790000000386499[39m,
  riverTime: [33m0.006100000005972106[39m,
  totalTime: [33m150.6672000000035[39m
}
Chunk (1, 2) generation metrics: {
  terrainTime: [33m0.6101000000053318[39m,
  biomeTime: [33m152.34889999999723[39m,
  resourceTime: [33m0.1261000000013155[39m,
  structureTime: [33m0.07699999999749707[39m,
  riverTime: [33m0.006600000000617001[39m,
  totalTime: [33m153.18990000000485[39m
}
Chunk (2, 2) generation metrics: {
  terrainTime: [33m0.6155999999973574[39m,
  biomeTime: [33m152.87320000000182[39m,
  resourceTime: [33m0.1238999999986845[39m,
  structureTime: [33m0.09459999999671709[39m,
  riverTime: [33m0.05809999999473803[39m,
  totalTime: [33m153.79219999999623[39m
}
Loaded 25 chunks in 3933.60ms
DemoApp destroyed

[90mstdout[2m | demo/src/core/DemoApp.performance.test.ts[2m > [22m[2mDemoApp - Performance Testing[2m > [22m[2mChunk Generation Performance[2m > [22m[2mshould handle distant chunk loading efficiently[22m[39m
DemoApp initialized successfully
Chunk (-1, -1) generation metrics: {
  terrainTime: [33m0.8470000000015716[39m,
  biomeTime: [33m168.31270000000222[39m,
  resourceTime: [33m0.6477000000013504[39m,
  structureTime: [33m0.088900000002468[39m,
  riverTime: [33m0.15610000000015134[39m,
  totalTime: [33m170.13420000000042[39m
}
Chunk (0, -1) generation metrics: {
  terrainTime: [33m0.8835000000035507[39m,
  biomeTime: [33m139.32050000000163[39m,
  resourceTime: [33m0.5676000000021304[39m,
  structureTime: [33m0.06990000000223517[39m,
  riverTime: [33m0.007700000001932494[39m,
  totalTime: [33m140.90359999999782[39m
}
Chunk (1, -1) generation metrics: {
  terrainTime: [33m0.7916999999943073[39m,
  biomeTime: [33m144.06070000000182[39m,
  resourceTime: [33m0.2969999999986612[39m,
  structureTime: [33m0.08449999999720603[39m,
  riverTime: [33m0.06000000000494765[39m,
  totalTime: [33m145.3208999999988[39m
}
Chunk (-1, 0) generation metrics: {
  terrainTime: [33m0.7986999999993714[39m,
  biomeTime: [33m152.34060000000318[39m,
  resourceTime: [33m0.12219999999797437[39m,
  structureTime: [33m0.12150000000110595[39m,
  riverTime: [33m5.762199999997392[39m,
  totalTime: [33m159.16909999999916[39m
}
Chunk (0, 0) generation metrics: {
  terrainTime: [33m0.7849999999962165[39m,
  biomeTime: [33m138.45989999999438[39m,
  resourceTime: [33m0.12819999999919673[39m,
  structureTime: [33m0.10599999999976717[39m,
  riverTime: [33m0.006999999997788109[39m,
  totalTime: [33m139.51180000000022[39m
}
Chunk (1, 0) generation metrics: {
  terrainTime: [33m0.7724000000016531[39m,
  biomeTime: [33m142.00540000000183[39m,
  resourceTime: [33m0.13629999999830034[39m,
  structureTime: [33m0.11589999999705469[39m,
  riverTime: [33m0.005700000001525041[39m,
  totalTime: [33m143.0578999999998[39m
}
Chunk (-1, 1) generation metrics: {
  terrainTime: [33m0.7914000000018859[39m,
  biomeTime: [33m159.48389999999927[39m,
  resourceTime: [33m0.127200000002631[39m,
  structureTime: [33m0.08390000000508735[39m,
  riverTime: [33m0.017999999996391125[39m,
  totalTime: [33m160.52790000000095[39m
}
Chunk (0, 1) generation metrics: {
  terrainTime: [33m0.8850999999995111[39m,
  biomeTime: [33m143.57920000000013[39m,
  resourceTime: [33m0.12130000000615837[39m,
  structureTime: [33m0.07800000000133878[39m,
  riverTime: [33m0.006300000000919681[39m,
  totalTime: [33m144.6935999999987[39m
}
Chunk (1, 1) generation metrics: {
  terrainTime: [33m0.5860000000029686[39m,
  biomeTime: [33m145.49409999999625[39m,
  resourceTime: [33m0.1353000000017346[39m,
  structureTime: [33m0.08140000000275904[39m,
  riverTime: [33m0.007499999999708962[39m,
  totalTime: [33m146.32600000000093[39m
}
Loaded 9 chunks in 1351.49ms
Chunk (9, 9) generation metrics: {
  terrainTime: [33m2.0443000000013853[39m,
  biomeTime: [33m129.89259999999922[39m,
  resourceTime: [33m0.12329999999928987[39m,
  structureTime: [33m0.08799999999610009[39m,
  riverTime: [33m0.08410000000003492[39m,
  totalTime: [33m132.25709999999526[39m
}
Chunk (10, 9) generation metrics: {
  terrainTime: [33m0.8638999999966472[39m,
  biomeTime: [33m157.9441999999981[39m,
  resourceTime: [33m0.06850000000122236[39m,
  structureTime: [33m0.06199999999807915[39m,
  riverTime: [33m0.00480000000243308[39m,
  totalTime: [33m158.96360000000277[39m
}
Chunk (11, 9) generation metrics: {
  terrainTime: [33m0.6038000000044121[39m,
  biomeTime: [33m147.44350000000122[39m,
  resourceTime: [33m0.12340000000403961[39m,
  structureTime: [33m0.08130000000528526[39m,
  riverTime: [33m0.006699999998090789[39m,
  totalTime: [33m148.28289999999834[39m
}
Chunk (9, 10) generation metrics: {
  terrainTime: [33m0.6028999999980442[39m,
  biomeTime: [33m142.83899999999994[39m,
  resourceTime: [33m0.18779999999969732[39m,
  structureTime: [33m0.08610000000044238[39m,
  riverTime: [33m0.14170000000012806[39m,
  totalTime: [33m143.8909000000058[39m
}
Chunk (10, 10) generation metrics: {
  terrainTime: [33m0.6140999999988708[39m,
  biomeTime: [33m143.3963999999978[39m,
  resourceTime: [33m0.1224000000001979[39m,
  structureTime: [33m0.08539999999629799[39m,
  riverTime: [33m0.0849000000016531[39m,
  totalTime: [33m144.32760000000417[39m
}
Chunk (11, 10) generation metrics: {
  terrainTime: [33m0.5971999999965192[39m,
  biomeTime: [33m141.12600000000384[39m,
  resourceTime: [33m0.12410000000090804[39m,
  structureTime: [33m0.13479999999981374[39m,
  riverTime: [33m0.005599999996775296[39m,
  totalTime: [33m142.01140000000305[39m
}
Chunk (9, 11) generation metrics: {
  terrainTime: [33m0.59769999999844[39m,
  biomeTime: [33m135.41150000000198[39m,
  resourceTime: [33m0.12109999999665888[39m,
  structureTime: [33m0.08009999999922002[39m,
  riverTime: [33m0.14830000000074506[39m,
  totalTime: [33m136.38040000000183[39m
}
Chunk (10, 11) generation metrics: {
  terrainTime: [33m0.5803999999989173[39m,
  biomeTime: [33m150.4496999999974[39m,
  resourceTime: [33m0.12849999999889405[39m,
  structureTime: [33m0.08649999999761349[39m,
  riverTime: [33m0.09670000000187429[39m,
  totalTime: [33m151.36589999999705[39m
}
Chunk (11, 11) generation metrics: {
  terrainTime: [33m0.6071999999985565[39m,
  biomeTime: [33m136.11549999999988[39m,
  resourceTime: [33m0.1265999999959604[39m,
  structureTime: [33m0.08920000000216532[39m,
  riverTime: [33m0.006300000000919681[39m,
  totalTime: [33m136.96910000000207[39m
}
Loaded 9 chunks in 1296.22ms
Chunk (-11, -11) generation metrics: {
  terrainTime: [33m0.6038000000044121[39m,
  biomeTime: [33m148.28609999999753[39m,
  resourceTime: [33m0.12540000000444707[39m,
  structureTime: [33m0.0731999999989057[39m,
  riverTime: [33m0.006299999993643723[39m,
  totalTime: [33m149.11740000000282[39m
}
Chunk (-10, -11) generation metrics: {
  terrainTime: [33m0.5979999999981374[39m,
  biomeTime: [33m160.48760000000038[39m,
  resourceTime: [33m0.12479999999777647[39m,
  structureTime: [33m0.08450000000448199[39m,
  riverTime: [33m0.06689999999798601[39m,
  totalTime: [33m161.38519999999698[39m
}
Chunk (-9, -11) generation metrics: {
  terrainTime: [33m0.6062000000019907[39m,
  biomeTime: [33m177.68989999999758[39m,
  resourceTime: [33m0.1198999999978696[39m,
  structureTime: [33m0.07860000000073342[39m,
  riverTime: [33m0.23199999999633292[39m,
  totalTime: [33m178.75219999999536[39m
}
Chunk (-11, -10) generation metrics: {
  terrainTime: [33m0.5961999999999534[39m,
  biomeTime: [33m151.66760000000068[39m,
  resourceTime: [33m0.12599999999656575[39m,
  structureTime: [33m0.08329999999841675[39m,
  riverTime: [33m0.11349999999947613[39m,
  totalTime: [33m152.6102000000028[39m
}
Chunk (-10, -10) generation metrics: {
  terrainTime: [33m0.5985000000000582[39m,
  biomeTime: [33m145.1993999999977[39m,
  resourceTime: [33m0.12479999999777647[39m,
  structureTime: [33m0.11220000000321306[39m,
  riverTime: [33m0.08209999999962747[39m,
  totalTime: [33m146.1406999999963[39m
}
Chunk (-9, -10) generation metrics: {
  terrainTime: [33m0.5897000000040862[39m,
  biomeTime: [33m146.73909999999887[39m,
  resourceTime: [33m0.12269999999989523[39m,
  structureTime: [33m0.1874000000025262[39m,
  riverTime: [33m0.0062000000034458935[39m,
  totalTime: [33m147.6675000000032[39m
}
Chunk (-11, -9) generation metrics: {
  terrainTime: [33m0.609599999996135[39m,
  biomeTime: [33m156.6293000000005[39m,
  resourceTime: [33m0.12620000000606524[39m,
  structureTime: [33m0.07929999999760184[39m,
  riverTime: [33m0.09799999999813735[39m,
  totalTime: [33m157.60579999999754[39m
}
Chunk (-10, -9) generation metrics: {
  terrainTime: [33m0.6032000000050175[39m,
  biomeTime: [33m135.78770000000077[39m,
  resourceTime: [33m0.13870000000315486[39m,
  structureTime: [33m0.1098000000056345[39m,
  riverTime: [33m0.13650000000052387[39m,
  totalTime: [33m136.79930000000604[39m
}
Chunk (-9, -9) generation metrics: {
  terrainTime: [33m0.5861999999979162[39m,
  biomeTime: [33m134.14970000000176[39m,
  resourceTime: [33m0.1253999999971711[39m,
  structureTime: [33m0.08899999999994179[39m,
  riverTime: [33m0.007400000002235174[39m,
  totalTime: [33m134.98159999999916[39m
}
Loaded 9 chunks in 1366.71ms
DemoApp destroyed

[90mstdout[2m | demo/src/core/DemoApp.performance.test.ts[2m > [22m[2mDemoApp - Performance Testing[2m > [22m[2mIncremental Generation Performance[2m > [22m[2mshould maintain target FPS during incremental generation[22m[39m
DemoApp initialized successfully
Chunk (-2, -2) generation metrics: {
  terrainTime: [33m0.3923999999969965[39m,
  biomeTime: [33m153.27859999999782[39m,
  resourceTime: [33m0.13599999999860302[39m,
  structureTime: [33m0.0882999999957974[39m,
  riverTime: [33m0.02530000000115251[39m,
  totalTime: [33m153.96220000000176[39m
}
Chunk (-1, -2) generation metrics: {
  terrainTime: [33m4.52270000000135[39m,
  biomeTime: [33m149.29669999999896[39m,
  resourceTime: [33m0.11890000000130385[39m,
  structureTime: [33m0.07820000000356231[39m,
  riverTime: [33m0.049900000005436596[39m,
  totalTime: [33m154.090200000006[39m
}
Chunk (0, -2) generation metrics: {
  terrainTime: [33m0.5879999999961001[39m,
  biomeTime: [33m135.10080000000016[39m,
  resourceTime: [33m0.06590000000142027[39m,
  structureTime: [33m0.07940000000235159[39m,
  riverTime: [33m0.00399999999353895[39m,
  totalTime: [33m135.85859999999957[39m
}
Chunk (1, -2) generation metrics: {
  terrainTime: [33m0.3830999999991036[39m,
  biomeTime: [33m142.17580000000453[39m,
  resourceTime: [33m0.12780000000202563[39m,
  structureTime: [33m0.09010000000125729[39m,
  riverTime: [33m0.006300000000919681[39m,
  totalTime: [33m142.80569999999716[39m
}
Chunk (2, -2) generation metrics: {
  terrainTime: [33m0.5980000000054133[39m,
  biomeTime: [33m143.95899999999529[39m,
  resourceTime: [33m0.12939999999798601[39m,
  structureTime: [33m0.11849999999685679[39m,
  riverTime: [33m0.005499999999301508[39m,
  totalTime: [33m144.83589999999822[39m
}
Chunk (-2, -1) generation metrics: {
  terrainTime: [33m0.6100999999980559[39m,
  biomeTime: [33m141.49110000000655[39m,
  resourceTime: [33m0.12290000000211876[39m,
  structureTime: [33m0.10790000000270084[39m,
  riverTime: [33m0.04329999999754364[39m,
  totalTime: [33m142.3960999999981[39m
}
Chunk (-1, -1) generation metrics: {
  terrainTime: [33m0.5947000000014668[39m,
  biomeTime: [33m155.0778000000064[39m,
  resourceTime: [33m0.1290999999982887[39m,
  structureTime: [33m0.07639999999810243[39m,
  riverTime: [33m0.11910000000352738[39m,
  totalTime: [33m156.01959999999963[39m
}
Chunk (0, -1) generation metrics: {
  terrainTime: [33m0.5988999999972293[39m,
  biomeTime: [33m147.95469999999477[39m,
  resourceTime: [33m0.12559999999939464[39m,
  structureTime: [33m0.08269999999902211[39m,
  riverTime: [33m0.005299999997077975[39m,
  totalTime: [33m148.7902000000031[39m
}
Chunk (1, -1) generation metrics: {
  terrainTime: [33m1.1105999999999767[39m,
  biomeTime: [33m153.96860000000015[39m,
  resourceTime: [33m0.07009999999718275[39m,
  structureTime: [33m0.07549999999901047[39m,
  riverTime: [33m0.029999999998835847[39m,
  totalTime: [33m155.27850000000035[39m
}
Chunk (2, -1) generation metrics: {
  terrainTime: [33m0.6073000000033062[39m,
  biomeTime: [33m163.1608999999953[39m,
  resourceTime: [33m0.1213999999963562[39m,
  structureTime: [33m0.12220000000525033[39m,
  riverTime: [33m0.28589999999530846[39m,
  totalTime: [33m164.324099999998[39m
}
Chunk (-2, 0) generation metrics: {
  terrainTime: [33m0.6222000000052503[39m,
  biomeTime: [33m141.8801999999996[39m,
  resourceTime: [33m0.07019999999465654[39m,
  structureTime: [33m0.08029999999416759[39m,
  riverTime: [33m0.025800000003073364[39m,
  totalTime: [33m142.69930000000022[39m
}
Chunk (-1, 0) generation metrics: {
  terrainTime: [33m0.4083000000027823[39m,
  biomeTime: [33m148.1724000000031[39m,
  resourceTime: [33m0.06570000000647269[39m,
  structureTime: [33m0.07440000000497093[39m,
  riverTime: [33m0.07990000000427244[39m,
  totalTime: [33m148.81670000000304[39m
}
Chunk (0, 0) generation metrics: {
  terrainTime: [33m0.39140000000043074[39m,
  biomeTime: [33m130.00599999999395[39m,
  resourceTime: [33m0.12359999999898719[39m,
  structureTime: [33m0.47999999999592546[39m,
  riverTime: [33m0.007299999997485429[39m,
  totalTime: [33m131.02820000000065[39m
}
Chunk (1, 0) generation metrics: {
  terrainTime: [33m0.6061999999947147[39m,
  biomeTime: [33m125.045100000003[39m,
  resourceTime: [33m0.1396999999997206[39m,
  structureTime: [33m0.12950000000273576[39m,
  riverTime: [33m0.007100000002537854[39m,
  totalTime: [33m125.95150000000285[39m
}
Chunk (2, 0) generation metrics: {
  terrainTime: [33m0.6103000000002794[39m,
  biomeTime: [33m148.33259999999427[39m,
  resourceTime: [33m0.125[39m,
  structureTime: [33m0.08849999999802094[39m,
  riverTime: [33m0.006699999998090789[39m,
  totalTime: [33m149.1875[39m
}
Chunk (-2, 1) generation metrics: {
  terrainTime: [33m0.6062000000019907[39m,
  biomeTime: [33m227.2887000000046[39m,
  resourceTime: [33m0.127200000002631[39m,
  structureTime: [33m0.07890000000043074[39m,
  riverTime: [33m0.006099999998696148[39m,
  totalTime: [33m228.16990000000078[39m
}
Chunk (-1, 1) generation metrics: {
  terrainTime: [33m1.3277999999991152[39m,
  biomeTime: [33m158.73019999999815[39m,
  resourceTime: [33m0.12159999999857973[39m,
  structureTime: [33m0.1665999999968335[39m,
  riverTime: [33m0.01209999999991851[39m,
  totalTime: [33m160.39189999999508[39m
}
Chunk (0, 1) generation metrics: {
  terrainTime: [33m0.6194000000032247[39m,
  biomeTime: [33m145.46880000000237[39m,
  resourceTime: [33m0.12639999999373686[39m,
  structureTime: [33m0.07630000000062864[39m,
  riverTime: [33m0.006299999993643723[39m,
  totalTime: [33m146.39749999999913[39m
}
Chunk (1, 1) generation metrics: {
  terrainTime: [33m0.6041999999943073[39m,
  biomeTime: [33m152.68560000000434[39m,
  resourceTime: [33m0.1253999999971711[39m,
  structureTime: [33m0.08619999999791617[39m,
  riverTime: [33m0.0063999999983934686[39m,
  totalTime: [33m153.53229999999894[39m
}
Chunk (2, 1) generation metrics: {
  terrainTime: [33m0.625[39m,
  biomeTime: [33m152.16530000000057[39m,
  resourceTime: [33m0.07510000000183936[39m,
  structureTime: [33m0.05610000000160653[39m,
  riverTime: [33m0.004099999998288695[39m,
  totalTime: [33m152.94520000000193[39m
}
Chunk (-2, 2) generation metrics: {
  terrainTime: [33m0.40239999999903375[39m,
  biomeTime: [33m136.71220000000176[39m,
  resourceTime: [33m0.12180000000080327[39m,
  structureTime: [33m0.09120000000257278[39m,
  riverTime: [33m0.006500000003143214[39m,
  totalTime: [33m137.35629999999946[39m
}
Chunk (-1, 2) generation metrics: {
  terrainTime: [33m0.6039999999993597[39m,
  biomeTime: [33m142.62590000000637[39m,
  resourceTime: [33m0.12169999999605352[39m,
  structureTime: [33m0.08020000000396976[39m,
  riverTime: [33m0.006000000001222361[39m,
  totalTime: [33m143.46089999999822[39m
}
Chunk (0, 2) generation metrics: {
  terrainTime: [33m1.0466000000014901[39m,
  biomeTime: [33m161.6892000000007[39m,
  resourceTime: [33m0.1254999999946449[39m,
  structureTime: [33m0.09629999999742722[39m,
  riverTime: [33m0.0063999999983934686[39m,
  totalTime: [33m162.98969999999827[39m
}
Chunk (1, 2) generation metrics: {
  terrainTime: [33m0.5971999999965192[39m,
  biomeTime: [33m148.6088000000018[39m,
  resourceTime: [33m0.12939999999798601[39m,
  structureTime: [33m0.0949999999938882[39m,
  riverTime: [33m0.006799999995564576[39m,
  totalTime: [33m149.46570000000065[39m
}
Chunk (2, 2) generation metrics: {
  terrainTime: [33m0.480199999998149[39m,
  biomeTime: [33m144.943299999999[39m,
  resourceTime: [33m0.12619999999878928[39m,
  structureTime: [33m0.08299999999871943[39m,
  riverTime: [33m0.04290000000037253[39m,
  totalTime: [33m145.7002999999968[39m
}
DemoApp destroyed

[90mstdout[2m | demo/src/core/DemoApp.performance.test.ts[2m > [22m[2mDemoApp - Performance Testing[2m > [22m[2mIncremental Generation Performance[2m > [22m[2mshould respect time budget during incremental generation[22m[39m
DemoApp initialized successfully
Chunk (-1, -1) generation metrics: {
  terrainTime: [33m0.5839000000123633[39m,
  biomeTime: [33m153.16139999999723[39m,
  resourceTime: [33m0.11499999999068677[39m,
  structureTime: [33m0.08120000000053551[39m,
  riverTime: [33m0.18059999999240972[39m,
  totalTime: [33m154.14440000000468[39m
}
Chunk (0, -1) generation metrics: {
  terrainTime: [33m0.5895000000018626[39m,
  biomeTime: [33m148.59399999999732[39m,
  resourceTime: [33m0.11999999999534339[39m,
  structureTime: [33m0.11999999999534339[39m,
  riverTime: [33m0.007599999997182749[39m,
  totalTime: [33m149.4540999999881[39m
}
Chunk (1, -1) generation metrics: {
  terrainTime: [33m2.547600000005332[39m,
  biomeTime: [33m149.2893999999942[39m,
  resourceTime: [33m0.12020000000484288[39m,
  structureTime: [33m0.08800000000337604[39m,
  riverTime: [33m0.04099999999743886[39m,
  totalTime: [33m152.11170000000857[39m
}
Chunk (-1, 0) generation metrics: {
  terrainTime: [33m0.5938999999925727[39m,
  biomeTime: [33m150.92430000001332[39m,
  resourceTime: [33m0.12029999999504071[39m,
  structureTime: [33m0.12039999999979045[39m,
  riverTime: [33m0.1157999999995809[39m,
  totalTime: [33m151.8978999999963[39m
}
Chunk (0, 0) generation metrics: {
  terrainTime: [33m0.5908999999955995[39m,
  biomeTime: [33m158.84560000000056[39m,
  resourceTime: [33m0.1287000000011176[39m,
  structureTime: [33m0.08199999999487773[39m,
  riverTime: [33m0.006300000008195639[39m,
  totalTime: [33m159.6753000000026[39m
}
Chunk (1, 0) generation metrics: {
  terrainTime: [33m0.608699999997043[39m,
  biomeTime: [33m162.1704999999929[39m,
  resourceTime: [33m0.1224999999976717[39m,
  structureTime: [33m0.1215000000083819[39m,
  riverTime: [33m0.007400000002235174[39m,
  totalTime: [33m163.05399999998917[39m
}
Chunk (-1, 1) generation metrics: {
  terrainTime: [33m0.6135000000067521[39m,
  biomeTime: [33m164.3857999999891[39m,
  resourceTime: [33m0.13029999998980202[39m,
  structureTime: [33m0.09459999999671709[39m,
  riverTime: [33m0.006800000002840534[39m,
  totalTime: [33m165.2572000000073[39m
}
Chunk (0, 1) generation metrics: {
  terrainTime: [33m0.6154999999998836[39m,
  biomeTime: [33m166.3362000000052[39m,
  resourceTime: [33m0.13159999999334104[39m,
  structureTime: [33m0.07970000000204891[39m,
  riverTime: [33m0.005699999994249083[39m,
  totalTime: [33m167.19250000000466[39m
}
Chunk (1, 1) generation metrics: {
  terrainTime: [33m0.6021999999938998[39m,
  biomeTime: [33m135.88390000000072[39m,
  resourceTime: [33m0.11620000000402797[39m,
  structureTime: [33m0.08840000000782311[39m,
  riverTime: [33m0.006500000003143214[39m,
  totalTime: [33m136.7213000000047[39m
}
DemoApp destroyed

[90mstdout[2m | demo/src/core/DemoApp.performance.test.ts[2m > [22m[2mDemoApp - Performance Testing[2m > [22m[2mIncremental Generation Performance[2m > [22m[2mshould complete generation progressively[22m[39m
DemoApp initialized successfully
Chunk (-1, -1) generation metrics: {
  terrainTime: [33m1.5442000000039116[39m,
  biomeTime: [33m143.62119999999413[39m,
  resourceTime: [33m0.11980000000039581[39m,
  structureTime: [33m0.06989999998768326[39m,
  riverTime: [33m0.10140000001410954[39m,
  totalTime: [33m145.54339999999502[39m
}
Chunk (0, -1) generation metrics: {
  terrainTime: [33m0.5982999999978347[39m,
  biomeTime: [33m137.3743000000104[39m,
  resourceTime: [33m0.10769999999320135[39m,
  structureTime: [33m0.1422000000020489[39m,
  riverTime: [33m0.0062000000034458935[39m,
  totalTime: [33m138.26490000000922[39m
}
Chunk (1, -1) generation metrics: {
  terrainTime: [33m0.5936999999976251[39m,
  biomeTime: [33m138.03600000000733[39m,
  resourceTime: [33m0.12919999999576248[39m,
  structureTime: [33m0.08139999999548309[39m,
  riverTime: [33m0.036199999987729825[39m,
  totalTime: [33m138.89899999999034[39m
}
Chunk (-1, 0) generation metrics: {
  terrainTime: [33m0.620199999990291[39m,
  biomeTime: [33m137.73409999998694[39m,
  resourceTime: [33m0.12230000000272412[39m,
  structureTime: [33m0.12380000000121072[39m,
  riverTime: [33m0.10629999999946449[39m,
  totalTime: [33m138.72989999999118[39m
}
Chunk (0, 0) generation metrics: {
  terrainTime: [33m0.6109999999898719[39m,
  biomeTime: [33m130.04989999999816[39m,
  resourceTime: [33m0.1145000000105938[39m,
  structureTime: [33m0.09149999999499414[39m,
  riverTime: [33m0.006999999997788109[39m,
  totalTime: [33m130.89990000000398[39m
}
Chunk (1, 0) generation metrics: {
  terrainTime: [33m0.5932999999931781[39m,
  biomeTime: [33m150.04580000000715[39m,
  resourceTime: [33m0.13159999999334104[39m,
  structureTime: [33m0.12199999998847488[39m,
  riverTime: [33m0.006700000012642704[39m,
  totalTime: [33m150.92469999998866[39m
}
Chunk (-1, 1) generation metrics: {
  terrainTime: [33m0.6557000000029802[39m,
  biomeTime: [33m143.75770000000193[39m,
  resourceTime: [33m0.12840000000142027[39m,
  structureTime: [33m0.08359999999811407[39m,
  riverTime: [33m0.005499999999301508[39m,
  totalTime: [33m144.65409999999974[39m
}
Chunk (0, 1) generation metrics: {
  terrainTime: [33m0.6031999999977415[39m,
  biomeTime: [33m154.02730000000156[39m,
  resourceTime: [33m0.12119999999413267[39m,
  structureTime: [33m0.10889999999199063[39m,
  riverTime: [33m0.0062000000034458935[39m,
  totalTime: [33m154.89070000000356[39m
}
Chunk (1, 1) generation metrics: {
  terrainTime: [33m0.6045000000012806[39m,
  biomeTime: [33m143.46989999999641[39m,
  resourceTime: [33m0.1254999999946449[39m,
  structureTime: [33m0.07779999999911524[39m,
  riverTime: [33m0.007300000012037344[39m,
  totalTime: [33m144.308400000009[39m
}
DemoApp destroyed

[90mstdout[2m | demo/src/core/DemoApp.performance.test.ts[2m > [22m[2mDemoApp - Performance Testing[2m > [22m[2mMemory Usage with Large Chunk Counts[2m > [22m[2mshould handle 50+ chunks without excessive memory growth[22m[39m
DemoApp initialized successfully
Chunk (-3, -3) generation metrics: {
  terrainTime: [33m0.5965999999898486[39m,
  biomeTime: [33m144.6996999999974[39m,
  resourceTime: [33m0.07339999999385327[39m,
  structureTime: [33m0.059999999997671694[39m,
  riverTime: [33m0.004199999995762482[39m,
  totalTime: [33m145.45539999999164[39m
}
Chunk (-2, -3) generation metrics: {
  terrainTime: [33m0.4098999999987427[39m,
  biomeTime: [33m145.36209999999846[39m,
  resourceTime: [33m0.1319999999977881[39m,
  structureTime: [33m0.0923999999940861[39m,
  riverTime: [33m0.13509999999951106[39m,
  totalTime: [33m146.1545999999944[39m
}
Chunk (-1, -3) generation metrics: {
  terrainTime: [33m0.6162999999942258[39m,
  biomeTime: [33m152.15180000000692[39m,
  resourceTime: [33m0.12580000000889413[39m,
  structureTime: [33m0.07860000000800937[39m,
  riverTime: [33m0.04469999999855645[39m,
  totalTime: [33m153.03979999999865[39m
}
Chunk (0, -3) generation metrics: {
  terrainTime: [33m0.6194999999861466[39m,
  biomeTime: [33m150.00920000000042[39m,
  resourceTime: [33m0.13289999999688007[39m,
  structureTime: [33m0.11370000000169966[39m,
  riverTime: [33m0.005799999998998828[39m,
  totalTime: [33m150.90230000000156[39m
}
Chunk (1, -3) generation metrics: {
  terrainTime: [33m0.6247000000003027[39m,
  biomeTime: [33m156.26949999999488[39m,
  resourceTime: [33m0.12330000000656582[39m,
  structureTime: [33m0.08710000000428408[39m,
  riverTime: [33m0.007499999992433004[39m,
  totalTime: [33m157.13550000000396[39m
}
Chunk (2, -3) generation metrics: {
  terrainTime: [33m0.6058999999950174[39m,
  biomeTime: [33m145.68589999999676[39m,
  resourceTime: [33m0.1319999999977881[39m,
  structureTime: [33m0.08000000000174623[39m,
  riverTime: [33m0.0371000000013737[39m,
  totalTime: [33m146.5627999999997[39m
}
Chunk (3, -3) generation metrics: {
  terrainTime: [33m0.6123999999981606[39m,
  biomeTime: [33m159.7277999999933[39m,
  resourceTime: [33m0.12690000000293367[39m,
  structureTime: [33m0.08090000000083819[39m,
  riverTime: [33m0.05879999999888241[39m,
  totalTime: [33m160.63129999999364[39m
}
Chunk (-3, -2) generation metrics: {
  terrainTime: [33m0.6128999999928055[39m,
  biomeTime: [33m155.89400000000023[39m,
  resourceTime: [33m0.06930000000284053[39m,
  structureTime: [33m0.07910000000265427[39m,
  riverTime: [33m0.005199999999604188[39m,
  totalTime: [33m156.68039999999746[39m
}
Chunk (-2, -2) generation metrics: {
  terrainTime: [33m0.6120000000082655[39m,
  biomeTime: [33m152.0517000000109[39m,
  resourceTime: [33m0.13310000000637956[39m,
  structureTime: [33m0.07759999998961575[39m,
  riverTime: [33m0.020399999993969686[39m,
  totalTime: [33m152.91770000000542[39m
}
Chunk (-1, -2) generation metrics: {
  terrainTime: [33m0.6051000000006752[39m,
  biomeTime: [33m168.4021999999968[39m,
  resourceTime: [33m0.12729999999282882[39m,
  structureTime: [33m0.08720000000903383[39m,
  riverTime: [33m0.04520000000775326[39m,
  totalTime: [33m169.28949999999895[39m
}
Chunk (0, -2) generation metrics: {
  terrainTime: [33m0.7143000000069151[39m,
  biomeTime: [33m153.85970000000088[39m,
  resourceTime: [33m0.1222999999881722[39m,
  structureTime: [33m0.11259999999310821[39m,
  riverTime: [33m0.005199999999604188[39m,
  totalTime: [33m154.84210000000894[39m
}
Chunk (1, -2) generation metrics: {
  terrainTime: [33m0.6217000000033295[39m,
  biomeTime: [33m149.92390000000887[39m,
  resourceTime: [33m0.13179999998828862[39m,
  structureTime: [33m0.08449999999720603[39m,
  riverTime: [33m0.006099999998696148[39m,
  totalTime: [33m150.78979999999865[39m
}
Chunk (2, -2) generation metrics: {
  terrainTime: [33m0.6169999999983702[39m,
  biomeTime: [33m175.07630000000063[39m,
  resourceTime: [33m0.12310000001161825[39m,
  structureTime: [33m0.13309999999182764[39m,
  riverTime: [33m0.00810000000637956[39m,
  totalTime: [33m175.9846000000107[39m
}
Chunk (3, -2) generation metrics: {
  terrainTime: [33m0.5981000000028871[39m,
  biomeTime: [33m149.02330000000075[39m,
  resourceTime: [33m0.12069999999948777[39m,
  structureTime: [33m0.1576000000059139[39m,
  riverTime: [33m0.006299999993643723[39m,
  totalTime: [33m149.931700000001[39m
}
Chunk (-3, -1) generation metrics: {
  terrainTime: [33m0.6165000000037253[39m,
  biomeTime: [33m142.27999999999884[39m,
  resourceTime: [33m0.06960000000253785[39m,
  structureTime: [33m0.05139999999664724[39m,
  riverTime: [33m0.02740000000630971[39m,
  totalTime: [33m143.0668999999907[39m
}
Chunk (-2, -1) generation metrics: {
  terrainTime: [33m0.4128999999957159[39m,
  biomeTime: [33m142.95509999999194[39m,
  resourceTime: [33m0.12479999999050051[39m,
  structureTime: [33m0.07439999999769498[39m,
  riverTime: [33m0.03620000000228174[39m,
  totalTime: [33m143.62510000000475[39m
}
Chunk (-1, -1) generation metrics: {
  terrainTime: [33m0.5915999999997439[39m,
  biomeTime: [33m127.71020000000135[39m,
  resourceTime: [33m0.11989999999059364[39m,
  structureTime: [33m0.05460000000311993[39m,
  riverTime: [33m0.09759999999369029[39m,
  totalTime: [33m128.59459999999672[39m
}
Chunk (0, -1) generation metrics: {
  terrainTime: [33m0.5886999999929685[39m,
  biomeTime: [33m141.81179999999586[39m,
  resourceTime: [33m0.12260000000242144[39m,
  structureTime: [33m0.07580000000598375[39m,
  riverTime: [33m0.006099999998696148[39m,
  totalTime: [33m142.62880000000587[39m
}
Chunk (1, -1) generation metrics: {
  terrainTime: [33m0.5932999999931781[39m,
  biomeTime: [33m143.48519999999553[39m,
  resourceTime: [33m0.12660000000323635[39m,
  structureTime: [33m0.06710000000020955[39m,
  riverTime: [33m0.034399999989545904[39m,
  totalTime: [33m144.3292999999976[39m
}
Chunk (2, -1) generation metrics: {
  terrainTime: [33m0.5828000000037719[39m,
  biomeTime: [33m137.0801999999967[39m,
  resourceTime: [33m0.12769999999727588[39m,
  structureTime: [33m0.09880000000703149[39m,
  riverTime: [33m0.006899999993038364[39m,
  totalTime: [33m137.92269999999553[39m
}
Chunk (3, -1) generation metrics: {
  terrainTime: [33m0.6136000000115018[39m,
  biomeTime: [33m139.37279999999737[39m,
  resourceTime: [33m0.13639999998849817[39m,
  structureTime: [33m0.07669999999052379[39m,
  riverTime: [33m0.005700000008800998[39m,
  totalTime: [33m140.23249999999825[39m
}
Chunk (-3, 0) generation metrics: {
  terrainTime: [33m0.5962999999901513[39m,
  biomeTime: [33m134.30410000000848[39m,
  resourceTime: [33m0.11849999999685679[39m,
  structureTime: [33m0.07510000000183936[39m,
  riverTime: [33m0.023400000005494803[39m,
  totalTime: [33m135.1371999999974[39m
}
Chunk (-2, 0) generation metrics: {
  terrainTime: [33m0.5978999999933876[39m,
  biomeTime: [33m142.55749999999534[39m,
  resourceTime: [33m0.12260000000242144[39m,
  structureTime: [33m0.08380000000761356[39m,
  riverTime: [33m0.033100000000558794[39m,
  totalTime: [33m143.41909999999916[39m
}
Chunk (-1, 0) generation metrics: {
  terrainTime: [33m0.5984000000025844[39m,
  biomeTime: [33m141.18979999999283[39m,
  resourceTime: [33m0.07060000000637956[39m,
  structureTime: [33m0.05840000000898726[39m,
  riverTime: [33m0.08000000000174623[39m,
  totalTime: [33m142.0558999999921[39m
}
Chunk (0, 0) generation metrics: {
  terrainTime: [33m0.43310000000928994[39m,
  biomeTime: [33m137.14449999999488[39m,
  resourceTime: [33m0.11710000000311993[39m,
  structureTime: [33m0.07069999999657739[39m,
  riverTime: [33m0.006699999998090789[39m,
  totalTime: [33m137.79360000000452[39m
}
Chunk (1, 0) generation metrics: {
  terrainTime: [33m0.5855000000010477[39m,
  biomeTime: [33m138.02599999999802[39m,
  resourceTime: [33m0.1361999999935506[39m,
  structureTime: [33m0.07850000000325963[39m,
  riverTime: [33m0.0063999999983934686[39m,
  totalTime: [33m138.857600000003[39m
}
Chunk (2, 0) generation metrics: {
  terrainTime: [33m0.6015000000043074[39m,
  biomeTime: [33m132.18760000000475[39m,
  resourceTime: [33m0.12519999999494758[39m,
  structureTime: [33m0.07360000000335276[39m,
  riverTime: [33m0.007100000002537854[39m,
  totalTime: [33m133.0210999999981[39m
}
Chunk (3, 0) generation metrics: {
  terrainTime: [33m0.6159000000043306[39m,
  biomeTime: [33m150.76960000001418[39m,
  resourceTime: [33m0.12840000000142027[39m,
  structureTime: [33m0.07809999999881256[39m,
  riverTime: [33m0.007500000006984919[39m,
  totalTime: [33m151.62660000000324[39m
}
Chunk (-3, 1) generation metrics: {
  terrainTime: [33m0.9233000000094762[39m,
  biomeTime: [33m147.8579000000027[39m,
  resourceTime: [33m0.12480000000505242[39m,
  structureTime: [33m0.07510000000183936[39m,
  riverTime: [33m0.006999999997788109[39m,
  totalTime: [33m149.0176000000065[39m
}
Chunk (-2, 1) generation metrics: {
  terrainTime: [33m0.64879999999539[39m,
  biomeTime: [33m155.37510000000475[39m,
  resourceTime: [33m0.12139999998908024[39m,
  structureTime: [33m0.06919999999809079[39m,
  riverTime: [33m0.014100000000325963[39m,
  totalTime: [33m156.2548999999999[39m
}
Chunk (-1, 1) generation metrics: {
  terrainTime: [33m0.6303000000043539[39m,
  biomeTime: [33m150.17930000000342[39m,
  resourceTime: [33m0.12529999999969732[39m,
  structureTime: [33m0.07730000000447035[39m,
  riverTime: [33m0.006099999998696148[39m,
  totalTime: [33m151.04679999999644[39m
}
Chunk (0, 1) generation metrics: {
  terrainTime: [33m0.6120999999984633[39m,
  biomeTime: [33m167.21779999999853[39m,
  resourceTime: [33m0.11699999999837019[39m,
  structureTime: [33m0.0650000000023283[39m,
  riverTime: [33m0.0062000000034458935[39m,
  totalTime: [33m168.04359999998996[39m
}
Chunk (1, 1) generation metrics: {
  terrainTime: [33m0.698499999998603[39m,
  biomeTime: [33m162.25220000000263[39m,
  resourceTime: [33m0.10809999999764841[39m,
  structureTime: [33m0.06839999998919666[39m,
  riverTime: [33m0.006999999997788109[39m,
  totalTime: [33m163.15690000000177[39m
}
Chunk (2, 1) generation metrics: {
  terrainTime: [33m0.6073000000033062[39m,
  biomeTime: [33m161.90710000001127[39m,
  resourceTime: [33m0.12480000000505242[39m,
  structureTime: [33m0.08410000000731088[39m,
  riverTime: [33m0.006099999998696148[39m,
  totalTime: [33m162.75310000000172[39m
}
Chunk (3, 1) generation metrics: {
  terrainTime: [33m0.610899999999674[39m,
  biomeTime: [33m149.40670000000682[39m,
  resourceTime: [33m0.12760000000707805[39m,
  structureTime: [33m0.06540000000677537[39m,
  riverTime: [33m0.0488000000041211[39m,
  totalTime: [33m150.28319999999076[39m
}
Chunk (-3, 2) generation metrics: {
  terrainTime: [33m0.6052999999956228[39m,
  biomeTime: [33m148.88999999999942[39m,
  resourceTime: [33m0.12240000000747386[39m,
  structureTime: [33m0.06570000000647269[39m,
  riverTime: [33m0.005899999989196658[39m,
  totalTime: [33m149.71330000000307[39m
}
Chunk (-2, 2) generation metrics: {
  terrainTime: [33m0.6120000000082655[39m,
  biomeTime: [33m154.74640000000363[39m,
  resourceTime: [33m0.12269999999261927[39m,
  structureTime: [33m0.07369999999355059[39m,
  riverTime: [33m0.005799999998998828[39m,
  totalTime: [33m155.58379999999306[39m
}
Chunk (-1, 2) generation metrics: {
  terrainTime: [33m0.6156999999948312[39m,
  biomeTime: [33m138.37880000000587[39m,
  resourceTime: [33m0.12320000000181608[39m,
  structureTime: [33m0.060800000006565824[39m,
  riverTime: [33m0.005999999993946403[39m,
  totalTime: [33m139.20659999999043[39m
}
Chunk (0, 2) generation metrics: {
  terrainTime: [33m0.8730000000068685[39m,
  biomeTime: [33m146.42720000000554[39m,
  resourceTime: [33m0.12440000000060536[39m,
  structureTime: [33m0.06910000000789296[39m,
  riverTime: [33m0.0062000000034458935[39m,
  totalTime: [33m147.52850000000035[39m
}
Chunk (1, 2) generation metrics: {
  terrainTime: [33m0.5883999999932712[39m,
  biomeTime: [33m155.60340000000724[39m,
  resourceTime: [33m0.13060000000405125[39m,
  structureTime: [33m0.05959999999322463[39m,
  riverTime: [33m0.006599999993341044[39m,
  totalTime: [33m156.41109999999753[39m
}
Chunk (2, 2) generation metrics: {
  terrainTime: [33m0.6137000000016997[39m,
  biomeTime: [33m149.8119000000006[39m,
  resourceTime: [33m0.12810000000172295[39m,
  structureTime: [33m0.06739999999990687[39m,
  riverTime: [33m0.03999999999359716[39m,
  totalTime: [33m150.68559999999707[39m
}
Chunk (3, 2) generation metrics: {
  terrainTime: [33m0.6147999999957392[39m,
  biomeTime: [33m275.49929999999586[39m,
  resourceTime: [33m0.10920000000623986[39m,
  structureTime: [33m0.07929999999760184[39m,
  riverTime: [33m0.007299999997485429[39m,
  totalTime: [33m276.33529999999155[39m
}
Chunk (-3, 3) generation metrics: {
  terrainTime: [33m0.6150999999954365[39m,
  biomeTime: [33m179.7490000000107[39m,
  resourceTime: [33m0.10839999999734573[39m,
  structureTime: [33m0.06469999998807907[39m,
  riverTime: [33m0.006300000008195639[39m,
  totalTime: [33m180.57030000000668[39m
}
Chunk (-2, 3) generation metrics: {
  terrainTime: [33m0.5654000000067754[39m,
  biomeTime: [33m159.39449999999488[39m,
  resourceTime: [33m0.12429999999585561[39m,
  structureTime: [33m0.05930000000807922[39m,
  riverTime: [33m0.11100000000442378[39m,
  totalTime: [33m160.27760000000126[39m
}
Chunk (-1, 3) generation metrics: {
  terrainTime: [33m0.6134000000020023[39m,
  biomeTime: [33m160.00910000001022[39m,
  resourceTime: [33m0.10329999998793937[39m,
  structureTime: [33m0.06919999999809079[39m,
  riverTime: [33m0.11569999999483116[39m,
  totalTime: [33m160.93559999999707[39m
}
Chunk (0, 3) generation metrics: {
  terrainTime: [33m0.5952000000106636[39m,
  biomeTime: [33m172.33580000000075[39m,
  resourceTime: [33m0.1157999999995809[39m,
  structureTime: [33m0.13610000000335276[39m,
  riverTime: [33m0.006600000007892959[39m,
  totalTime: [33m173.21459999999206[39m
}
Chunk (1, 3) generation metrics: {
  terrainTime: [33m0.6273000000073807[39m,
  biomeTime: [33m149.3405000000057[39m,
  resourceTime: [33m0.1279999999969732[39m,
  structureTime: [33m0.0786999999982072[39m,
  riverTime: [33m0.22349999999278225[39m,
  totalTime: [33m150.42570000000705[39m
}
Chunk (2, 3) generation metrics: {
  terrainTime: [33m0.6103000000002794[39m,
  biomeTime: [33m156.0170999999973[39m,
  resourceTime: [33m0.12149999999382999[39m,
  structureTime: [33m0.06570000000647269[39m,
  riverTime: [33m0.006300000008195639[39m,
  totalTime: [33m156.84460000001127[39m
}
Chunk (3, 3) generation metrics: {
  terrainTime: [33m0.6527999999962049[39m,
  biomeTime: [33m288.2765999999974[39m,
  resourceTime: [33m0.12269999999261927[39m,
  structureTime: [33m0.08120000000053551[39m,
  riverTime: [33m0.005499999999301508[39m,
  totalTime: [33m289.16629999999714[39m
}
Loaded 49 chunks in 7693.00ms
Chunk (4, 4) generation metrics: {
  terrainTime: [33m5.891100000008009[39m,
  biomeTime: [33m274.81129999998666[39m,
  resourceTime: [33m0.12610000000859145[39m,
  structureTime: [33m0.06650000000081491[39m,
  riverTime: [33m0.18409999999857973[39m,
  totalTime: [33m281.1049000000057[39m
}
Chunk (5, 4) generation metrics: {
  terrainTime: [33m0.6263999999937369[39m,
  biomeTime: [33m149.17810000000463[39m,
  resourceTime: [33m0.1260000000038417[39m,
  structureTime: [33m0.06610000001091976[39m,
  riverTime: [33m0.09450000000651926[39m,
  totalTime: [33m150.1149999999907[39m
}
Chunk (6, 4) generation metrics: {
  terrainTime: [33m0.5810999999957858[39m,
  biomeTime: [33m143.17229999999108[39m,
  resourceTime: [33m0.12479999999050051[39m,
  structureTime: [33m0.05770000000484288[39m,
  riverTime: [33m0.08269999999902211[39m,
  totalTime: [33m144.04090000000724[39m
}
Chunk (4, 5) generation metrics: {
  terrainTime: [33m0.60120000000461[39m,
  biomeTime: [33m140.94400000000314[39m,
  resourceTime: [33m0.12320000000181608[39m,
  structureTime: [33m0.07180000000516884[39m,
  riverTime: [33m0.007299999997485429[39m,
  totalTime: [33m141.7716999999975[39m
}
Chunk (5, 5) generation metrics: {
  terrainTime: [33m0.5879999999888241[39m,
  biomeTime: [33m151.55549999998766[39m,
  resourceTime: [33m0.12339999999676365[39m,
  structureTime: [33m0.07339999999385327[39m,
  riverTime: [33m0.05749999999534339[39m,
  totalTime: [33m152.42239999999583[39m
}
Chunk (6, 5) generation metrics: {
  terrainTime: [33m0.5846999999921536[39m,
  biomeTime: [33m150.37679999999818[39m,
  resourceTime: [33m0.12690000000293367[39m,
  structureTime: [33m0.07849999998870771[39m,
  riverTime: [33m0.006899999993038364[39m,
  totalTime: [33m151.1987999999983[39m
}
Chunk (4, 6) generation metrics: {
  terrainTime: [33m0.5676000000094064[39m,
  biomeTime: [33m147.5856000000058[39m,
  resourceTime: [33m0.11990000000514556[39m,
  structureTime: [33m0.06229999999050051[39m,
  riverTime: [33m0.0064999999885912985[39m,
  totalTime: [33m148.36479999999574[39m
}
Chunk (5, 6) generation metrics: {
  terrainTime: [33m0.5777999999991152[39m,
  biomeTime: [33m141.35070000000997[39m,
  resourceTime: [33m0.12189999999827705[39m,
  structureTime: [33m0.0639999999984866[39m,
  riverTime: [33m0.0063999999983934686[39m,
  totalTime: [33m142.1435000000056[39m
}
Chunk (6, 6) generation metrics: {
  terrainTime: [33m0.6137000000016997[39m,
  biomeTime: [33m137.22460000000137[39m,
  resourceTime: [33m0.07219999999506399[39m,
  structureTime: [33m0.05659999999625143[39m,
  riverTime: [33m0.005199999999604188[39m,
  totalTime: [33m137.99229999999807[39m
}
Loaded 9 chunks in 1450.87ms
DemoApp destroyed

[90mstdout[2m | demo/src/core/DemoApp.performance.test.ts[2m > [22m[2mDemoApp - Performance Testing[2m > [22m[2mMemory Usage with Large Chunk Counts[2m > [22m[2mshould track chunk count accurately[22m[39m
DemoApp initialized successfully
Chunk (-2, -2) generation metrics: {
  terrainTime: [33m0.41199999999662396[39m,
  biomeTime: [33m152.78800000000047[39m,
  resourceTime: [33m0.12980000000970904[39m,
  structureTime: [33m0.0786999999982072[39m,
  riverTime: [33m0.02049999999871943[39m,
  totalTime: [33m153.4530999999988[39m
}
Chunk (-1, -2) generation metrics: {
  terrainTime: [33m1.0427999999956228[39m,
  biomeTime: [33m135.89570000000822[39m,
  resourceTime: [33m0.1275000000023283[39m,
  structureTime: [33m0.06390000000828877[39m,
  riverTime: [33m0.04499999999825377[39m,
  totalTime: [33m137.19779999999446[39m
}
Chunk (0, -2) generation metrics: {
  terrainTime: [33m0.6314000000129454[39m,
  biomeTime: [33m158.903999999995[39m,
  resourceTime: [33m0.12290000000211876[39m,
  structureTime: [33m0.07429999999294523[39m,
  riverTime: [33m0.006299999993643723[39m,
  totalTime: [33m159.78660000000673[39m
}
Chunk (1, -2) generation metrics: {
  terrainTime: [33m0.5874000000039814[39m,
  biomeTime: [33m144.2399000000005[39m,
  resourceTime: [33m0.12679999999818392[39m,
  structureTime: [33m0.07040000001143198[39m,
  riverTime: [33m0.006500000003143214[39m,
  totalTime: [33m145.0557000000117[39m
}
Chunk (2, -2) generation metrics: {
  terrainTime: [33m0.6025999999983469[39m,
  biomeTime: [33m149.29869999999937[39m,
  resourceTime: [33m0.12470000000030268[39m,
  structureTime: [33m0.0806999999913387[39m,
  riverTime: [33m0.0063999999983934686[39m,
  totalTime: [33m150.13969999999972[39m
}
Chunk (-2, -1) generation metrics: {
  terrainTime: [33m0.616200000004028[39m,
  biomeTime: [33m147.49809999999707[39m,
  resourceTime: [33m0.16550000000279397[39m,
  structureTime: [33m0.08220000000437722[39m,
  riverTime: [33m0.04290000000037253[39m,
  totalTime: [33m148.42960000000312[39m
}
Chunk (-1, -1) generation metrics: {
  terrainTime: [33m0.5858000000007451[39m,
  biomeTime: [33m145.39040000000386[39m,
  resourceTime: [33m0.125[39m,
  structureTime: [33m0.06489999999757856[39m,
  riverTime: [33m0.1025999999983469[39m,
  totalTime: [33m146.29230000000098[39m
}
Chunk (0, -1) generation metrics: {
  terrainTime: [33m0.5934999999881256[39m,
  biomeTime: [33m153.68389999998908[39m,
  resourceTime: [33m0.11990000000514556[39m,
  structureTime: [33m0.06130000000121072[39m,
  riverTime: [33m0.0063999999983934686[39m,
  totalTime: [33m154.48609999999462[39m
}
Chunk (1, -1) generation metrics: {
  terrainTime: [33m1.0711999999912223[39m,
  biomeTime: [33m147.9247000000032[39m,
  resourceTime: [33m0.11969999999564607[39m,
  structureTime: [33m0.0625[39m,
  riverTime: [33m0.035499999998137355[39m,
  totalTime: [33m149.2381000000023[39m
}
Chunk (2, -1) generation metrics: {
  terrainTime: [33m0.588900000002468[39m,
  biomeTime: [33m161.43940000000293[39m,
  resourceTime: [33m0.11980000000039581[39m,
  structureTime: [33m0.07009999999718275[39m,
  riverTime: [33m0.005900000003748573[39m,
  totalTime: [33m162.24409999999625[39m
}
Chunk (-2, 0) generation metrics: {
  terrainTime: [33m0.5865999999950873[39m,
  biomeTime: [33m155.7884000000049[39m,
  resourceTime: [33m0.1147999999957392[39m,
  structureTime: [33m0.0771999999997206[39m,
  riverTime: [33m0.03530000000318978[39m,
  totalTime: [33m156.6250999999902[39m
}
Chunk (-1, 0) generation metrics: {
  terrainTime: [33m0.5911999999952968[39m,
  biomeTime: [33m149.3524000000034[39m,
  resourceTime: [33m0.1220000000030268[39m,
  structureTime: [33m0.07350000001315493[39m,
  riverTime: [33m0.10529999999562278[39m,
  totalTime: [33m150.2664000000077[39m
}
Chunk (0, 0) generation metrics: {
  terrainTime: [33m0.6203000000095926[39m,
  biomeTime: [33m136.78949999999895[39m,
  resourceTime: [33m0.12780000000202563[39m,
  structureTime: [33m0.06389999999373686[39m,
  riverTime: [33m0.006799999988288619[39m,
  totalTime: [33m137.6298000000097[39m
}
Chunk (1, 0) generation metrics: {
  terrainTime: [33m4.387900000001537[39m,
  biomeTime: [33m147.32150000000547[39m,
  resourceTime: [33m0.12440000000060536[39m,
  structureTime: [33m0.06810000000405125[39m,
  riverTime: [33m0.0063999999983934686[39m,
  totalTime: [33m151.9314000000013[39m
}
Chunk (2, 0) generation metrics: {
  terrainTime: [33m0.6258000000088941[39m,
  biomeTime: [33m139.08050000001094[39m,
  resourceTime: [33m0.12490000000980217[39m,
  structureTime: [33m0.06290000000444707[39m,
  riverTime: [33m0.006299999993643723[39m,
  totalTime: [33m139.92269999999553[39m
}
Chunk (-2, 1) generation metrics: {
  terrainTime: [33m0.6057000000000698[39m,
  biomeTime: [33m150.5688999999984[39m,
  resourceTime: [33m0.12159999999857973[39m,
  structureTime: [33m0.05939999999827705[39m,
  riverTime: [33m0.008200000011129305[39m,
  totalTime: [33m151.3847999999998[39m
}
Chunk (-1, 1) generation metrics: {
  terrainTime: [33m0.9960999999893829[39m,
  biomeTime: [33m136.74180000000342[39m,
  resourceTime: [33m0.06990000000223517[39m,
  structureTime: [33m0.055399999997462146[39m,
  riverTime: [33m0.004700000004959293[39m,
  totalTime: [33m137.88999999999942[39m
}
Chunk (0, 1) generation metrics: {
  terrainTime: [33m0.4054000000032829[39m,
  biomeTime: [33m154.32760000000417[39m,
  resourceTime: [33m0.1554000000032829[39m,
  structureTime: [33m0.08769999998912681[39m,
  riverTime: [33m0.007300000012037344[39m,
  totalTime: [33m155.00960000000487[39m
}
Chunk (1, 1) generation metrics: {
  terrainTime: [33m0.6564999999973224[39m,
  biomeTime: [33m148.44679999999062[39m,
  resourceTime: [33m0.11210000001301523[39m,
  structureTime: [33m0.06560000000172295[39m,
  riverTime: [33m0.006299999993643723[39m,
  totalTime: [33m149.3110999999917[39m
}
Chunk (2, 1) generation metrics: {
  terrainTime: [33m0.5996999999915715[39m,
  biomeTime: [33m152.31639999999607[39m,
  resourceTime: [33m0.07159999999566935[39m,
  structureTime: [33m0.04970000000321306[39m,
  riverTime: [33m0.004000000000814907[39m,
  totalTime: [33m153.0618000000104[39m
}
Chunk (-2, 2) generation metrics: {
  terrainTime: [33m0.40529999999853317[39m,
  biomeTime: [33m160.94039999999222[39m,
  resourceTime: [33m0.12260000000242144[39m,
  structureTime: [33m0.06260000000474975[39m,
  riverTime: [33m0.006799999988288619[39m,
  totalTime: [33m161.55749999999534[39m
}
Chunk (-1, 2) generation metrics: {
  terrainTime: [33m0.6156999999948312[39m,
  biomeTime: [33m146.41689999999653[39m,
  resourceTime: [33m0.125[39m,
  structureTime: [33m0.06319999998959247[39m,
  riverTime: [33m0.006999999997788109[39m,
  totalTime: [33m147.25079999999434[39m
}
Chunk (0, 2) generation metrics: {
  terrainTime: [33m1.1471000000019558[39m,
  biomeTime: [33m144.72119999999995[39m,
  resourceTime: [33m0.12129999999888241[39m,
  structureTime: [33m0.0811999999859836[39m,
  riverTime: [33m0.006799999988288619[39m,
  totalTime: [33m146.10510000000068[39m
}
Chunk (1, 2) generation metrics: {
  terrainTime: [33m0.6147999999957392[39m,
  biomeTime: [33m148.20080000000598[39m,
  resourceTime: [33m0.1275000000023283[39m,
  structureTime: [33m0.060299999997369014[39m,
  riverTime: [33m0.006899999993038364[39m,
  totalTime: [33m149.03220000000147[39m
}
Chunk (2, 2) generation metrics: {
  terrainTime: [33m0.6113000000041211[39m,
  biomeTime: [33m140.7201999999961[39m,
  resourceTime: [33m0.12930000000051223[39m,
  structureTime: [33m0.06579999999667052[39m,
  riverTime: [33m0.04349999999976717[39m,
  totalTime: [33m141.59289999998873[39m
}
Loaded 25 chunks in 3739.58ms
DemoApp destroyed

[90mstdout[2m | demo/src/core/DemoApp.performance.test.ts[2m > [22m[2mDemoApp - Performance Testing[2m > [22m[2mMemory Usage with Large Chunk Counts[2m > [22m[2mshould handle large world efficiently[22m[39m
DemoApp initialized successfully
Chunk (-4, -4) generation metrics: {
  terrainTime: [33m0.6192000000010012[39m,
  biomeTime: [33m165.08460000000196[39m,
  resourceTime: [33m0.12169999998877756[39m,
  structureTime: [33m0.06450000000768341[39m,
  riverTime: [33m0.0062000000034458935[39m,
  totalTime: [33m165.91799999999057[39m
}
Chunk (-3, -4) generation metrics: {
  terrainTime: [33m0.6027000000030966[39m,
  biomeTime: [33m140.4207999999926[39m,
  resourceTime: [33m0.12459999999555293[39m,
  structureTime: [33m0.07210000000486616[39m,
  riverTime: [33m0.007499999992433004[39m,
  totalTime: [33m141.2546000000002[39m
}
Chunk (-2, -4) generation metrics: {
  terrainTime: [33m0.5442999999941094[39m,
  biomeTime: [33m146.0237000000052[39m,
  resourceTime: [33m0.12819999999192078[39m,
  structureTime: [33m0.07839999999850988[39m,
  riverTime: [33m0.13700000000244472[39m,
  totalTime: [33m146.9380000000092[39m
}
Chunk (-1, -4) generation metrics: {
  terrainTime: [33m0.6174000000028173[39m,
  biomeTime: [33m151.59709999999905[39m,
  resourceTime: [33m0.12819999999192078[39m,
  structureTime: [33m0.07030000000668224[39m,
  riverTime: [33m0.007900000011431985[39m,
  totalTime: [33m152.44670000000042[39m
}
Chunk (0, -4) generation metrics: {
  terrainTime: [33m0.6088999999919906[39m,
  biomeTime: [33m133.62299999999232[39m,
  resourceTime: [33m0.12470000000030268[39m,
  structureTime: [33m0.07089999999152496[39m,
  riverTime: [33m0.09110000000509899[39m,
  totalTime: [33m134.5439999999944[39m
}
Chunk (1, -4) generation metrics: {
  terrainTime: [33m0.5868999999947846[39m,
  biomeTime: [33m147.4383000000089[39m,
  resourceTime: [33m0.125[39m,
  structureTime: [33m0.07499999999708962[39m,
  riverTime: [33m0.015800000008312054[39m,
  totalTime: [33m148.26660000000265[39m
}
Chunk (2, -4) generation metrics: {
  terrainTime: [33m1.3050999999977648[39m,
  biomeTime: [33m148.08789999999863[39m,
  resourceTime: [33m0.11720000000786968[39m,
  structureTime: [33m0.061199999996460974[39m,
  riverTime: [33m0.006099999998696148[39m,
  totalTime: [33m149.6018999999942[39m
}
Chunk (3, -4) generation metrics: {
  terrainTime: [33m0.5976000000082422[39m,
  biomeTime: [33m153.72550000000047[39m,
  resourceTime: [33m0.11810000000696164[39m,
  structureTime: [33m0.05920000000332948[39m,
  riverTime: [33m0.0063999999983934686[39m,
  totalTime: [33m154.5283000000054[39m
}
Chunk (4, -4) generation metrics: {
  terrainTime: [33m0.5737999999983003[39m,
  biomeTime: [33m139.78050000000803[39m,
  resourceTime: [33m0.07069999999657739[39m,
  structureTime: [33m0.0625[39m,
  riverTime: [33m0.0046999999904073775[39m,
  totalTime: [33m140.51170000000275[39m
}
Chunk (-4, -3) generation metrics: {
  terrainTime: [33m0.4029000000009546[39m,
  biomeTime: [33m140.99240000000282[39m,
  resourceTime: [33m0.1239999999961583[39m,
  structureTime: [33m0.06289999998989515[39m,
  riverTime: [33m0.0063999999983934686[39m,
  totalTime: [33m141.61100000000442[39m
}
Chunk (-3, -3) generation metrics: {
  terrainTime: [33m0.6144999999960419[39m,
  biomeTime: [33m146.4994999999908[39m,
  resourceTime: [33m0.12189999999827705[39m,
  structureTime: [33m0.08160000000498258[39m,
  riverTime: [33m0.006999999997788109[39m,
  totalTime: [33m147.34799999999814[39m
}
Chunk (-2, -3) generation metrics: {
  terrainTime: [33m1.0059000000037486[39m,
  biomeTime: [33m147.7948999999935[39m,
  resourceTime: [33m0.1275000000023283[39m,
  structureTime: [33m0.06789999999455176[39m,
  riverTime: [33m0.04760000000533182[39m,
  totalTime: [33m149.0685999999987[39m
}
Chunk (-1, -3) generation metrics: {
  terrainTime: [33m0.6828000000095926[39m,
  biomeTime: [33m145.10959999999614[39m,
  resourceTime: [33m0.3395999999920605[39m,
  structureTime: [33m0.06769999999960419[39m,
  riverTime: [33m0.04799999999522697[39m,
  totalTime: [33m146.2731000000058[39m
}
Chunk (0, -3) generation metrics: {
  terrainTime: [33m0.619299999991199[39m,
  biomeTime: [33m148.3289000000077[39m,
  resourceTime: [33m0.1264999999984866[39m,
  structureTime: [33m0.0737000000081025[39m,
  riverTime: [33m0.0063999999983934686[39m,
  totalTime: [33m149.17780000000494[39m
}
Chunk (1, -3) generation metrics: {
  terrainTime: [33m0.6040000000066357[39m,
  biomeTime: [33m128.65660000000207[39m,
  resourceTime: [33m0.13259999999718275[39m,
  structureTime: [33m0.06789999999455176[39m,
  riverTime: [33m0.007300000012037344[39m,
  totalTime: [33m129.4945000000007[39m
}
Chunk (2, -3) generation metrics: {
  terrainTime: [33m0.6169999999983702[39m,
  biomeTime: [33m160.97859999998764[39m,
  resourceTime: [33m0.12140000000363216[39m,
  structureTime: [33m0.0610000000015134[39m,
  riverTime: [33m0.03590000000258442[39m,
  totalTime: [33m161.8747000000003[39m
}
Chunk (3, -3) generation metrics: {
  terrainTime: [33m0.6015000000043074[39m,
  biomeTime: [33m144.4441999999981[39m,
  resourceTime: [33m0.1239999999961583[39m,
  structureTime: [33m0.07529999999678694[39m,
  riverTime: [33m0.06220000000030268[39m,
  totalTime: [33m145.33129999999073[39m
}
Chunk (4, -3) generation metrics: {
  terrainTime: [33m1.8975999999966007[39m,
  biomeTime: [33m134.9667999999947[39m,
  resourceTime: [33m0.117500000007567[39m,
  structureTime: [33m0.06680000000051223[39m,
  riverTime: [33m0.005900000003748573[39m,
  totalTime: [33m137.07910000000265[39m
}
Chunk (-4, -2) generation metrics: {
  terrainTime: [33m0.5837000000028638[39m,
  biomeTime: [33m152.43159999999625[39m,
  resourceTime: [33m0.12639999999373686[39m,
  structureTime: [33m0.05799999998998828[39m,
  riverTime: [33m0.005600000004051253[39m,
  totalTime: [33m153.22509999999602[39m
}
Chunk (-3, -2) generation metrics: {
  terrainTime: [33m0.608699999997043[39m,
  biomeTime: [33m148.82589999999618[39m,
  resourceTime: [33m0.12810000000172295[39m,
  structureTime: [33m0.06590000000142027[39m,
  riverTime: [33m0.005399999994551763[39m,
  totalTime: [33m149.65660000000207[39m
}
Chunk (-2, -2) generation metrics: {
  terrainTime: [33m0.6097000000008848[39m,
  biomeTime: [33m150.33160000000498[39m,
  resourceTime: [33m0.12510000000474975[39m,
  structureTime: [33m0.08009999999194406[39m,
  riverTime: [33m0.021800000002258457[39m,
  totalTime: [33m151.19539999999688[39m
}
Chunk (-1, -2) generation metrics: {
  terrainTime: [33m0.607399999993504[39m,
  biomeTime: [33m156.5228999999963[39m,
  resourceTime: [33m0.12579999999434222[39m,
  structureTime: [33m0.07739999999466818[39m,
  riverTime: [33m0.04799999999522697[39m,
  totalTime: [33m157.40780000000086[39m
}
Chunk (0, -2) generation metrics: {
  terrainTime: [33m1.2238999999972293[39m,
  biomeTime: [33m139.1091000000015[39m,
  resourceTime: [33m0.1319999999977881[39m,
  structureTime: [33m0.0819000000046799[39m,
  riverTime: [33m0.006299999993643723[39m,
  totalTime: [33m140.5792999999976[39m
}
Chunk (1, -2) generation metrics: {
  terrainTime: [33m0.613100000002305[39m,
  biomeTime: [33m119.60599999999977[39m,
  resourceTime: [33m0.07330000000365544[39m,
  structureTime: [33m0.06329999999434222[39m,
  riverTime: [33m0.005299999989802018[39m,
  totalTime: [33m120.38439999999537[39m
}
Chunk (2, -2) generation metrics: {
  terrainTime: [33m0.41770000000542495[39m,
  biomeTime: [33m141.85989999999583[39m,
  resourceTime: [33m0.127200000002631[39m,
  structureTime: [33m0.07640000000537839[39m,
  riverTime: [33m0.006299999993643723[39m,
  totalTime: [33m142.50860000000102[39m
}
Chunk (3, -2) generation metrics: {
  terrainTime: [33m0.5945999999967171[39m,
  biomeTime: [33m152.8246999999974[39m,
  resourceTime: [33m0.07019999998738058[39m,
  structureTime: [33m0.05930000000807922[39m,
  riverTime: [33m0.004600000000209548[39m,
  totalTime: [33m153.5746999999974[39m
}
Chunk (4, -2) generation metrics: {
  terrainTime: [33m0.42419999999401625[39m,
  biomeTime: [33m147.04679999999644[39m,
  resourceTime: [33m0.06879999999364372[39m,
  structureTime: [33m0.053399999989778735[39m,
  riverTime: [33m0.004300000000512227[39m,
  totalTime: [33m147.61710000000312[39m
}
Chunk (-4, -1) generation metrics: {
  terrainTime: [33m0.904500000004191[39m,
  biomeTime: [33m138.39830000000075[39m,
  resourceTime: [33m0.12320000000181608[39m,
  structureTime: [33m0.07090000000607688[39m,
  riverTime: [33m0.07880000000295695[39m,
  totalTime: [33m139.60019999998622[39m
}
Chunk (-3, -1) generation metrics: {
  terrainTime: [33m0.6005999999906635[39m,
  biomeTime: [33m135.08740000000398[39m,
  resourceTime: [33m0.13029999998980202[39m,
  structureTime: [33m0.07779999999911524[39m,
  riverTime: [33m0.03590000000258442[39m,
  totalTime: [33m135.95780000000377[39m
}
Chunk (-2, -1) generation metrics: {
  terrainTime: [33m0.6275000000023283[39m,
  biomeTime: [33m132.39370000000054[39m,
  resourceTime: [33m0.12180000000807922[39m,
  structureTime: [33m0.07249999999476131[39m,
  riverTime: [33m0.03830000000016298[39m,
  totalTime: [33m133.27609999998822[39m
}
Chunk (-1, -1) generation metrics: {
  terrainTime: [33m0.6067000000039116[39m,
  biomeTime: [33m142.46340000000782[39m,
  resourceTime: [33m0.12840000000142027[39m,
  structureTime: [33m0.05469999999331776[39m,
  riverTime: [33m0.10590000000956934[39m,
  totalTime: [33m143.38150000000314[39m
}
Chunk (0, -1) generation metrics: {
  terrainTime: [33m0.6206999999994878[39m,
  biomeTime: [33m136.10479999998643[39m,
  resourceTime: [33m0.1239999999961583[39m,
  structureTime: [33m0.0761999999958789[39m,
  riverTime: [33m0.006699999998090789[39m,
  totalTime: [33m136.95449999999255[39m
}
Chunk (1, -1) generation metrics: {
  terrainTime: [33m0.5892000000021653[39m,
  biomeTime: [33m153.96240000000398[39m,
  resourceTime: [33m0.12449999999080319[39m,
  structureTime: [33m0.06510000000707805[39m,
  riverTime: [33m0.036699999996926636[39m,
  totalTime: [33m154.80040000000736[39m
}
Chunk (2, -1) generation metrics: {
  terrainTime: [33m0.6108000000094762[39m,
  biomeTime: [33m148.2344000000012[39m,
  resourceTime: [33m0.12889999999606516[39m,
  structureTime: [33m0.0816999999951804[39m,
  riverTime: [33m0.006100000013248064[39m,
  totalTime: [33m149.08520000000135[39m
}
Chunk (3, -1) generation metrics: {
  terrainTime: [33m0.6101000000053318[39m,
  biomeTime: [33m135.32880000000296[39m,
  resourceTime: [33m0.12189999999827705[39m,
  structureTime: [33m0.07620000001043081[39m,
  riverTime: [33m0.005600000004051253[39m,
  totalTime: [33m136.16479999999865[39m
}
Chunk (4, -1) generation metrics: {
  terrainTime: [33m0.6037999999971362[39m,
  biomeTime: [33m137.58239999999932[39m,
  resourceTime: [33m0.06750000000465661[39m,
  structureTime: [33m0.04559999999764841[39m,
  riverTime: [33m0.02079999999841675[39m,
  totalTime: [33m138.33709999998973[39m
}
Chunk (-4, 0) generation metrics: {
  terrainTime: [33m0.388200000001234[39m,
  biomeTime: [33m138.82480000000214[39m,
  resourceTime: [33m0.12570000000414439[39m,
  structureTime: [33m0.07460000000719447[39m,
  riverTime: [33m0.006699999998090789[39m,
  totalTime: [33m139.4441000000079[39m
}
Chunk (-3, 0) generation metrics: {
  terrainTime: [33m0.8012000000016997[39m,
  biomeTime: [33m145.88580000000366[39m,
  resourceTime: [33m0.06720000000495929[39m,
  structureTime: [33m0.06309999999939464[39m,
  riverTime: [33m0.01770000001124572[39m,
  totalTime: [33m146.8585000000021[39m
}
Chunk (-2, 0) generation metrics: {
  terrainTime: [33m0.42639999999664724[39m,
  biomeTime: [33m138.11639999999898[39m,
  resourceTime: [33m0.1255000000091968[39m,
  structureTime: [33m0.06879999999364372[39m,
  riverTime: [33m0.03389999999490101[39m,
  totalTime: [33m138.78949999999895[39m
}
Chunk (-1, 0) generation metrics: {
  terrainTime: [33m0.6206999999994878[39m,
  biomeTime: [33m138.27679999999236[39m,
  resourceTime: [33m0.1290000000008149[39m,
  structureTime: [33m0.09010000000125729[39m,
  riverTime: [33m0.1885000000038417[39m,
  totalTime: [33m139.33090000000084[39m
}
Chunk (0, 0) generation metrics: {
  terrainTime: [33m0.6259000000136439[39m,
  biomeTime: [33m139.35949999999139[39m,
  resourceTime: [33m0.06789999999455176[39m,
  structureTime: [33m0.05730000000039581[39m,
  riverTime: [33m0.004500000010011718[39m,
  totalTime: [33m140.1353999999992[39m
}
Chunk (1, 0) generation metrics: {
  terrainTime: [33m0.3855000000039581[39m,
  biomeTime: [33m141.7667999999976[39m,
  resourceTime: [33m0.12669999999343418[39m,
  structureTime: [33m0.06779999998980202[39m,
  riverTime: [33m0.006599999993341044[39m,
  totalTime: [33m142.3735999999917[39m
}
Chunk (2, 0) generation metrics: {
  terrainTime: [33m0.5829000000085216[39m,
  biomeTime: [33m145.8990999999951[39m,
  resourceTime: [33m0.12489999999525025[39m,
  structureTime: [33m0.0650000000023283[39m,
  riverTime: [33m0.006300000008195639[39m,
  totalTime: [33m146.70400000001246[39m
}
Chunk (3, 0) generation metrics: {
  terrainTime: [33m0.6210999999893829[39m,
  biomeTime: [33m137.22209999999905[39m,
  resourceTime: [33m0.12459999999555293[39m,
  structureTime: [33m0.07240000000456348[39m,
  riverTime: [33m0.007299999997485429[39m,
  totalTime: [33m138.0737000000081[39m
}
Chunk (4, 0) generation metrics: {
  terrainTime: [33m0.6054000000003725[39m,
  biomeTime: [33m141.40849999999045[39m,
  resourceTime: [33m0.11819999999715947[39m,
  structureTime: [33m0.06750000000465661[39m,
  riverTime: [33m0.006500000003143214[39m,
  totalTime: [33m142.23459999999614[39m
}
Chunk (-4, 1) generation metrics: {
  terrainTime: [33m0.6334000000060769[39m,
  biomeTime: [33m137.46719999999914[39m,
  resourceTime: [33m0.07069999999657739[39m,
  structureTime: [33m0.051800000001094304[39m,
  riverTime: [33m0.0044000000052619725[39m,
  totalTime: [33m138.24779999999737[39m
}
Chunk (-3, 1) generation metrics: {
  terrainTime: [33m0.4085999999952037[39m,
  biomeTime: [33m143.48080000000482[39m,
  resourceTime: [33m0.07140000000072177[39m,
  structureTime: [33m0.05700000000069849[39m,
  riverTime: [33m0.015100000004167669[39m,
  totalTime: [33m144.05190000000584[39m
}
Chunk (-2, 1) generation metrics: {
  terrainTime: [33m0.5524000000004889[39m,
  biomeTime: [33m146.056700000001[39m,
  resourceTime: [33m0.06939999999303836[39m,
  structureTime: [33m0.05169999999634456[39m,
  riverTime: [33m0.005400000009103678[39m,
  totalTime: [33m146.7546000000002[39m
}
Chunk (-1, 1) generation metrics: {
  terrainTime: [33m1.142599999991944[39m,
  biomeTime: [33m147.97949999998673[39m,
  resourceTime: [33m0.06639999999606516[39m,
  structureTime: [33m0.0610000000015134[39m,
  riverTime: [33m0.004700000004959293[39m,
  totalTime: [33m149.2734000000055[39m
}
Chunk (0, 1) generation metrics: {
  terrainTime: [33m0.7897999999986496[39m,
  biomeTime: [33m148.454899999997[39m,
  resourceTime: [33m0.117500000007567[39m,
  structureTime: [33m0.0707000000111293[39m,
  riverTime: [33m0.006099999998696148[39m,
  totalTime: [33m149.4643999999971[39m
}
Chunk (1, 1) generation metrics: {
  terrainTime: [33m0.5727000000042608[39m,
  biomeTime: [33m144.63060000000405[39m,
  resourceTime: [33m0.12219999999797437[39m,
  structureTime: [33m0.07369999999355059[39m,
  riverTime: [33m0.0060000000084983185[39m,
  totalTime: [33m145.42760000001[39m
}
Chunk (2, 1) generation metrics: {
  terrainTime: [33m0.6010999999998603[39m,
  biomeTime: [33m181.70980000001146[39m,
  resourceTime: [33m0.12270000000717118[39m,
  structureTime: [33m0.07050000000162981[39m,
  riverTime: [33m0.006699999998090789[39m,
  totalTime: [33m182.53340000000026[39m
}
Chunk (3, 1) generation metrics: {
  terrainTime: [33m0.6146999999909895[39m,
  biomeTime: [33m203.87850000000617[39m,
  resourceTime: [33m0.12630000000353903[39m,
  structureTime: [33m0.07379999999830034[39m,
  riverTime: [33m0.0478000000002794[39m,
  totalTime: [33m204.76680000001215[39m
}
Chunk (4, 1) generation metrics: {
  terrainTime: [33m1.8153000000020256[39m,
  biomeTime: [33m167.771900000007[39m,
  resourceTime: [33m0.12760000000707805[39m,
  structureTime: [33m0.07739999999466818[39m,
  riverTime: [33m0.006500000003143214[39m,
  totalTime: [33m169.8646000000008[39m
}
Chunk (-4, 2) generation metrics: {
  terrainTime: [33m0.6141999999963446[39m,
  biomeTime: [33m163.0100000000093[39m,
  resourceTime: [33m0.10469999999622814[39m,
  structureTime: [33m0.0659999999916181[39m,
  riverTime: [33m0.0060000000084983185[39m,
  totalTime: [33m163.82399999999325[39m
}
Chunk (-3, 2) generation metrics: {
  terrainTime: [33m0.6049999999959255[39m,
  biomeTime: [33m153.6371999999974[39m,
  resourceTime: [33m0.12410000000090804[39m,
  structureTime: [33m0.07039999999688007[39m,
  riverTime: [33m0.005399999994551763[39m,
  totalTime: [33m154.46659999999974[39m
}
Chunk (-2, 2) generation metrics: {
  terrainTime: [33m0.6093000000109896[39m,
  biomeTime: [33m152.30719999999565[39m,
  resourceTime: [33m0.1073000000033062[39m,
  structureTime: [33m0.06410000000323635[39m,
  riverTime: [33m0.005999999993946403[39m,
  totalTime: [33m153.11710000000312[39m
}
Chunk (-1, 2) generation metrics: {
  terrainTime: [33m0.6183000000019092[39m,
  biomeTime: [33m157.76380000000063[39m,
  resourceTime: [33m0.1269999999931315[39m,
  structureTime: [33m0.05810000000928994[39m,
  riverTime: [33m0.006299999993643723[39m,
  totalTime: [33m158.59429999999702[39m
}
Chunk (0, 2) generation metrics: {
  terrainTime: [33m0.6103000000002794[39m,
  biomeTime: [33m158.1871000000101[39m,
  resourceTime: [33m0.12260000000242144[39m,
  structureTime: [33m0.07630000000062864[39m,
  riverTime: [33m0.007700000001932494[39m,
  totalTime: [33m159.02850000000035[39m
}
Chunk (1, 2) generation metrics: {
  terrainTime: [33m0.606500000008964[39m,
  biomeTime: [33m157.7612999999983[39m,
  resourceTime: [33m0.12170000000332948[39m,
  structureTime: [33m0.062000000005355105[39m,
  riverTime: [33m0.005799999998998828[39m,
  totalTime: [33m158.57880000000296[39m
}
Chunk (2, 2) generation metrics: {
  terrainTime: [33m0.6081000000122003[39m,
  biomeTime: [33m155.96249999999418[39m,
  resourceTime: [33m0.12789999999222346[39m,
  structureTime: [33m0.07500000001164153[39m,
  riverTime: [33m0.04080000000249129[39m,
  totalTime: [33m156.83900000000722[39m
}
Chunk (3, 2) generation metrics: {
  terrainTime: [33m0.6095000000059372[39m,
  biomeTime: [33m155.2427999999927[39m,
  resourceTime: [33m0.1287000000011176[39m,
  structureTime: [33m0.06750000000465661[39m,
  riverTime: [33m0.006599999993341044[39m,
  totalTime: [33m156.07859999999346[39m
}
Chunk (4, 2) generation metrics: {
  terrainTime: [33m0.6993000000074971[39m,
  biomeTime: [33m153.97090000000026[39m,
  resourceTime: [33m0.11239999999816064[39m,
  structureTime: [33m0.06339999999909196[39m,
  riverTime: [33m0.006099999998696148[39m,
  totalTime: [33m154.87829999999667[39m
}
Chunk (-4, 3) generation metrics: {
  terrainTime: [33m1.0145999999949709[39m,
  biomeTime: [33m165.87159999999858[39m,
  resourceTime: [33m0.1245000000053551[39m,
  structureTime: [33m0.06620000000111759[39m,
  riverTime: [33m0.006099999998696148[39m,
  totalTime: [33m167.1076999999932[39m
}
Chunk (-3, 3) generation metrics: {
  terrainTime: [33m0.6141000000061467[39m,
  biomeTime: [33m152.66700000000128[39m,
  resourceTime: [33m0.13109999999869615[39m,
  structureTime: [33m0.06829999999899883[39m,
  riverTime: [33m0.006999999997788109[39m,
  totalTime: [33m153.5119999999879[39m
}
Chunk (-2, 3) generation metrics: {
  terrainTime: [33m0.6150000000052387[39m,
  biomeTime: [33m134.3640000000014[39m,
  resourceTime: [33m0.12509999999019783[39m,
  structureTime: [33m0.06420000000798609[39m,
  riverTime: [33m0.10919999999168795[39m,
  totalTime: [33m135.30100000000675[39m
}
Chunk (-1, 3) generation metrics: {
  terrainTime: [33m0.6126000000076601[39m,
  biomeTime: [33m158.5051999999996[39m,
  resourceTime: [33m0.11319999999250285[39m,
  structureTime: [33m0.0639999999984866[39m,
  riverTime: [33m0.10899999999674037[39m,
  totalTime: [33m159.4262000000017[39m
}
Chunk (0, 3) generation metrics: {
  terrainTime: [33m0.5978000000031898[39m,
  biomeTime: [33m168.228099999993[39m,
  resourceTime: [33m0.1160000000090804[39m,
  structureTime: [33m0.06569999999192078[39m,
  riverTime: [33m0.005799999998998828[39m,
  totalTime: [33m169.0338999999949[39m
}
Chunk (1, 3) generation metrics: {
  terrainTime: [33m0.6019999999989523[39m,
  biomeTime: [33m144.31969999999274[39m,
  resourceTime: [33m0.11689999999362044[39m,
  structureTime: [33m0.0684999999939464[39m,
  riverTime: [33m0.11830000000190921[39m,
  totalTime: [33m145.24670000000333[39m
}
Chunk (2, 3) generation metrics: {
  terrainTime: [33m0.5799999999871943[39m,
  biomeTime: [33m172.1811000000016[39m,
  resourceTime: [33m0.11849999999685679[39m,
  structureTime: [33m0.06710000000020955[39m,
  riverTime: [33m0.006300000008195639[39m,
  totalTime: [33m172.97460000000137[39m
}
Chunk (3, 3) generation metrics: {
  terrainTime: [33m0.584499999997206[39m,
  biomeTime: [33m169.107600000003[39m,
  resourceTime: [33m0.13100000000849832[39m,
  structureTime: [33m0.09100000000034925[39m,
  riverTime: [33m0.006799999988288619[39m,
  totalTime: [33m169.94770000000426[39m
}
Chunk (4, 3) generation metrics: {
  terrainTime: [33m0.6152000000001863[39m,
  biomeTime: [33m159.7844000000041[39m,
  resourceTime: [33m0.12390000000596046[39m,
  structureTime: [33m0.0580000000045402[39m,
  riverTime: [33m0.0062000000034458935[39m,
  totalTime: [33m160.61200000000827[39m
}
Chunk (-4, 4) generation metrics: {
  terrainTime: [33m0.6306999999942491[39m,
  biomeTime: [33m163.5384999999951[39m,
  resourceTime: [33m0.1205000000045402[39m,
  structureTime: [33m0.05670000000100117[39m,
  riverTime: [33m0.006600000007892959[39m,
  totalTime: [33m164.3744999999908[39m
}
Chunk (-3, 4) generation metrics: {
  terrainTime: [33m1.1890999999886844[39m,
  biomeTime: [33m157.07039999999688[39m,
  resourceTime: [33m0.12759999999252614[39m,
  structureTime: [33m0.07369999999355059[39m,
  riverTime: [33m0.005399999994551763[39m,
  totalTime: [33m158.49150000000373[39m
}
Chunk (-2, 4) generation metrics: {
  terrainTime: [33m0.6219999999884749[39m,
  biomeTime: [33m147.222299999994[39m,
  resourceTime: [33m0.12440000000060536[39m,
  structureTime: [33m0.07669999999052379[39m,
  riverTime: [33m1.0961999999999534[39m,
  totalTime: [33m149.165599999993[39m
}
Chunk (-1, 4) generation metrics: {
  terrainTime: [33m0.678700000004028[39m,
  biomeTime: [33m159.18159999999625[39m,
  resourceTime: [33m0.11999999999534339[39m,
  structureTime: [33m0.06359999999403954[39m,
  riverTime: [33m0.17040000000270084[39m,
  totalTime: [33m160.27599999999802[39m
}
Chunk (0, 4) generation metrics: {
  terrainTime: [33m0.5886000000027707[39m,
  biomeTime: [33m154.44530000000668[39m,
  resourceTime: [33m0.13929999999527354[39m,
  structureTime: [33m0.09549999999580905[39m,
  riverTime: [33m0.014600000009522773[39m,
  totalTime: [33m155.30480000001262[39m
}
Chunk (1, 4) generation metrics: {
  terrainTime: [33m0.6147999999957392[39m,
  biomeTime: [33m157.44460000000254[39m,
  resourceTime: [33m0.12039999999979045[39m,
  structureTime: [33m0.0639999999984866[39m,
  riverTime: [33m0.11319999999250285[39m,
  totalTime: [33m158.3813999999984[39m
}
Chunk (2, 4) generation metrics: {
  terrainTime: [33m0.6230999999970663[39m,
  biomeTime: [33m151.55480000001262[39m,
  resourceTime: [33m0.12140000000363216[39m,
  structureTime: [33m0.07330000000365544[39m,
  riverTime: [33m0.0669999999954598[39m,
  totalTime: [33m152.46240000000398[39m
}
Chunk (3, 4) generation metrics: {
  terrainTime: [33m0.6229000000021188[39m,
  biomeTime: [33m148.6944999999978[39m,
  resourceTime: [33m0.07089999999152496[39m,
  structureTime: [33m0.06710000000020955[39m,
  riverTime: [33m0.15609999999287538[39m,
  totalTime: [33m149.630799999999[39m
}
Chunk (4, 4) generation metrics: {
  terrainTime: [33m0.5738000000128523[39m,
  biomeTime: [33m156.5610000000015[39m,
  resourceTime: [33m0.11470000000554137[39m,
  structureTime: [33m0.062399999995250255[39m,
  riverTime: [33m0.16969999999855645[39m,
  totalTime: [33m157.5046000000002[39m
}
Loaded 81 chunks in 12200.61ms
DemoApp destroyed

[90mstdout[2m | demo/src/core/DemoApp.performance.test.ts[2m > [22m[2mDemoApp - Performance Testing[2m > [22m[2mCache Eviction Performance[2m > [22m[2mshould evict distant chunks correctly[22m[39m
DemoApp initialized successfully
Chunk (-3, -3) generation metrics: {
  terrainTime: [33m0.6710000000020955[39m,
  biomeTime: [33m155.94259999999485[39m,
  resourceTime: [33m0.12559999999939464[39m,
  structureTime: [33m0.05839999999443535[39m,
  riverTime: [33m0.006800000002840534[39m,
  totalTime: [33m156.8405000000057[39m
}
Chunk (-2, -3) generation metrics: {
  terrainTime: [33m0.6182000000117114[39m,
  biomeTime: [33m150.20249999999942[39m,
  resourceTime: [33m0.12439999998605344[39m,
  structureTime: [33m0.06489999999757856[39m,
  riverTime: [33m0.04859999999462161[39m,
  totalTime: [33m151.0838999999978[39m
}
Chunk (-1, -3) generation metrics: {
  terrainTime: [33m0.6426999999966938[39m,
  biomeTime: [33m153.0625[39m,
  resourceTime: [33m0.12179999999352731[39m,
  structureTime: [33m0.07099999999627471[39m,
  riverTime: [33m0.0488000000041211[39m,
  totalTime: [33m153.97000000000116[39m
}
Chunk (0, -3) generation metrics: {
  terrainTime: [33m0.6175999999977648[39m,
  biomeTime: [33m146.3012000000017[39m,
  resourceTime: [33m0.1304999999993015[39m,
  structureTime: [33m0.0878999999986263[39m,
  riverTime: [33m0.007599999997182749[39m,
  totalTime: [33m147.16749999999593[39m
}
Chunk (1, -3) generation metrics: {
  terrainTime: [33m0.6293000000005122[39m,
  biomeTime: [33m133.76440000000002[39m,
  resourceTime: [33m0.07289999999920838[39m,
  structureTime: [33m0.055300000007264316[39m,
  riverTime: [33m0.0046999999904073775[39m,
  totalTime: [33m134.54589999999735[39m
}
Chunk (2, -3) generation metrics: {
  terrainTime: [33m0.46650000000954606[39m,
  biomeTime: [33m148.9985999999917[39m,
  resourceTime: [33m0.12369999999646097[39m,
  structureTime: [33m0.08649999999033753[39m,
  riverTime: [33m0.044200000003911555[39m,
  totalTime: [33m149.74060000000463[39m
}
Chunk (3, -3) generation metrics: {
  terrainTime: [33m0.5886999999929685[39m,
  biomeTime: [33m151.31630000000587[39m,
  resourceTime: [33m0.1275000000023283[39m,
  structureTime: [33m0.07520000000658911[39m,
  riverTime: [33m0.10269999998854473[39m,
  totalTime: [33m152.23710000001302[39m
}
Chunk (-3, -2) generation metrics: {
  terrainTime: [33m0.5054999999993015[39m,
  biomeTime: [33m153.00330000001122[39m,
  resourceTime: [33m0.13139999999839347[39m,
  structureTime: [33m0.0635000000038417[39m,
  riverTime: [33m0.005999999993946403[39m,
  totalTime: [33m153.73090000000957[39m
}
Chunk (-2, -2) generation metrics: {
  terrainTime: [33m0.5961999999999534[39m,
  biomeTime: [33m156.4152000000031[39m,
  resourceTime: [33m0.1235000000015134[39m,
  structureTime: [33m0.06610000001091976[39m,
  riverTime: [33m0.01909999999043066[39m,
  totalTime: [33m157.24009999999544[39m
}
Chunk (-1, -2) generation metrics: {
  terrainTime: [33m0.5887999999977183[39m,
  biomeTime: [33m144.04150000000664[39m,
  resourceTime: [33m0.12179999999352731[39m,
  structureTime: [33m0.06660000000556465[39m,
  riverTime: [33m0.04260000000067521[39m,
  totalTime: [33m144.88649999999325[39m
}
Chunk (0, -2) generation metrics: {
  terrainTime: [33m0.5988999999972293[39m,
  biomeTime: [33m146.82690000000002[39m,
  resourceTime: [33m0.11669999999867287[39m,
  structureTime: [33m0.07519999999203719[39m,
  riverTime: [33m0.005599999989499338[39m,
  totalTime: [33m147.64289999999164[39m
}
Chunk (1, -2) generation metrics: {
  terrainTime: [33m0.5905999999959022[39m,
  biomeTime: [33m147.1709000000119[39m,
  resourceTime: [33m0.12110000000393484[39m,
  structureTime: [33m0.06460000001243316[39m,
  riverTime: [33m0.007900000011431985[39m,
  totalTime: [33m147.97490000000107[39m
}
Chunk (2, -2) generation metrics: {
  terrainTime: [33m0.5914000000047963[39m,
  biomeTime: [33m149.2396000000008[39m,
  resourceTime: [33m0.12470000000030268[39m,
  structureTime: [33m0.07259999999951106[39m,
  riverTime: [33m0.006099999998696148[39m,
  totalTime: [33m150.05620000000636[39m
}
Chunk (3, -2) generation metrics: {
  terrainTime: [33m0.5968999999895459[39m,
  biomeTime: [33m131.49159999999392[39m,
  resourceTime: [33m0.1349999999947613[39m,
  structureTime: [33m0.06600000000617001[39m,
  riverTime: [33m0.0064999999885912985[39m,
  totalTime: [33m132.31619999998657[39m
}
Chunk (-3, -1) generation metrics: {
  terrainTime: [33m0.6103000000002794[39m,
  biomeTime: [33m139.73169999998936[39m,
  resourceTime: [33m0.13880000000062864[39m,
  structureTime: [33m0.09030000001075678[39m,
  riverTime: [33m0.03900000000430737[39m,
  totalTime: [33m140.63430000000517[39m
}
Chunk (-2, -1) generation metrics: {
  terrainTime: [33m0.6159000000043306[39m,
  biomeTime: [33m137.271900000007[39m,
  resourceTime: [33m0.12529999999969732[39m,
  structureTime: [33m0.08729999999923166[39m,
  riverTime: [33m0.03880000000935979[39m,
  totalTime: [33m138.1664000000019[39m
}
Chunk (-1, -1) generation metrics: {
  terrainTime: [33m0.5856999999959953[39m,
  biomeTime: [33m142.26529999999912[39m,
  resourceTime: [33m0.12129999999888241[39m,
  structureTime: [33m0.07069999999657739[39m,
  riverTime: [33m0.09949999999662396[39m,
  totalTime: [33m143.1649000000034[39m
}
Chunk (0, -1) generation metrics: {
  terrainTime: [33m0.6288999999960652[39m,
  biomeTime: [33m141.82309999999416[39m,
  resourceTime: [33m0.11820000001171138[39m,
  structureTime: [33m0.06579999999667052[39m,
  riverTime: [33m0.0063999999983934686[39m,
  totalTime: [33m142.66240000000107[39m
}
Chunk (1, -1) generation metrics: {
  terrainTime: [33m0.5967999999993481[39m,
  biomeTime: [33m142.3064999999915[39m,
  resourceTime: [33m0.12859999999636784[39m,
  structureTime: [33m0.0737000000081025[39m,
  riverTime: [33m0.037599999996018596[39m,
  totalTime: [33m143.16479999999865[39m
}
Chunk (2, -1) generation metrics: {
  terrainTime: [33m0.6212999999988824[39m,
  biomeTime: [33m153.36549999999988[39m,
  resourceTime: [33m0.1245000000053551[39m,
  structureTime: [33m0.08439999999245629[39m,
  riverTime: [33m0.006899999993038364[39m,
  totalTime: [33m154.22570000000997[39m
}
Chunk (3, -1) generation metrics: {
  terrainTime: [33m2.024699999994482[39m,
  biomeTime: [33m171.98510000000533[39m,
  resourceTime: [33m0.11520000000018626[39m,
  structureTime: [33m0.0712000000057742[39m,
  riverTime: [33m0.006099999998696148[39m,
  totalTime: [33m174.25890000000072[39m
}
Chunk (-3, 0) generation metrics: {
  terrainTime: [33m0.5935000000026776[39m,
  biomeTime: [33m152.27909999999974[39m,
  resourceTime: [33m0.1279999999969732[39m,
  structureTime: [33m0.08030000000144355[39m,
  riverTime: [33m0.022499999991850927[39m,
  totalTime: [33m153.123299999992[39m
}
Chunk (-2, 0) generation metrics: {
  terrainTime: [33m0.6281999999919208[39m,
  biomeTime: [33m144.34790000000794[39m,
  resourceTime: [33m0.12420000000565778[39m,
  structureTime: [33m0.07600000000093132[39m,
  riverTime: [33m0.03350000000500586[39m,
  totalTime: [33m145.2329999999929[39m
}
Chunk (-1, 0) generation metrics: {
  terrainTime: [33m0.6149000000004889[39m,
  biomeTime: [33m132.83660000000964[39m,
  resourceTime: [33m0.06590000000142027[39m,
  structureTime: [33m0.07490000000689179[39m,
  riverTime: [33m0.6882999999943422[39m,
  totalTime: [33m134.29829999999492[39m
}
Chunk (0, 0) generation metrics: {
  terrainTime: [33m0.6941999999980908[39m,
  biomeTime: [33m135.84199999998964[39m,
  resourceTime: [33m0.11190000000351574[39m,
  structureTime: [33m0.0659999999916181[39m,
  riverTime: [33m0.007700000001932494[39m,
  totalTime: [33m136.74529999999504[39m
}
Chunk (1, 0) generation metrics: {
  terrainTime: [33m0.6209000000089873[39m,
  biomeTime: [33m151.26609999999346[39m,
  resourceTime: [33m0.12579999999434222[39m,
  structureTime: [33m0.08210000001417939[39m,
  riverTime: [33m0.006299999993643723[39m,
  totalTime: [33m152.12420000000566[39m
}
Chunk (2, 0) generation metrics: {
  terrainTime: [33m0.5862000000051921[39m,
  biomeTime: [33m143.9033000000054[39m,
  resourceTime: [33m0.12219999999797437[39m,
  structureTime: [33m0.06300000000919681[39m,
  riverTime: [33m0.005999999993946403[39m,
  totalTime: [33m144.70350000000326[39m
}
Chunk (3, 0) generation metrics: {
  terrainTime: [33m0.5771999999997206[39m,
  biomeTime: [33m148.62270000000717[39m,
  resourceTime: [33m0.12759999999252614[39m,
  structureTime: [33m0.06859999999869615[39m,
  riverTime: [33m0.007499999992433004[39m,
  totalTime: [33m149.4262000000017[39m
}
Chunk (-3, 1) generation metrics: {
  terrainTime: [33m0.6143999999912921[39m,
  biomeTime: [33m149.0295000000042[39m,
  resourceTime: [33m0.11999999999534339[39m,
  structureTime: [33m0.07550000000628643[39m,
  riverTime: [33m0.007100000002537854[39m,
  totalTime: [33m149.87020000000484[39m
}
Chunk (-2, 1) generation metrics: {
  terrainTime: [33m0.5996000000013737[39m,
  biomeTime: [33m142.07619999999588[39m,
  resourceTime: [33m0.12659999998868443[39m,
  structureTime: [33m0.07229999999981374[39m,
  riverTime: [33m0.004899999999906868[39m,
  totalTime: [33m142.90140000000247[39m
}
Chunk (-1, 1) generation metrics: {
  terrainTime: [33m0.6200000000098953[39m,
  biomeTime: [33m139.08370000000286[39m,
  resourceTime: [33m0.06990000000223517[39m,
  structureTime: [33m0.05700000000069849[39m,
  riverTime: [33m0.006599999993341044[39m,
  totalTime: [33m139.85629999999946[39m
}
Chunk (0, 1) generation metrics: {
  terrainTime: [33m0.6135000000067521[39m,
  biomeTime: [33m143.45419999999285[39m,
  resourceTime: [33m0.1245000000053551[39m,
  structureTime: [33m0.06410000000323635[39m,
  riverTime: [33m0.006900000007590279[39m,
  totalTime: [33m144.28590000000258[39m
}
Chunk (1, 1) generation metrics: {
  terrainTime: [33m0.6101000000053318[39m,
  biomeTime: [33m141.38009999999485[39m,
  resourceTime: [33m0.1334999999962747[39m,
  structureTime: [33m0.061700000005657785[39m,
  riverTime: [33m0.0062000000034458935[39m,
  totalTime: [33m142.21360000000277[39m
}
Chunk (2, 1) generation metrics: {
  terrainTime: [33m0.618800000011106[39m,
  biomeTime: [33m142.8347999999969[39m,
  resourceTime: [33m0.12789999999222346[39m,
  structureTime: [33m0.06689999999071006[39m,
  riverTime: [33m0.006800000002840534[39m,
  totalTime: [33m143.67839999998978[39m
}
Chunk (3, 1) generation metrics: {
  terrainTime: [33m0.6079999999928987[39m,
  biomeTime: [33m139.54709999999614[39m,
  resourceTime: [33m0.1364999999932479[39m,
  structureTime: [33m0.0595000000030268[39m,
  riverTime: [33m0.04910000000381842[39m,
  totalTime: [33m140.42119999999704[39m
}
Chunk (-3, 2) generation metrics: {
  terrainTime: [33m0.6029000000125961[39m,
  biomeTime: [33m147.69860000000335[39m,
  resourceTime: [33m0.12909999999101274[39m,
  structureTime: [33m0.08530000000610016[39m,
  riverTime: [33m0.007599999997182749[39m,
  totalTime: [33m148.54850000000442[39m
}
Chunk (-2, 2) generation metrics: {
  terrainTime: [33m0.6089000000065425[39m,
  biomeTime: [33m135.5512999999919[39m,
  resourceTime: [33m0.130700000008801[39m,
  structureTime: [33m0.14509999999427237[39m,
  riverTime: [33m0.011400000003050081[39m,
  totalTime: [33m136.47400000000198[39m
}
Chunk (-1, 2) generation metrics: {
  terrainTime: [33m0.6347999999998137[39m,
  biomeTime: [33m155.02360000000044[39m,
  resourceTime: [33m0.11699999999837019[39m,
  structureTime: [33m0.06480000000738073[39m,
  riverTime: [33m0.005900000003748573[39m,
  totalTime: [33m155.86599999999453[39m
}
Chunk (0, 2) generation metrics: {
  terrainTime: [33m0.576600000000326[39m,
  biomeTime: [33m154.11329999999725[39m,
  resourceTime: [33m0.12420000000565778[39m,
  structureTime: [33m0.075700000001234[39m,
  riverTime: [33m0.00900000000547152[39m,
  totalTime: [33m154.9250000000029[39m
}
Chunk (1, 2) generation metrics: {
  terrainTime: [33m0.6199999999953434[39m,
  biomeTime: [33m157.05869999999413[39m,
  resourceTime: [33m0.12760000000707805[39m,
  structureTime: [33m0.05660000001080334[39m,
  riverTime: [33m0.007199999992735684[39m,
  totalTime: [33m157.89040000000386[39m
}
Chunk (2, 2) generation metrics: {
  terrainTime: [33m0.6380000000062864[39m,
  biomeTime: [33m156.00840000000608[39m,
  resourceTime: [33m0.0697000000072876[39m,
  structureTime: [33m0.05849999999918509[39m,
  riverTime: [33m0.0283999999955995[39m,
  totalTime: [33m156.82270000000426[39m
}
Chunk (3, 2) generation metrics: {
  terrainTime: [33m0.41199999999662396[39m,
  biomeTime: [33m156.8116999999911[39m,
  resourceTime: [33m0.13310000000637956[39m,
  structureTime: [33m0.13180000000284053[39m,
  riverTime: [33m0.01660000000265427[39m,
  totalTime: [33m157.53759999999602[39m
}
Chunk (-3, 3) generation metrics: {
  terrainTime: [33m0.922999999995227[39m,
  biomeTime: [33m145.23369999999704[39m,
  resourceTime: [33m0.0674999999901047[39m,
  structureTime: [33m0.04969999998866115[39m,
  riverTime: [33m0.0046999999904073775[39m,
  totalTime: [33m146.3012999999919[39m
}
Chunk (-2, 3) generation metrics: {
  terrainTime: [33m0.38980000000447035[39m,
  biomeTime: [33m141.19830000000366[39m,
  resourceTime: [33m0.0684999999939464[39m,
  structureTime: [33m0.061400000005960464[39m,
  riverTime: [33m0.14830000000074506[39m,
  totalTime: [33m141.88420000000042[39m
}
Chunk (-1, 3) generation metrics: {
  terrainTime: [33m0.5662000000011176[39m,
  biomeTime: [33m151.721000000005[39m,
  resourceTime: [33m0.12510000000474975[39m,
  structureTime: [33m0.06339999999909196[39m,
  riverTime: [33m0.1070999999938067[39m,
  totalTime: [33m152.60869999999704[39m
}
Chunk (0, 3) generation metrics: {
  terrainTime: [33m0.6115999999892665[39m,
  biomeTime: [33m141.71820000000298[39m,
  resourceTime: [33m0.12730000000738073[39m,
  structureTime: [33m0.0789000000077067[39m,
  riverTime: [33m0.0062000000034458935[39m,
  totalTime: [33m142.5636999999988[39m
}
Chunk (1, 3) generation metrics: {
  terrainTime: [33m0.6147999999957392[39m,
  biomeTime: [33m145.59889999999723[39m,
  resourceTime: [33m0.12639999999373686[39m,
  structureTime: [33m0.09110000000509899[39m,
  riverTime: [33m0.15020000000367872[39m,
  totalTime: [33m146.6006999999954[39m
}
Chunk (2, 3) generation metrics: {
  terrainTime: [33m0.6912999999913154[39m,
  biomeTime: [33m149.55179999998654[39m,
  resourceTime: [33m0.12810000000172295[39m,
  structureTime: [33m0.06869999998889398[39m,
  riverTime: [33m0.006500000003143214[39m,
  totalTime: [33m150.4707999999955[39m
}
Chunk (3, 3) generation metrics: {
  terrainTime: [33m0.6174999999930151[39m,
  biomeTime: [33m140.959400000007[39m,
  resourceTime: [33m0.13559999999415595[39m,
  structureTime: [33m0.08479999999690335[39m,
  riverTime: [33m0.007199999992735684[39m,
  totalTime: [33m141.82760000000417[39m
}
Loaded 49 chunks in 7234.91ms
Unloaded 49 distant chunks
DemoApp destroyed

[90mstdout[2m | demo/src/core/DemoApp.performance.test.ts[2m > [22m[2mDemoApp - Performance Testing[2m > [22m[2mCache Eviction Performance[2m > [22m[2mshould maintain cache hit rate with eviction[22m[39m
DemoApp initialized successfully
Chunk (-2, -2) generation metrics: {
  terrainTime: [33m0.6202000000048429[39m,
  biomeTime: [33m166.1872000000003[39m,
  resourceTime: [33m0.12290000000211876[39m,
  structureTime: [33m0.06290000000444707[39m,
  riverTime: [33m0.021000000007916242[39m,
  totalTime: [33m167.0353000000032[39m
}
Chunk (-1, -2) generation metrics: {
  terrainTime: [33m0.6085999999922933[39m,
  biomeTime: [33m154.039300000004[39m,
  resourceTime: [33m0.12940000000526197[39m,
  structureTime: [33m0.0507999999972526[39m,
  riverTime: [33m0.04409999999916181[39m,
  totalTime: [33m154.89340000000084[39m
}
Chunk (0, -2) generation metrics: {
  terrainTime: [33m0.6248000000050524[39m,
  biomeTime: [33m138.07450000000244[39m,
  resourceTime: [33m0.06919999999809079[39m,
  structureTime: [33m0.054100000008475035[39m,
  riverTime: [33m0.004300000000512227[39m,
  totalTime: [33m138.84269999999378[39m
}
Chunk (1, -2) generation metrics: {
  terrainTime: [33m0.41120000000228174[39m,
  biomeTime: [33m137.98270000000775[39m,
  resourceTime: [33m0.1239999999961583[39m,
  structureTime: [33m0.0731999999989057[39m,
  riverTime: [33m0.00819999999657739[39m,
  totalTime: [33m138.61909999999625[39m
}
Chunk (2, -2) generation metrics: {
  terrainTime: [33m0.6140999999915948[39m,
  biomeTime: [33m147.2514999999985[39m,
  resourceTime: [33m0.12099999999918509[39m,
  structureTime: [33m0.09580000001005828[39m,
  riverTime: [33m0.007200000007287599[39m,
  totalTime: [33m148.11329999999725[39m
}
Chunk (-2, -1) generation metrics: {
  terrainTime: [33m0.6114999999990687[39m,
  biomeTime: [33m147.33340000000317[39m,
  resourceTime: [33m0.07050000000162981[39m,
  structureTime: [33m0.06530000000202563[39m,
  riverTime: [33m0.03130000000237487[39m,
  totalTime: [33m148.13409999999567[39m
}
Chunk (-1, -1) generation metrics: {
  terrainTime: [33m0.4303000000072643[39m,
  biomeTime: [33m141.66359999999986[39m,
  resourceTime: [33m0.1290000000008149[39m,
  structureTime: [33m0.06120000001101289[39m,
  riverTime: [33m0.1055999999953201[39m,
  totalTime: [33m142.40549999999348[39m
}
Chunk (0, -1) generation metrics: {
  terrainTime: [33m0.6251999999949476[39m,
  biomeTime: [33m143.45509999999194[39m,
  resourceTime: [33m0.12960000000020955[39m,
  structureTime: [33m0.07450000000244472[39m,
  riverTime: [33m0.006899999993038364[39m,
  totalTime: [33m144.3116000000009[39m
}
Chunk (1, -1) generation metrics: {
  terrainTime: [33m0.6503999999986263[39m,
  biomeTime: [33m160.18129999999655[39m,
  resourceTime: [33m0.12919999999576248[39m,
  structureTime: [33m0.07920000000740401[39m,
  riverTime: [33m0.03839999999036081[39m,
  totalTime: [33m161.10800000000745[39m
}
Chunk (2, -1) generation metrics: {
  terrainTime: [33m0.6214000000036322[39m,
  biomeTime: [33m144.011599999998[39m,
  resourceTime: [33m0.12580000000889413[39m,
  structureTime: [33m0.0761999999958789[39m,
  riverTime: [33m0.005600000004051253[39m,
  totalTime: [33m144.9042000000045[39m
}
Chunk (-2, 0) generation metrics: {
  terrainTime: [33m0.6189999999915017[39m,
  biomeTime: [33m142.54580000000715[39m,
  resourceTime: [33m0.11380000000644941[39m,
  structureTime: [33m0.07690000000002328[39m,
  riverTime: [33m0.03620000000228174[39m,
  totalTime: [33m143.41310000000522[39m
}
Chunk (-1, 0) generation metrics: {
  terrainTime: [33m0.6025999999983469[39m,
  biomeTime: [33m150.69650000000547[39m,
  resourceTime: [33m0.1312000000034459[39m,
  structureTime: [33m0.07959999999729916[39m,
  riverTime: [33m0.1070999999938067[39m,
  totalTime: [33m151.63940000000002[39m
}
Chunk (0, 0) generation metrics: {
  terrainTime: [33m0.6226000000024214[39m,
  biomeTime: [33m147.94770000000426[39m,
  resourceTime: [33m0.0727000000042608[39m,
  structureTime: [33m0.04989999999816064[39m,
  riverTime: [33m0.004100000005564652[39m,
  totalTime: [33m148.71540000000095[39m
}
Chunk (1, 0) generation metrics: {
  terrainTime: [33m0.42819999999483116[39m,
  biomeTime: [33m145.0500000000029[39m,
  resourceTime: [33m0.12639999999373686[39m,
  structureTime: [33m0.09119999999529682[39m,
  riverTime: [33m0.006899999993038364[39m,
  totalTime: [33m145.72269999999844[39m
}
Chunk (2, 0) generation metrics: {
  terrainTime: [33m0.6010000000096625[39m,
  biomeTime: [33m144.4716000000044[39m,
  resourceTime: [33m0.1224999999976717[39m,
  structureTime: [33m0.062099999995552935[39m,
  riverTime: [33m0.006699999998090789[39m,
  totalTime: [33m145.28680000000168[39m
}
Chunk (-2, 1) generation metrics: {
  terrainTime: [33m0.6224999999976717[39m,
  biomeTime: [33m156.05569999999716[39m,
  resourceTime: [33m0.1275000000023283[39m,
  structureTime: [33m0.0774000000092201[39m,
  riverTime: [33m0.007200000007287599[39m,
  totalTime: [33m156.90929999999935[39m
}
Chunk (-1, 1) generation metrics: {
  terrainTime: [33m0.6356999999989057[39m,
  biomeTime: [33m143.72479999999632[39m,
  resourceTime: [33m0.1312000000034459[39m,
  structureTime: [33m0.07730000000447035[39m,
  riverTime: [33m0.0078000000066822395[39m,
  totalTime: [33m144.59849999999278[39m
}
Chunk (0, 1) generation metrics: {
  terrainTime: [33m0.626300000003539[39m,
  biomeTime: [33m158.4441999999981[39m,
  resourceTime: [33m0.11819999999715947[39m,
  structureTime: [33m0.08550000000104774[39m,
  riverTime: [33m0.005999999993946403[39m,
  totalTime: [33m159.30860000000393[39m
}
Chunk (1, 1) generation metrics: {
  terrainTime: [33m0.5496999999886611[39m,
  biomeTime: [33m149.9149000000034[39m,
  resourceTime: [33m0.12689999998838175[39m,
  structureTime: [33m0.0625[39m,
  riverTime: [33m0.005900000003748573[39m,
  totalTime: [33m150.67970000000787[39m
}
Chunk (2, 1) generation metrics: {
  terrainTime: [33m0.6098000000056345[39m,
  biomeTime: [33m149.24289999999746[39m,
  resourceTime: [33m0.06760000000940636[39m,
  structureTime: [33m0.04989999999816064[39m,
  riverTime: [33m0.004399999990710057[39m,
  totalTime: [33m149.99160000000848[39m
}
Chunk (-2, 2) generation metrics: {
  terrainTime: [33m0.4092999999993481[39m,
  biomeTime: [33m148.59079999999085[39m,
  resourceTime: [33m0.12559999999939464[39m,
  structureTime: [33m0.05430000000342261[39m,
  riverTime: [33m0.006299999993643723[39m,
  totalTime: [33m149.2054000000062[39m
}
Chunk (-1, 2) generation metrics: {
  terrainTime: [33m0.7023000000044703[39m,
  biomeTime: [33m140.8985999999859[39m,
  resourceTime: [33m0.12319999998726416[39m,
  structureTime: [33m0.07589999999618158[39m,
  riverTime: [33m0.007299999997485429[39m,
  totalTime: [33m141.8286999999982[39m
}
Chunk (0, 2) generation metrics: {
  terrainTime: [33m0.6154000000096858[39m,
  biomeTime: [33m151.79499999999825[39m,
  resourceTime: [33m0.12780000000202563[39m,
  structureTime: [33m0.07330000000365544[39m,
  riverTime: [33m0.006800000002840534[39m,
  totalTime: [33m152.6409999999887[39m
}
Chunk (1, 2) generation metrics: {
  terrainTime: [33m0.6270000000076834[39m,
  biomeTime: [33m137.66990000000806[39m,
  resourceTime: [33m0.06680000000051223[39m,
  structureTime: [33m0.05680000000575092[39m,
  riverTime: [33m0.006300000008195639[39m,
  totalTime: [33m138.44599999999627[39m
}
Chunk (2, 2) generation metrics: {
  terrainTime: [33m0.47079999999550637[39m,
  biomeTime: [33m141.43399999999383[39m,
  resourceTime: [33m0.14250000000174623[39m,
  structureTime: [33m0.06569999999192078[39m,
  riverTime: [33m0.04020000000309665[39m,
  totalTime: [33m142.17420000000857[39m
}
Loaded 25 chunks in 3713.68ms
Unloaded 25 distant chunks
Loaded 25 chunks in 0.08ms
DemoApp destroyed

[90mstdout[2m | demo/src/core/DemoApp.performance.test.ts[2m > [22m[2mDemoApp - Performance Testing[2m > [22m[2mCache Eviction Performance[2m > [22m[2mshould handle rapid load/unload cycles[22m[39m
DemoApp initialized successfully
Chunk (-1, -1) generation metrics: {
  terrainTime: [33m0.6175999999977648[39m,
  biomeTime: [33m136.1947000000073[39m,
  resourceTime: [33m0.1224999999976717[39m,
  structureTime: [33m0.10229999999864958[39m,
  riverTime: [33m0.10799999999289867[39m,
  totalTime: [33m137.1707000000024[39m
}
Chunk (0, -1) generation metrics: {
  terrainTime: [33m0.6509999999980209[39m,
  biomeTime: [33m144.49789999998757[39m,
  resourceTime: [33m0.1349999999947613[39m,
  structureTime: [33m0.06620000000111759[39m,
  riverTime: [33m0.005600000004051253[39m,
  totalTime: [33m145.38150000000314[39m
}
Chunk (1, -1) generation metrics: {
  terrainTime: [33m0.6203000000095926[39m,
  biomeTime: [33m139.66449999999895[39m,
  resourceTime: [33m0.12490000000980217[39m,
  structureTime: [33m0.06260000000474975[39m,
  riverTime: [33m0.03629999999247957[39m,
  totalTime: [33m140.5292000000045[39m
}
Chunk (-1, 0) generation metrics: {
  terrainTime: [33m0.6205000000045402[39m,
  biomeTime: [33m140.8622000000032[39m,
  resourceTime: [33m0.13410000001022127[39m,
  structureTime: [33m0.10020000000076834[39m,
  riverTime: [33m0.11049999999522697[39m,
  totalTime: [33m141.85139999999956[39m
}
Chunk (0, 0) generation metrics: {
  terrainTime: [33m0.6662999999971362[39m,
  biomeTime: [33m139.9953999999998[39m,
  resourceTime: [33m0.2589000000007218[39m,
  structureTime: [33m0.17129999998724088[39m,
  riverTime: [33m0.007299999997485429[39m,
  totalTime: [33m141.123299999992[39m
}
Chunk (1, 0) generation metrics: {
  terrainTime: [33m2.0023000000073807[39m,
  biomeTime: [33m137.5621000000101[39m,
  resourceTime: [33m0.07749999999941792[39m,
  structureTime: [33m0.07360000000335276[39m,
  riverTime: [33m0.0044999999954598024[39m,
  totalTime: [33m139.7488999999914[39m
}
Chunk (-1, 1) generation metrics: {
  terrainTime: [33m0.4143000000040047[39m,
  biomeTime: [33m145.5326000000059[39m,
  resourceTime: [33m0.12609999999403954[39m,
  structureTime: [33m0.06729999999515712[39m,
  riverTime: [33m0.005700000008800998[39m,
  totalTime: [33m146.17639999999665[39m
}
Chunk (0, 1) generation metrics: {
  terrainTime: [33m0.6018999999942025[39m,
  biomeTime: [33m163.3353999999963[39m,
  resourceTime: [33m0.13380000001052395[39m,
  structureTime: [33m0.06490000001213048[39m,
  riverTime: [33m0.0063999999983934686[39m,
  totalTime: [33m164.16259999999602[39m
}
Chunk (1, 1) generation metrics: {
  terrainTime: [33m0.6176999999879627[39m,
  biomeTime: [33m162.04829999999492[39m,
  resourceTime: [33m0.12099999999918509[39m,
  structureTime: [33m0.09299999999348074[39m,
  riverTime: [33m0.008300000001327135[39m,
  totalTime: [33m162.92269999999553[39m
}
Loaded 9 chunks in 1321.12ms
Chunk (4, 4) generation metrics: {
  terrainTime: [33m0.6203000000095926[39m,
  biomeTime: [33m155.4588999999978[39m,
  resourceTime: [33m0.1282000000064727[39m,
  structureTime: [33m0.06540000000677537[39m,
  riverTime: [33m0.27550000000337604[39m,
  totalTime: [33m156.5729999999894[39m
}
Chunk (5, 4) generation metrics: {
  terrainTime: [33m0.6683000000048196[39m,
  biomeTime: [33m169.0867000000144[39m,
  resourceTime: [33m0.09070000000065193[39m,
  structureTime: [33m0.06720000000495929[39m,
  riverTime: [33m0.08850000001257285[39m,
  totalTime: [33m170.02290000001085[39m
}
Chunk (6, 4) generation metrics: {
  terrainTime: [33m0.5549999999930151[39m,
  biomeTime: [33m187.89100000000326[39m,
  resourceTime: [33m0.13899999999557622[39m,
  structureTime: [33m0.06729999999515712[39m,
  riverTime: [33m0.08999999999650754[39m,
  totalTime: [33m188.76499999999942[39m
}
Chunk (4, 5) generation metrics: {
  terrainTime: [33m0.6304999999993015[39m,
  biomeTime: [33m167.58179999999993[39m,
  resourceTime: [33m0.12400000001071021[39m,
  structureTime: [33m0.06210000001010485[39m,
  riverTime: [33m0.006400000012945384[39m,
  totalTime: [33m168.4262999999919[39m
}
Chunk (5, 5) generation metrics: {
  terrainTime: [33m0.5803000000014435[39m,
  biomeTime: [33m149.78780000000552[39m,
  resourceTime: [33m0.11680000000342261[39m,
  structureTime: [33m0.06279999999969732[39m,
  riverTime: [33m0.055999999996856786[39m,
  totalTime: [33m150.62360000000626[39m
}
Chunk (6, 5) generation metrics: {
  terrainTime: [33m0.5725999999995111[39m,
  biomeTime: [33m142.3061000000016[39m,
  resourceTime: [33m0.12410000000090804[39m,
  structureTime: [33m0.07030000000668224[39m,
  riverTime: [33m0.006999999997788109[39m,
  totalTime: [33m143.1030000000028[39m
}
Chunk (4, 6) generation metrics: {
  terrainTime: [33m0.5874999999941792[39m,
  biomeTime: [33m137.80299999999988[39m,
  resourceTime: [33m0.12380000000121072[39m,
  structureTime: [33m0.06940000000759028[39m,
  riverTime: [33m0.006599999993341044[39m,
  totalTime: [33m138.61109999999462[39m
}
Chunk (5, 6) generation metrics: {
  terrainTime: [33m0.5731999999989057[39m,
  biomeTime: [33m122.62080000000424[39m,
  resourceTime: [33m0.11609999999927823[39m,
  structureTime: [33m0.0639999999984866[39m,
  riverTime: [33m0.006899999993038364[39m,
  totalTime: [33m123.39979999999923[39m
}
Chunk (6, 6) generation metrics: {
  terrainTime: [33m0.6118000000133179[39m,
  biomeTime: [33m156.97030000000086[39m,
  resourceTime: [33m0.1162999999942258[39m,
  structureTime: [33m0.062399999995250255[39m,
  riverTime: [33m0.0060000000084983185[39m,
  totalTime: [33m157.78650000000198[39m
}
Loaded 9 chunks in 1398.94ms
Unloaded 9 distant chunks
Chunk (9, 9) generation metrics: {
  terrainTime: [33m0.5678000000043539[39m,
  biomeTime: [33m150.2606999999989[39m,
  resourceTime: [33m0.11819999999715947[39m,
  structureTime: [33m0.06210000001010485[39m,
  riverTime: [33m0.0714999999909196[39m,
  totalTime: [33m151.1027999999933[39m
}
Chunk (10, 9) generation metrics: {
  terrainTime: [33m0.5574000000051456[39m,
  biomeTime: [33m155.63180000000284[39m,
  resourceTime: [33m0.12510000000474975[39m,
  structureTime: [33m0.06620000000111759[39m,
  riverTime: [33m0.007400000002235174[39m,
  totalTime: [33m156.40700000000652[39m
}
Chunk (11, 9) generation metrics: {
  terrainTime: [33m0.6094000000011874[39m,
  biomeTime: [33m165.7908000000025[39m,
  resourceTime: [33m0.13589999999385327[39m,
  structureTime: [33m0.07310000000870787[39m,
  riverTime: [33m0.006800000002840534[39m,
  totalTime: [33m166.63670000000275[39m
}
Chunk (9, 10) generation metrics: {
  terrainTime: [33m0.5924999999988358[39m,
  biomeTime: [33m138.87450000000536[39m,
  resourceTime: [33m0.10650000000896398[39m,
  structureTime: [33m0.06389999999373686[39m,
  riverTime: [33m0.11359999999694992[39m,
  totalTime: [33m139.773199999996[39m
}
Chunk (10, 10) generation metrics: {
  terrainTime: [33m0.5826000000088243[39m,
  biomeTime: [33m149.41739999999118[39m,
  resourceTime: [33m0.11810000000696164[39m,
  structureTime: [33m0.061100000006263144[39m,
  riverTime: [33m0.07089999999152496[39m,
  totalTime: [33m150.2682999999961[39m
}
Chunk (11, 10) generation metrics: {
  terrainTime: [33m0.5813000000052853[39m,
  biomeTime: [33m152.28459999999905[39m,
  resourceTime: [33m0.12589999999909196[39m,
  structureTime: [33m0.07850000000325963[39m,
  riverTime: [33m0.005600000004051253[39m,
  totalTime: [33m153.09649999999965[39m
}
Chunk (9, 11) generation metrics: {
  terrainTime: [33m2.0926000000035856[39m,
  biomeTime: [33m152.89169999999285[39m,
  resourceTime: [33m0.12540000000444707[39m,
  structureTime: [33m0.06489999999757856[39m,
  riverTime: [33m0.14429999999993015[39m,
  totalTime: [33m155.34010000000126[39m
}
Chunk (10, 11) generation metrics: {
  terrainTime: [33m0.6116000000038184[39m,
  biomeTime: [33m166.78179999999702[39m,
  resourceTime: [33m0.1100999999907799[39m,
  structureTime: [33m0.06489999999757856[39m,
  riverTime: [33m0.07749999999941792[39m,
  totalTime: [33m167.66679999999178[39m
}
Chunk (11, 11) generation metrics: {
  terrainTime: [33m0.5827999999892199[39m,
  biomeTime: [33m163.15670000000682[39m,
  resourceTime: [33m0.12039999999979045[39m,
  structureTime: [33m0.05780000000959262[39m,
  riverTime: [33m0.005799999998998828[39m,
  totalTime: [33m163.9427999999898[39m
}
Loaded 9 chunks in 1405.93ms
Unloaded 9 distant chunks
Chunk (14, 14) generation metrics: {
  terrainTime: [33m0.5932999999931781[39m,
  biomeTime: [33m169.5405000000028[39m,
  resourceTime: [33m0.1230000000068685[39m,
  structureTime: [33m0.07660000000032596[39m,
  riverTime: [33m0.17369999999937136[39m,
  totalTime: [33m170.52760000000126[39m
}
Chunk (15, 14) generation metrics: {
  terrainTime: [33m0.6070000000036089[39m,
  biomeTime: [33m147.4896000000008[39m,
  resourceTime: [33m0.11660000000847504[39m,
  structureTime: [33m0.07289999999920838[39m,
  riverTime: [33m0.007500000006984919[39m,
  totalTime: [33m148.31620000000112[39m
}
Chunk (16, 14) generation metrics: {
  terrainTime: [33m0.5804000000061933[39m,
  biomeTime: [33m203.15120000000752[39m,
  resourceTime: [33m0.10989999999583233[39m,
  structureTime: [33m0.06930000000284053[39m,
  riverTime: [33m0.008000000001629815[39m,
  totalTime: [33m204.0097999999998[39m
}
Chunk (14, 15) generation metrics: {
  terrainTime: [33m0.6560999999928754[39m,
  biomeTime: [33m174.8356000000058[39m,
  resourceTime: [33m0.14059999999881256[39m,
  structureTime: [33m0.07219999999506399[39m,
  riverTime: [33m0.007100000002537854[39m,
  totalTime: [33m175.7393000000011[39m
}
Chunk (15, 15) generation metrics: {
  terrainTime: [33m0.6508999999932712[39m,
  biomeTime: [33m155.8081999999995[39m,
  resourceTime: [33m0.12279999999736901[39m,
  structureTime: [33m0.06190000000060536[39m,
  riverTime: [33m0.0063999999983934686[39m,
  totalTime: [33m156.67110000000685[39m
}
Chunk (16, 15) generation metrics: {
  terrainTime: [33m0.5896999999968102[39m,
  biomeTime: [33m146.4021999999968[39m,
  resourceTime: [33m0.11630000000877772[39m,
  structureTime: [33m0.0712000000057742[39m,
  riverTime: [33m0.006699999998090789[39m,
  totalTime: [33m147.20659999999043[39m
}
Chunk (14, 16) generation metrics: {
  terrainTime: [33m0.5762000000104308[39m,
  biomeTime: [33m166.15069999999832[39m,
  resourceTime: [33m0.11310000000230502[39m,
  structureTime: [33m0.06579999999667052[39m,
  riverTime: [33m0.22350000000733417[39m,
  totalTime: [33m167.15389999999024[39m
}
Chunk (15, 16) generation metrics: {
  terrainTime: [33m0.5816999999951804[39m,
  biomeTime: [33m152.47470000000612[39m,
  resourceTime: [33m0.1143000000010943[39m,
  structureTime: [33m0.06320000000414439[39m,
  riverTime: [33m0.24039999999513384[39m,
  totalTime: [33m153.49240000000282[39m
}
Chunk (16, 16) generation metrics: {
  terrainTime: [33m0.5941000000020722[39m,
  biomeTime: [33m149.68459999999322[39m,
  resourceTime: [33m0.12570000000414439[39m,
  structureTime: [33m0.0610000000015134[39m,
  riverTime: [33m0.1687999999994645[39m,
  totalTime: [33m150.6533999999956[39m
}
Loaded 9 chunks in 1475.75ms
Unloaded 9 distant chunks
Chunk (19, 19) generation metrics: {
  terrainTime: [33m0.6066000000137137[39m,
  biomeTime: [33m148.1802999999927[39m,
  resourceTime: [33m0.12630000000353903[39m,
  structureTime: [33m0.054199999998672865[39m,
  riverTime: [33m0.07179999999061693[39m,
  totalTime: [33m149.05920000000333[39m
}
Chunk (20, 19) generation metrics: {
  terrainTime: [33m0.5773000000044703[39m,
  biomeTime: [33m156.0274000000063[39m,
  resourceTime: [33m0.07059999999182764[39m,
  structureTime: [33m0.053800000008777715[39m,
  riverTime: [33m0.005000000004656613[39m,
  totalTime: [33m156.75360000001092[39m
}
Chunk (21, 19) generation metrics: {
  terrainTime: [33m0.6235000000015134[39m,
  biomeTime: [33m156.37099999999919[39m,
  resourceTime: [33m0.1698000000033062[39m,
  structureTime: [33m0.06680000000051223[39m,
  riverTime: [33m0.006299999993643723[39m,
  totalTime: [33m157.25909999999567[39m
}
Chunk (19, 20) generation metrics: {
  terrainTime: [33m0.607399999993504[39m,
  biomeTime: [33m153.6579000000056[39m,
  resourceTime: [33m0.06840000000374857[39m,
  structureTime: [33m0.0575000000098953[39m,
  riverTime: [33m0.012900000001536682[39m,
  totalTime: [33m154.4210000000021[39m
}
Chunk (20, 20) generation metrics: {
  terrainTime: [33m0.41449999999895226[39m,
  biomeTime: [33m146.8579000000027[39m,
  resourceTime: [33m0.12359999999171123[39m,
  structureTime: [33m0.06049999999231659[39m,
  riverTime: [33m0.006099999998696148[39m,
  totalTime: [33m147.48300000000745[39m
}
Chunk (21, 20) generation metrics: {
  terrainTime: [33m0.5914000000047963[39m,
  biomeTime: [33m153.8585000000021[39m,
  resourceTime: [33m0.1230000000068685[39m,
  structureTime: [33m0.059600000007776543[39m,
  riverTime: [33m0.007400000002235174[39m,
  totalTime: [33m154.6600000000035[39m
}
Chunk (19, 21) generation metrics: {
  terrainTime: [33m0.6147999999957392[39m,
  biomeTime: [33m155.73859999999695[39m,
  resourceTime: [33m0.13240000000223517[39m,
  structureTime: [33m0.07459999999264255[39m,
  riverTime: [33m0.007100000002537854[39m,
  totalTime: [33m156.58880000001227[39m
}
Chunk (20, 21) generation metrics: {
  terrainTime: [33m0.6074000000080559[39m,
  biomeTime: [33m133.7896000000037[39m,
  resourceTime: [33m0.12519999999494758[39m,
  structureTime: [33m0.07770000000891741[39m,
  riverTime: [33m0.18709999999555293[39m,
  totalTime: [33m134.80960000000778[39m
}
Chunk (21, 21) generation metrics: {
  terrainTime: [33m0.6105999999999767[39m,
  biomeTime: [33m147.11329999999725[39m,
  resourceTime: [33m0.13079999999899883[39m,
  structureTime: [33m0.12210000000777654[39m,
  riverTime: [33m0.10439999999653082[39m,
  totalTime: [33m148.10280000000785[39m
}
Loaded 9 chunks in 1360.73ms
Unloaded 9 distant chunks
DemoApp destroyed

[90mstdout[2m | demo/src/core/DemoApp.performance.test.ts[2m > [22m[2mDemoApp - Performance Testing[2m > [22m[2mCache Eviction Performance[2m > [22m[2mshould not exceed memory limits with eviction[22m[39m
DemoApp initialized successfully
Chunk (-2, -2) generation metrics: {
  terrainTime: [33m0.6301999999996042[39m,
  biomeTime: [33m176.2329000000027[39m,
  resourceTime: [33m0.12589999999909196[39m,
  structureTime: [33m0.06329999999434222[39m,
  riverTime: [33m0.019799999994575046[39m,
  totalTime: [33m177.09790000000794[39m
}
Chunk (-1, -2) generation metrics: {
  terrainTime: [33m0.6157999999995809[39m,
  biomeTime: [33m175.8853999999992[39m,
  resourceTime: [33m0.1309999999939464[39m,
  structureTime: [33m0.06359999999403954[39m,
  riverTime: [33m0.04969999998866115[39m,
  totalTime: [33m176.76729999999225[39m
}
Chunk (0, -2) generation metrics: {
  terrainTime: [33m0.6847000000125263[39m,
  biomeTime: [33m148.74060000000463[39m,
  resourceTime: [33m0.13240000000223517[39m,
  structureTime: [33m0.07309999999415595[39m,
  riverTime: [33m0.005399999994551763[39m,
  totalTime: [33m149.65519999999378[39m
}
Chunk (1, -2) generation metrics: {
  terrainTime: [33m0.6271999999880791[39m,
  biomeTime: [33m135.3301999999967[39m,
  resourceTime: [33m0.12420000000565778[39m,
  structureTime: [33m0.08179999999993015[39m,
  riverTime: [33m0.006099999998696148[39m,
  totalTime: [33m136.19190000000526[39m
}
Chunk (2, -2) generation metrics: {
  terrainTime: [33m0.5996999999915715[39m,
  biomeTime: [33m143.1926999999996[39m,
  resourceTime: [33m0.06269999999494758[39m,
  structureTime: [33m0.05730000000039581[39m,
  riverTime: [33m0.004300000000512227[39m,
  totalTime: [33m143.93400000000838[39m
}
Chunk (-2, -1) generation metrics: {
  terrainTime: [33m0.3742999999958556[39m,
  biomeTime: [33m159.20209999999497[39m,
  resourceTime: [33m0.12059999999473803[39m,
  structureTime: [33m0.09080000000540167[39m,
  riverTime: [33m0.04150000000663567[39m,
  totalTime: [33m159.85409999999683[39m
}
Chunk (-1, -1) generation metrics: {
  terrainTime: [33m0.5966000000044005[39m,
  biomeTime: [33m162.68409999999858[39m,
  resourceTime: [33m0.13139999999839347[39m,
  structureTime: [33m0.08429999998770654[39m,
  riverTime: [33m0.10809999999764841[39m,
  totalTime: [33m163.62800000001153[39m
}
Chunk (0, -1) generation metrics: {
  terrainTime: [33m0.6272999999928288[39m,
  biomeTime: [33m154.23859999999695[39m,
  resourceTime: [33m0.12090000000898726[39m,
  structureTime: [33m0.2047000000020489[39m,
  riverTime: [33m0.0204000000085216[39m,
  totalTime: [33m155.2375000000029[39m
}
Chunk (1, -1) generation metrics: {
  terrainTime: [33m0.6183000000019092[39m,
  biomeTime: [33m172.61770000000251[39m,
  resourceTime: [33m0.08500000000640284[39m,
  structureTime: [33m0.06760000000940636[39m,
  riverTime: [33m0.030400000003282912[39m,
  totalTime: [33m173.44169999999576[39m
}
Chunk (2, -1) generation metrics: {
  terrainTime: [33m0.49910000000090804[39m,
  biomeTime: [33m175.84249999999884[39m,
  resourceTime: [33m0.07839999999850988[39m,
  structureTime: [33m0.06139999999140855[39m,
  riverTime: [33m0.004000000000814907[39m,
  totalTime: [33m176.50269999999728[39m
}
Chunk (-2, 0) generation metrics: {
  terrainTime: [33m0.44709999999031425[39m,
  biomeTime: [33m145.91109999999753[39m,
  resourceTime: [33m0.1304999999993015[39m,
  structureTime: [33m0.0876000000134809[39m,
  riverTime: [33m0.03329999999550637[39m,
  totalTime: [33m146.6296000000002[39m
}
Chunk (-1, 0) generation metrics: {
  terrainTime: [33m0.9539999999979045[39m,
  biomeTime: [33m134.1304999999993[39m,
  resourceTime: [33m0.12369999999646097[39m,
  structureTime: [33m0.07600000000093132[39m,
  riverTime: [33m0.09579999999550637[39m,
  totalTime: [33m135.40570000000298[39m
}
Chunk (0, 0) generation metrics: {
  terrainTime: [33m0.5647999999928288[39m,
  biomeTime: [33m123.76810000000114[39m,
  resourceTime: [33m0.12230000000272412[39m,
  structureTime: [33m0.07229999999981374[39m,
  riverTime: [33m0.007599999997182749[39m,
  totalTime: [33m124.5570000000007[39m
}
Chunk (1, 0) generation metrics: {
  terrainTime: [33m0.5711000000010245[39m,
  biomeTime: [33m138.4380999999994[39m,
  resourceTime: [33m0.10169999999925494[39m,
  structureTime: [33m0.10739999999350403[39m,
  riverTime: [33m0.006600000007892959[39m,
  totalTime: [33m139.2448000000004[39m
}
Chunk (2, 0) generation metrics: {
  terrainTime: [33m0.922999999995227[39m,
  biomeTime: [33m133.22039999999106[39m,
  resourceTime: [33m0.1322000000072876[39m,
  structureTime: [33m0.06459999999788124[39m,
  riverTime: [33m0.005599999989499338[39m,
  totalTime: [33m134.36759999999776[39m
}
Chunk (-2, 1) generation metrics: {
  terrainTime: [33m0.6070999999938067[39m,
  biomeTime: [33m156.72750000000815[39m,
  resourceTime: [33m0.12470000000030268[39m,
  structureTime: [33m0.055099999997764826[39m,
  riverTime: [33m0.006799999988288619[39m,
  totalTime: [33m157.54290000000037[39m
}
Chunk (-1, 1) generation metrics: {
  terrainTime: [33m0.6209999999991851[39m,
  biomeTime: [33m151.86509999999544[39m,
  resourceTime: [33m0.12790000000677537[39m,
  structureTime: [33m0.075700000001234[39m,
  riverTime: [33m0.007000000012340024[39m,
  totalTime: [33m152.71790000000328[39m
}
Chunk (0, 1) generation metrics: {
  terrainTime: [33m0.6019000000087544[39m,
  biomeTime: [33m141.46400000000722[39m,
  resourceTime: [33m0.06960000000253785[39m,
  structureTime: [33m0.054100000008475035[39m,
  riverTime: [33m0.0044999999954598024[39m,
  totalTime: [33m142.2115999999951[39m
}
Chunk (1, 1) generation metrics: {
  terrainTime: [33m0.41020000001299195[39m,
  biomeTime: [33m152.85149999998976[39m,
  resourceTime: [33m0.13009999999485444[39m,
  structureTime: [33m0.07390000000305008[39m,
  riverTime: [33m0.006599999993341044[39m,
  totalTime: [33m153.49610000000393[39m
}
Chunk (2, 1) generation metrics: {
  terrainTime: [33m0.5981999999930849[39m,
  biomeTime: [33m155.20539999999164[39m,
  resourceTime: [33m0.1297000000049593[39m,
  structureTime: [33m0.07870000001275912[39m,
  riverTime: [33m0.006800000002840534[39m,
  totalTime: [33m156.04249999999593[39m
}
Chunk (-2, 2) generation metrics: {
  terrainTime: [33m0.6221000000077765[39m,
  biomeTime: [33m162.8255000000063[39m,
  resourceTime: [33m0.12609999999403954[39m,
  structureTime: [33m0.06760000000940636[39m,
  riverTime: [33m0.006299999993643723[39m,
  totalTime: [33m163.66939999999886[39m
}
Chunk (-1, 2) generation metrics: {
  terrainTime: [33m0.6201000000000931[39m,
  biomeTime: [33m158.36239999999816[39m,
  resourceTime: [33m0.12129999999888241[39m,
  structureTime: [33m0.06489999999757856[39m,
  riverTime: [33m0.005399999994551763[39m,
  totalTime: [33m159.19720000000962[39m
}
Chunk (0, 2) generation metrics: {
  terrainTime: [33m0.6044000000110827[39m,
  biomeTime: [33m150.3622000000032[39m,
  resourceTime: [33m0.12230000000272412[39m,
  structureTime: [33m0.06199999999080319[39m,
  riverTime: [33m0.006300000008195639[39m,
  totalTime: [33m151.17780000000494[39m
}
Chunk (1, 2) generation metrics: {
  terrainTime: [33m0.6104000000050291[39m,
  biomeTime: [33m152.03020000000834[39m,
  resourceTime: [33m0.1304999999993015[39m,
  structureTime: [33m0.07540000000153668[39m,
  riverTime: [33m0.007299999997485429[39m,
  totalTime: [33m152.876700000008[39m
}
Chunk (2, 2) generation metrics: {
  terrainTime: [33m0.6122999999934109[39m,
  biomeTime: [33m154.6319000000076[39m,
  resourceTime: [33m0.0674999999901047[39m,
  structureTime: [33m0.04200000000128057[39m,
  riverTime: [33m0.025500000003376044[39m,
  totalTime: [33m155.39959999998973[39m
}
Loaded 25 chunks in 3841.73ms
Chunk (18, 18) generation metrics: {
  terrainTime: [33m0.39699999999720603[39m,
  biomeTime: [33m154.80980000000272[39m,
  resourceTime: [33m0.1255000000091968[39m,
  structureTime: [33m0.0667000000103144[39m,
  riverTime: [33m0.006599999993341044[39m,
  totalTime: [33m155.42359999999462[39m
}
Chunk (19, 18) generation metrics: {
  terrainTime: [33m0.5905000000057044[39m,
  biomeTime: [33m149.0743999999977[39m,
  resourceTime: [33m0.12169999998877756[39m,
  structureTime: [33m0.07129999999597203[39m,
  riverTime: [33m0.0060000000084983185[39m,
  totalTime: [33m149.88409999999567[39m
}
Chunk (20, 18) generation metrics: {
  terrainTime: [33m0.599900000001071[39m,
  biomeTime: [33m145.93970000000263[39m,
  resourceTime: [33m0.12489999999525025[39m,
  structureTime: [33m0.06360000000859145[39m,
  riverTime: [33m0.18059999999240972[39m,
  totalTime: [33m146.931700000001[39m
}
Chunk (21, 18) generation metrics: {
  terrainTime: [33m0.6147999999957392[39m,
  biomeTime: [33m159.86710000000312[39m,
  resourceTime: [33m0.12019999999029096[39m,
  structureTime: [33m0.06240000000980217[39m,
  riverTime: [33m0.012400000006891787[39m,
  totalTime: [33m160.74550000000454[39m
}
Chunk (22, 18) generation metrics: {
  terrainTime: [33m0.6033000000024913[39m,
  biomeTime: [33m146.89310000000114[39m,
  resourceTime: [33m0.12230000000272412[39m,
  structureTime: [33m0.07609999999112915[39m,
  riverTime: [33m0.008300000001327135[39m,
  totalTime: [33m147.72430000000168[39m
}
Chunk (18, 19) generation metrics: {
  terrainTime: [33m0.5984999999927823[39m,
  biomeTime: [33m138.56989999998768[39m,
  resourceTime: [33m0.07240000000456348[39m,
  structureTime: [33m0.05069999999250285[39m,
  riverTime: [33m0.1000999999960186[39m,
  totalTime: [33m139.41230000001087[39m
}
Chunk (19, 19) generation metrics: {
  terrainTime: [33m0.4076000000059139[39m,
  biomeTime: [33m142.39310000000114[39m,
  resourceTime: [33m0.1267000000079861[39m,
  structureTime: [33m0.06710000000020955[39m,
  riverTime: [33m0.07630000000062864[39m,
  totalTime: [33m143.0893999999971[39m
}
Chunk (20, 19) generation metrics: {
  terrainTime: [33m0.600800000000163[39m,
  biomeTime: [33m142.7966999999917[39m,
  resourceTime: [33m0.12960000000020955[39m,
  structureTime: [33m0.06720000000495929[39m,
  riverTime: [33m0.005999999993946403[39m,
  totalTime: [33m143.62129999999888[39m
}
Chunk (21, 19) generation metrics: {
  terrainTime: [33m0.611799999998766[39m,
  biomeTime: [33m146.97460000000137[39m,
  resourceTime: [33m0.12060000000928994[39m,
  structureTime: [33m0.07009999999718275[39m,
  riverTime: [33m0.00810000000637956[39m,
  totalTime: [33m147.806700000001[39m
}
Chunk (22, 19) generation metrics: {
  terrainTime: [33m0.6330000000016298[39m,
  biomeTime: [33m140.06010000000242[39m,
  resourceTime: [33m0.12410000000090804[39m,
  structureTime: [33m0.07970000000204891[39m,
  riverTime: [33m0.11070000000472646[39m,
  totalTime: [33m141.0298000000039[39m
}
Chunk (18, 20) generation metrics: {
  terrainTime: [33m0.6021999999938998[39m,
  biomeTime: [33m139.8189999999886[39m,
  resourceTime: [33m0.16090000000258442[39m,
  structureTime: [33m0.07439999999769498[39m,
  riverTime: [33m0.17539999999280553[39m,
  totalTime: [33m140.8533000000025[39m
}
Chunk (19, 20) generation metrics: {
  terrainTime: [33m0.7598999999900116[39m,
  biomeTime: [33m157.51570000000356[39m,
  resourceTime: [33m0.12840000000142027[39m,
  structureTime: [33m0.07400000000779983[39m,
  riverTime: [33m0.016199999998207204[39m,
  totalTime: [33m158.52469999999448[39m
}
Chunk (20, 20) generation metrics: {
  terrainTime: [33m0.6074000000080559[39m,
  biomeTime: [33m159.96300000000338[39m,
  resourceTime: [33m0.11490000000048894[39m,
  structureTime: [33m0.04950000000826549[39m,
  riverTime: [33m0.006600000007892959[39m,
  totalTime: [33m160.75790000001143[39m
}
Chunk (21, 20) generation metrics: {
  terrainTime: [33m0.5969000000040978[39m,
  biomeTime: [33m151.170100000003[39m,
  resourceTime: [33m0.12299999999231659[39m,
  structureTime: [33m0.06530000000202563[39m,
  riverTime: [33m0.006600000007892959[39m,
  totalTime: [33m151.98270000000775[39m
}
Chunk (22, 20) generation metrics: {
  terrainTime: [33m0.60120000000461[39m,
  biomeTime: [33m167.86999999999534[39m,
  resourceTime: [33m0.1207999999896856[39m,
  structureTime: [33m0.06680000000051223[39m,
  riverTime: [33m0.016100000008009374[39m,
  totalTime: [33m168.69839999999385[39m
}
Chunk (18, 21) generation metrics: {
  terrainTime: [33m1.2230000000126893[39m,
  biomeTime: [33m162.92889999999898[39m,
  resourceTime: [33m0.06779999998980202[39m,
  structureTime: [33m0.051100000011501834[39m,
  riverTime: [33m0.11749999999301508[39m,
  totalTime: [33m164.40730000000622[39m
}
Chunk (19, 21) generation metrics: {
  terrainTime: [33m0.3836999999912223[39m,
  biomeTime: [33m142.45410000000265[39m,
  resourceTime: [33m0.12709999999788124[39m,
  structureTime: [33m0.06130000000121072[39m,
  riverTime: [33m0.005600000004051253[39m,
  totalTime: [33m143.0500000000029[39m
}
Chunk (20, 21) generation metrics: {
  terrainTime: [33m0.6055000000051223[39m,
  biomeTime: [33m152.64319999999134[39m,
  resourceTime: [33m0.12919999999576248[39m,
  structureTime: [33m0.07480000000214204[39m,
  riverTime: [33m0.20489999999699648[39m,
  totalTime: [33m153.6774000000005[39m
}
Chunk (21, 21) generation metrics: {
  terrainTime: [33m0.6172000000078697[39m,
  biomeTime: [33m151.9375[39m,
  resourceTime: [33m0.12430000001040753[39m,
  structureTime: [33m0.07349999999860302[39m,
  riverTime: [33m0.10420000000158325[39m,
  totalTime: [33m152.87840000000142[39m
}
Chunk (22, 21) generation metrics: {
  terrainTime: [33m0.6058999999950174[39m,
  biomeTime: [33m129.4155000000028[39m,
  resourceTime: [33m0.12590000001364388[39m,
  structureTime: [33m0.07200000000011642[39m,
  riverTime: [33m0.006500000003143214[39m,
  totalTime: [33m130.24619999999413[39m
}
Chunk (18, 22) generation metrics: {
  terrainTime: [33m0.6016999999992549[39m,
  biomeTime: [33m170.84159999999974[39m,
  resourceTime: [33m0.12540000000444707[39m,
  structureTime: [33m0.062099999995552935[39m,
  riverTime: [33m0.052799999990384094[39m,
  totalTime: [33m171.70239999999467[39m
}
Chunk (19, 22) generation metrics: {
  terrainTime: [33m0.6083999999973457[39m,
  biomeTime: [33m143.33850000001257[39m,
  resourceTime: [33m0.1239999999961583[39m,
  structureTime: [33m0.06279999999969732[39m,
  riverTime: [33m0.006299999993643723[39m,
  totalTime: [33m144.16300000000047[39m
}
Chunk (20, 22) generation metrics: {
  terrainTime: [33m0.6300000000046566[39m,
  biomeTime: [33m142.77150000000256[39m,
  resourceTime: [33m0.11930000000575092[39m,
  structureTime: [33m0.06459999999788124[39m,
  riverTime: [33m0.11109999999462161[39m,
  totalTime: [33m143.71849999998813[39m
}
Chunk (21, 22) generation metrics: {
  terrainTime: [33m0.5729000000137603[39m,
  biomeTime: [33m145.62699999999313[39m,
  resourceTime: [33m0.12400000001071021[39m,
  structureTime: [33m0.06429999999818392[39m,
  riverTime: [33m0.08819999999832362[39m,
  totalTime: [33m146.4951999999903[39m
}
Chunk (22, 22) generation metrics: {
  terrainTime: [33m0.5881999999983236[39m,
  biomeTime: [33m154.8929999999964[39m,
  resourceTime: [33m0.1287000000011176[39m,
  structureTime: [33m0.06400000001303852[39m,
  riverTime: [33m0.0062000000034458935[39m,
  totalTime: [33m155.70170000000508[39m
}
Loaded 25 chunks in 3767.19ms
Unloaded 25 distant chunks
Chunk (-22, -22) generation metrics: {
  terrainTime: [33m0.6117000000085682[39m,
  biomeTime: [33m152.30049999999756[39m,
  resourceTime: [33m0.1260000000038417[39m,
  structureTime: [33m0.06559999998717103[39m,
  riverTime: [33m0.0522999999957392[39m,
  totalTime: [33m153.17840000000433[39m
}
Chunk (-21, -22) generation metrics: {
  terrainTime: [33m0.598599999997532[39m,
  biomeTime: [33m155.16059999998834[39m,
  resourceTime: [33m0.12759999999252614[39m,
  structureTime: [33m0.07459999999264255[39m,
  riverTime: [33m0.006999999997788109[39m,
  totalTime: [33m155.9930999999924[39m
}
Chunk (-20, -22) generation metrics: {
  terrainTime: [33m0.6138000000064494[39m,
  biomeTime: [33m139.3475000000035[39m,
  resourceTime: [33m0.13500000000931323[39m,
  structureTime: [33m0.06750000000465661[39m,
  riverTime: [33m0.09489999999641441[39m,
  totalTime: [33m140.28010000000359[39m
}
Chunk (-19, -22) generation metrics: {
  terrainTime: [33m0.6136000000115018[39m,
  biomeTime: [33m135.40170000000217[39m,
  resourceTime: [33m0.12660000000323635[39m,
  structureTime: [33m0.06600000000617001[39m,
  riverTime: [33m0.027300000001559965[39m,
  totalTime: [33m136.25840000000608[39m
}
Chunk (-18, -22) generation metrics: {
  terrainTime: [33m0.5824999999895226[39m,
  biomeTime: [33m139.46280000000843[39m,
  resourceTime: [33m0.07009999999718275[39m,
  structureTime: [33m0.06879999999364372[39m,
  riverTime: [33m0.042499999995925464[39m,
  totalTime: [33m140.2456999999995[39m
}
Chunk (-22, -21) generation metrics: {
  terrainTime: [33m0.3804999999993015[39m,
  biomeTime: [33m149.864699999991[39m,
  resourceTime: [33m0.11840000000665896[39m,
  structureTime: [33m0.0742000000027474[39m,
  riverTime: [33m0.2776000000012573[39m,
  totalTime: [33m150.73690000000352[39m
}
Chunk (-21, -21) generation metrics: {
  terrainTime: [33m0.5925999999890337[39m,
  biomeTime: [33m149.27419999999984[39m,
  resourceTime: [33m0.12069999999948777[39m,
  structureTime: [33m0.06369999999878928[39m,
  riverTime: [33m0.007299999997485429[39m,
  totalTime: [33m150.0842999999877[39m
}
Chunk (-20, -21) generation metrics: {
  terrainTime: [33m0.5617999999958556[39m,
  biomeTime: [33m149.58950000000186[39m,
  resourceTime: [33m0.12810000000172295[39m,
  structureTime: [33m0.08500000000640284[39m,
  riverTime: [33m0.006099999998696148[39m,
  totalTime: [33m150.40380000000005[39m
}
Chunk (-19, -21) generation metrics: {
  terrainTime: [33m0.8230000000039581[39m,
  biomeTime: [33m135.44580000000133[39m,
  resourceTime: [33m0.12640000000828877[39m,
  structureTime: [33m0.06680000000051223[39m,
  riverTime: [33m0.006099999998696148[39m,
  totalTime: [33m136.49310000000696[39m
}
Chunk (-18, -21) generation metrics: {
  terrainTime: [33m0.6080000000074506[39m,
  biomeTime: [33m126.92909999999392[39m,
  resourceTime: [33m0.12159999999857973[39m,
  structureTime: [33m0.07280000000901055[39m,
  riverTime: [33m0.006600000007892959[39m,
  totalTime: [33m127.7612999999983[39m
}
Chunk (-22, -20) generation metrics: {
  terrainTime: [33m0.5990000000019791[39m,
  biomeTime: [33m141.55939999999828[39m,
  resourceTime: [33m0.07339999999385327[39m,
  structureTime: [33m0.06049999999231659[39m,
  riverTime: [33m0.008699999991222285[39m,
  totalTime: [33m142.33329999999842[39m
}
Chunk (-21, -20) generation metrics: {
  terrainTime: [33m0.3987000000051921[39m,
  biomeTime: [33m137.21240000000398[39m,
  resourceTime: [33m0.1284999999916181[39m,
  structureTime: [33m0.07639999999082647[39m,
  riverTime: [33m0.006599999993341044[39m,
  totalTime: [33m137.84270000000834[39m
}
Chunk (-20, -20) generation metrics: {
  terrainTime: [33m0.6002000000007683[39m,
  biomeTime: [33m146.68159999999625[39m,
  resourceTime: [33m0.12299999999231659[39m,
  structureTime: [33m0.08469999999215361[39m,
  riverTime: [33m0.006500000003143214[39m,
  totalTime: [33m147.51750000000175[39m
}
Chunk (-19, -20) generation metrics: {
  terrainTime: [33m0.5910000000003492[39m,
  biomeTime: [33m138.7841999999946[39m,
  resourceTime: [33m0.22789999999804422[39m,
  structureTime: [33m0.06620000000111759[39m,
  riverTime: [33m0.006099999998696148[39m,
  totalTime: [33m139.7002000000066[39m
}
Chunk (-18, -20) generation metrics: {
  terrainTime: [33m0.612699999997858[39m,
  biomeTime: [33m158.34299999999348[39m,
  resourceTime: [33m0.1290000000008149[39m,
  structureTime: [33m0.06160000000090804[39m,
  riverTime: [33m0.005799999998998828[39m,
  totalTime: [33m159.17440000000352[39m
}
Chunk (-22, -19) generation metrics: {
  terrainTime: [33m0.6018999999942025[39m,
  biomeTime: [33m164.6490999999951[39m,
  resourceTime: [33m3.85910000000149[39m,
  structureTime: [33m0.07839999999850988[39m,
  riverTime: [33m0.007500000006984919[39m,
  totalTime: [33m169.24950000000536[39m
}
Chunk (-21, -19) generation metrics: {
  terrainTime: [33m0.5990000000019791[39m,
  biomeTime: [33m164.11729999999807[39m,
  resourceTime: [33m0.12320000000181608[39m,
  structureTime: [33m0.05589999999210704[39m,
  riverTime: [33m0.1030999999929918[39m,
  totalTime: [33m165.02039999999397[39m
}
Chunk (-20, -19) generation metrics: {
  terrainTime: [33m0.5739000000030501[39m,
  biomeTime: [33m190.33009999999194[39m,
  resourceTime: [33m0.12529999999969732[39m,
  structureTime: [33m0.0575000000098953[39m,
  riverTime: [33m0.08050000001094304[39m,
  totalTime: [33m191.18649999999616[39m
}
Chunk (-19, -19) generation metrics: {
  terrainTime: [33m0.5978000000031898[39m,
  biomeTime: [33m143.136599999998[39m,
  resourceTime: [33m0.1287000000011176[39m,
  structureTime: [33m0.06559999998717103[39m,
  riverTime: [33m0.007100000002537854[39m,
  totalTime: [33m143.95739999999932[39m
}
Chunk (-18, -19) generation metrics: {
  terrainTime: [33m0.6472999999969034[39m,
  biomeTime: [33m163.3408000000054[39m,
  resourceTime: [33m0.11930000000575092[39m,
  structureTime: [33m0.06160000000090804[39m,
  riverTime: [33m0.005799999998998828[39m,
  totalTime: [33m164.20059999999648[39m
}
Chunk (-22, -18) generation metrics: {
  terrainTime: [33m0.6084000000118976[39m,
  biomeTime: [33m150.32589999999618[39m,
  resourceTime: [33m0.1267000000079861[39m,
  structureTime: [33m0.07510000000183936[39m,
  riverTime: [33m0.007500000006984919[39m,
  totalTime: [33m151.16739999999118[39m
}
Chunk (-21, -18) generation metrics: {
  terrainTime: [33m0.6122000000032131[39m,
  biomeTime: [33m163.73360000000685[39m,
  resourceTime: [33m0.13100000000849832[39m,
  structureTime: [33m0.05789999999979045[39m,
  riverTime: [33m0.07910000000265427[39m,
  totalTime: [33m164.68169999998645[39m
}
Chunk (-20, -18) generation metrics: {
  terrainTime: [33m0.608299999992596[39m,
  biomeTime: [33m161.38640000000305[39m,
  resourceTime: [33m0.12910000000556465[39m,
  structureTime: [33m0.08879999999771826[39m,
  riverTime: [33m0.04850000000442378[39m,
  totalTime: [33m162.28599999999278[39m
}
Chunk (-19, -18) generation metrics: {
  terrainTime: [33m0.6098999999958323[39m,
  biomeTime: [33m159.10060000000522[39m,
  resourceTime: [33m0.19980000000214204[39m,
  structureTime: [33m0.07180000000516884[39m,
  riverTime: [33m0.04149999999208376[39m,
  totalTime: [33m160.04520000000775[39m
}
Chunk (-18, -18) generation metrics: {
  terrainTime: [33m0.6157999999995809[39m,
  biomeTime: [33m172.68039999999746[39m,
  resourceTime: [33m0.12679999999818392[39m,
  structureTime: [33m0.05640000000130385[39m,
  riverTime: [33m0.07959999999729916[39m,
  totalTime: [33m173.5801999999967[39m
}
Loaded 25 chunks in 3818.39ms
Unloaded 25 distant chunks
Chunk (18, -22) generation metrics: {
  terrainTime: [33m0.6073000000033062[39m,
  biomeTime: [33m163.308400000009[39m,
  resourceTime: [33m0.12589999999909196[39m,
  structureTime: [33m0.06509999999252614[39m,
  riverTime: [33m0.106099999989965[39m,
  totalTime: [33m164.23489999999583[39m
}
Chunk (19, -22) generation metrics: {
  terrainTime: [33m0.5918999999994412[39m,
  biomeTime: [33m147.4783000000025[39m,
  resourceTime: [33m0.1722999999910826[39m,
  structureTime: [33m0.05680000000575092[39m,
  riverTime: [33m0.05969999999797437[39m,
  totalTime: [33m148.38350000001083[39m
}
Chunk (20, -22) generation metrics: {
  terrainTime: [33m0.7938999999896623[39m,
  biomeTime: [33m162.89549999999872[39m,
  resourceTime: [33m0.12840000000142027[39m,
  structureTime: [33m0.05730000000039581[39m,
  riverTime: [33m0.0058000000135507435[39m,
  totalTime: [33m163.89979999999923[39m
}
Chunk (21, -22) generation metrics: {
  terrainTime: [33m0.6048000000009779[39m,
  biomeTime: [33m160.9308999999921[39m,
  resourceTime: [33m0.12489999999525025[39m,
  structureTime: [33m0.08060000000114087[39m,
  riverTime: [33m0.006699999998090789[39m,
  totalTime: [33m161.77030000000377[39m
}
Chunk (22, -22) generation metrics: {
  terrainTime: [33m0.603000000002794[39m,
  biomeTime: [33m163.95100000000093[39m,
  resourceTime: [33m0.10760000000300352[39m,
  structureTime: [33m0.09130000000004657[39m,
  riverTime: [33m0.009200000000419095[39m,
  totalTime: [33m164.7838000000047[39m
}
Chunk (18, -21) generation metrics: {
  terrainTime: [33m0.5983000000123866[39m,
  biomeTime: [33m159.26710000001185[39m,
  resourceTime: [33m0.12420000000565778[39m,
  structureTime: [33m0.061400000005960464[39m,
  riverTime: [33m0.006800000002840534[39m,
  totalTime: [33m160.07799999999406[39m
}
Chunk (19, -21) generation metrics: {
  terrainTime: [33m0.6051000000006752[39m,
  biomeTime: [33m155.8192999999883[39m,
  resourceTime: [33m0.12839999998686835[39m,
  structureTime: [33m0.06349999998928979[39m,
  riverTime: [33m0.006999999997788109[39m,
  totalTime: [33m156.64410000000498[39m
}
Chunk (20, -21) generation metrics: {
  terrainTime: [33m1.1431000000011409[39m,
  biomeTime: [33m153.75100000000384[39m,
  resourceTime: [33m0.11830000000190921[39m,
  structureTime: [33m0.06470000000263099[39m,
  riverTime: [33m0.006599999993341044[39m,
  totalTime: [33m155.10570000000007[39m
}
Chunk (21, -21) generation metrics: {
  terrainTime: [33m0.6193000000057509[39m,
  biomeTime: [33m194.08610000000044[39m,
  resourceTime: [33m0.14410000000498258[39m,
  structureTime: [33m0.07790000000386499[39m,
  riverTime: [33m0.007100000002537854[39m,
  totalTime: [33m194.95750000000407[39m
}
Chunk (22, -21) generation metrics: {
  terrainTime: [33m0.6992000000027474[39m,
  biomeTime: [33m191.6238000000012[39m,
  resourceTime: [33m0.12810000000172295[39m,
  structureTime: [33m0.06660000000556465[39m,
  riverTime: [33m0.18959999999788124[39m,
  totalTime: [33m192.73080000000482[39m
}
Chunk (18, -20) generation metrics: {
  terrainTime: [33m0.8898000000044703[39m,
  biomeTime: [33m149.0387000000046[39m,
  resourceTime: [33m0.12490000000980217[39m,
  structureTime: [33m0.062399999995250255[39m,
  riverTime: [33m0.006800000002840534[39m,
  totalTime: [33m150.1475000000064[39m
}
Chunk (19, -20) generation metrics: {
  terrainTime: [33m0.5780999999988126[39m,
  biomeTime: [33m151.94079999999667[39m,
  resourceTime: [33m0.11569999999483116[39m,
  structureTime: [33m0.062300000005052425[39m,
  riverTime: [33m0.007400000002235174[39m,
  totalTime: [33m152.72450000001118[39m
}
Chunk (20, -20) generation metrics: {
  terrainTime: [33m0.5568999999959487[39m,
  biomeTime: [33m162.03230000000622[39m,
  resourceTime: [33m0.11899999999150168[39m,
  structureTime: [33m0.06389999999373686[39m,
  riverTime: [33m0.0063999999983934686[39m,
  totalTime: [33m162.80070000000705[39m
}
Chunk (21, -20) generation metrics: {
  terrainTime: [33m0.41120000000228174[39m,
  biomeTime: [33m162.8463999999949[39m,
  resourceTime: [33m0.12420000000565778[39m,
  structureTime: [33m0.06190000000060536[39m,
  riverTime: [33m0.014699999999720603[39m,
  totalTime: [33m163.48060000000987[39m
}
Chunk (22, -20) generation metrics: {
  terrainTime: [33m0.605600000009872[39m,
  biomeTime: [33m179.80509999999776[39m,
  resourceTime: [33m0.12519999999494758[39m,
  structureTime: [33m0.05879999999888241[39m,
  riverTime: [33m0.02449999999953434[39m,
  totalTime: [33m180.6411999999982[39m
}
Chunk (18, -19) generation metrics: {
  terrainTime: [33m0.5948000000062166[39m,
  biomeTime: [33m155.20550000001094[39m,
  resourceTime: [33m0.12780000000202563[39m,
  structureTime: [33m0.06620000000111759[39m,
  riverTime: [33m0.11139999999431893[39m,
  totalTime: [33m156.12689999998838[39m
}
Chunk (19, -19) generation metrics: {
  terrainTime: [33m0.6061999999947147[39m,
  biomeTime: [33m154.0746999999974[39m,
  resourceTime: [33m0.12219999999797437[39m,
  structureTime: [33m0.05899999999382999[39m,
  riverTime: [33m0.006400000012945384[39m,
  totalTime: [33m154.89049999999406[39m
}
Chunk (20, -19) generation metrics: {
  terrainTime: [33m0.5754999999917345[39m,
  biomeTime: [33m158.05310000000463[39m,
  resourceTime: [33m0.12859999999636784[39m,
  structureTime: [33m0.06519999999727588[39m,
  riverTime: [33m0.006699999998090789[39m,
  totalTime: [33m158.85139999999956[39m
}
Chunk (21, -19) generation metrics: {
  terrainTime: [33m0.6039000000018859[39m,
  biomeTime: [33m155.76900000000023[39m,
  resourceTime: [33m0.13229999999748543[39m,
  structureTime: [33m0.07829999999376014[39m,
  riverTime: [33m0.006900000007590279[39m,
  totalTime: [33m156.6119999999937[39m
}
Chunk (22, -19) generation metrics: {
  terrainTime: [33m0.6114000000088708[39m,
  biomeTime: [33m141.73540000000503[39m,
  resourceTime: [33m0.11719999999331776[39m,
  structureTime: [33m0.05589999999210704[39m,
  riverTime: [33m0.003899999996065162[39m,
  totalTime: [33m142.54889999999432[39m
}
Chunk (18, -18) generation metrics: {
  terrainTime: [33m0.4074000000109663[39m,
  biomeTime: [33m150.5799999999872[39m,
  resourceTime: [33m0.12840000000142027[39m,
  structureTime: [33m0.07980000000679865[39m,
  riverTime: [33m0.05920000000332948[39m,
  totalTime: [33m151.28119999999763[39m
}
Chunk (19, -18) generation metrics: {
  terrainTime: [33m0.5895999999920605[39m,
  biomeTime: [33m145.92839999998978[39m,
  resourceTime: [33m0.12910000000556465[39m,
  structureTime: [33m0.07279999999445863[39m,
  riverTime: [33m0.007199999992735684[39m,
  totalTime: [33m146.7488000000012[39m
}
Chunk (20, -18) generation metrics: {
  terrainTime: [33m0.6112999999895692[39m,
  biomeTime: [33m145.94869999999355[39m,
  resourceTime: [33m0.12570000000414439[39m,
  structureTime: [33m0.07060000000637956[39m,
  riverTime: [33m0.0062000000034458935[39m,
  totalTime: [33m146.78039999998873[39m
}
Chunk (21, -18) generation metrics: {
  terrainTime: [33m0.6248999999952503[39m,
  biomeTime: [33m152.7494000000006[39m,
  resourceTime: [33m0.12170000000332948[39m,
  structureTime: [33m0.06369999999878928[39m,
  riverTime: [33m0.04869999999937136[39m,
  totalTime: [33m153.63319999999658[39m
}
Chunk (22, -18) generation metrics: {
  terrainTime: [33m0.5732999999891035[39m,
  biomeTime: [33m148.7908000000025[39m,
  resourceTime: [33m0.12810000000172295[39m,
  structureTime: [33m0.06229999999050051[39m,
  riverTime: [33m0.006299999993643723[39m,
  totalTime: [33m149.58160000000498[39m
}
Loaded 25 chunks in 3994.01ms
Unloaded 25 distant chunks
Chunk (-22, 18) generation metrics: {
  terrainTime: [33m0.6037999999971362[39m,
  biomeTime: [33m145.85450000000128[39m,
  resourceTime: [33m0.12979999999515712[39m,
  structureTime: [33m0.060599999997066334[39m,
  riverTime: [33m0.021200000002863817[39m,
  totalTime: [33m146.68880000000354[39m
}
Chunk (-21, 18) generation metrics: {
  terrainTime: [33m0.6171000000031199[39m,
  biomeTime: [33m161.92639999999665[39m,
  resourceTime: [33m0.43340000000898726[39m,
  structureTime: [33m0.10270000000309665[39m,
  riverTime: [33m0.00900000000547152[39m,
  totalTime: [33m163.11699999999837[39m
}
Chunk (-20, 18) generation metrics: {
  terrainTime: [33m0.6497999999992317[39m,
  biomeTime: [33m149.7390000000014[39m,
  resourceTime: [33m0.13229999999748543[39m,
  structureTime: [33m0.06369999999878928[39m,
  riverTime: [33m0.08770000000367872[39m,
  totalTime: [33m150.69349999999395[39m
}
Chunk (-19, 18) generation metrics: {
  terrainTime: [33m0.6317999999882886[39m,
  biomeTime: [33m144.16599999999744[39m,
  resourceTime: [33m0.12789999999222346[39m,
  structureTime: [33m0.07080000000132713[39m,
  riverTime: [33m0.007799999992130324[39m,
  totalTime: [33m145.02569999999832[39m
}
Chunk (-18, 18) generation metrics: {
  terrainTime: [33m0.6127999999880558[39m,
  biomeTime: [33m157.02659999999742[39m,
  resourceTime: [33m0.13289999999688007[39m,
  structureTime: [33m0.05939999999827705[39m,
  riverTime: [33m0.015899999998509884[39m,
  totalTime: [33m157.87429999999586[39m
}
Chunk (-22, 19) generation metrics: {
  terrainTime: [33m0.6117000000085682[39m,
  biomeTime: [33m156.92949999999837[39m,
  resourceTime: [33m0.1315000000031432[39m,
  structureTime: [33m0.06810000000405125[39m,
  riverTime: [33m0.006900000007590279[39m,
  totalTime: [33m157.7679999999964[39m
}
Chunk (-21, 19) generation metrics: {
  terrainTime: [33m0.6045000000012806[39m,
  biomeTime: [33m151.9939999999915[39m,
  resourceTime: [33m0.13100000000849832[39m,
  structureTime: [33m0.07300000000395812[39m,
  riverTime: [33m0.008200000011129305[39m,
  totalTime: [33m152.83280000000377[39m
}
Chunk (-20, 19) generation metrics: {
  terrainTime: [33m0.7559999999939464[39m,
  biomeTime: [33m149.47449999999662[39m,
  resourceTime: [33m0.1349999999947613[39m,
  structureTime: [33m0.07770000000891741[39m,
  riverTime: [33m0.006299999993643723[39m,
  totalTime: [33m150.47699999999895[39m
}
Chunk (-19, 19) generation metrics: {
  terrainTime: [33m0.6664000000018859[39m,
  biomeTime: [33m140.4609999999957[39m,
  resourceTime: [33m0.13300000000162981[39m,
  structureTime: [33m0.0712000000057742[39m,
  riverTime: [33m0.007700000001932494[39m,
  totalTime: [33m141.36560000000463[39m
}
Chunk (-18, 19) generation metrics: {
  terrainTime: [33m0.6224000000074739[39m,
  biomeTime: [33m156.97870000000694[39m,
  resourceTime: [33m0.16619999999238644[39m,
  structureTime: [33m0.08049999999639113[39m,
  riverTime: [33m0.030700000002980232[39m,
  totalTime: [33m157.90130000001227[39m
}
Chunk (-22, 20) generation metrics: {
  terrainTime: [33m0.7652999999991152[39m,
  biomeTime: [33m180.2346000000107[39m,
  resourceTime: [33m0.14710000000195578[39m,
  structureTime: [33m0.06960000000253785[39m,
  riverTime: [33m0.04610000000684522[39m,
  totalTime: [33m181.28789999999572[39m
}
Chunk (-21, 20) generation metrics: {
  terrainTime: [33m1.4830999999976484[39m,
  biomeTime: [33m162.875[39m,
  resourceTime: [33m0.12660000000323635[39m,
  structureTime: [33m0.07660000000032596[39m,
  riverTime: [33m0.005399999994551763[39m,
  totalTime: [33m164.60469999999623[39m
}
Chunk (-20, 20) generation metrics: {
  terrainTime: [33m0.5798000000067987[39m,
  biomeTime: [33m148.05879999999888[39m,
  resourceTime: [33m0.12309999999706633[39m,
  structureTime: [33m0.06940000000759028[39m,
  riverTime: [33m0.005900000003748573[39m,
  totalTime: [33m148.8564999999944[39m
}
Chunk (-19, 20) generation metrics: {
  terrainTime: [33m0.3677999999927124[39m,
  biomeTime: [33m142.44340000000375[39m,
  resourceTime: [33m0.12129999999888241[39m,
  structureTime: [33m0.06240000000980217[39m,
  riverTime: [33m0.0488000000041211[39m,
  totalTime: [33m143.06560000000172[39m
}
Chunk (-18, 20) generation metrics: {
  terrainTime: [33m0.5811000000103377[39m,
  biomeTime: [33m143.94390000001295[39m,
  resourceTime: [33m0.11710000000311993[39m,
  structureTime: [33m0.06960000000253785[39m,
  riverTime: [33m0.012499999997089617[39m,
  totalTime: [33m144.77599999999802[39m
}
Chunk (-22, 21) generation metrics: {
  terrainTime: [33m0.578800000002957[39m,
  biomeTime: [33m160.6765000000014[39m,
  resourceTime: [33m0.12889999999606516[39m,
  structureTime: [33m0.0669999999954598[39m,
  riverTime: [33m0.007199999992735684[39m,
  totalTime: [33m161.47870000000694[39m
}
Chunk (-21, 21) generation metrics: {
  terrainTime: [33m0.6135999999969499[39m,
  biomeTime: [33m154.93529999998282[39m,
  resourceTime: [33m0.12510000000474975[39m,
  structureTime: [33m0.06260000000474975[39m,
  riverTime: [33m0.006800000002840534[39m,
  totalTime: [33m155.76840000000084[39m
}
Chunk (-20, 21) generation metrics: {
  terrainTime: [33m0.6198999999905936[39m,
  biomeTime: [33m156.82209999999031[39m,
  resourceTime: [33m0.1254999999946449[39m,
  structureTime: [33m0.07019999998738058[39m,
  riverTime: [33m0.01799999998183921[39m,
  totalTime: [33m157.67740000001504[39m
}
Chunk (-19, 21) generation metrics: {
  terrainTime: [33m0.6071000000229105[39m,
  biomeTime: [33m159.22969999999623[39m,
  resourceTime: [33m0.13109999999869615[39m,
  structureTime: [33m0.06300000002374873[39m,
  riverTime: [33m0.07010000001173466[39m,
  totalTime: [33m160.12230000001728[39m
}
Chunk (-18, 21) generation metrics: {
  terrainTime: [33m0.6206999999994878[39m,
  biomeTime: [33m158.71570000000065[39m,
  resourceTime: [33m0.11380000002100132[39m,
  structureTime: [33m0.06660000002011657[39m,
  riverTime: [33m0.016899999987799674[39m,
  totalTime: [33m159.5527000000002[39m
}
Chunk (-22, 22) generation metrics: {
  terrainTime: [33m0.5825000000186265[39m,
  biomeTime: [33m170.58830000000307[39m,
  resourceTime: [33m0.12000000002444722[39m,
  structureTime: [33m0.05799999998998828[39m,
  riverTime: [33m0.0062000000034458935[39m,
  totalTime: [33m171.37720000001718[39m
}
Chunk (-21, 22) generation metrics: {
  terrainTime: [33m0.6130999999877531[39m,
  biomeTime: [33m177.60740000000806[39m,
  resourceTime: [33m0.130700000008801[39m,
  structureTime: [33m0.08129999999073334[39m,
  riverTime: [33m0.007500000006984919[39m,
  totalTime: [33m178.4615000000049[39m
}
Chunk (-20, 22) generation metrics: {
  terrainTime: [33m1.473599999997532[39m,
  biomeTime: [33m155.1755000000121[39m,
  resourceTime: [33m0.07399999999324791[39m,
  structureTime: [33m0.0507999999972526[39m,
  riverTime: [33m0.004399999976158142[39m,
  totalTime: [33m156.79699999999139[39m
}
Chunk (-19, 22) generation metrics: {
  terrainTime: [33m0.41029999998863786[39m,
  biomeTime: [33m153.8298000000068[39m,
  resourceTime: [33m0.12030000000959262[39m,
  structureTime: [33m0.07310000000870787[39m,
  riverTime: [33m0.04050000000279397[39m,
  totalTime: [33m154.4945000000007[39m
}
Chunk (-18, 22) generation metrics: {
  terrainTime: [33m0.5926000000035856[39m,
  biomeTime: [33m165.101800000004[39m,
  resourceTime: [33m0.12589999998454005[39m,
  structureTime: [33m0.09679999999934807[39m,
  riverTime: [33m0.1362000000081025[39m,
  totalTime: [33m166.0753000000259[39m
}
Loaded 25 chunks in 3934.58ms
Unloaded 25 distant chunks
DemoApp destroyed

[90mstdout[2m | demo/src/core/DemoApp.performance.test.ts[2m > [22m[2mDemoApp - Performance Testing[2m > [22m[2mLOD Performance Impact[2m > [22m[2mshould improve performance with LOD enabled[22m[39m
DemoApp initialized successfully
Chunk (-3, -3) generation metrics: {
  terrainTime: [33m0.6173999999882653[39m,
  biomeTime: [33m173.03289999999106[39m,
  resourceTime: [33m0.15869999999995343[39m,
  structureTime: [33m0.0712000000057742[39m,
  riverTime: [33m0.007800000021234155[39m,
  totalTime: [33m173.91229999999632[39m
}
Chunk (-2, -3) generation metrics: {
  terrainTime: [33m0.7439000000013039[39m,
  biomeTime: [33m179.29819999999017[39m,
  resourceTime: [33m0.13639999998849817[39m,
  structureTime: [33m0.0654999999969732[39m,
  riverTime: [33m0.053099999990081415[39m,
  totalTime: [33m180.3194000000076[39m
}
Chunk (-1, -3) generation metrics: {
  terrainTime: [33m0.6453000000037719[39m,
  biomeTime: [33m148.06489999999758[39m,
  resourceTime: [33m0.12380000000121072[39m,
  structureTime: [33m0.05540000001201406[39m,
  riverTime: [33m0.0485999999800697[39m,
  totalTime: [33m148.95759999999427[39m
}
Chunk (0, -3) generation metrics: {
  terrainTime: [33m0.6038000000116881[39m,
  biomeTime: [33m146.34619999999995[39m,
  resourceTime: [33m0.11319999999250285[39m,
  structureTime: [33m0.07150000002002344[39m,
  riverTime: [33m0.006900000007590279[39m,
  totalTime: [33m147.16199999998207[39m
}
Chunk (1, -3) generation metrics: {
  terrainTime: [33m0.5679999999993015[39m,
  biomeTime: [33m144.61729999998352[39m,
  resourceTime: [33m0.12129999999888241[39m,
  structureTime: [33m0.0650000000023283[39m,
  riverTime: [33m0.007099999987985939[39m,
  totalTime: [33m145.4024999999965[39m
}
Chunk (2, -3) generation metrics: {
  terrainTime: [33m0.5605999999970663[39m,
  biomeTime: [33m152.40660000001662[39m,
  resourceTime: [33m0.1254999999946449[39m,
  structureTime: [33m0.06750000000465661[39m,
  riverTime: [33m0.03760000001057051[39m,
  totalTime: [33m153.21789999998873[39m
}
Chunk (3, -3) generation metrics: {
  terrainTime: [33m0.6026999999885447[39m,
  biomeTime: [33m146.78160000001662[39m,
  resourceTime: [33m0.12069999999948777[39m,
  structureTime: [33m0.06109999999171123[39m,
  riverTime: [33m0.12069999999948777[39m,
  totalTime: [33m147.70920000001206[39m
}
Chunk (-3, -2) generation metrics: {
  terrainTime: [33m0.5841000000073109[39m,
  biomeTime: [33m152.7037999999884[39m,
  resourceTime: [33m0.11260000002221204[39m,
  structureTime: [33m0.09020000000600703[39m,
  riverTime: [33m0.0087000000057742[39m,
  totalTime: [33m153.5266999999876[39m
}
Chunk (-2, -2) generation metrics: {
  terrainTime: [33m0.8642999999865424[39m,
  biomeTime: [33m160.01920000000973[39m,
  resourceTime: [33m0.1287999999767635[39m,
  structureTime: [33m0.08020000002579764[39m,
  riverTime: [33m0.019900000013876706[39m,
  totalTime: [33m161.1429000000062[39m
}
Chunk (-1, -2) generation metrics: {
  terrainTime: [33m0.6114999999990687[39m,
  biomeTime: [33m127.27359999998589[39m,
  resourceTime: [33m0.06979999999748543[39m,
  structureTime: [33m0.05760000000009313[39m,
  riverTime: [33m0.04469999999855645[39m,
  totalTime: [33m128.07440000001225[39m
}
Chunk (0, -2) generation metrics: {
  terrainTime: [33m0.4267999999865424[39m,
  biomeTime: [33m154.24679999999353[39m,
  resourceTime: [33m0.1633999999903608[39m,
  structureTime: [33m0.09619999999995343[39m,
  riverTime: [33m0.007500000006984919[39m,
  totalTime: [33m154.96530000001076[39m
}
Chunk (1, -2) generation metrics: {
  terrainTime: [33m0.8206999999820255[39m,
  biomeTime: [33m185.43529999998282[39m,
  resourceTime: [33m0.14990000001853332[39m,
  structureTime: [33m0.0864000000001397[39m,
  riverTime: [33m0.007500000006984919[39m,
  totalTime: [33m186.52390000000014[39m
}
Chunk (2, -2) generation metrics: {
  terrainTime: [33m0.6962000000057742[39m,
  biomeTime: [33m165.3457000000053[39m,
  resourceTime: [33m0.13060000000405125[39m,
  structureTime: [33m0.08460000000195578[39m,
  riverTime: [33m0.006099999998696148[39m,
  totalTime: [33m166.28550000002724[39m
}
Chunk (3, -2) generation metrics: {
  terrainTime: [33m0.6027999999932945[39m,
  biomeTime: [33m169.42329999999492[39m,
  resourceTime: [33m0.13339999999152496[39m,
  structureTime: [33m0.06839999998919666[39m,
  riverTime: [33m0.006900000007590279[39m,
  totalTime: [33m170.25870000000577[39m
}
Chunk (-3, -1) generation metrics: {
  terrainTime: [33m0.6190999999816995[39m,
  biomeTime: [33m136.5561999999918[39m,
  resourceTime: [33m0.12169999998877756[39m,
  structureTime: [33m0.055899999977555126[39m,
  riverTime: [33m0.033900000009452924[39m,
  totalTime: [33m137.40609999999288[39m
}
Chunk (-2, -1) generation metrics: {
  terrainTime: [33m0.5578999999852385[39m,
  biomeTime: [33m155.92499999998836[39m,
  resourceTime: [33m0.12840000001597218[39m,
  structureTime: [33m0.07970000000204891[39m,
  riverTime: [33m0.03880000000935979[39m,
  totalTime: [33m156.75240000002668[39m
}
Chunk (-1, -1) generation metrics: {
  terrainTime: [33m0.603899999987334[39m,
  biomeTime: [33m150.25560000000405[39m,
  resourceTime: [33m0.1287999999767635[39m,
  structureTime: [33m0.07209999999031425[39m,
  riverTime: [33m0.10719999999855645[39m,
  totalTime: [33m151.19140000001062[39m
}
Chunk (0, -1) generation metrics: {
  terrainTime: [33m0.6424000000115484[39m,
  biomeTime: [33m181.9896000000008[39m,
  resourceTime: [33m0.12589999998454005[39m,
  structureTime: [33m0.06309999999939464[39m,
  riverTime: [33m0.006299999979091808[39m,
  totalTime: [33m182.85190000000875[39m
}
Chunk (1, -1) generation metrics: {
  terrainTime: [33m0.6206999999994878[39m,
  biomeTime: [33m177.22119999999995[39m,
  resourceTime: [33m0.16269999998621643[39m,
  structureTime: [33m0.06700000001001172[39m,
  riverTime: [33m0.03940000000875443[39m,
  totalTime: [33m178.13439999998081[39m
}
Chunk (2, -1) generation metrics: {
  terrainTime: [33m0.8225999999849591[39m,
  biomeTime: [33m181.69539999999688[39m,
  resourceTime: [33m0.12789999999222346[39m,
  structureTime: [33m0.07750000001396984[39m,
  riverTime: [33m0.006299999979091808[39m,
  totalTime: [33m182.75250000000233[39m
}
Chunk (3, -1) generation metrics: {
  terrainTime: [33m0.6243000000249594[39m,
  biomeTime: [33m164.65669999999227[39m,
  resourceTime: [33m0.13089999998919666[39m,
  structureTime: [33m0.07440000001224689[39m,
  riverTime: [33m0.005600000004051253[39m,
  totalTime: [33m165.51529999999912[39m
}
Chunk (-3, 0) generation metrics: {
  terrainTime: [33m0.6194000000250526[39m,
  biomeTime: [33m150.71119999999064[39m,
  resourceTime: [33m0.1300000000046566[39m,
  structureTime: [33m0.08199999999487773[39m,
  riverTime: [33m0.022499999991850927[39m,
  totalTime: [33m151.5869000000239[39m
}
Chunk (-2, 0) generation metrics: {
  terrainTime: [33m0.5901000000012573[39m,
  biomeTime: [33m143.2834000000148[39m,
  resourceTime: [33m0.12189999999827705[39m,
  structureTime: [33m0.06950000001234002[39m,
  riverTime: [33m0.030899999983375892[39m,
  totalTime: [33m144.11770000000251[39m
}
Chunk (-1, 0) generation metrics: {
  terrainTime: [33m0.5918999999994412[39m,
  biomeTime: [33m133.05289999998058[39m,
  resourceTime: [33m0.12850000002072193[39m,
  structureTime: [33m0.07670000000507571[39m,
  riverTime: [33m0.1010999999998603[39m,
  totalTime: [33m133.97200000000885[39m
}
Chunk (0, 0) generation metrics: {
  terrainTime: [33m1.17259999999078[39m,
  biomeTime: [33m162.84899999998743[39m,
  resourceTime: [33m0.12960000001476146[39m,
  structureTime: [33m0.06289999998989515[39m,
  riverTime: [33m0.007000000012340024[39m,
  totalTime: [33m164.24400000000605[39m
}
Chunk (1, 0) generation metrics: {
  terrainTime: [33m0.8744000000006054[39m,
  biomeTime: [33m149.02470000000903[39m,
  resourceTime: [33m0.12619999999878928[39m,
  structureTime: [33m0.07320000001345761[39m,
  riverTime: [33m0.005899999989196658[39m,
  totalTime: [33m150.12850000002072[39m
}
Chunk (2, 0) generation metrics: {
  terrainTime: [33m0.6088000000163447[39m,
  biomeTime: [33m150.92579999999725[39m,
  resourceTime: [33m0.11529999997583218[39m,
  structureTime: [33m0.05720000001019798[39m,
  riverTime: [33m0.006699999998090789[39m,
  totalTime: [33m151.7330999999831[39m
}
Chunk (3, 0) generation metrics: {
  terrainTime: [33m0.43289999998523854[39m,
  biomeTime: [33m137.32480000000214[39m,
  resourceTime: [33m0.1252000000094995[39m,
  structureTime: [33m0.07039999999688007[39m,
  riverTime: [33m0.007199999992735684[39m,
  totalTime: [33m137.98519999999553[39m
}
Chunk (-3, 1) generation metrics: {
  terrainTime: [33m0.6072999999742024[39m,
  biomeTime: [33m178.90789999999106[39m,
  resourceTime: [33m0.13130000000819564[39m,
  structureTime: [33m0.068200000008801[39m,
  riverTime: [33m0.0062000000034458935[39m,
  totalTime: [33m179.74109999998473[39m
}
Chunk (-2, 1) generation metrics: {
  terrainTime: [33m0.6065999999991618[39m,
  biomeTime: [33m181.94120000000112[39m,
  resourceTime: [33m0.1369000000122469[39m,
  structureTime: [33m0.07619999998132698[39m,
  riverTime: [33m0.008200000011129305[39m,
  totalTime: [33m182.78979999999865[39m
}
Chunk (-1, 1) generation metrics: {
  terrainTime: [33m0.7332000000169501[39m,
  biomeTime: [33m194.597700000013[39m,
  resourceTime: [33m0.09270000000833534[39m,
  structureTime: [33m0.05059999998775311[39m,
  riverTime: [33m0.004500000010011718[39m,
  totalTime: [33m195.49929999999586[39m
}
Chunk (0, 1) generation metrics: {
  terrainTime: [33m0.5678999999945518[39m,
  biomeTime: [33m153.90089999997872[39m,
  resourceTime: [33m0.1125000000174623[39m,
  structureTime: [33m0.05830000000423752[39m,
  riverTime: [33m0.006999999983236194[39m,
  totalTime: [33m154.6656999999832[39m
}
Chunk (1, 1) generation metrics: {
  terrainTime: [33m0.577499999984866[39m,
  biomeTime: [33m191.28629999997793[39m,
  resourceTime: [33m0.12089999997988343[39m,
  structureTime: [33m0.05959999997867271[39m,
  riverTime: [33m0.005700000008800998[39m,
  totalTime: [33m192.06969999999274[39m
}
Chunk (2, 1) generation metrics: {
  terrainTime: [33m0.5699000000022352[39m,
  biomeTime: [33m168.16520000001765[39m,
  resourceTime: [33m0.12989999999990687[39m,
  structureTime: [33m0.06190000000060536[39m,
  riverTime: [33m0.006500000017695129[39m,
  totalTime: [33m168.95670000000973[39m
}
Chunk (3, 1) generation metrics: {
  terrainTime: [33m0.6006000000052154[39m,
  biomeTime: [33m178.60959999999614[39m,
  resourceTime: [33m0.11639999999897555[39m,
  structureTime: [33m0.06460000001243316[39m,
  riverTime: [33m0.05479999998351559[39m,
  totalTime: [33m179.5064999999886[39m
}
Chunk (-3, 2) generation metrics: {
  terrainTime: [33m0.5835000000079162[39m,
  biomeTime: [33m176.72039999999106[39m,
  resourceTime: [33m0.14500000001862645[39m,
  structureTime: [33m0.07329999998910353[39m,
  riverTime: [33m0.0062000000034458935[39m,
  totalTime: [33m177.5506999999925[39m
}
Chunk (-2, 2) generation metrics: {
  terrainTime: [33m0.6779000000096858[39m,
  biomeTime: [33m179.56750000000466[39m,
  resourceTime: [33m0.13159999999334104[39m,
  structureTime: [33m0.06169999999110587[39m,
  riverTime: [33m0.006699999998090789[39m,
  totalTime: [33m180.46790000001783[39m
}
Chunk (-1, 2) generation metrics: {
  terrainTime: [33m0.6724000000103842[39m,
  biomeTime: [33m149.67389999999432[39m,
  resourceTime: [33m0.07500000001164153[39m,
  structureTime: [33m0.052100000000791624[39m,
  riverTime: [33m0.0050999999803025275[39m,
  totalTime: [33m150.49599999998463[39m
}
Chunk (0, 2) generation metrics: {
  terrainTime: [33m0.42689999999129213[39m,
  biomeTime: [33m150.34309999999823[39m,
  resourceTime: [33m0.11919999998644926[39m,
  structureTime: [33m0.05849999998463318[39m,
  riverTime: [33m0.007000000012340024[39m,
  totalTime: [33m150.9731000000029[39m
}
Chunk (1, 2) generation metrics: {
  terrainTime: [33m0.5758000000205357[39m,
  biomeTime: [33m133.96749999999884[39m,
  resourceTime: [33m0.12550000002374873[39m,
  structureTime: [33m0.06659999999101274[39m,
  riverTime: [33m0.007099999987985939[39m,
  totalTime: [33m134.76579999999376[39m
}
Chunk (2, 2) generation metrics: {
  terrainTime: [33m0.5697999999974854[39m,
  biomeTime: [33m142.86309999998775[39m,
  resourceTime: [33m0.11240000001271255[39m,
  structureTime: [33m0.061200000025564805[39m,
  riverTime: [33m0.05520000000251457[39m,
  totalTime: [33m143.68309999999474[39m
}
Chunk (3, 2) generation metrics: {
  terrainTime: [33m0.5168000000121538[39m,
  biomeTime: [33m154.6707999999926[39m,
  resourceTime: [33m0.11340000000200234[39m,
  structureTime: [33m0.06959999998798594[39m,
  riverTime: [33m0.008800000010523945[39m,
  totalTime: [33m155.40359999999055[39m
}
Chunk (-3, 3) generation metrics: {
  terrainTime: [33m0.6046999999962281[39m,
  biomeTime: [33m150.49689999999828[39m,
  resourceTime: [33m0.12649999998393469[39m,
  structureTime: [33m0.06620000000111759[39m,
  riverTime: [33m0.009200000000419095[39m,
  totalTime: [33m151.3285999999789[39m
}
Chunk (-2, 3) generation metrics: {
  terrainTime: [33m0.5957999999809545[39m,
  biomeTime: [33m139.75869999997667[39m,
  resourceTime: [33m0.12890000001061708[39m,
  structureTime: [33m0.060200000007171184[39m,
  riverTime: [33m0.10839999999734573[39m,
  totalTime: [33m140.67329999999492[39m
}
Chunk (-1, 3) generation metrics: {
  terrainTime: [33m0.6690999999991618[39m,
  biomeTime: [33m157.09309999999823[39m,
  resourceTime: [33m0.12149999997927807[39m,
  structureTime: [33m0.06510000000707805[39m,
  riverTime: [33m0.10769999999320135[39m,
  totalTime: [33m158.07990000001155[39m
}
Chunk (0, 3) generation metrics: {
  terrainTime: [33m0.5338000000047032[39m,
  biomeTime: [33m146.56200000000536[39m,
  resourceTime: [33m0.1252000000094995[39m,
  structureTime: [33m0.08299999998416752[39m,
  riverTime: [33m0.006699999998090789[39m,
  totalTime: [33m147.33269999999902[39m
}
Chunk (1, 3) generation metrics: {
  terrainTime: [33m0.5164999999979045[39m,
  biomeTime: [33m159.9150999999838[39m,
  resourceTime: [33m0.12660000001778826[39m,
  structureTime: [33m0.06270000000949949[39m,
  riverTime: [33m0.12559999999939464[39m,
  totalTime: [33m160.7662999999884[39m
}
Chunk (2, 3) generation metrics: {
  terrainTime: [33m0.6689999999944121[39m,
  biomeTime: [33m149.27760000000126[39m,
  resourceTime: [33m0.07060000000637956[39m,
  structureTime: [33m0.05520000000251457[39m,
  riverTime: [33m0.004499999980907887[39m,
  totalTime: [33m150.0951000000059[39m
}
Chunk (3, 3) generation metrics: {
  terrainTime: [33m0.4429999999993015[39m,
  biomeTime: [33m145.75920000000042[39m,
  resourceTime: [33m0.13240000000223517[39m,
  structureTime: [33m0.07910000000265427[39m,
  riverTime: [33m0.006800000002840534[39m,
  totalTime: [33m146.4593000000168[39m
}
Loaded 49 chunks in 7816.69ms
Unloaded 48 distant chunks
Loaded 48 chunks in 7.87ms
DemoApp destroyed

[90mstdout[2m | demo/src/core/DemoApp.performance.test.ts[2m > [22m[2mDemoApp - Performance Testing[2m > [22m[2mLOD Performance Impact[2m > [22m[2mshould meet 60 FPS target with LOD enabled and 25 chunks loaded[22m[39m
DemoApp initialized successfully
Chunk (-1, -1) generation metrics: {
  terrainTime: [33m0.6295999999856576[39m,
  biomeTime: [33m149.42450000002282[39m,
  resourceTime: [33m0.3314000000245869[39m,
  structureTime: [33m0.0385999999998603[39m,
  riverTime: [33m0.10260000001289882[39m,
  totalTime: [33m150.56429999999818[39m
}
Chunk (0, -1) generation metrics: {
  terrainTime: [33m0.5994000000064261[39m,
  biomeTime: [33m144.05410000000848[39m,
  resourceTime: [33m0.24919999999110587[39m,
  structureTime: [33m0.0515999999770429[39m,
  riverTime: [33m0.006299999979091808[39m,
  totalTime: [33m144.97829999998794[39m
}
Chunk (1, -1) generation metrics: {
  terrainTime: [33m0.5916000000142958[39m,
  biomeTime: [33m151.1152000000002[39m,
  resourceTime: [33m0.11670000001322478[39m,
  structureTime: [33m0.0602999999828171[39m,
  riverTime: [33m0.03380000000470318[39m,
  totalTime: [33m151.9371000000101[39m
}
Chunk (-1, 0) generation metrics: {
  terrainTime: [33m0.5923999999940861[39m,
  biomeTime: [33m178.3367000000144[39m,
  resourceTime: [33m0.1275000000023283[39m,
  structureTime: [33m0.07759999998961575[39m,
  riverTime: [33m0.10010000001057051[39m,
  totalTime: [33m179.25299999999697[39m
}
Chunk (0, 0) generation metrics: {
  terrainTime: [33m0.6118999999889638[39m,
  biomeTime: [33m138.22959999999148[39m,
  resourceTime: [33m0.12519999998039566[39m,
  structureTime: [33m0.07670000000507571[39m,
  riverTime: [33m0.0079000000259839[39m,
  totalTime: [33m139.0734999999986[39m
}
Chunk (1, 0) generation metrics: {
  terrainTime: [33m0.6281999999773689[39m,
  biomeTime: [33m162.44389999998384[39m,
  resourceTime: [33m0.15320000000065193[39m,
  structureTime: [33m0.08799999998882413[39m,
  riverTime: [33m0.006400000012945384[39m,
  totalTime: [33m163.3483000000124[39m
}
Chunk (-1, 1) generation metrics: {
  terrainTime: [33m0.6157999999995809[39m,
  biomeTime: [33m155.6412999999884[39m,
  resourceTime: [33m0.1292999999714084[39m,
  structureTime: [33m0.06270000000949949[39m,
  riverTime: [33m0.0062000000034458935[39m,
  totalTime: [33m156.47590000001946[39m
}
Chunk (0, 1) generation metrics: {
  terrainTime: [33m0.6058000000193715[39m,
  biomeTime: [33m153.93129999999655[39m,
  resourceTime: [33m0.1270000000076834[39m,
  structureTime: [33m0.06400000001303852[39m,
  riverTime: [33m0.006099999998696148[39m,
  totalTime: [33m154.7546999999904[39m
}
Chunk (1, 1) generation metrics: {
  terrainTime: [33m0.6387000000104308[39m,
  biomeTime: [33m154.97370000000228[39m,
  resourceTime: [33m0.12690000000293367[39m,
  structureTime: [33m0.07439999998314306[39m,
  riverTime: [33m0.009799999999813735[39m,
  totalTime: [33m155.85169999999925[39m
}
Loaded 9 chunks in 1398.06ms
World generated with seed: 12345
Chunk (-2, -2) generation metrics: {
  terrainTime: [33m0.615300000004936[39m,
  biomeTime: [33m144.64749999999185[39m,
  resourceTime: [33m0.12619999999878928[39m,
  structureTime: [33m0.07389999998849817[39m,
  riverTime: [33m0.020099999994272366[39m,
  totalTime: [33m145.50860000000102[39m
}
Chunk (-1, -2) generation metrics: {
  terrainTime: [33m0.6054000000003725[39m,
  biomeTime: [33m146.6991000000271[39m,
  resourceTime: [33m0.12780000001657754[39m,
  structureTime: [33m0.06900000001769513[39m,
  riverTime: [33m0.04470000002766028[39m,
  totalTime: [33m147.5677999999898[39m
}
Chunk (0, -2) generation metrics: {
  terrainTime: [33m0.6231000000261702[39m,
  biomeTime: [33m157.6933999999892[39m,
  resourceTime: [33m0.12559999999939464[39m,
  structureTime: [33m0.07349999999860302[39m,
  riverTime: [33m0.005499999999301508[39m,
  totalTime: [33m158.54349999999977[39m
}
Chunk (1, -2) generation metrics: {
  terrainTime: [33m0.6081999999878462[39m,
  biomeTime: [33m131.92720000000554[39m,
  resourceTime: [33m0.12369999999646097[39m,
  structureTime: [33m0.06750000000465661[39m,
  riverTime: [33m0.006699999998090789[39m,
  totalTime: [33m132.75250000000233[39m
}
Chunk (2, -2) generation metrics: {
  terrainTime: [33m0.6046999999962281[39m,
  biomeTime: [33m145.25659999999334[39m,
  resourceTime: [33m0.11530000000493601[39m,
  structureTime: [33m0.07069999998202547[39m,
  riverTime: [33m0.005999999993946403[39m,
  totalTime: [33m146.07189999998081[39m
}
Chunk (-2, -1) generation metrics: {
  terrainTime: [33m0.5872999999846797[39m,
  biomeTime: [33m170.01939999999013[39m,
  resourceTime: [33m0.12359999999171123[39m,
  structureTime: [33m0.073900000017602[39m,
  riverTime: [33m0.03800000000046566[39m,
  totalTime: [33m170.85989999998128[39m
}
Chunk (2, -1) generation metrics: {
  terrainTime: [33m0.6048000000009779[39m,
  biomeTime: [33m146.09940000000643[39m,
  resourceTime: [33m0.12460000001010485[39m,
  structureTime: [33m0.06690000000526197[39m,
  riverTime: [33m0.006099999998696148[39m,
  totalTime: [33m146.921800000011[39m
}
Chunk (-2, 0) generation metrics: {
  terrainTime: [33m0.6101000000198837[39m,
  biomeTime: [33m140.00760000001173[39m,
  resourceTime: [33m0.1245000000053551[39m,
  structureTime: [33m0.08580000000074506[39m,
  riverTime: [33m0.033699999999953434[39m,
  totalTime: [33m140.88300000000163[39m
}
Chunk (2, 0) generation metrics: {
  terrainTime: [33m0.5987000000022817[39m,
  biomeTime: [33m146.11530000000494[39m,
  resourceTime: [33m0.12020000000484288[39m,
  structureTime: [33m0.060200000007171184[39m,
  riverTime: [33m0.006299999979091808[39m,
  totalTime: [33m146.92049999997835[39m
}
Chunk (-2, 1) generation metrics: {
  terrainTime: [33m0.5849999999918509[39m,
  biomeTime: [33m148.54689999998664[39m,
  resourceTime: [33m0.12280000001192093[39m,
  structureTime: [33m0.05619999999180436[39m,
  riverTime: [33m0.006800000002840534[39m,
  totalTime: [33m149.33969999998226[39m
}
Chunk (2, 1) generation metrics: {
  terrainTime: [33m0.6093999999866355[39m,
  biomeTime: [33m148.5512999999919[39m,
  resourceTime: [33m0.12079999997513369[39m,
  structureTime: [33m0.0659999999916181[39m,
  riverTime: [33m0.006299999979091808[39m,
  totalTime: [33m149.37469999998575[39m
}
Chunk (-2, 2) generation metrics: {
  terrainTime: [33m0.6229999999923166[39m,
  biomeTime: [33m140.2325000000128[39m,
  resourceTime: [33m0.12589999998454005[39m,
  structureTime: [33m0.06090000001131557[39m,
  riverTime: [33m0.006999999983236194[39m,
  totalTime: [33m141.0691999999981[39m
}
Chunk (-1, 2) generation metrics: {
  terrainTime: [33m0.6107999999949243[39m,
  biomeTime: [33m143.12390000000596[39m,
  resourceTime: [33m0.07240000000456348[39m,
  structureTime: [33m0.05500000002211891[39m,
  riverTime: [33m0.004199999995762482[39m,
  totalTime: [33m143.886599999998[39m
}
Chunk (0, 2) generation metrics: {
  terrainTime: [33m0.3876999999920372[39m,
  biomeTime: [33m150.33859999998822[39m,
  resourceTime: [33m0.1257999999797903[39m,
  structureTime: [33m0.06429999999818392[39m,
  riverTime: [33m0.007400000002235174[39m,
  totalTime: [33m150.94329999998445[39m
}
Chunk (1, 2) generation metrics: {
  terrainTime: [33m0.6160999999847263[39m,
  biomeTime: [33m153.72060000000056[39m,
  resourceTime: [33m0.12049999998998828[39m,
  structureTime: [33m0.0602999999828171[39m,
  riverTime: [33m0.005700000008800998[39m,
  totalTime: [33m154.54330000001937[39m
}
Chunk (2, 2) generation metrics: {
  terrainTime: [33m0.6091000000014901[39m,
  biomeTime: [33m202.48360000000685[39m,
  resourceTime: [33m0.19710000001941808[39m,
  structureTime: [33m0.07159999999566935[39m,
  riverTime: [33m0.03419999999459833[39m,
  totalTime: [33m203.4189999999944[39m
}
Loaded 16 chunks in 2431.75ms
DemoApp destroyed

[90mstdout[2m | demo/src/core/DemoApp.performance.test.ts[2m > [22m[2mDemoApp - Performance Testing[2m > [22m[2mWorker Pool Performance[2m > [22m[2mshould improve throughput with worker pool[22m[39m
DemoApp initialized successfully
Chunk (-2, -2) generation metrics: {
  terrainTime: [33m0.6046999999962281[39m,
  biomeTime: [33m178.597299999994[39m,
  resourceTime: [33m0.13029999998980202[39m,
  structureTime: [33m0.06580000001122244[39m,
  riverTime: [33m0.021699999982956797[39m,
  totalTime: [33m179.47569999998086[39m
}
Chunk (-1, -2) generation metrics: {
  terrainTime: [33m0.597200000018347[39m,
  biomeTime: [33m166.51910000000498[39m,
  resourceTime: [33m0.07939999998779967[39m,
  structureTime: [33m0.0572999999858439[39m,
  riverTime: [33m0.0356000000028871[39m,
  totalTime: [33m167.31100000001607[39m
}
Chunk (0, -2) generation metrics: {
  terrainTime: [33m0.40949999997974373[39m,
  biomeTime: [33m196.83249999998952[39m,
  resourceTime: [33m0.1516000000119675[39m,
  structureTime: [33m0.09739999999874271[39m,
  riverTime: [33m0.007400000002235174[39m,
  totalTime: [33m197.5671999999904[39m
}
Chunk (1, -2) generation metrics: {
  terrainTime: [33m0.7137999999977183[39m,
  biomeTime: [33m169.1701999999932[39m,
  resourceTime: [33m0.12909999999101274[39m,
  structureTime: [33m0.0632999999797903[39m,
  riverTime: [33m0.006500000017695129[39m,
  totalTime: [33m170.10439999998198[39m
}
Chunk (2, -2) generation metrics: {
  terrainTime: [33m0.6420000000216532[39m,
  biomeTime: [33m156.1197000000102[39m,
  resourceTime: [33m0.0659999999916181[39m,
  structureTime: [33m0.054299999988870695[39m,
  riverTime: [33m0.004300000000512227[39m,
  totalTime: [33m156.90590000001248[39m
}
Chunk (-2, -1) generation metrics: {
  terrainTime: [33m0.37389999997685663[39m,
  biomeTime: [33m146.07769999999437[39m,
  resourceTime: [33m0.12220000001252629[39m,
  structureTime: [33m0.0794000000169035[39m,
  riverTime: [33m0.04069999998318963[39m,
  totalTime: [33m146.71270000000368[39m
}
Chunk (-1, -1) generation metrics: {
  terrainTime: [33m0.6933999999891967[39m,
  biomeTime: [33m115.09659999998985[39m,
  resourceTime: [33m0.12429999999585561[39m,
  structureTime: [33m0.0679000000236556[39m,
  riverTime: [33m0.10769999999320135[39m,
  totalTime: [33m116.14119999998366[39m
}
Chunk (0, -1) generation metrics: {
  terrainTime: [33m0.7184999999881256[39m,
  biomeTime: [33m134.30329999999958[39m,
  resourceTime: [33m0.12789999999222346[39m,
  structureTime: [33m0.06409999998868443[39m,
  riverTime: [33m0.006500000017695129[39m,
  totalTime: [33m135.24050000001444[39m
}
Chunk (1, -1) generation metrics: {
  terrainTime: [33m0.6141000000061467[39m,
  biomeTime: [33m145.79850000000442[39m,
  resourceTime: [33m0.12669999999343418[39m,
  structureTime: [33m0.059800000017276034[39m,
  riverTime: [33m0.03599999999278225[39m,
  totalTime: [33m146.6582000000053[39m
}
Chunk (2, -1) generation metrics: {
  terrainTime: [33m0.610000000015134[39m,
  biomeTime: [33m147.41860000000452[39m,
  resourceTime: [33m0.12390000000596046[39m,
  structureTime: [33m0.0921000000089407[39m,
  riverTime: [33m0.0064999999885912985[39m,
  totalTime: [33m148.27580000000307[39m
}
Chunk (-2, 0) generation metrics: {
  terrainTime: [33m0.606900000013411[39m,
  biomeTime: [33m171.495900000009[39m,
  resourceTime: [33m0.14809999999124557[39m,
  structureTime: [33m0.08490000001620501[39m,
  riverTime: [33m0.03839999999036081[39m,
  totalTime: [33m172.39730000001146[39m
}
Chunk (-1, 0) generation metrics: {
  terrainTime: [33m0.7430000000167638[39m,
  biomeTime: [33m172.28390000000945[39m,
  resourceTime: [33m0.13889999999082647[39m,
  structureTime: [33m0.09040000001550652[39m,
  riverTime: [33m0.11680000001797453[39m,
  totalTime: [33m173.39960000000428[39m
}
Chunk (0, 0) generation metrics: {
  terrainTime: [33m0.6865999999863561[39m,
  biomeTime: [33m147.64410000000498[39m,
  resourceTime: [33m0.13109999999869615[39m,
  structureTime: [33m0.0627999999851454[39m,
  riverTime: [33m0.006699999998090789[39m,
  totalTime: [33m148.56579999998212[39m
}
Chunk (1, 0) generation metrics: {
  terrainTime: [33m0.6171999999787658[39m,
  biomeTime: [33m131.60009999998147[39m,
  resourceTime: [33m0.11589999997522682[39m,
  structureTime: [33m0.07759999998961575[39m,
  riverTime: [33m0.005700000008800998[39m,
  totalTime: [33m132.4367000000202[39m
}
Chunk (2, 0) generation metrics: {
  terrainTime: [33m0.5623999999952503[39m,
  biomeTime: [33m135.30410000000848[39m,
  resourceTime: [33m0.11950000000069849[39m,
  structureTime: [33m0.061400000005960464[39m,
  riverTime: [33m0.005599999974947423[39m,
  totalTime: [33m136.07660000000033[39m
}
Chunk (-2, 1) generation metrics: {
  terrainTime: [33m0.5574999999953434[39m,
  biomeTime: [33m148.04159999999683[39m,
  resourceTime: [33m0.1157999999995809[39m,
  structureTime: [33m0.07050000000162981[39m,
  riverTime: [33m0.0076000000117346644[39m,
  totalTime: [33m148.81489999999758[39m
}
Chunk (-1, 1) generation metrics: {
  terrainTime: [33m0.5769999999902211[39m,
  biomeTime: [33m144.27679999999236[39m,
  resourceTime: [33m0.38529999999445863[39m,
  structureTime: [33m0.09819999997853301[39m,
  riverTime: [33m0.008000000001629815[39m,
  totalTime: [33m145.36919999998645[39m
}
Chunk (0, 1) generation metrics: {
  terrainTime: [33m0.6057999999902677[39m,
  biomeTime: [33m149.4369000000006[39m,
  resourceTime: [33m0.12619999999878928[39m,
  structureTime: [33m0.07489999997778796[39m,
  riverTime: [33m0.007099999987985939[39m,
  totalTime: [33m150.27820000000065[39m
}
Chunk (1, 1) generation metrics: {
  terrainTime: [33m0.6099000000103842[39m,
  biomeTime: [33m168.07480000000214[39m,
  resourceTime: [33m0.12780000001657754[39m,
  structureTime: [33m0.38200000001234[39m,
  riverTime: [33m0.0087000000057742[39m,
  totalTime: [33m169.22590000001946[39m
}
Chunk (2, 1) generation metrics: {
  terrainTime: [33m0.6135000000067521[39m,
  biomeTime: [33m153.3758000000089[39m,
  resourceTime: [33m0.06919999999809079[39m,
  structureTime: [33m0.05640000000130385[39m,
  riverTime: [33m0.005299999989802018[39m,
  totalTime: [33m154.13889999999083[39m
}
Chunk (-2, 2) generation metrics: {
  terrainTime: [33m0.4069000000017695[39m,
  biomeTime: [33m174.55290000000969[39m,
  resourceTime: [33m0.12469999998575076[39m,
  structureTime: [33m0.06519999998272397[39m,
  riverTime: [33m0.006400000012945384[39m,
  totalTime: [33m175.17719999997644[39m
}
Chunk (-1, 2) generation metrics: {
  terrainTime: [33m0.6261999999987893[39m,
  biomeTime: [33m156.0636999999988[39m,
  resourceTime: [33m0.10940000001573935[39m,
  structureTime: [33m0.07010000001173466[39m,
  riverTime: [33m0.006100000027799979[39m,
  totalTime: [33m156.8967999999877[39m
}
Chunk (0, 2) generation metrics: {
  terrainTime: [33m0.5840000000025611[39m,
  biomeTime: [33m175.30470000000787[39m,
  resourceTime: [33m0.14480000000912696[39m,
  structureTime: [33m0.06349999998928979[39m,
  riverTime: [33m0.0068999999784864485[39m,
  totalTime: [33m176.12549999999464[39m
}
Chunk (1, 2) generation metrics: {
  terrainTime: [33m0.735000000015134[39m,
  biomeTime: [33m177.08350000000792[39m,
  resourceTime: [33m0.1297000000195112[39m,
  structureTime: [33m0.06759999998030253[39m,
  riverTime: [33m0.00830000001587905[39m,
  totalTime: [33m178.04609999997774[39m
}
Chunk (2, 2) generation metrics: {
  terrainTime: [33m0.633800000010524[39m,
  biomeTime: [33m166.77290000001085[39m,
  resourceTime: [33m0.12309999999706633[39m,
  structureTime: [33m0.062000000005355105[39m,
  riverTime: [33m0.05139999999664724[39m,
  totalTime: [33m167.66279999999097[39m
}
Loaded 25 chunks in 3953.75ms
Unloaded 24 distant chunks
Chunk (-2, -2) generation metrics: {
  terrainTime: [33m0.5834000000031665[39m,
  biomeTime: [33m133.94350000002305[39m,
  resourceTime: [33m0.11699999999837019[39m,
  structureTime: [33m0.05739999999059364[39m,
  riverTime: [33m0.018500000005587935[39m,
  totalTime: [33m134.7373999999836[39m
}
Chunk (-1, -2) generation metrics: {
  terrainTime: [33m0.5806999999913387[39m,
  biomeTime: [33m145.02210000000196[39m,
  resourceTime: [33m0.07110000000102445[39m,
  structureTime: [33m0.0478000000002794[39m,
  riverTime: [33m0.030999999988125637[39m,
  totalTime: [33m145.77369999999064[39m
}
Chunk (0, -2) generation metrics: {
  terrainTime: [33m0.3907000000181142[39m,
  biomeTime: [33m128.4604999999865[39m,
  resourceTime: [33m0.12519999998039566[39m,
  structureTime: [33m0.08620000001974404[39m,
  riverTime: [33m0.006999999983236194[39m,
  totalTime: [33m129.0891999999876[39m
}
Chunk (1, -2) generation metrics: {
  terrainTime: [33m0.5995999999868218[39m,
  biomeTime: [33m141.8478999999934[39m,
  resourceTime: [33m0.13080000001355074[39m,
  structureTime: [33m0.06330000000889413[39m,
  riverTime: [33m0.006799999973736703[39m,
  totalTime: [33m142.66800000000512[39m
}
Chunk (2, -2) generation metrics: {
  terrainTime: [33m0.6110999999800697[39m,
  biomeTime: [33m146.17699999999604[39m,
  resourceTime: [33m0.1247000000148546[39m,
  structureTime: [33m0.07550000000628643[39m,
  riverTime: [33m0.005900000018300489[39m,
  totalTime: [33m147.01290000000154[39m
}
Chunk (-2, -1) generation metrics: {
  terrainTime: [33m1.1050999999861233[39m,
  biomeTime: [33m137.41159999999218[39m,
  resourceTime: [33m0.12289999998756684[39m,
  structureTime: [33m0.08420000001206063[39m,
  riverTime: [33m0.10959999999613501[39m,
  totalTime: [33m138.85560000000987[39m
}
Chunk (-1, -1) generation metrics: {
  terrainTime: [33m0.6258000000088941[39m,
  biomeTime: [33m150.15659999998752[39m,
  resourceTime: [33m0.13980000000447035[39m,
  structureTime: [33m0.061400000005960464[39m,
  riverTime: [33m0.10420000000158325[39m,
  totalTime: [33m151.10990000001038[39m
}
Chunk (0, -1) generation metrics: {
  terrainTime: [33m0.6186999999918044[39m,
  biomeTime: [33m153.83749999999418[39m,
  resourceTime: [33m0.1309999999939464[39m,
  structureTime: [33m0.060400000016670674[39m,
  riverTime: [33m0.006300000008195639[39m,
  totalTime: [33m154.67230000000563[39m
}
Chunk (1, -1) generation metrics: {
  terrainTime: [33m0.6266000000177883[39m,
  biomeTime: [33m166.49559999999474[39m,
  resourceTime: [33m0.11980000001494773[39m,
  structureTime: [33m0.06130000000121072[39m,
  riverTime: [33m0.03479999999399297[39m,
  totalTime: [33m167.36030000000028[39m
}
Chunk (2, -1) generation metrics: {
  terrainTime: [33m0.595900000014808[39m,
  biomeTime: [33m136.77309999999125[39m,
  resourceTime: [33m0.12950000001001172[39m,
  structureTime: [33m0.07850000000325963[39m,
  riverTime: [33m0.007000000012340024[39m,
  totalTime: [33m137.69030000001658[39m
}
Chunk (-2, 0) generation metrics: {
  terrainTime: [33m0.6217999999935273[39m,
  biomeTime: [33m152.69150000001537[39m,
  resourceTime: [33m0.1626000000105705[39m,
  structureTime: [33m0.09429999999701977[39m,
  riverTime: [33m0.04120000000693835[39m,
  totalTime: [33m153.6357999999891[39m
}
Chunk (-1, 0) generation metrics: {
  terrainTime: [33m0.7804999999934807[39m,
  biomeTime: [33m172.83379999999306[39m,
  resourceTime: [33m0.1270000000076834[39m,
  structureTime: [33m0.08139999999548309[39m,
  riverTime: [33m0.10670000000391155[39m,
  totalTime: [33m173.95430000001215[39m
}
Chunk (1, 0) generation metrics: {
  terrainTime: [33m0.6278999999922235[39m,
  biomeTime: [33m147.77680000002147[39m,
  resourceTime: [33m0.12179999999352731[39m,
  structureTime: [33m0.06450000000768341[39m,
  riverTime: [33m0.007000000012340024[39m,
  totalTime: [33m148.63689999998314[39m
}
Chunk (2, 0) generation metrics: {
  terrainTime: [33m0.5959999999904539[39m,
  biomeTime: [33m139.20450000002165[39m,
  resourceTime: [33m0.07050000000162981[39m,
  structureTime: [33m0.05779999998048879[39m,
  riverTime: [33m0.004899999999906868[39m,
  totalTime: [33m139.953600000008[39m
}
Chunk (-2, 1) generation metrics: {
  terrainTime: [33m0.39779999997699633[39m,
  biomeTime: [33m149.09739999999874[39m,
  resourceTime: [33m0.06859999999869615[39m,
  structureTime: [33m0.05719999998109415[39m,
  riverTime: [33m0.004800000024260953[39m,
  totalTime: [33m149.64379999999073[39m
}
Chunk (-1, 1) generation metrics: {
  terrainTime: [33m0.4092999999993481[39m,
  biomeTime: [33m160.16310000000522[39m,
  resourceTime: [33m0.11999999999534339[39m,
  structureTime: [33m0.06369999999878928[39m,
  riverTime: [33m0.0062000000034458935[39m,
  totalTime: [33m160.78119999999763[39m
}
Chunk (0, 1) generation metrics: {
  terrainTime: [33m0.5757000000157859[39m,
  biomeTime: [33m127.26430000000983[39m,
  resourceTime: [33m0.06909999999334104[39m,
  structureTime: [33m0.051500000001396984[39m,
  riverTime: [33m0.0046999999904073775[39m,
  totalTime: [33m127.98299999997835[39m
}
Chunk (1, 1) generation metrics: {
  terrainTime: [33m0.39270000002579764[39m,
  biomeTime: [33m170.49059999999008[39m,
  resourceTime: [33m0.12989999999990687[39m,
  structureTime: [33m0.06289999998989515[39m,
  riverTime: [33m0.0062000000034458935[39m,
  totalTime: [33m171.10469999999623[39m
}
Chunk (2, 1) generation metrics: {
  terrainTime: [33m0.5806000000156928[39m,
  biomeTime: [33m178.18459999997867[39m,
  resourceTime: [33m0.13029999998980202[39m,
  structureTime: [33m0.06950000001234002[39m,
  riverTime: [33m0.007599999982630834[39m,
  totalTime: [33m178.9935000000114[39m
}
Chunk (-2, 2) generation metrics: {
  terrainTime: [33m0.6151000000245403[39m,
  biomeTime: [33m192.05569999999716[39m,
  resourceTime: [33m0.11559999999008141[39m,
  structureTime: [33m0.07060000000637956[39m,
  riverTime: [33m0.005999999993946403[39m,
  totalTime: [33m192.88139999998384[39m
}
Chunk (-1, 2) generation metrics: {
  terrainTime: [33m0.6193000000203028[39m,
  biomeTime: [33m158.28330000001006[39m,
  resourceTime: [33m0.12630000000353903[39m,
  structureTime: [33m0.18690000000060536[39m,
  riverTime: [33m0.007500000006984919[39m,
  totalTime: [33m159.257099999988[39m
}
Chunk (0, 2) generation metrics: {
  terrainTime: [33m0.6209000000089873[39m,
  biomeTime: [33m152.43820000000414[39m,
  resourceTime: [33m0.146100000012666[39m,
  structureTime: [33m0.06210000001010485[39m,
  riverTime: [33m0.006099999998696148[39m,
  totalTime: [33m153.2943999999843[39m
}
Chunk (1, 2) generation metrics: {
  terrainTime: [33m0.6077999999979511[39m,
  biomeTime: [33m169.78599999999278[39m,
  resourceTime: [33m0.12369999999646097[39m,
  structureTime: [33m0.06349999998928979[39m,
  riverTime: [33m0.006699999998090789[39m,
  totalTime: [33m170.6064999999944[39m
}
Chunk (2, 2) generation metrics: {
  terrainTime: [33m0.6098000000056345[39m,
  biomeTime: [33m167.2939999999944[39m,
  resourceTime: [33m0.125[39m,
  structureTime: [33m0.06660000002011657[39m,
  riverTime: [33m0.03820000000996515[39m,
  totalTime: [33m168.1584000000148[39m
}
Loaded 24 chunks in 3702.10ms
DemoApp destroyed

[90mstdout[2m | demo/src/core/DemoApp.performance.test.ts[2m > [22m[2mDemoApp - Performance Testing[2m > [22m[2mOverall Performance Benchmarks[2m > [22m[2mshould meet all performance targets simultaneously[22m[39m
DemoApp initialized successfully
Chunk (-1, -1) generation metrics: {
  terrainTime: [33m0.6208000000042375[39m,
  biomeTime: [33m152.0411000000022[39m,
  resourceTime: [33m0.13450000001466833[39m,
  structureTime: [33m0.0771999999997206[39m,
  riverTime: [33m0.10589999999501742[39m,
  totalTime: [33m153.05629999999655[39m
}
Chunk (0, -1) generation metrics: {
  terrainTime: [33m0.631599999993341[39m,
  biomeTime: [33m157.3055999999924[39m,
  resourceTime: [33m0.10880000001634471[39m,
  structureTime: [33m0.12169999998877756[39m,
  riverTime: [33m0.006900000007590279[39m,
  totalTime: [33m158.23010000001523[39m
}
Chunk (1, -1) generation metrics: {
  terrainTime: [33m0.5878000000084285[39m,
  biomeTime: [33m161.42229999997653[39m,
  resourceTime: [33m0.12710000001243316[39m,
  structureTime: [33m0.05359999998472631[39m,
  riverTime: [33m0.036300000007031485[39m,
  totalTime: [33m162.24809999999707[39m
}
Chunk (-1, 0) generation metrics: {
  terrainTime: [33m0.6187000000209082[39m,
  biomeTime: [33m155.49840000001132[39m,
  resourceTime: [33m0.12679999999818392[39m,
  structureTime: [33m0.0776999999943655[39m,
  riverTime: [33m0.10269999998854473[39m,
  totalTime: [33m156.4433999999892[39m
}
Chunk (0, 0) generation metrics: {
  terrainTime: [33m0.5886999999929685[39m,
  biomeTime: [33m138.44039999999222[39m,
  resourceTime: [33m0.06990000000223517[39m,
  structureTime: [33m0.04890000002342276[39m,
  riverTime: [33m0.004199999995762482[39m,
  totalTime: [33m139.16719999999623[39m
}
Chunk (1, 0) generation metrics: {
  terrainTime: [33m0.47899999999208376[39m,
  biomeTime: [33m145.57029999999213[39m,
  resourceTime: [33m0.12640000000828877[39m,
  structureTime: [33m0.07389999998849817[39m,
  riverTime: [33m0.006399999983841553[39m,
  totalTime: [33m146.2782999999763[39m
}
Chunk (-1, 1) generation metrics: {
  terrainTime: [33m0.6124999999883585[39m,
  biomeTime: [33m145.42229999997653[39m,
  resourceTime: [33m0.1217000000178814[39m,
  structureTime: [33m0.07939999998779967[39m,
  riverTime: [33m0.007099999987985939[39m,
  totalTime: [33m146.26579999999376[39m
}
Chunk (0, 1) generation metrics: {
  terrainTime: [33m0.599900000001071[39m,
  biomeTime: [33m151.28800000000047[39m,
  resourceTime: [33m0.12339999998221174[39m,
  structureTime: [33m0.06539999999222346[39m,
  riverTime: [33m0.0062000000034458935[39m,
  totalTime: [33m152.10349999999744[39m
}
Chunk (1, 1) generation metrics: {
  terrainTime: [33m0.6077999999979511[39m,
  biomeTime: [33m135.52629999999772[39m,
  resourceTime: [33m0.07010000001173466[39m,
  structureTime: [33m0.04839999999967404[39m,
  riverTime: [33m0.004300000000512227[39m,
  totalTime: [33m136.27549999998882[39m
}
Loaded 9 chunks in 1351.82ms
DemoApp destroyed

[90mstderr[2m | demo/src/core/DemoApp.performance.test.ts[2m > [22m[2mDemoApp - Performance Testing[2m > [22m
[2mWorker Pool Performance[2m > [22m[2mshould improve throughput with worker pool[22m[39m
Failed to initialize Worker Pool, falling back to single-threaded: TypeError: globalThis.Worker is not a constructor
    at new WorkerPool [90m(C:\Intel\tQandtD\[39msrc\world\worker-pool.ts:89:22[90m)[39m
    at new ChunkManager [90m(C:\Intel\tQandtD\[39msrc\world\chunk-manager.ts:151:9[90m)[39m
    at DemoApp.updateEngineConfig [90m(C:\Intel\tQandtD\[39mdemo\src\core\DemoApp.ts:626:35[90m)[39m
    at [90mC:\Intel\tQandtD\[39mdemo\src\core\DemoApp.performance.test.ts:529:11
    at [90mfile:///C:/Intel/tQandtD/[39mnode_modules/[4m@vitest[24m/runner/dist/index.js:135:14
    at [90mfile:///C:/Intel/tQandtD/[39mnode_modules/[4m@vitest[24m/runner/dist/index.js:60:26
    at runTest [90m(file:///C:/Intel/tQandtD/[39mnode_modules/[4m@vitest[24m/runner/dist/index.js:781:17[90m)[
39m
    at runSuite [90m(file:///C:/Intel/tQandtD/[39mnode_modules/[4m@vitest[24m/runner/dist/index.js:909:15[90m)
[39m
    at runSuite [90m(file:///C:/Intel/tQandtD/[39mnode_modules/[4m@vitest[24m/runner/dist/index.js:909:15[90m)
[39m
    at runSuite [90m(file:///C:/Intel/tQandtD/[39mnode_modules/[4m@vitest[24m/runner/dist/index.js:909:15[90m)
[39m
Failed to initialize Worker Pool, falling back to single-threaded: TypeError: globalThis.Worker is not a constructor
    at new WorkerPool [90m(C:\Intel\tQandtD\[39msrc\world\worker-pool.ts:89:22[90m)[39m
    at new ChunkManager [90m(C:\Intel\tQandtD\[39msrc\world\chunk-manager.ts:151:9[90m)[39m
    at DemoApp.updateEngineConfig [90m(C:\Intel\tQandtD\[39mdemo\src\core\DemoApp.ts:626:35[90m)[39m
    at [90mC:\Intel\tQandtD\[39mdemo\src\core\DemoApp.performance.test.ts:546:11
    at runTest [90m(file:///C:/Intel/tQandtD/[39mnode_modules/[4m@vitest[24m/runner/dist/index.js:781:11[90m)[
39m
    at runSuite [90m(file:///C:/Intel/tQandtD/[39mnode_modules/[4m@vitest[24m/runner/dist/index.js:909:15[90m)
[39m
    at runSuite [90m(file:///C:/Intel/tQandtD/[39mnode_modules/[4m@vitest[24m/runner/dist/index.js:909:15[90m)
[39m
    at runSuite [90m(file:///C:/Intel/tQandtD/[39mnode_modules/[4m@vitest[24m/runner/dist/index.js:909:15[90m)
[39m
    at runFiles [90m(file:///C:/Intel/tQandtD/[39mnode_modules/[4m@vitest[24m/runner/dist/index.js:958:5[90m)[
39m
    at startTests [90m(file:///C:/Intel/tQandtD/[39mnode_modules/[4m@vitest[24m/runner/dist/index.js:967:3[90m)
[39m

 [32mтЬУ[39m demo/src/viewer/WorldViewer.river.test.ts [2m ([22m[2m8 tests[22m[2m)[22m[90m 87[2mms[22m[39m
[90mstdout[2m | demo/src/viewer/WorldViewer.river.test.ts[2m > [22m[2mWorldViewer - River Overlay Rendering[2m > [22m[2mshould create river layer as Three.js Group[22m[39m
WorldViewer initialized with free camera mode

[90mstdout[2m | demo/src/viewer/WorldViewer.river.test.ts[2m > [22m[2mWorldViewer - River Overlay Rendering[2m > [22m[2mshould render river segments as blue lines[22m[39m
WorldViewer initialized with free camera mode

[90mstdout[2m | demo/src/viewer/WorldViewer.river.test.ts[2m > [22m[2mWorldViewer - River Overlay Rendering[2m > [22m[2mshould support river visibility toggle[22m[39m
WorldViewer initialized with free camera mode

[90mstdout[2m | demo/src/viewer/WorldViewer.river.test.ts[2m > [22m[2mWorldViewer - River Overlay Rendering[2m > [22m[2mshould handle river visibility state when adding chunks[22m[39m
WorldViewer initialized with free camera mode

[90mstdout[2m | demo/src/viewer/WorldViewer.river.test.ts[2m > [22m[2mWorldViewer - River Overlay Rendering[2m > [22m[2mshould handle chunks without rivers gracefully[22m[39m
WorldViewer initialized with free camera mode

[90mstdout[2m | demo/src/viewer/WorldViewer.river.test.ts[2m > [22m[2mWorldViewer - River Overlay Rendering[2m > [22m[2mshould handle rivers with single point[22m[39m
WorldViewer initialized with free camera mode

[90mstdout[2m | demo/src/viewer/WorldViewer.river.test.ts[2m > [22m[2mWorldViewer - River Overlay Rendering[2m > [22m[2mshould properly dispose river layer when removing chunk[22m[39m
WorldViewer initialized with free camera mode

[90mstdout[2m | demo/src/viewer/WorldViewer.river.test.ts[2m > [22m[2mWorldViewer - River Overlay Rendering[2m > [22m[2mshould handle multiple chunks with rivers[22m[39m
WorldViewer initialized with free camera mode

 [32mтЬУ[39m demo/src/ui/ResponsiveLayout.integration.test.ts [2m ([22m[2m16 tests[22m[2m)[22m[90m 46[2mms[22m[39m
 [32mтЬУ[39m demo/src/viewer/WorldViewer.visibility.test.ts [2m ([22m[2m12 tests[22m[2m)[22m[90m 182[2mms[22m[39m
[90mstdout[2m | demo/src/viewer/WorldViewer.visibility.test.ts[2m > [22m[2mWorldViewer - Visibility Controls[2m > [22m[2mshould set terrain visibility[22m[39m
WorldViewer initialized with free camera mode

[90mstderr[2m | demo/src/viewer/WorldViewer.visibility.test.ts[2m > [22m[2mWorldViewer - Visibility Controls[2
m > [22m[2mshould set terrain visibility[22m[39m
Heightmap size mismatch! Expected 1089 (33x33), got 1024. Chunk: (0, 0), LOD: undefined

[90mstdout[2m | demo/src/viewer/WorldViewer.visibility.test.ts[2m > [22m[2mWorldViewer - Visibility Controls[2m > [22m[2mshould set biome visibility[22m[39m
WorldViewer initialized with free camera mode

[90mstderr[2m | demo/src/viewer/WorldViewer.visibility.test.ts[2m > [22m[2mWorldViewer - Visibility Controls[2
m > [22m[2mshould set biome visibility[22m[39m
Heightmap size mismatch! Expected 1089 (33x33), got 1024. Chunk: (0, 0), LOD: undefined

[90mstdout[2m | demo/src/viewer/WorldViewer.visibility.test.ts[2m > [22m[2mWorldViewer - Visibility Controls[2m > [22m[2mshould set river visibility[22m[39m
WorldViewer initialized with free camera mode

[90mstderr[2m | demo/src/viewer/WorldViewer.visibility.test.ts[2m > [22m[2mWorldViewer - Visibility Controls[2
m > [22m[2mshould set river visibility[22m[39m
Heightmap size mismatch! Expected 1089 (33x33), got 1024. Chunk: (0, 0), LOD: undefined

[90mstdout[2m | demo/src/viewer/WorldViewer.visibility.test.ts[2m > [22m[2mWorldViewer - Visibility Controls[2m > [22m[2mshould set resource visibility[22m[39m
WorldViewer initialized with free camera mode

[90mstderr[2m | demo/src/viewer/WorldViewer.visibility.test.ts[2m > [22m[2mWorldViewer - Visibility Controls[2
m > [22m[2mshould set resource visibility[22m[39m
Heightmap size mismatch! Expected 1089 (33x33), got 1024. Chunk: (0, 0), LOD: undefined

[90mstdout[2m | demo/src/viewer/WorldViewer.visibility.test.ts[2m > [22m[2mWorldViewer - Visibility Controls[2m > [22m[2mshould set structure visibility[22m[39m
WorldViewer initialized with free camera mode

[90mstderr[2m | demo/src/viewer/WorldViewer.visibility.test.ts[2m > [22m[2mWorldViewer - Visibility Controls[2
m > [22m[2mshould set structure visibility[22m[39m
Heightmap size mismatch! Expected 1089 (33x33), got 1024. Chunk: (0, 0), LOD: undefined

[90mstdout[2m | demo/src/viewer/WorldViewer.visibility.test.ts[2m > [22m[2mWorldViewer - Visibility Controls[2m > [22m[2mshould set chunk boundary visibility[22m[39m
WorldViewer initialized with free camera mode

[90mstderr[2m | demo/src/viewer/WorldViewer.visibility.test.ts[2m > [22m[2mWorldViewer - Visibility Controls[2
m > [22m[2mshould set chunk boundary visibility[22m[39m
Heightmap size mismatch! Expected 1089 (33x33), got 1024. Chunk: (0, 0), LOD: undefined

[90mstdout[2m | demo/src/viewer/WorldViewer.visibility.test.ts[2m > [22m[2mWorldViewer - Visibility Controls[2m > [22m[2mshould set wireframe mode[22m[39m
WorldViewer initialized with free camera mode

[90mstderr[2m | demo/src/viewer/WorldViewer.visibility.test.ts[2m > [22m[2mWorldViewer - Visibility Controls[2
m > [22m[2mshould set wireframe mode[22m[39m
Heightmap size mismatch! Expected 1089 (33x33), got 1024. Chunk: (0, 0), LOD: undefined

[90mstdout[2m | demo/src/viewer/WorldViewer.visibility.test.ts[2m > [22m[2mWorldViewer - Visibility Controls[2m > [22m[2mshould handle visibility changes on multiple chunks[22m[39m
WorldViewer initialized with free camera mode

[90mstderr[2m | demo/src/viewer/WorldViewer.visibility.test.ts[2m > [22m[2mWorldViewer - Visibility Controls[2
m > [22m[2mshould handle visibility changes on multiple chunks[22m[39m
Heightmap size mismatch! Expected 1089 (33x33), got 1024. Chunk: (0, 0), LOD: undefined
Heightmap size mismatch! Expected 1089 (33x33), got 1024. Chunk: (1, 0), LOD: undefined
Heightmap size mismatch! Expected 1089 (33x33), got 1024. Chunk: (0, 1), LOD: undefined

[90mstdout[2m | demo/src/viewer/WorldViewer.visibility.test.ts[2m > [22m[2mWorldViewer - Visibility Controls[2m > [22m[2mshould handle visibility changes when no chunks are loaded[22m[39m
WorldViewer initialized with free camera mode

[90mstdout[2m | demo/src/viewer/WorldViewer.visibility.test.ts[2m > [22m[2mWorldViewer - Visibility Controls[2m > [22m[2mshould complete visibility updates quickly[22m[39m
WorldViewer initialized with free camera mode

[90mstderr[2m | demo/src/viewer/WorldViewer.visibility.test.ts[2m > [22m[2mWorldViewer - Visibility Controls[2
m > [22m[2mshould complete visibility updates quickly[22m[39m
Heightmap size mismatch! Expected 1089 (33x33), got 1024. Chunk: (0, 0), LOD: undefined
Heightmap size mismatch! Expected 1089 (33x33), got 1024. Chunk: (0, 1), LOD: undefined
Heightmap size mismatch! Expected 1089 (33x33), got 1024. Chunk: (0, 2), LOD: undefined
Heightmap size mismatch! Expected 1089 (33x33), got 1024. Chunk: (0, 3), LOD: undefined
Heightmap size mismatch! Expected 1089 (33x33), got 1024. Chunk: (0, 4), LOD: undefined
Heightmap size mismatch! Expected 1089 (33x33), got 1024. Chunk: (1, 0), LOD: undefined
Heightmap size mismatch! Expected 1089 (33x33), got 1024. Chunk: (1, 1), LOD: undefined
Heightmap size mismatch! Expected 1089 (33x33), got 1024. Chunk: (1, 2), LOD: undefined
Heightmap size mismatch! Expected 1089 (33x33), got 1024. Chunk: (1, 3), LOD: undefined
Heightmap size mismatch! Expected 1089 (33x33), got 1024. Chunk: (1, 4), LOD: undefined
Heightmap size mismatch! Expected 1089 (33x33), got 1024. Chunk: (2, 0), LOD: undefined
Heightmap size mismatch! Expected 1089 (33x33), got 1024. Chunk: (2, 1), LOD: undefined
Heightmap size mismatch! Expected 1089 (33x33), got 1024. Chunk: (2, 2), LOD: undefined
Heightmap size mismatch! Expected 1089 (33x33), got 1024. Chunk: (2, 3), LOD: undefined
Heightmap size mismatch! Expected 1089 (33x33), got 1024. Chunk: (2, 4), LOD: undefined
Heightmap size mismatch! Expected 1089 (33x33), got 1024. Chunk: (3, 0), LOD: undefined
Heightmap size mismatch! Expected 1089 (33x33), got 1024. Chunk: (3, 1), LOD: undefined
Heightmap size mismatch! Expected 1089 (33x33), got 1024. Chunk: (3, 2), LOD: undefined
Heightmap size mismatch! Expected 1089 (33x33), got 1024. Chunk: (3, 3), LOD: undefined
Heightmap size mismatch! Expected 1089 (33x33), got 1024. Chunk: (3, 4), LOD: undefined
Heightmap size mismatch! Expected 1089 (33x33), got 1024. Chunk: (4, 0), LOD: undefined
Heightmap size mismatch! Expected 1089 (33x33), got 1024. Chunk: (4, 1), LOD: undefined
Heightmap size mismatch! Expected 1089 (33x33), got 1024. Chunk: (4, 2), LOD: undefined
Heightmap size mismatch! Expected 1089 (33x33), got 1024. Chunk: (4, 3), LOD: undefined
Heightmap size mismatch! Expected 1089 (33x33), got 1024. Chunk: (4, 4), LOD: undefined

[90mstderr[2m | demo/src/viewer/WorldViewer.visibility.test.ts[2m > [22m[2mWorldViewer - Visibility Controls[2
m > [22m[2mshould handle rapid visibility toggles[22m[39m
Heightmap size mismatch! Expected 1089 (33x33), got 1024. Chunk: (0, 0), LOD: undefined

[90mstdout[2m | demo/src/viewer/WorldViewer.visibility.test.ts[2m > [22m[2mWorldViewer - Visibility Controls[2m > [22m[2mshould handle rapid visibility toggles[22m[39m
WorldViewer initialized with free camera mode

[90mstdout[2m | demo/src/viewer/WorldViewer.visibility.test.ts[2m > [22m[2mWorldViewer - Visibility Controls[2m > [22m[2mshould maintain visibility state when adding new chunks[22m[39m
WorldViewer initialized with free camera mode

[90mstderr[2m | demo/src/viewer/WorldViewer.visibility.test.ts[2m > [22m[2mWorldViewer - Visibility Controls[2
m > [22m[2mshould maintain visibility state when adding new chunks[22m[39m
Heightmap size mismatch! Expected 1089 (33x33), got 1024. Chunk: (0, 0), LOD: undefined

 [32mтЬУ[39m demo/src/ui/ControlPanel.worker.test.ts [2m ([22m[2m16 tests[22m[2m)[22m[33m 632[2mms[22m[39m
 [32mтЬУ[39m demo/src/ui/WorldManager.integration.test.ts [2m ([22m[2m10 tests[22m[2m)[22m[33m 19675[2mms[22m[39m
[90mstdout[2m | demo/src/ui/WorldManager.integration.test.ts[2m > [22m[2mWorldManager Save/Load Integration Tests[2m > [22m[2mJSON format save/load cycle[2m > [22m[2mshould generate, save JSON, clear, load, and verify identical world[22m[39m
DemoApp initialized successfully
WorldManager initialized
Chunk (-1, -1) generation metrics: {
  terrainTime: [33m11.373299999977462[39m,
  biomeTime: [33m221.46280000000843[39m,
  resourceTime: [33m2.0045999999856576[39m,
  structureTime: [33m1.4447999999974854[39m,
  riverTime: [33m1.1472000000067055[39m,
  totalTime: [33m237.67979999998352[39m
}
Chunk (0, -1) generation metrics: {
  terrainTime: [33m0.9598999999871012[39m,
  biomeTime: [33m177.4030999999959[39m,
  resourceTime: [33m0.5982000000076368[39m,
  structureTime: [33m0.15120000002207235[39m,
  riverTime: [33m0.02039999997941777[39m,
  totalTime: [33m179.194599999988[39m
}
Chunk (1, -1) generation metrics: {
  terrainTime: [33m1.7200000000011642[39m,
  biomeTime: [33m167.06550000002608[39m,
  resourceTime: [33m0.28229999999166466[39m,
  structureTime: [33m0.11710000000311993[39m,
  riverTime: [33m0.24980000001960434[39m,
  totalTime: [33m169.5838999999978[39m
}
Chunk (-1, 0) generation metrics: {
  terrainTime: [33m0.7643000000098255[39m,
  biomeTime: [33m156.82699999999022[39m,
  resourceTime: [33m0.14089999999850988[39m,
  structureTime: [33m0.20189999998547137[39m,
  riverTime: [33m0.3344000000215601[39m,
  totalTime: [33m158.32719999999972[39m
}
Chunk (0, 0) generation metrics: {
  terrainTime: [33m0.7850000000034925[39m,
  biomeTime: [33m161.36699999999837[39m,
  resourceTime: [33m0.13580000001820736[39m,
  structureTime: [33m0.2776000000012573[39m,
  riverTime: [33m0.017900000006193295[39m,
  totalTime: [33m162.62899999998626[39m
}
Chunk (1, 0) generation metrics: {
  terrainTime: [33m0.7705000000132713[39m,
  biomeTime: [33m146.94999999998254[39m,
  resourceTime: [33m0.13979999997536652[39m,
  structureTime: [33m0.23099999999976717[39m,
  riverTime: [33m0.01780000000144355[39m,
  totalTime: [33m148.1548999999941[39m
}
Chunk (-1, 1) generation metrics: {
  terrainTime: [33m0.8254000000015367[39m,
  biomeTime: [33m159.96210000000428[39m,
  resourceTime: [33m0.1282999999821186[39m,
  structureTime: [33m0.09890000001178123[39m,
  riverTime: [33m0.016499999997904524[39m,
  totalTime: [33m161.07690000001458[39m
}
Chunk (0, 1) generation metrics: {
  terrainTime: [33m0.8505000000004657[39m,
  biomeTime: [33m155.87910000002012[39m,
  resourceTime: [33m0.15109999998821877[39m,
  structureTime: [33m0.11890000000130385[39m,
  riverTime: [33m0.01879999999073334[39m,
  totalTime: [33m157.06579999998212[39m
}
Chunk (1, 1) generation metrics: {
  terrainTime: [33m1.2225000000034925[39m,
  biomeTime: [33m192.0219999999972[39m,
  resourceTime: [33m0.13759999998728745[39m,
  structureTime: [33m0.13280000002123415[39m,
  riverTime: [33m0.017099999997299165[39m,
  totalTime: [33m193.59519999998156[39m
}
Loaded 9 chunks in 1572.87ms
World generated with seed: 12345
Chunk (-1, -1) generation metrics: {
  terrainTime: [33m0.6357000000134576[39m,
  biomeTime: [33m147.1241999999911[39m,
  resourceTime: [33m0.14859999998589046[39m,
  structureTime: [33m0.08779999997932464[39m,
  riverTime: [33m0.020200000028125942[39m,
  totalTime: [33m148.09909999999218[39m
}
Chunk (0, -1) generation metrics: {
  terrainTime: [33m0.6119999999937136[39m,
  biomeTime: [33m146.79230000000098[39m,
  resourceTime: [33m0.12930000000051223[39m,
  structureTime: [33m0.07980000000679865[39m,
  riverTime: [33m0.05239999998593703[39m,
  totalTime: [33m147.68510000000242[39m
}
Chunk (1, -1) generation metrics: {
  terrainTime: [33m0.6054000000003725[39m,
  biomeTime: [33m143.67859999998473[39m,
  resourceTime: [33m0.07349999999860302[39m,
  structureTime: [33m0.05659999998169951[39m,
  riverTime: [33m0.010000000009313226[39m,
  totalTime: [33m144.44310000000405[39m
}
Chunk (-1, 0) generation metrics: {
  terrainTime: [33m0.39809999999124557[39m,
  biomeTime: [33m145.42909999997937[39m,
  resourceTime: [33m0.07329999998910353[39m,
  structureTime: [33m0.055699999997159466[39m,
  riverTime: [33m0.00909999999566935[39m,
  totalTime: [33m145.97929999997723[39m
}
Chunk (0, 0) generation metrics: {
  terrainTime: [33m0.4282999999995809[39m,
  biomeTime: [33m144.32730000000447[39m,
  resourceTime: [33m0.07959999999729916[39m,
  structureTime: [33m0.20730000000912696[39m,
  riverTime: [33m0.022100000001955777[39m,
  totalTime: [33m145.0807999999961[39m
}
Chunk (1, 0) generation metrics: {
  terrainTime: [33m0.647099999972852[39m,
  biomeTime: [33m143.93339999997988[39m,
  resourceTime: [33m0.1300000000046566[39m,
  structureTime: [33m0.0771999999997206[39m,
  riverTime: [33m0.19909999999799766[39m,
  totalTime: [33m145.0065000000177[39m
}
Chunk (-1, 1) generation metrics: {
  terrainTime: [33m0.6058999999950174[39m,
  biomeTime: [33m161.449500000017[39m,
  resourceTime: [33m0.12979999999515712[39m,
  structureTime: [33m0.07790000000386499[39m,
  riverTime: [33m0.015200000023469329[39m,
  totalTime: [33m162.29980000000796[39m
}
Chunk (0, 1) generation metrics: {
  terrainTime: [33m0.5846000000019558[39m,
  biomeTime: [33m167.9310000000114[39m,
  resourceTime: [33m0.13439999998081475[39m,
  structureTime: [33m0.07749999998486601[39m,
  riverTime: [33m0.015299999999115244[39m,
  totalTime: [33m168.75889999998617[39m
}
Chunk (1, 1) generation metrics: {
  terrainTime: [33m0.5442000000039116[39m,
  biomeTime: [33m168.73609999998007[39m,
  resourceTime: [33m0.07620000001043081[39m,
  structureTime: [33m0.05830000000423752[39m,
  riverTime: [33m0.2111999999906402[39m,
  totalTime: [33m169.64180000001215[39m
}
Loaded 9 chunks in 1379.48ms
World generated with seed: 99999
DemoApp destroyed
WorldManager disposed

[90mstdout[2m | demo/src/ui/WorldManager.integration.test.ts[2m > [22m[2mWorldManager Save/Load Integration Tests[2m > [22m[2mJSON format save/load cycle[2m > [22m[2mshould preserve world with compression enabled[22m[39m
DemoApp initialized successfully
WorldManager initialized
Chunk (-1, -1) generation metrics: {
  terrainTime: [33m0.6143999999912921[39m,
  biomeTime: [33m185.63250000000698[39m,
  resourceTime: [33m0.14300000001094304[39m,
  structureTime: [33m0.08070000002044253[39m,
  riverTime: [33m0.22349999999278225[39m,
  totalTime: [33m186.71319999999832[39m
}
Chunk (0, -1) generation metrics: {
  terrainTime: [33m0.6061000000045169[39m,
  biomeTime: [33m191.8856000000087[39m,
  resourceTime: [33m0.14539999997941777[39m,
  structureTime: [33m0.0981000000028871[39m,
  riverTime: [33m0.011499999993247911[39m,
  totalTime: [33m192.76390000001993[39m
}
Chunk (1, -1) generation metrics: {
  terrainTime: [33m0.5100999999849591[39m,
  biomeTime: [33m171.0356000000029[39m,
  resourceTime: [33m0.29090000002179295[39m,
  structureTime: [33m0.08929999999236315[39m,
  riverTime: [33m0.01780000000144355[39m,
  totalTime: [33m171.960699999996[39m
}
Chunk (-1, 0) generation metrics: {
  terrainTime: [33m0.6585000000195578[39m,
  biomeTime: [33m153.12140000000363[39m,
  resourceTime: [33m0.14499999998952262[39m,
  structureTime: [33m0.07670000000507571[39m,
  riverTime: [33m0.1999000000068918[39m,
  totalTime: [33m154.22329999998328[39m
}
Chunk (0, 0) generation metrics: {
  terrainTime: [33m0.6283999999868684[39m,
  biomeTime: [33m154.92780000000494[39m,
  resourceTime: [33m0.13240000000223517[39m,
  structureTime: [33m0.07959999999729916[39m,
  riverTime: [33m0.015500000008614734[39m,
  totalTime: [33m155.8007000000216[39m
}
Chunk (1, 0) generation metrics: {
  terrainTime: [33m0.6014000000141095[39m,
  biomeTime: [33m138.79219999999623[39m,
  resourceTime: [33m0.12780000001657754[39m,
  structureTime: [33m0.07150000002002344[39m,
  riverTime: [33m0.01580000002286397[39m,
  totalTime: [33m139.6259999999893[39m
}
Chunk (-1, 1) generation metrics: {
  terrainTime: [33m0.6032000000122935[39m,
  biomeTime: [33m164.36509999999544[39m,
  resourceTime: [33m0.11269999999785796[39m,
  structureTime: [33m0.10749999998370185[39m,
  riverTime: [33m0.02530000000842847[39m,
  totalTime: [33m165.23319999998785[39m
}
Chunk (0, 1) generation metrics: {
  terrainTime: [33m0.6260999999940395[39m,
  biomeTime: [33m163.3680999999924[39m,
  resourceTime: [33m0.13790000000153668[39m,
  structureTime: [33m0.07589999999618158[39m,
  riverTime: [33m0.030800000007729977[39m,
  totalTime: [33m164.2603999999992[39m
}
Chunk (1, 1) generation metrics: {
  terrainTime: [33m0.6275000000023283[39m,
  biomeTime: [33m152.5456000000122[39m,
  resourceTime: [33m0.13930000000982545[39m,
  structureTime: [33m0.1342000000004191[39m,
  riverTime: [33m0.015499999979510903[39m,
  totalTime: [33m153.47999999998137[39m
}
Loaded 9 chunks in 1486.08ms
World generated with seed: 54321
DemoApp destroyed
WorldManager disposed

[90mstdout[2m | demo/src/ui/WorldManager.integration.test.ts[2m > [22m[2mWorldManager Save/Load Integration Tests[2m > [22m[2mBinary format save/load cycle[2m > [22m[2mshould generate, save binary, clear, load, and verify identical world[22m[39m
DemoApp initialized successfully
WorldManager initialized
Chunk (-1, -1) generation metrics: {
  terrainTime: [33m0.6977999999944586[39m,
  biomeTime: [33m172.80300000001444[39m,
  resourceTime: [33m0.12650000001303852[39m,
  structureTime: [33m0.08120000001508743[39m,
  riverTime: [33m0.017499999987194315[39m,
  totalTime: [33m173.74480000001495[39m
}
Chunk (0, -1) generation metrics: {
  terrainTime: [33m0.608700000011595[39m,
  biomeTime: [33m142.93379999999888[39m,
  resourceTime: [33m0.13060000000405125[39m,
  structureTime: [33m0.06859999999869615[39m,
  riverTime: [33m0.01660000000265427[39m,
  totalTime: [33m143.7782999999763[39m
}
Chunk (1, -1) generation metrics: {
  terrainTime: [33m0.5867999999900348[39m,
  biomeTime: [33m154.87900000001537[39m,
  resourceTime: [33m0.119299999991199[39m,
  structureTime: [33m0.10899999999674037[39m,
  riverTime: [33m0.015400000003864989[39m,
  totalTime: [33m155.72870000000694[39m
}
Chunk (-1, 0) generation metrics: {
  terrainTime: [33m0.5745000000169966[39m,
  biomeTime: [33m134.02780000001076[39m,
  resourceTime: [33m0.11890000000130385[39m,
  structureTime: [33m0.07639999999082647[39m,
  riverTime: [33m0.14000000001396984[39m,
  totalTime: [33m134.95739999998477[39m
}
Chunk (0, 0) generation metrics: {
  terrainTime: [33m0.9297999999835156[39m,
  biomeTime: [33m147.49629999999888[39m,
  resourceTime: [33m0.07620000001043081[39m,
  structureTime: [33m0.06019999997806735[39m,
  riverTime: [33m0.07110000000102445[39m,
  totalTime: [33m148.65300000002026[39m
}
Chunk (1, 0) generation metrics: {
  terrainTime: [33m0.5548000000126194[39m,
  biomeTime: [33m155.75260000000708[39m,
  resourceTime: [33m0.07509999998728745[39m,
  structureTime: [33m0.05220000000554137[39m,
  riverTime: [33m0.01009999998495914[39m,
  totalTime: [33m156.46220000000903[39m
}
Chunk (-1, 1) generation metrics: {
  terrainTime: [33m0.4175000000104774[39m,
  biomeTime: [33m146.60399999999208[39m,
  resourceTime: [33m0.13589999999385327[39m,
  structureTime: [33m0.0776999999943655[39m,
  riverTime: [33m0.11419999998179264[39m,
  totalTime: [33m147.36759999999776[39m
}
Chunk (0, 1) generation metrics: {
  terrainTime: [33m0.6177000000025146[39m,
  biomeTime: [33m165.6938000000082[39m,
  resourceTime: [33m0.13820000001578592[39m,
  structureTime: [33m0.1080999999830965[39m,
  riverTime: [33m0.015100000018719584[39m,
  totalTime: [33m166.59430000002612[39m
}
Chunk (1, 1) generation metrics: {
  terrainTime: [33m0.614000000001397[39m,
  biomeTime: [33m174.51170000000275[39m,
  resourceTime: [33m0.13059999997494742[39m,
  structureTime: [33m0.08589999997639097[39m,
  riverTime: [33m0.013999999995576218[39m,
  totalTime: [33m175.37750000000233[39m
}
Loaded 9 chunks in 1404.31ms
World generated with seed: 67890
Chunk (-1, -1) generation metrics: {
  terrainTime: [33m0.5304000000178348[39m,
  biomeTime: [33m165.80569999999716[39m,
  resourceTime: [33m0.13350000002537854[39m,
  structureTime: [33m0.0799000000115484[39m,
  riverTime: [33m0.22319999997853301[39m,
  totalTime: [33m166.79219999999623[39m
}
Chunk (0, -1) generation metrics: {
  terrainTime: [33m0.6154999999853317[39m,
  biomeTime: [33m156.70900000000256[39m,
  resourceTime: [33m0.1381999999866821[39m,
  structureTime: [33m0.0754999999771826[39m,
  riverTime: [33m0.19560000000637956[39m,
  totalTime: [33m157.75159999998868[39m
}
Chunk (1, -1) generation metrics: {
  terrainTime: [33m0.6245000000053551[39m,
  biomeTime: [33m203.41359999999986[39m,
  resourceTime: [33m0.15229999998700805[39m,
  structureTime: [33m0.08580000000074506[39m,
  riverTime: [33m0.01660000000265427[39m,
  totalTime: [33m204.3132999999798[39m
}
Chunk (-1, 0) generation metrics: {
  terrainTime: [33m0.7220999999844935[39m,
  biomeTime: [33m164.1264000000083[39m,
  resourceTime: [33m0.1451999999990221[39m,
  structureTime: [33m0.08840000000782311[39m,
  riverTime: [33m0.017300000006798655[39m,
  totalTime: [33m165.11939999999595[39m
}
Chunk (0, 0) generation metrics: {
  terrainTime: [33m0.6601000000082422[39m,
  biomeTime: [33m139.88159999999334[39m,
  resourceTime: [33m0.12460000001010485[39m,
  structureTime: [33m0.22270000001299195[39m,
  riverTime: [33m0.015400000003864989[39m,
  totalTime: [33m140.92440000001807[39m
}
Chunk (1, 0) generation metrics: {
  terrainTime: [33m0.5935999999928754[39m,
  biomeTime: [33m132.2713999999978[39m,
  resourceTime: [33m0.1282000000064727[39m,
  structureTime: [33m0.07589999999618158[39m,
  riverTime: [33m0.015400000003864989[39m,
  totalTime: [33m133.10190000000875[39m
}
Chunk (-1, 1) generation metrics: {
  terrainTime: [33m0.5953999999910593[39m,
  biomeTime: [33m145.04290000000037[39m,
  resourceTime: [33m0.12719999998807907[39m,
  structureTime: [33m0.06990000000223517[39m,
  riverTime: [33m0.014800000004470348[39m,
  totalTime: [33m145.8685000000114[39m
}
Chunk (0, 1) generation metrics: {
  terrainTime: [33m0.6141999999817926[39m,
  biomeTime: [33m150.98989999998594[39m,
  resourceTime: [33m0.07279999999445863[39m,
  structureTime: [33m0.08699999999953434[39m,
  riverTime: [33m0.00889999998616986[39m,
  totalTime: [33m151.78979999999865[39m
}
Chunk (1, 1) generation metrics: {
  terrainTime: [33m0.6890999999886844[39m,
  biomeTime: [33m154.7658999999985[39m,
  resourceTime: [33m0.13599999999860302[39m,
  structureTime: [33m0.07440000001224689[39m,
  riverTime: [33m0.05420000001322478[39m,
  totalTime: [33m155.73559999998542[39m
}
Loaded 9 chunks in 1423.17ms
World generated with seed: 11111
DemoApp destroyed
WorldManager disposed

[90mstdout[2m | demo/src/ui/WorldManager.integration.test.ts[2m > [22m[2mWorldManager Save/Load Integration Tests[2m > [22m[2mBinary format save/load cycle[2m > [22m[2mshould preserve world with binary compression[22m[39m
DemoApp initialized successfully
WorldManager initialized
Chunk (-1, -1) generation metrics: {
  terrainTime: [33m0.6264000000082888[39m,
  biomeTime: [33m154.01559999998426[39m,
  resourceTime: [33m0.14379999999073334[39m,
  structureTime: [33m0.07850000000325963[39m,
  riverTime: [33m0.015400000003864989[39m,
  totalTime: [33m154.90030000000843[39m
}
Chunk (0, -1) generation metrics: {
  terrainTime: [33m0.4149000000033993[39m,
  biomeTime: [33m149.40770000001066[39m,
  resourceTime: [33m0.1342000000004191[39m,
  structureTime: [33m0.07610000000568107[39m,
  riverTime: [33m0.03150000001187436[39m,
  totalTime: [33m150.08129999999073[39m
}
Chunk (1, -1) generation metrics: {
  terrainTime: [33m0.7294000000110827[39m,
  biomeTime: [33m158.96189999999478[39m,
  resourceTime: [33m0.13539999999920838[39m,
  structureTime: [33m0.08380000002216548[39m,
  riverTime: [33m0.016100000008009374[39m,
  totalTime: [33m159.94819999998435[39m
}
Chunk (-1, 0) generation metrics: {
  terrainTime: [33m0.6261999999987893[39m,
  biomeTime: [33m159.46300000001793[39m,
  resourceTime: [33m0.1456000000180211[39m,
  structureTime: [33m0.07480000000214204[39m,
  riverTime: [33m0.014500000019324943[39m,
  totalTime: [33m160.34389999997802[39m
}
Chunk (0, 0) generation metrics: {
  terrainTime: [33m0.6330000000016298[39m,
  biomeTime: [33m154.324099999998[39m,
  resourceTime: [33m0.1735999999800697[39m,
  structureTime: [33m0.09390000000712462[39m,
  riverTime: [33m0.018899999995483086[39m,
  totalTime: [33m155.2632000000158[39m
}
Chunk (1, 0) generation metrics: {
  terrainTime: [33m0.6144999999960419[39m,
  biomeTime: [33m161.1998999999778[39m,
  resourceTime: [33m0.15979999999399297[39m,
  structureTime: [33m0.08979999998700805[39m,
  riverTime: [33m0.16329999998561107[39m,
  totalTime: [33m162.24650000000838[39m
}
Chunk (-1, 1) generation metrics: {
  terrainTime: [33m0.7397999999811873[39m,
  biomeTime: [33m184.39550000001327[39m,
  resourceTime: [33m0.15619999999762513[39m,
  structureTime: [33m0.0866999999852851[39m,
  riverTime: [33m0.01600000000325963[39m,
  totalTime: [33m185.41720000002533[39m
}
Chunk (0, 1) generation metrics: {
  terrainTime: [33m0.6638999999850057[39m,
  biomeTime: [33m166.15989999999874[39m,
  resourceTime: [33m0.13259999998263083[39m,
  structureTime: [33m0.07759999998961575[39m,
  riverTime: [33m0.013800000015180558[39m,
  totalTime: [33m167.0679999999993[39m
}
Chunk (1, 1) generation metrics: {
  terrainTime: [33m0.6125999999931082[39m,
  biomeTime: [33m145.6066999999748[39m,
  resourceTime: [33m0.11940000002505258[39m,
  structureTime: [33m0.07329999998910353[39m,
  riverTime: [33m0.15150000000721775[39m,
  totalTime: [33m146.58189999999013[39m
}
Loaded 9 chunks in 1443.58ms
World generated with seed: 99999
DemoApp destroyed
WorldManager disposed

[90mstdout[2m | demo/src/ui/WorldManager.integration.test.ts[2m > [22m[2mWorldManager Save/Load Integration Tests[2m > [22m[2mSave/load with modifications[2m > [22m[2mshould preserve terrain modifications through save/load cycle[22m[39m
DemoApp initialized successfully
WorldManager initialized
Chunk (-1, -1) generation metrics: {
  terrainTime: [33m0.5693000000028405[39m,
  biomeTime: [33m153.9700999999768[39m,
  resourceTime: [33m0.1304999999993015[39m,
  structureTime: [33m0.08009999999194406[39m,
  riverTime: [33m0.21820000000298023[39m,
  totalTime: [33m154.9890000000014[39m
}
Chunk (0, -1) generation metrics: {
  terrainTime: [33m0.48670000000856817[39m,
  biomeTime: [33m149.20920000001206[39m,
  resourceTime: [33m1.0414000000164378[39m,
  structureTime: [33m0.0776999999943655[39m,
  riverTime: [33m0.17319999999017455[39m,
  totalTime: [33m151.01440000001458[39m
}
Chunk (1, -1) generation metrics: {
  terrainTime: [33m0.572199999995064[39m,
  biomeTime: [33m163.32789999997476[39m,
  resourceTime: [33m0.1371999999973923[39m,
  structureTime: [33m0.08079999999608845[39m,
  riverTime: [33m0.01799999998183921[39m,
  totalTime: [33m164.15320000000065[39m
}
Chunk (-1, 0) generation metrics: {
  terrainTime: [33m1.276899999997113[39m,
  biomeTime: [33m152.07850000000326[39m,
  resourceTime: [33m0.13080000001355074[39m,
  structureTime: [33m0.07879999998840503[39m,
  riverTime: [33m0.014999999984866008[39m,
  totalTime: [33m153.5976999999839[39m
}
Chunk (0, 0) generation metrics: {
  terrainTime: [33m0.6119999999937136[39m,
  biomeTime: [33m145.98240000000806[39m,
  resourceTime: [33m0.1252999999851454[39m,
  structureTime: [33m0.10289999999804422[39m,
  riverTime: [33m0.013499999971827492[39m,
  totalTime: [33m146.85599999999977[39m
}
Chunk (1, 0) generation metrics: {
  terrainTime: [33m0.6076999999932013[39m,
  biomeTime: [33m165.8733999999822[39m,
  resourceTime: [33m0.13329999998677522[39m,
  structureTime: [33m0.0709000000206288[39m,
  riverTime: [33m0.03299999999580905[39m,
  totalTime: [33m166.73649999999907[39m
}
Chunk (-1, 1) generation metrics: {
  terrainTime: [33m0.6256999999750406[39m,
  biomeTime: [33m151.89560000001802[39m,
  resourceTime: [33m0.12340000001131557[39m,
  structureTime: [33m0.05619999999180436[39m,
  riverTime: [33m0.01029999999445863[39m,
  totalTime: [33m152.74010000002454[39m
}
Chunk (0, 1) generation metrics: {
  terrainTime: [33m0.39480000000912696[39m,
  biomeTime: [33m152.47179999999935[39m,
  resourceTime: [33m0.1426999999966938[39m,
  structureTime: [33m0.10569999998551793[39m,
  riverTime: [33m0.015099999989615753[39m,
  totalTime: [33m153.14550000001327[39m
}
Chunk (1, 1) generation metrics: {
  terrainTime: [33m0.6220999999786727[39m,
  biomeTime: [33m166.13329999998678[39m,
  resourceTime: [33m0.13029999998980202[39m,
  structureTime: [33m0.08030000000144355[39m,
  riverTime: [33m0.06570000000647269[39m,
  totalTime: [33m167.04850000000442[39m
}
Loaded 9 chunks in 1412.60ms
World generated with seed: 11111
DemoApp destroyed
WorldManager disposed

[90mstdout[2m | demo/src/ui/WorldManager.integration.test.ts[2m > [22m[2mWorldManager Save/Load Integration Tests[2m > [22m[2mSave/load with modifications[2m > [22m[2mshould preserve structure modifications through save/load cycle[22m[39m
DemoApp initialized successfully
WorldManager initialized
Chunk (-1, -1) generation metrics: {
  terrainTime: [33m0.6156999999948312[39m,
  biomeTime: [33m148.27040000000852[39m,
  resourceTime: [33m0.13790000000153668[39m,
  structureTime: [33m0.07399999999324791[39m,
  riverTime: [33m0.015400000003864989[39m,
  totalTime: [33m149.13390000001527[39m
}
Chunk (0, -1) generation metrics: {
  terrainTime: [33m0.6434000000008382[39m,
  biomeTime: [33m156.15260000000126[39m,
  resourceTime: [33m0.14170000000740401[39m,
  structureTime: [33m0.07829999999376014[39m,
  riverTime: [33m0.36989999999059364[39m,
  totalTime: [33m157.4039000000048[39m
}
Chunk (1, -1) generation metrics: {
  terrainTime: [33m0.6221000000077765[39m,
  biomeTime: [33m138.12129999999888[39m,
  resourceTime: [33m0.1334999999962747[39m,
  structureTime: [33m0.07529999999678694[39m,
  riverTime: [33m0.17319999999017455[39m,
  totalTime: [33m139.1469999999972[39m
}
Chunk (-1, 0) generation metrics: {
  terrainTime: [33m0.6321999999927357[39m,
  biomeTime: [33m169.992900000012[39m,
  resourceTime: [33m0.130700000008801[39m,
  structureTime: [33m0.0769000000145752[39m,
  riverTime: [33m0.015899999998509884[39m,
  totalTime: [33m170.89559999998892[39m
}
Chunk (0, 0) generation metrics: {
  terrainTime: [33m0.6363000000128523[39m,
  biomeTime: [33m145.84469999998691[39m,
  resourceTime: [33m0.14160000000265427[39m,
  structureTime: [33m0.07669999997597188[39m,
  riverTime: [33m0.22520000001532026[39m,
  totalTime: [33m146.94160000002012[39m
}
Chunk (1, 0) generation metrics: {
  terrainTime: [33m0.6141000000061467[39m,
  biomeTime: [33m137.87489999999525[39m,
  resourceTime: [33m0.1312000000034459[39m,
  structureTime: [33m0.08060000001569279[39m,
  riverTime: [33m0.073900000017602[39m,
  totalTime: [33m138.79290000000037[39m
}
Chunk (-1, 1) generation metrics: {
  terrainTime: [33m0.6103999999759253[39m,
  biomeTime: [33m157.62189999999828[39m,
  resourceTime: [33m0.1312000000034459[39m,
  structureTime: [33m0.07459999999264255[39m,
  riverTime: [33m0.014699999999720603[39m,
  totalTime: [33m158.47259999997914[39m
}
Chunk (0, 1) generation metrics: {
  terrainTime: [33m0.5932000000029802[39m,
  biomeTime: [33m154.22929999997723[39m,
  resourceTime: [33m0.11810000002151355[39m,
  structureTime: [33m0.1033000000170432[39m,
  riverTime: [33m0.015699999989010394[39m,
  totalTime: [33m155.0789999999979[39m
}
Chunk (1, 1) generation metrics: {
  terrainTime: [33m0.6245000000053551[39m,
  biomeTime: [33m164.9776000000129[39m,
  resourceTime: [33m0.1316999999980908[39m,
  structureTime: [33m0.10829999999259599[39m,
  riverTime: [33m0.014699999999720603[39m,
  totalTime: [33m165.88159999999334[39m
}
Loaded 9 chunks in 1383.66ms
World generated with seed: 33333
DemoApp destroyed
WorldManager disposed

[90mstdout[2m | demo/src/ui/WorldManager.integration.test.ts[2m > [22m[2mWorldManager Save/Load Integration Tests[2m > [22m[2mModifiedOnly option[2m > [22m[2mshould only save modified chunks when modifiedOnly is true[22m[39m
DemoApp initialized successfully
WorldManager initialized
Chunk (-1, -1) generation metrics: {
  terrainTime: [33m0.6190000000060536[39m,
  biomeTime: [33m172.7844000000041[39m,
  resourceTime: [33m0.18029999997816049[39m,
  structureTime: [33m0.10839999999734573[39m,
  riverTime: [33m0.016299999988405034[39m,
  totalTime: [33m173.73029999999562[39m
}
Chunk (0, -1) generation metrics: {
  terrainTime: [33m1.03780000002007[39m,
  biomeTime: [33m174.9421999999904[39m,
  resourceTime: [33m0.12589999998454005[39m,
  structureTime: [33m0.07680000000982545[39m,
  riverTime: [33m0.015599999984260648[39m,
  totalTime: [33m176.21960000001127[39m
}
Chunk (1, -1) generation metrics: {
  terrainTime: [33m0.5953000000154134[39m,
  biomeTime: [33m158.2713999999978[39m,
  resourceTime: [33m0.09739999999874271[39m,
  structureTime: [33m0.07789999997476116[39m,
  riverTime: [33m0.01579999999376014[39m,
  totalTime: [33m159.0746999999974[39m
}
Chunk (-1, 0) generation metrics: {
  terrainTime: [33m0.6331999999820255[39m,
  biomeTime: [33m159.81399999998393[39m,
  resourceTime: [33m0.13259999998263083[39m,
  structureTime: [33m0.08539999998174608[39m,
  riverTime: [33m0.01879999999073334[39m,
  totalTime: [33m160.73530000000028[39m
}
Chunk (0, 0) generation metrics: {
  terrainTime: [33m0.6287000000011176[39m,
  biomeTime: [33m161.78489999999874[39m,
  resourceTime: [33m0.13260000001173466[39m,
  structureTime: [33m0.07259999998495914[39m,
  riverTime: [33m0.1187999999965541[39m,
  totalTime: [33m162.761599999998[39m
}
Chunk (1, 0) generation metrics: {
  terrainTime: [33m0.6131999999925029[39m,
  biomeTime: [33m164.46450000000186[39m,
  resourceTime: [33m0.1304999999993015[39m,
  structureTime: [33m0.10249999997904524[39m,
  riverTime: [33m0.06569999997736886[39m,
  totalTime: [33m165.39590000000317[39m
}
Chunk (-1, 1) generation metrics: {
  terrainTime: [33m0.644399999990128[39m,
  biomeTime: [33m159.7793000000238[39m,
  resourceTime: [33m0.07210000001941808[39m,
  structureTime: [33m0.05480000001261942[39m,
  riverTime: [33m0.010500000003958121[39m,
  totalTime: [33m160.57970000000205[39m
}
Chunk (0, 1) generation metrics: {
  terrainTime: [33m0.40450000000419095[39m,
  biomeTime: [33m164.4875999999931[39m,
  resourceTime: [33m0.5164999999979045[39m,
  structureTime: [33m0.07110000000102445[39m,
  riverTime: [33m0.015199999994365498[39m,
  totalTime: [33m165.5117999999784[39m
}
Chunk (1, 1) generation metrics: {
  terrainTime: [33m0.6001999999862164[39m,
  biomeTime: [33m171.81829999998445[39m,
  resourceTime: [33m0.1277000000118278[39m,
  structureTime: [33m0.07779999999911524[39m,
  riverTime: [33m0.3998000000137836[39m,
  totalTime: [33m173.04469999999856[39m
}
Loaded 9 chunks in 1499.54ms
World generated with seed: 55555
DemoApp destroyed
WorldManager disposed

[90mstdout[2m | demo/src/ui/WorldManager.integration.test.ts[2m > [22m[2mWorldManager Save/Load Integration Tests[2m > [22m[2mCompression option[2m > [22m[2mshould produce smaller output with compression enabled[22m[39m
DemoApp initialized successfully
WorldManager initialized
Chunk (-1, -1) generation metrics: {
  terrainTime: [33m0.5991000000212807[39m,
  biomeTime: [33m179.1294999999809[39m,
  resourceTime: [33m0.1304000000236556[39m,
  structureTime: [33m0.0712000000057742[39m,
  riverTime: [33m0.20100000000093132[39m,
  totalTime: [33m180.1532999999763[39m
}
Chunk (0, -1) generation metrics: {
  terrainTime: [33m0.6254999999946449[39m,
  biomeTime: [33m162.58790000001318[39m,
  resourceTime: [33m0.15929999999934807[39m,
  structureTime: [33m0.09700000000884756[39m,
  riverTime: [33m0.006599999993341044[39m,
  totalTime: [33m163.4953000000096[39m
}
Chunk (1, -1) generation metrics: {
  terrainTime: [33m0.6602999999886379[39m,
  biomeTime: [33m169.35289999999804[39m,
  resourceTime: [33m0.15880000000470318[39m,
  structureTime: [33m0.12129999999888241[39m,
  riverTime: [33m0.008199999982025474[39m,
  totalTime: [33m170.32120000000577[39m
}
Chunk (-1, 0) generation metrics: {
  terrainTime: [33m0.7252000000153203[39m,
  biomeTime: [33m177.74270000000251[39m,
  resourceTime: [33m0.13879999998607673[39m,
  structureTime: [33m0.07970000000204891[39m,
  riverTime: [33m0.19729999999981374[39m,
  totalTime: [33m178.90400000000955[39m
}
Chunk (0, 0) generation metrics: {
  terrainTime: [33m0.6279999999969732[39m,
  biomeTime: [33m147.39650000000256[39m,
  resourceTime: [33m0.14350000000558794[39m,
  structureTime: [33m0.07130000001052395[39m,
  riverTime: [33m0.006300000008195639[39m,
  totalTime: [33m148.26339999999618[39m
}
Chunk (1, 0) generation metrics: {
  terrainTime: [33m1.1802999999781605[39m,
  biomeTime: [33m138.4478999999992[39m,
  resourceTime: [33m0.14160000000265427[39m,
  structureTime: [33m0.08839999997871928[39m,
  riverTime: [33m0.007800000021234155[39m,
  totalTime: [33m139.88709999999264[39m
}
Chunk (-1, 1) generation metrics: {
  terrainTime: [33m0.6081999999878462[39m,
  biomeTime: [33m154.91399999998976[39m,
  resourceTime: [33m0.07279999999445863[39m,
  structureTime: [33m0.07579999999143183[39m,
  riverTime: [33m0.00969999999506399[39m,
  totalTime: [33m155.69649999999092[39m
}
Chunk (0, 1) generation metrics: {
  terrainTime: [33m0.48910000000614673[39m,
  biomeTime: [33m151.62639999997918[39m,
  resourceTime: [33m0.07430000000749715[39m,
  structureTime: [33m0.05069999999250285[39m,
  riverTime: [33m0.005100000009406358[39m,
  totalTime: [33m152.2597999999998[39m
}
Chunk (1, 1) generation metrics: {
  terrainTime: [33m0.41740000000572763[39m,
  biomeTime: [33m158.78220000001602[39m,
  resourceTime: [33m0.12710000001243316[39m,
  structureTime: [33m0.07610000000568107[39m,
  riverTime: [33m0.007099999987985939[39m,
  totalTime: [33m159.42639999999665[39m
}
Loaded 9 chunks in 1450.10ms
World generated with seed: 66666
DemoApp destroyed
WorldManager disposed

[90mstdout[2m | demo/src/ui/WorldManager.integration.test.ts[2m > [22m[2mWorldManager Save/Load Integration Tests[2m > [22m[2mChecksum validation[2m > [22m[2mshould calculate and store checksum when saving[22m[39m
DemoApp initialized successfully
WorldManager initialized
Chunk (-1, -1) generation metrics: {
  terrainTime: [33m0.6173000000126194[39m,
  biomeTime: [33m157.52629999999772[39m,
  resourceTime: [33m0.13659999999799766[39m,
  structureTime: [33m0.1080999999830965[39m,
  riverTime: [33m0.006300000008195639[39m,
  totalTime: [33m158.41310000000522[39m
}
Chunk (0, -1) generation metrics: {
  terrainTime: [33m0.6214000000036322[39m,
  biomeTime: [33m158.59899999998743[39m,
  resourceTime: [33m0.13330000001587905[39m,
  structureTime: [33m0.07649999999557622[39m,
  riverTime: [33m0.11750000002211891[39m,
  totalTime: [33m159.56549999999697[39m
}
Chunk (1, -1) generation metrics: {
  terrainTime: [33m0.959099999978207[39m,
  biomeTime: [33m146.77859999999055[39m,
  resourceTime: [33m0.13339999999152496[39m,
  structureTime: [33m0.0784999999741558[39m,
  riverTime: [33m0.18020000000251457[39m,
  totalTime: [33m148.1534999999858[39m
}
Chunk (-1, 0) generation metrics: {
  terrainTime: [33m0.43890000000828877[39m,
  biomeTime: [33m156.28369999999995[39m,
  resourceTime: [33m0.12330000000656582[39m,
  structureTime: [33m0.09660000001895241[39m,
  riverTime: [33m0.006400000012945384[39m,
  totalTime: [33m156.96899999998277[39m
}
Chunk (0, 0) generation metrics: {
  terrainTime: [33m0.6198999999905936[39m,
  biomeTime: [33m153.238800000021[39m,
  resourceTime: [33m0.1332000000111293[39m,
  structureTime: [33m0.07880000001750886[39m,
  riverTime: [33m0.33679999999003485[39m,
  totalTime: [33m154.42850000000908[39m
}
Chunk (1, 0) generation metrics: {
  terrainTime: [33m0.5963000000047032[39m,
  biomeTime: [33m149.97749999997905[39m,
  resourceTime: [33m0.18009999999776483[39m,
  structureTime: [33m0.10480000000097789[39m,
  riverTime: [33m0.2738000000244938[39m,
  totalTime: [33m151.15040000001318[39m
}
Chunk (-1, 1) generation metrics: {
  terrainTime: [33m0.8326000000233762[39m,
  biomeTime: [33m158.74249999999302[39m,
  resourceTime: [33m0.12839999998686835[39m,
  structureTime: [33m0.06070000000181608[39m,
  riverTime: [33m0.007500000006984919[39m,
  totalTime: [33m159.7889000000141[39m
}
Chunk (0, 1) generation metrics: {
  terrainTime: [33m0.5353999999933876[39m,
  biomeTime: [33m161.2447000000102[39m,
  resourceTime: [33m0.13680000000749715[39m,
  structureTime: [33m0.07560000001103617[39m,
  riverTime: [33m0.007499999977881089[39m,
  totalTime: [33m162.0162999999884[39m
}
Chunk (1, 1) generation metrics: {
  terrainTime: [33m0.6082000000169501[39m,
  biomeTime: [33m194.79170000000158[39m,
  resourceTime: [33m0.13530000002356246[39m,
  structureTime: [33m0.07589999999618158[39m,
  riverTime: [33m0.018100000015692785[39m,
  totalTime: [33m195.64929999999003[39m
}
Loaded 9 chunks in 1448.50ms
World generated with seed: 77777
DemoApp destroyed
WorldManager disposed

[90mstdout[2m | demo/src/ui/WorldManager.integration.test.ts[2m > [22m[2mWorldManager Save/Load Integration Tests[2m > [22m[2mChecksum validation[2m > [22m[2mshould produce different checksums for different worlds[22m[39m
DemoApp initialized successfully
WorldManager initialized
Chunk (-1, -1) generation metrics: {
  terrainTime: [33m0.6349000000045635[39m,
  biomeTime: [33m162.71880000000237[39m,
  resourceTime: [33m0.1451999999990221[39m,
  structureTime: [33m0.07440000001224689[39m,
  riverTime: [33m0.14129999998840503[39m,
  totalTime: [33m163.7318999999843[39m
}
Chunk (0, -1) generation metrics: {
  terrainTime: [33m0.6739999999990687[39m,
  biomeTime: [33m218.1009999999951[39m,
  resourceTime: [33m0.1596000000135973[39m,
  structureTime: [33m0.08830000000307336[39m,
  riverTime: [33m0.13409999999566935[39m,
  totalTime: [33m219.18189999999595[39m
}
Chunk (1, -1) generation metrics: {
  terrainTime: [33m0.7527999999874737[39m,
  biomeTime: [33m163.35739999997895[39m,
  resourceTime: [33m0.14360000001033768[39m,
  structureTime: [33m0.07550000000628643[39m,
  riverTime: [33m0.007100000017089769[39m,
  totalTime: [33m164.35719999999856[39m
}
Chunk (-1, 0) generation metrics: {
  terrainTime: [33m0.6308999999891967[39m,
  biomeTime: [33m148.574099999998[39m,
  resourceTime: [33m0.1300000000046566[39m,
  structureTime: [33m0.07389999998849817[39m,
  riverTime: [33m0.006800000002840534[39m,
  totalTime: [33m149.43419999998878[39m
}
Chunk (0, 0) generation metrics: {
  terrainTime: [33m0.614400000020396[39m,
  biomeTime: [33m150.8344999999972[39m,
  resourceTime: [33m0.125[39m,
  structureTime: [33m0.10339999999268912[39m,
  riverTime: [33m0.006300000008195639[39m,
  totalTime: [33m151.70089999999618[39m
}
Chunk (1, 0) generation metrics: {
  terrainTime: [33m0.5874999999941792[39m,
  biomeTime: [33m169.59320000000298[39m,
  resourceTime: [33m0.13589999999385327[39m,
  structureTime: [33m0.08129999999073334[39m,
  riverTime: [33m0.006599999993341044[39m,
  totalTime: [33m170.4253000000026[39m
}
Chunk (-1, 1) generation metrics: {
  terrainTime: [33m0.6278999999922235[39m,
  biomeTime: [33m153.75990000000456[39m,
  resourceTime: [33m0.13829999999143183[39m,
  structureTime: [33m0.07839999999850988[39m,
  riverTime: [33m0.0068999999784864485[39m,
  totalTime: [33m154.63270000001648[39m
}
Chunk (0, 1) generation metrics: {
  terrainTime: [33m0.6181999999971595[39m,
  biomeTime: [33m169.0684000000183[39m,
  resourceTime: [33m0.08830000000307336[39m,
  structureTime: [33m0.0799000000115484[39m,
  riverTime: [33m0.005600000004051253[39m,
  totalTime: [33m169.87659999998868[39m
}
Chunk (1, 1) generation metrics: {
  terrainTime: [33m0.46599999998579733[39m,
  biomeTime: [33m170.75960000001942[39m,
  resourceTime: [33m0.13560000000870787[39m,
  structureTime: [33m0.07610000000568107[39m,
  riverTime: [33m0.033899999980349094[39m,
  totalTime: [33m171.4882000000216[39m
}
Loaded 9 chunks in 1516.62ms
World generated with seed: 11111
Chunk (-1, -1) generation metrics: {
  terrainTime: [33m0.6719999999913853[39m,
  biomeTime: [33m154.50839999999152[39m,
  resourceTime: [33m0.13330000001587905[39m,
  structureTime: [33m0.07519999999203719[39m,
  riverTime: [33m0.006400000012945384[39m,
  totalTime: [33m155.41639999998733[39m
}
Chunk (0, -1) generation metrics: {
  terrainTime: [33m0.6199999999953434[39m,
  biomeTime: [33m148.91719999999623[39m,
  resourceTime: [33m0.14979999998467974[39m,
  structureTime: [33m0.08179999998537824[39m,
  riverTime: [33m0.1015999999945052[39m,
  totalTime: [33m149.89139999999315[39m
}
Chunk (1, -1) generation metrics: {
  terrainTime: [33m0.6275999999779742[39m,
  biomeTime: [33m143.36689999999362[39m,
  resourceTime: [33m0.13289999999688007[39m,
  structureTime: [33m0.08049999998183921[39m,
  riverTime: [33m0.2387999999918975[39m,
  totalTime: [33m144.4665999999852[39m
}
Chunk (-1, 0) generation metrics: {
  terrainTime: [33m0.6257000000041444[39m,
  biomeTime: [33m154.71779999998398[39m,
  resourceTime: [33m0.1342000000004191[39m,
  structureTime: [33m0.07560000001103617[39m,
  riverTime: [33m0.006800000002840534[39m,
  totalTime: [33m155.5792000000074[39m
}
Chunk (0, 0) generation metrics: {
  terrainTime: [33m0.6137999999918975[39m,
  biomeTime: [33m136.84919999999693[39m,
  resourceTime: [33m0.12889999998151325[39m,
  structureTime: [33m0.09380000000237487[39m,
  riverTime: [33m0.1426000000210479[39m,
  totalTime: [33m137.8467000000237[39m
}
Chunk (1, 0) generation metrics: {
  terrainTime: [33m0.6835999999893829[39m,
  biomeTime: [33m170.11429999998654[39m,
  resourceTime: [33m0.16370000000461005[39m,
  structureTime: [33m0.0856000000203494[39m,
  riverTime: [33m0.46650000000954606[39m,
  totalTime: [33m171.5350000000035[39m
}
Chunk (-1, 1) generation metrics: {
  terrainTime: [33m0.7206999999762047[39m,
  biomeTime: [33m184.75159999998868[39m,
  resourceTime: [33m0.1426999999966938[39m,
  structureTime: [33m0.08410000000731088[39m,
  riverTime: [33m0.008800000010523945[39m,
  totalTime: [33m185.73000000001048[39m
}
Chunk (0, 1) generation metrics: {
  terrainTime: [33m0.623699999996461[39m,
  biomeTime: [33m168.35209999998915[39m,
  resourceTime: [33m0.12280000001192093[39m,
  structureTime: [33m0.07490000000689179[39m,
  riverTime: [33m0.007400000002235174[39m,
  totalTime: [33m169.20040000000154[39m
}
Chunk (1, 1) generation metrics: {
  terrainTime: [33m0.5697000000218395[39m,
  biomeTime: [33m174.86110000000917[39m,
  resourceTime: [33m0.12760000000707805[39m,
  structureTime: [33m0.07619999998132698[39m,
  riverTime: [33m0.006699999998090789[39m,
  totalTime: [33m175.6584000000148[39m
}
Loaded 9 chunks in 1447.14ms
World generated with seed: 22222
DemoApp destroyed
WorldManager disposed

 [32mтЬУ[39m demo/src/ui/HelpModal.test.ts [2m ([22m[2m33 tests[22m[2m)[22m[33m 807[2mms[22m[39m
 [32mтЬУ[39m demo/src/ui/ControlPanel.visibility.test.ts [2m ([22m[2m11 tests[22m[2m)[22m[33m 483[2mms[22m[39m
[90mstdout[2m | demo/src/ui/ControlPanel.visibility.test.ts[2m > [22m[2mControlPanel - Visibility Toggles[2m > [22m[2mshould create all visibility toggle checkboxes[22m[39m
DemoApp initialized successfully

[90mstdout[2m | demo/src/ui/ControlPanel.visibility.test.ts[2m > [22m[2mControlPanel - Visibility Toggles[2m > [22m[2mshould have correct default values for visibility toggles[22m[39m
DemoApp initialized successfully

[90mstdout[2m | demo/src/ui/ControlPanel.visibility.test.ts[2m > [22m[2mControlPanel - Visibility Toggles[2m > [22m[2mshould update app state when terrain visibility is toggled[22m[39m
DemoApp initialized successfully

[90mstdout[2m | demo/src/ui/ControlPanel.visibility.test.ts[2m > [22m[2mControlPanel - Visibility Toggles[2m > [22m[2mshould update app state when biome visibility is toggled[22m[39m
DemoApp initialized successfully

[90mstdout[2m | demo/src/ui/ControlPanel.visibility.test.ts[2m > [22m[2mControlPanel - Visibility Toggles[2m > [22m[2mshould update app state when river visibility is toggled[22m[39m
DemoApp initialized successfully

[90mstdout[2m | demo/src/ui/ControlPanel.visibility.test.ts[2m > [22m[2mControlPanel - Visibility Toggles[2m > [22m[2mshould update app state when resource visibility is toggled[22m[39m
DemoApp initialized successfully

[90mstdout[2m | demo/src/ui/ControlPanel.visibility.test.ts[2m > [22m[2mControlPanel - Visibility Toggles[2m > [22m[2mshould update app state when structure visibility is toggled[22m[39m
DemoApp initialized successfully

[90mstdout[2m | demo/src/ui/ControlPanel.visibility.test.ts[2m > [22m[2mControlPanel - Visibility Toggles[2m > [22m[2mshould update app state when chunk boundary visibility is toggled[22m[39m
DemoApp initialized successfully

[90mstdout[2m | demo/src/ui/ControlPanel.visibility.test.ts[2m > [22m[2mControlPanel - Visibility Toggles[2m > [22m[2mshould update app state when wireframe mode is toggled[22m[39m
DemoApp initialized successfully

[90mstdout[2m | demo/src/ui/ControlPanel.visibility.test.ts[2m > [22m[2mControlPanel - Visibility Toggles[2m > [22m[2mshould emit VISIBILITY_CHANGED event when any visibility toggle changes[22m[39m
DemoApp initialized successfully

[90mstderr[2m | demo/src/ui/ControlPanel.visibility.test.ts[2m > [22m[2mControlPanel - Visibility Toggles[2m >
 [22m[2mshould emit VISIBILITY_CHANGED event when any visibility toggle changes[22m[39m
Error in event listener for visibility_changed: Error: done() callback is deprecated, use promise instead
    at context [90m(file:///C:/Intel/tQandtD/[39mnode_modules/[4m@vitest[24m/runner/dist/index.js:73:11[90m)[3
9m
    at [90mC:\Intel\tQandtD\[39mdemo\src\ui\ControlPanel.visibility.test.ts:166:7
    at DemoApp.emit [90m(C:\Intel\tQandtD\[39mdemo\src\core\DemoApp.ts:927:11[90m)[39m
    at DemoApp.updateState [90m(C:\Intel\tQandtD\[39mdemo\src\core\DemoApp.ts:296:12[90m)[39m
    at [90mC:\Intel\tQandtD\[39mdemo\src\ui\ControlPanel.visibility.test.ts:170:9
    at [90mfile:///C:/Intel/tQandtD/[39mnode_modules/[4m@vitest[24m/runner/dist/index.js:135:14
    at [90mfile:///C:/Intel/tQandtD/[39mnode_modules/[4m@vitest[24m/runner/dist/index.js:60:26
    at runTest [90m(file:///C:/Intel/tQandtD/[39mnode_modules/[4m@vitest[24m/runner/dist/index.js:781:17[90m)[
39m
    at runSuite [90m(file:///C:/Intel/tQandtD/[39mnode_modules/[4m@vitest[24m/runner/dist/index.js:909:15[90m)
[39m
    at runSuite [90m(file:///C:/Intel/tQandtD/[39mnode_modules/[4m@vitest[24m/runner/dist/index.js:909:15[90m)
[39m

[90mstdout[2m | demo/src/ui/ControlPanel.visibility.test.ts[2m > [22m[2mControlPanel - Visibility Toggles[2m > [22m[2mshould handle multiple rapid visibility toggles[22m[39m
DemoApp initialized successfully

[90mstderr[2m | demo/src/utils/ErrorHandler.test.ts[2m > [22m[2mErrorHandler[2m > [22m[2mError Handling[2m 
> [22m[2mshould show dialog for critical errors[22m[39m
[initialization] Critical error {
  severity: [32m'critical'[39m,
  recoverable: [33mfalse[39m,
  userMessage: [32m'Critical failure message'[39m,
  originalError: [90mundefined[39m
}

[90mstderr[2m | demo/src/utils/ErrorHandler.test.ts[2m > [22m[2mErrorHandler[2m > [22m[2mWebGL Compatibility
 Check[2m > [22m[2mshould check WebGL support[22m[39m
Not implemented: HTMLCanvasElement's getContext() method: without installing the canvas npm package
Not implemented: HTMLCanvasElement's getContext() method: without installing the canvas npm package

 [32mтЬУ[39m demo/src/utils/ErrorHandler.test.ts [2m ([22m[2m22 tests[22m[2m)[22m[33m 1078[2mms[22m[39m
 [32mтЬУ[39m demo/src/ui/HelpModal.integration.test.ts [2m ([22m[2m12 tests[22m[2m)[22m[33m 682[2mms[22m[39m
 [32mтЬУ[39m tests/bugfix/incremental-generation-biome-fix.preservation.test.ts [2m ([22m[2m5 tests[22m[2m)[22m[33m 25581[2mms[22m[39m
[90mstdout[2m | tests/bugfix/incremental-generation-biome-fix.preservation.test.ts[2m > [22m[2mIncremental Generation Biome Fix - Preservation Tests[2m > [22m[2mProperty 2a: Standard generation produces complete chunks with all stages[22m[39m
тЬУ Standard generation produces complete chunks with all stages
  Generated 10 chunks successfully
  All chunks have heightmap, biomeMap, biomeWeights, rivers, resources, and structures

[90mstdout[2m | tests/bugfix/incremental-generation-biome-fix.preservation.test.ts[2m > [22m[2mIncremental Generation Biome Fix - Preservation Tests[2m > [22m[2mProperty 2b: Complete chunks have biome data for proper color rendering[22m[39m
тЬУ Complete chunks have proper biome data for color rendering
  Verified 10 chunks successfully
  All chunks have biomeMap and biomeWeights
  BiomeWeights are normalized and consistent with biomeMap
  This ensures chunks render with proper biome colors (not grey fallback)

[90mstdout[2m | tests/bugfix/incremental-generation-biome-fix.preservation.test.ts[2m > [22m[2mIncremental Generation Biome Fix - Preservation Tests[2m > [22m[2mProperty 2c: LOD system works correctly with standard generation[22m[39m
тЬУ LOD system applies tints correctly with standard generation
  Tested 9 chunks at various distances
  LOD levels correctly determined based on distance
  Mesh resolution and feature density adjusted appropriately

[90mstdout[2m | tests/bugfix/incremental-generation-biome-fix.preservation.test.ts[2m > [22m[2mIncremental Generation Biome Fix - Preservation Tests[2m > [22m[2mProperty 2d: Chunk serialization/deserialization preserves data integrity[22m[39m
тЬУ Chunk serialization/deserialization preserves data integrity
  Serialized and deserialized 5 chunks successfully
  All chunk data (heightmap, biomeMap, resources, structures, rivers) preserved
  Checksum validation passed

[90mstdout[2m | tests/bugfix/incremental-generation-biome-fix.preservation.test.ts[2m > [22m[2mIncremental Generation Biome Fix - Preservation Tests[2m > [22m[2mProperty 2e: Standard generation performance baseline[22m[39m
тЬУ Standard generation completes in reasonable time
  Generated 100 chunks in 17020.87ms
  Average time per chunk: 170.209ms
  Performance baseline established for regression testing

 [32mтЬУ[39m demo/src/ui/WorldManager.test.ts [2m ([22m[2m53 tests[22m[2m)[22m[33m 370[2mms[22m[39m
[90mstdout[2m | demo/src/ui/WorldManager.test.ts[2m > [22m[2mWorldManager[2m > [22m[2mInitialization[2m > [22m[2mshould initialize without errors[22m[39m
WorldManager initialized
WorldManager disposed

[90mstdout[2m | demo/src/ui/WorldManager.test.ts[2m > [22m[2mWorldManager[2m > [22m[2mInitialization[2m > [22m[2mshould create save dialog[22m[39m
WorldManager initialized
WorldManager disposed

[90mstdout[2m | demo/src/ui/WorldManager.test.ts[2m > [22m[2mWorldManager[2m > [22m[2mInitialization[2m > [22m[2mshould create load dialog[22m[39m
WorldManager initialized
WorldManager disposed

[90mstdout[2m | demo/src/ui/WorldManager.test.ts[2m > [22m[2mWorldManager[2m > [22m[2mInitialization[2m > [22m[2mshould create export dialog[22m[39m
WorldManager initialized
WorldManager disposed

[90mstdout[2m | demo/src/ui/WorldManager.test.ts[2m > [22m[2mWorldManager[2m > [22m[2mSave Dialog[2m > [22m[2mshould show save dialog[22m[39m
WorldManager initialized
WorldManager disposed

[90mstdout[2m | demo/src/ui/WorldManager.test.ts[2m > [22m[2mWorldManager[2m > [22m[2mSave Dialog[2m > [22m[2mshould have format selection options[22m[39m
WorldManager initialized
WorldManager disposed

[90mstdout[2m | demo/src/ui/WorldManager.test.ts[2m > [22m[2mWorldManager[2m > [22m[2mSave Dialog[2m > [22m[2mshould have compression checkbox[22m[39m
WorldManager initialized
WorldManager disposed

[90mstdout[2m | demo/src/ui/WorldManager.test.ts[2m > [22m[2mWorldManager[2m > [22m[2mSave Dialog[2m > [22m[2mshould have modifiedOnly checkbox[22m[39m
WorldManager initialized
WorldManager disposed

[90mstdout[2m | demo/src/ui/WorldManager.test.ts[2m > [22m[2mWorldManager[2m > [22m[2mSave Dialog[2m > [22m[2mshould have filename input[22m[39m
WorldManager initialized
WorldManager disposed

[90mstdout[2m | demo/src/ui/WorldManager.test.ts[2m > [22m[2mWorldManager[2m > [22m[2mSave Dialog[2m > [22m[2mshould have checksum display area[22m[39m
WorldManager initialized
WorldManager disposed

[90mstdout[2m | demo/src/ui/WorldManager.test.ts[2m > [22m[2mWorldManager[2m > [22m[2mLoad Dialog[2m > [22m[2mshould show load dialog[22m[39m
WorldManager initialized
WorldManager disposed

[90mstdout[2m | demo/src/ui/WorldManager.test.ts[2m > [22m[2mWorldManager[2m > [22m[2mLoad Dialog[2m > [22m[2mshould have file input[22m[39m
WorldManager initialized
WorldManager disposed

[90mstdout[2m | demo/src/ui/WorldManager.test.ts[2m > [22m[2mWorldManager[2m > [22m[2mLoad Dialog[2m > [22m[2mshould have world information display[22m[39m
WorldManager initialized
WorldManager disposed

[90mstdout[2m | demo/src/ui/WorldManager.test.ts[2m > [22m[2mWorldManager[2m > [22m[2mLoad Dialog[2m > [22m[2mshould have seed display[22m[39m
WorldManager initialized
WorldManager disposed

[90mstdout[2m | demo/src/ui/WorldManager.test.ts[2m > [22m[2mWorldManager[2m > [22m[2mLoad Dialog[2m > [22m[2mshould have chunks count display[22m[39m
WorldManager initialized
WorldManager disposed

[90mstdout[2m | demo/src/ui/WorldManager.test.ts[2m > [22m[2mWorldManager[2m > [22m[2mLoad Dialog[2m > [22m[2mshould have checksum display[22m[39m
WorldManager initialized
WorldManager disposed

[90mstdout[2m | demo/src/ui/WorldManager.test.ts[2m > [22m[2mWorldManager[2m > [22m[2mLoad Dialog[2m > [22m[2mshould have status display[22m[39m
WorldManager initialized
WorldManager disposed

[90mstdout[2m | demo/src/ui/WorldManager.test.ts[2m > [22m[2mWorldManager[2m > [22m[2mLoad Dialog[2m > [22m[2mshould disable load button initially[22m[39m
WorldManager initialized
WorldManager disposed

[90mstdout[2m | demo/src/ui/WorldManager.test.ts[2m > [22m[2mWorldManager[2m > [22m[2mExport Dialog[2m > [22m[2mshould show export dialog[22m[39m
WorldManager initialized
WorldManager disposed

[90mstdout[2m | demo/src/ui/WorldManager.test.ts[2m > [22m[2mWorldManager[2m > [22m[2mExport Dialog[2m > [22m[2mshould have export type selection[22m[39m
WorldManager initialized
WorldManager disposed

[90mstdout[2m | demo/src/ui/WorldManager.test.ts[2m > [22m[2mWorldManager[2m > [22m[2mExport Dialog[2m > [22m[2mshould have image format selection[22m[39m
WorldManager initialized
WorldManager disposed

[90mstdout[2m | demo/src/ui/WorldManager.test.ts[2m > [22m[2mWorldManager[2m > [22m[2mExport Dialog[2m > [22m[2mshould have filename input[22m[39m
WorldManager initialized
WorldManager disposed

[90mstdout[2m | demo/src/ui/WorldManager.test.ts[2m > [22m[2mWorldManager[2m > [22m[2mExport Dialog[2m > [22m[2mshould pre-select heightmap type[22m[39m
WorldManager initialized
WorldManager disposed

[90mstdout[2m | demo/src/ui/WorldManager.test.ts[2m > [22m[2mWorldManager[2m > [22m[2mExport Dialog[2m > [22m[2mshould pre-select biomemap type[22m[39m
WorldManager initialized
WorldManager disposed

[90mstdout[2m | demo/src/ui/WorldManager.test.ts[2m > [22m[2mWorldManager[2m > [22m[2mShareable URL[2m > [22m[2mshould generate shareable URL with seed[22m[39m
WorldManager initialized
DemoApp initialized successfully
WorldManager disposed

[90mstdout[2m | demo/src/ui/WorldManager.test.ts[2m > [22m[2mWorldManager[2m > [22m[2mShareable URL[2m > [22m[2mshould include terrain parameters in URL[22m[39m
WorldManager initialized
DemoApp initialized successfully
WorldManager disposed

[90mstdout[2m | demo/src/ui/WorldManager.test.ts[2m > [22m[2mWorldManager[2m > [22m[2mShareable URL[2m > [22m[2mshould include biome parameters in URL[22m[39m
WorldManager initialized
DemoApp initialized successfully
WorldManager disposed

[90mstdout[2m | demo/src/ui/WorldManager.test.ts[2m > [22m[2mWorldManager[2m > [22m[2mClipboard Operations[2m > [22m[2mshould copy seed to clipboard[22m[39m
WorldManager initialized
DemoApp initialized successfully
WorldManager disposed

[90mstdout[2m | demo/src/ui/WorldManager.test.ts[2m > [22m[2mWorldManager[2m > [22m[2mClipboard Operations[2m > [22m[2mshould copy correct seed value[22m[39m
WorldManager initialized
DemoApp initialized successfully
WorldManager disposed

[90mstdout[2m | demo/src/ui/WorldManager.test.ts[2m > [22m[2mWorldManager[2m > [22m[2mClipboard Operations[2m > [22m[2mshould copy shareable URL to clipboard[22m[39m
WorldManager initialized
DemoApp initialized successfully
WorldManager disposed

[90mstdout[2m | demo/src/ui/WorldManager.test.ts[2m > [22m[2mWorldManager[2m > [22m[2mExport Configuration[2m > [22m[2mshould export configuration as JSON[22m[39m
WorldManager initialized
DemoApp initialized successfully
WorldManager disposed

[90mstdout[2m | demo/src/ui/WorldManager.test.ts[2m > [22m[2mWorldManager[2m > [22m[2mExport Configuration[2m > [22m[2mshould include seed in exported configuration[22m[39m
WorldManager initialized
DemoApp initialized successfully
WorldManager disposed

[90mstdout[2m | demo/src/ui/WorldManager.test.ts[2m > [22m[2mWorldManager[2m > [22m[2mExport Configuration[2m > [22m[2mshould include terrain config in exported configuration[22m[39m
WorldManager initialized
DemoApp initialized successfully
WorldManager disposed

[90mstdout[2m | demo/src/ui/WorldManager.test.ts[2m > [22m[2mWorldManager[2m > [22m[2mExport Configuration[2m > [22m[2mshould include biome config in exported configuration[22m[39m
WorldManager initialized
DemoApp initialized successfully
WorldManager disposed

[90mstdout[2m | demo/src/ui/WorldManager.test.ts[2m > [22m[2mWorldManager[2m > [22m[2mExport Configuration[2m > [22m[2mshould format JSON with indentation[22m[39m
WorldManager initialized
DemoApp initialized successfully
WorldManager disposed

[90mstdout[2m | demo/src/ui/WorldManager.test.ts[2m > [22m[2mWorldManager[2m > [22m[2mURL Parameter Parsing[2m > [22m[2mshould parse seed from URL[22m[39m
URL configuration parsed and applied: {
  seed: [33m99999[39m,
  chunkSize: [33m32[39m,
  terrainConfig: {
    baseScale: [33m0.01[39m,
    octaves: [33m4[39m,
    persistence: [33m0.5[39m,
    lacunarity: [33m2[39m,
    warpStrength: [33m1[39m,
    heightMultiplier: [33m1[39m,
    enable3D: [33mfalse[39m,
    zScale: [33m0.5[39m
  },
  biomeConfig: { temperatureScale: [33m0.005[39m, moistureScale: [33m0.005[39m, blendRadius: [33m5[39m },
  resourceConfig: {
    types: [ [36m[Object][39m, [36m[Object][39m, [36m[Object][39m, [36m[Object][39m, [36m[Object][39m ],
    clusterScale: [33m20[39m,
    densityThreshold: [33m0.6[39m
  },
  structureConfig: {
    types: [ [36m[Object][39m, [36m[Object][39m, [36m[Object][39m ],
    minDistance: [33m30[39m,
    maxAttempts: [33m30[39m
  },
  riverConfig: { sourceElevation: [33m0.7[39m, minFlowLength: [33m10[39m, flowWidth: [33m2[39m },
  maxCacheSize: [33m100[39m,
  enablePerformanceMetrics: [33mtrue[39m
}
WorldManager initialized
DemoApp initialized successfully
WorldManager disposed

[90mstdout[2m | demo/src/ui/WorldManager.test.ts[2m > [22m[2mWorldManager[2m > [22m[2mURL Parameter Parsing[2m > [22m[2mshould parse terrain parameters from URL[22m[39m
URL configuration parsed and applied: {
  seed: [33m12345[39m,
  chunkSize: [33m32[39m,
  terrainConfig: {
    baseScale: [33m0.05[39m,
    octaves: [33m5[39m,
    persistence: [33m0.7[39m,
    lacunarity: [33m2[39m,
    warpStrength: [33m1[39m,
    heightMultiplier: [33m1[39m,
    enable3D: [33mfalse[39m,
    zScale: [33m0.5[39m
  },
  biomeConfig: { temperatureScale: [33m0.005[39m, moistureScale: [33m0.005[39m, blendRadius: [33m5[39m },
  resourceConfig: {
    types: [ [36m[Object][39m, [36m[Object][39m, [36m[Object][39m, [36m[Object][39m, [36m[Object][39m ],
    clusterScale: [33m20[39m,
    densityThreshold: [33m0.6[39m
  },
  structureConfig: {
    types: [ [36m[Object][39m, [36m[Object][39m, [36m[Object][39m ],
    minDistance: [33m30[39m,
    maxAttempts: [33m30[39m
  },
  riverConfig: { sourceElevation: [33m0.7[39m, minFlowLength: [33m10[39m, flowWidth: [33m2[39m },
  maxCacheSize: [33m100[39m,
  enablePerformanceMetrics: [33mtrue[39m
}
WorldManager initialized
DemoApp initialized successfully
WorldManager disposed

[90mstdout[2m | demo/src/ui/WorldManager.test.ts[2m > [22m[2mWorldManager[2m > [22m[2mURL Parameter Parsing[2m > [22m[2mshould parse biome parameters from URL[22m[39m
URL configuration parsed and applied: {
  seed: [33m12345[39m,
  chunkSize: [33m32[39m,
  terrainConfig: {
    baseScale: [33m0.05[39m,
    octaves: [33m5[39m,
    persistence: [33m0.7[39m,
    lacunarity: [33m2[39m,
    warpStrength: [33m1[39m,
    heightMultiplier: [33m1[39m,
    enable3D: [33mfalse[39m,
    zScale: [33m0.5[39m
  },
  biomeConfig: { temperatureScale: [33m0.005[39m, moistureScale: [33m0.006[39m, blendRadius: [33m7[39m },
  resourceConfig: {
    types: [ [36m[Object][39m, [36m[Object][39m, [36m[Object][39m, [36m[Object][39m, [36m[Object][39m ],
    clusterScale: [33m20[39m,
    densityThreshold: [33m0.6[39m
  },
  structureConfig: {
    types: [ [36m[Object][39m, [36m[Object][39m, [36m[Object][39m ],
    minDistance: [33m30[39m,
    maxAttempts: [33m30[39m
  },
  riverConfig: { sourceElevation: [33m0.7[39m, minFlowLength: [33m10[39m, flowWidth: [33m2[39m },
  maxCacheSize: [33m100[39m,
  enablePerformanceMetrics: [33mtrue[39m
}
WorldManager initialized
DemoApp initialized successfully
WorldManager disposed

[90mstdout[2m | demo/src/ui/WorldManager.test.ts[2m > [22m[2mWorldManager[2m > [22m[2mURL Parameter Parsing[2m > [22m[2mshould handle empty URL parameters[22m[39m
WorldManager initialized
WorldManager disposed

[90mstdout[2m | demo/src/ui/WorldManager.test.ts[2m > [22m[2mWorldManager[2m > [22m[2mURL Parameter Parsing[2m > [22m[2mshould handle invalid parameter values[22m[39m
URL configuration parsed and applied: {
  seed: [33m12345[39m,
  chunkSize: [33m32[39m,
  terrainConfig: {
    baseScale: [33m0.05[39m,
    octaves: [33m5[39m,
    persistence: [33m0.7[39m,
    lacunarity: [33m2[39m,
    warpStrength: [33m1[39m,
    heightMultiplier: [33m1[39m,
    enable3D: [33mfalse[39m,
    zScale: [33m0.5[39m
  },
  biomeConfig: { temperatureScale: [33m0.005[39m, moistureScale: [33m0.006[39m, blendRadius: [33m7[39m },
  resourceConfig: {
    types: [ [36m[Object][39m, [36m[Object][39m, [36m[Object][39m, [36m[Object][39m, [36m[Object][39m ],
    clusterScale: [33m20[39m,
    densityThreshold: [33m0.6[39m
  },
  structureConfig: {
    types: [ [36m[Object][39m, [36m[Object][39m, [36m[Object][39m ],
    minDistance: [33m30[39m,
    maxAttempts: [33m30[39m
  },
  riverConfig: { sourceElevation: [33m0.7[39m, minFlowLength: [33m10[39m, flowWidth: [33m2[39m },
  maxCacheSize: [33m100[39m,
  enablePerformanceMetrics: [33mtrue[39m
}
WorldManager initialized
WorldManager disposed

[90mstdout[2m | demo/src/ui/WorldManager.test.ts[2m > [22m[2mWorldManager[2m > [22m[2mURL Parameter Parsing[2m > [22m[2mshould ignore unknown parameters[22m[39m
URL configuration parsed and applied: {
  seed: [33m12345[39m,
  chunkSize: [33m32[39m,
  terrainConfig: {
    baseScale: [33m0.05[39m,
    octaves: [33m5[39m,
    persistence: [33m0.7[39m,
    lacunarity: [33m2[39m,
    warpStrength: [33m1[39m,
    heightMultiplier: [33m1[39m,
    enable3D: [33mfalse[39m,
    zScale: [33m0.5[39m
  },
  biomeConfig: { temperatureScale: [33m0.005[39m, moistureScale: [33m0.006[39m, blendRadius: [33m7[39m },
  resourceConfig: {
    types: [ [36m[Object][39m, [36m[Object][39m, [36m[Object][39m, [36m[Object][39m, [36m[Object][39m ],
    clusterScale: [33m20[39m,
    densityThreshold: [33m0.6[39m
  },
  structureConfig: {
    types: [ [36m[Object][39m, [36m[Object][39m, [36m[Object][39m ],
    minDistance: [33m30[39m,
    maxAttempts: [33m30[39m
  },
  riverConfig: { sourceElevation: [33m0.7[39m, minFlowLength: [33m10[39m, flowWidth: [33m2[39m },
  maxCacheSize: [33m100[39m,
  enablePerformanceMetrics: [33mtrue[39m
}
WorldManager initialized
DemoApp initialized successfully
WorldManager disposed

[90mstdout[2m | demo/src/ui/WorldManager.test.ts[2m > [22m[2mWorldManager[2m > [22m[2mChecksum[2m > [22m[2mshould return empty checksum initially[22m[39m
URL configuration parsed and applied: {
  seed: [33m12345[39m,
  chunkSize: [33m32[39m,
  terrainConfig: {
    baseScale: [33m0.05[39m,
    octaves: [33m5[39m,
    persistence: [33m0.7[39m,
    lacunarity: [33m2[39m,
    warpStrength: [33m1[39m,
    heightMultiplier: [33m1[39m,
    enable3D: [33mfalse[39m,
    zScale: [33m0.5[39m
  },
  biomeConfig: { temperatureScale: [33m0.005[39m, moistureScale: [33m0.006[39m, blendRadius: [33m7[39m },
  resourceConfig: {
    types: [ [36m[Object][39m, [36m[Object][39m, [36m[Object][39m, [36m[Object][39m, [36m[Object][39m ],
    clusterScale: [33m20[39m,
    densityThreshold: [33m0.6[39m
  },
  structureConfig: {
    types: [ [36m[Object][39m, [36m[Object][39m, [36m[Object][39m ],
    minDistance: [33m30[39m,
    maxAttempts: [33m30[39m
  },
  riverConfig: { sourceElevation: [33m0.7[39m, minFlowLength: [33m10[39m, flowWidth: [33m2[39m },
  maxCacheSize: [33m100[39m,
  enablePerformanceMetrics: [33mtrue[39m
}
WorldManager initialized
WorldManager disposed

[90mstdout[2m | demo/src/ui/WorldManager.test.ts[2m > [22m[2mWorldManager[2m > [22m[2mChecksum[2m > [22m[2mshould store checksum after save operation[22m[39m
URL configuration parsed and applied: {
  seed: [33m12345[39m,
  chunkSize: [33m32[39m,
  terrainConfig: {
    baseScale: [33m0.05[39m,
    octaves: [33m5[39m,
    persistence: [33m0.7[39m,
    lacunarity: [33m2[39m,
    warpStrength: [33m1[39m,
    heightMultiplier: [33m1[39m,
    enable3D: [33mfalse[39m,
    zScale: [33m0.5[39m
  },
  biomeConfig: { temperatureScale: [33m0.005[39m, moistureScale: [33m0.006[39m, blendRadius: [33m7[39m },
  resourceConfig: {
    types: [ [36m[Object][39m, [36m[Object][39m, [36m[Object][39m, [36m[Object][39m, [36m[Object][39m ],
    clusterScale: [33m20[39m,
    densityThreshold: [33m0.6[39m
  },
  structureConfig: {
    types: [ [36m[Object][39m, [36m[Object][39m, [36m[Object][39m ],
    minDistance: [33m30[39m,
    maxAttempts: [33m30[39m
  },
  riverConfig: { sourceElevation: [33m0.7[39m, minFlowLength: [33m10[39m, flowWidth: [33m2[39m },
  maxCacheSize: [33m100[39m,
  enablePerformanceMetrics: [33mtrue[39m
}
WorldManager initialized
WorldManager disposed

[90mstdout[2m | demo/src/ui/WorldManager.test.ts[2m > [22m[2mWorldManager[2m > [22m[2mDialog Close[2m > [22m[2mshould close save dialog when close button clicked[22m[39m
URL configuration parsed and applied: {
  seed: [33m12345[39m,
  chunkSize: [33m32[39m,
  terrainConfig: {
    baseScale: [33m0.05[39m,
    octaves: [33m5[39m,
    persistence: [33m0.7[39m,
    lacunarity: [33m2[39m,
    warpStrength: [33m1[39m,
    heightMultiplier: [33m1[39m,
    enable3D: [33mfalse[39m,
    zScale: [33m0.5[39m
  },
  biomeConfig: { temperatureScale: [33m0.005[39m, moistureScale: [33m0.006[39m, blendRadius: [33m7[39m },
  resourceConfig: {
    types: [ [36m[Object][39m, [36m[Object][39m, [36m[Object][39m, [36m[Object][39m, [36m[Object][39m ],
    clusterScale: [33m20[39m,
    densityThreshold: [33m0.6[39m
  },
  structureConfig: {
    types: [ [36m[Object][39m, [36m[Object][39m, [36m[Object][39m ],
    minDistance: [33m30[39m,
    maxAttempts: [33m30[39m
  },
  riverConfig: { sourceElevation: [33m0.7[39m, minFlowLength: [33m10[39m, flowWidth: [33m2[39m },
  maxCacheSize: [33m100[39m,
  enablePerformanceMetrics: [33mtrue[39m
}
WorldManager initialized
WorldManager disposed

[90mstdout[2m | demo/src/ui/WorldManager.test.ts[2m > [22m[2mWorldManager[2m > [22m[2mDialog Close[2m > [22m[2mshould close load dialog when close button clicked[22m[39m
URL configuration parsed and applied: {
  seed: [33m12345[39m,
  chunkSize: [33m32[39m,
  terrainConfig: {
    baseScale: [33m0.05[39m,
    octaves: [33m5[39m,
    persistence: [33m0.7[39m,
    lacunarity: [33m2[39m,
    warpStrength: [33m1[39m,
    heightMultiplier: [33m1[39m,
    enable3D: [33mfalse[39m,
    zScale: [33m0.5[39m
  },
  biomeConfig: { temperatureScale: [33m0.005[39m, moistureScale: [33m0.006[39m, blendRadius: [33m7[39m },
  resourceConfig: {
    types: [ [36m[Object][39m, [36m[Object][39m, [36m[Object][39m, [36m[Object][39m, [36m[Object][39m ],
    clusterScale: [33m20[39m,
    densityThreshold: [33m0.6[39m
  },
  structureConfig: {
    types: [ [36m[Object][39m, [36m[Object][39m, [36m[Object][39m ],
    minDistance: [33m30[39m,
    maxAttempts: [33m30[39m
  },
  riverConfig: { sourceElevation: [33m0.7[39m, minFlowLength: [33m10[39m, flowWidth: [33m2[39m },
  maxCacheSize: [33m100[39m,
  enablePerformanceMetrics: [33mtrue[39m
}
WorldManager initialized
WorldManager disposed

[90mstdout[2m | demo/src/ui/WorldManager.test.ts[2m > [22m[2mWorldManager[2m > [22m[2mDialog Close[2m > [22m[2mshould close export dialog when close button clicked[22m[39m
URL configuration parsed and applied: {
  seed: [33m12345[39m,
  chunkSize: [33m32[39m,
  terrainConfig: {
    baseScale: [33m0.05[39m,
    octaves: [33m5[39m,
    persistence: [33m0.7[39m,
    lacunarity: [33m2[39m,
    warpStrength: [33m1[39m,
    heightMultiplier: [33m1[39m,
    enable3D: [33mfalse[39m,
    zScale: [33m0.5[39m
  },
  biomeConfig: { temperatureScale: [33m0.005[39m, moistureScale: [33m0.006[39m, blendRadius: [33m7[39m },
  resourceConfig: {
    types: [ [36m[Object][39m, [36m[Object][39m, [36m[Object][39m, [36m[Object][39m, [36m[Object][39m ],
    clusterScale: [33m20[39m,
    densityThreshold: [33m0.6[39m
  },
  structureConfig: {
    types: [ [36m[Object][39m, [36m[Object][39m, [36m[Object][39m ],
    minDistance: [33m30[39m,
    maxAttempts: [33m30[39m
  },
  riverConfig: { sourceElevation: [33m0.7[39m, minFlowLength: [33m10[39m, flowWidth: [33m2[39m },
  maxCacheSize: [33m100[39m,
  enablePerformanceMetrics: [33mtrue[39m
}
WorldManager initialized
WorldManager disposed

[90mstdout[2m | demo/src/ui/WorldManager.test.ts[2m > [22m[2mWorldManager[2m > [22m[2mDisposal[2m > [22m[2mshould remove dialogs on disposal[22m[39m
URL configuration parsed and applied: {
  seed: [33m12345[39m,
  chunkSize: [33m32[39m,
  terrainConfig: {
    baseScale: [33m0.05[39m,
    octaves: [33m5[39m,
    persistence: [33m0.7[39m,
    lacunarity: [33m2[39m,
    warpStrength: [33m1[39m,
    heightMultiplier: [33m1[39m,
    enable3D: [33mfalse[39m,
    zScale: [33m0.5[39m
  },
  biomeConfig: { temperatureScale: [33m0.005[39m, moistureScale: [33m0.006[39m, blendRadius: [33m7[39m },
  resourceConfig: {
    types: [ [36m[Object][39m, [36m[Object][39m, [36m[Object][39m, [36m[Object][39m, [36m[Object][39m ],
    clusterScale: [33m20[39m,
    densityThreshold: [33m0.6[39m
  },
  structureConfig: {
    types: [ [36m[Object][39m, [36m[Object][39m, [36m[Object][39m ],
    minDistance: [33m30[39m,
    maxAttempts: [33m30[39m
  },
  riverConfig: { sourceElevation: [33m0.7[39m, minFlowLength: [33m10[39m, flowWidth: [33m2[39m },
  maxCacheSize: [33m100[39m,
  enablePerformanceMetrics: [33mtrue[39m
}
WorldManager initialized
WorldManager disposed
WorldManager disposed

[90mstdout[2m | demo/src/ui/WorldManager.test.ts[2m > [22m[2mWorldManager[2m > [22m[2mDisposal[2m > [22m[2mshould not throw when disposing twice[22m[39m
URL configuration parsed and applied: {
  seed: [33m12345[39m,
  chunkSize: [33m32[39m,
  terrainConfig: {
    baseScale: [33m0.05[39m,
    octaves: [33m5[39m,
    persistence: [33m0.7[39m,
    lacunarity: [33m2[39m,
    warpStrength: [33m1[39m,
    heightMultiplier: [33m1[39m,
    enable3D: [33mfalse[39m,
    zScale: [33m0.5[39m
  },
  biomeConfig: { temperatureScale: [33m0.005[39m, moistureScale: [33m0.006[39m, blendRadius: [33m7[39m },
  resourceConfig: {
    types: [ [36m[Object][39m, [36m[Object][39m, [36m[Object][39m, [36m[Object][39m, [36m[Object][39m ],
    clusterScale: [33m20[39m,
    densityThreshold: [33m0.6[39m
  },
  structureConfig: {
    types: [ [36m[Object][39m, [36m[Object][39m, [36m[Object][39m ],
    minDistance: [33m30[39m,
    maxAttempts: [33m30[39m
  },
  riverConfig: { sourceElevation: [33m0.7[39m, minFlowLength: [33m10[39m, flowWidth: [33m2[39m },
  maxCacheSize: [33m100[39m,
  enablePerformanceMetrics: [33mtrue[39m
}
WorldManager initialized
WorldManager disposed
WorldManager disposed
WorldManager disposed

[90mstdout[2m | demo/src/ui/WorldManager.test.ts[2m > [22m[2mWorldManager[2m > [22m[2mEdge Cases[2m > [22m[2mshould handle initialization without app[22m[39m
WorldManager disposed

[90mstdout[2m | demo/src/ui/WorldManager.test.ts[2m > [22m[2mWorldManager[2m > [22m[2mEdge Cases[2m > [22m[2mshould handle missing DOM elements gracefully[22m[39m
URL configuration parsed and applied: {
  seed: [33m12345[39m,
  chunkSize: [33m32[39m,
  terrainConfig: {
    baseScale: [33m0.05[39m,
    octaves: [33m5[39m,
    persistence: [33m0.7[39m,
    lacunarity: [33m2[39m,
    warpStrength: [33m1[39m,
    heightMultiplier: [33m1[39m,
    enable3D: [33mfalse[39m,
    zScale: [33m0.5[39m
  },
  biomeConfig: { temperatureScale: [33m0.005[39m, moistureScale: [33m0.006[39m, blendRadius: [33m7[39m },
  resourceConfig: {
    types: [ [36m[Object][39m, [36m[Object][39m, [36m[Object][39m, [36m[Object][39m, [36m[Object][39m ],
    clusterScale: [33m20[39m,
    densityThreshold: [33m0.6[39m
  },
  structureConfig: {
    types: [ [36m[Object][39m, [36m[Object][39m, [36m[Object][39m ],
    minDistance: [33m30[39m,
    maxAttempts: [33m30[39m
  },
  riverConfig: { sourceElevation: [33m0.7[39m, minFlowLength: [33m10[39m, flowWidth: [33m2[39m },
  maxCacheSize: [33m100[39m,
  enablePerformanceMetrics: [33mtrue[39m
}
WorldManager initialized
WorldManager disposed

[90mstdout[2m | demo/src/ui/WorldManager.test.ts[2m > [22m[2mWorldManager[2m > [22m[2mEdge Cases[2m > [22m[2mshould handle export configuration without app[22m[39m
WorldManager disposed

[90mstdout[2m | demo/src/ui/WorldManager.test.ts[2m > [22m[2mWorldManager[2m > [22m[2mEdge Cases[2m > [22m[2mshould handle copy seed without app[22m[39m
WorldManager disposed

[90mstdout[2m | demo/src/ui/WorldManager.test.ts[2m > [22m[2mWorldManager[2m > [22m[2mEdge Cases[2m > [22m[2mshould handle generate shareable URL without app[22m[39m
WorldManager disposed

 [2m[90mтЖУ[39m[22m tests/integration/incremental-generation-biome-fix.integration.test.ts [2m ([22m[2m0 test[22m[2m)[22m
 [32mтЬУ[39m demo/src/ui/ControlPanel.responsive.test.ts [2m ([22m[2m10 tests[22m[2m)[22m[90m 256[2mms[22m[39m
 [32mтЬУ[39m demo/src/core/DemoApp.lod.integration.test.ts [2m ([22m[2m28 tests[22m[2m)[22m[33m 162630[2mms[22m[39m
[90mstdout[2m | demo/src/core/DemoApp.lod.integration.test.ts[2m > [22m[2mDemoApp - LOD System Integration[2m > [22m[2mCamera Movement Triggers LOD Updates (Requirement 7.6)[2m > [22m[2mshould update LOD levels when camera moves[22m[39m
DemoApp initialized successfully
Chunk (-1, -1) generation metrics: {
  terrainTime: [33m9.045400000000882[39m,
  biomeTime: [33m152.42280000000028[39m,
  resourceTime: [33m1.2158999999992375[39m,
  structureTime: [33m0.7849999999998545[39m,
  riverTime: [33m0.7616999999991094[39m,
  totalTime: [33m164.39849999999933[39m
}
Chunk (0, -1) generation metrics: {
  terrainTime: [33m0.6566000000002532[39m,
  biomeTime: [33m121.22229999999945[39m,
  resourceTime: [33m0.42929999999978463[39m,
  structureTime: [33m0.12780000000020664[39m,
  riverTime: [33m0.014699999999720603[39m,
  totalTime: [33m122.49150000000009[39m
}
Chunk (1, -1) generation metrics: {
  terrainTime: [33m0.5076000000008207[39m,
  biomeTime: [33m103.6298999999999[39m,
  resourceTime: [33m0.20830000000023574[39m,
  structureTime: [33m0.09540000000015425[39m,
  riverTime: [33m0.19140000000152213[39m,
  totalTime: [33m104.7523000000001[39m
}
Chunk (-1, 0) generation metrics: {
  terrainTime: [33m0.5176999999985128[39m,
  biomeTime: [33m96.54060000000027[39m,
  resourceTime: [33m0.08120000000053551[39m,
  structureTime: [33m0.14749999999912689[39m,
  riverTime: [33m0.2121000000006461[39m,
  totalTime: [33m97.54999999999927[39m
}
Chunk (0, 0) generation metrics: {
  terrainTime: [33m0.46150000000125146[39m,
  biomeTime: [33m97.85540000000037[39m,
  resourceTime: [33m1.805500000000393[39m,
  structureTime: [33m0.3143000000000029[39m,
  riverTime: [33m0.012800000000424916[39m,
  totalTime: [33m101.19800000000032[39m
}
Chunk (1, 0) generation metrics: {
  terrainTime: [33m0.6044999999994616[39m,
  biomeTime: [33m104.23890000000029[39m,
  resourceTime: [33m0.09130000000004657[39m,
  structureTime: [33m0.19140000000152213[39m,
  riverTime: [33m0.01209999999991851[39m,
  totalTime: [33m105.18269999999939[39m
}
Chunk (-1, 1) generation metrics: {
  terrainTime: [33m0.5246999999999389[39m,
  biomeTime: [33m104.71069999999963[39m,
  resourceTime: [33m0.08940000000075088[39m,
  structureTime: [33m0.0820000000003347[39m,
  riverTime: [33m0.011699999999109423[39m,
  totalTime: [33m105.46160000000054[39m
}
Chunk (0, 1) generation metrics: {
  terrainTime: [33m0.5467000000007829[39m,
  biomeTime: [33m1615.1220999999987[39m,
  resourceTime: [33m0.08250000000043656[39m,
  structureTime: [33m0.09640000000035798[39m,
  riverTime: [33m0.012000000000625732[39m,
  totalTime: [33m1615.9033[39m
}
Chunk (1, 1) generation metrics: {
  terrainTime: [33m0.3698000000003958[39m,
  biomeTime: [33m100.0661[39m,
  resourceTime: [33m0.08230000000003201[39m,
  structureTime: [33m0.07810000000063155[39m,
  riverTime: [33m0.010700000000724685[39m,
  totalTime: [33m100.64810000000034[39m
}
Loaded 9 chunks in 2522.95ms
World generated with seed: 12345

[90mstdout[2m | demo/src/core/DemoApp.lod.integration.test.ts[2m > [22m[2mDemoApp - LOD System Integration[2m > [22m[2mCamera Movement Triggers LOD Updates (Requirement 7.6)[2m > [22m[2mshould update LOD within 100ms requirement[22m[39m
DemoApp initialized successfully
Chunk (-1, -1) generation metrics: {
  terrainTime: [33m0.37770000000091386[39m,
  biomeTime: [33m101.89309999999932[39m,
  resourceTime: [33m0.0853000000006432[39m,
  structureTime: [33m0.0621000000010099[39m,
  riverTime: [33m0.2047999999995227[39m,
  totalTime: [33m102.6867999999995[39m
}
Chunk (0, -1) generation metrics: {
  terrainTime: [33m0.407999999999447[39m,
  biomeTime: [33m100.09259999999995[39m,
  resourceTime: [33m0.04739999999947031[39m,
  structureTime: [33m0.05409999999938009[39m,
  riverTime: [33m0.007799999999406282[39m,
  totalTime: [33m100.6244999999999[39m
}
Chunk (1, -1) generation metrics: {
  terrainTime: [33m0.29790000000139116[39m,
  biomeTime: [33m105.4440999999988[39m,
  resourceTime: [33m0.08399999999892316[39m,
  structureTime: [33m0.05309999999917636[39m,
  riverTime: [33m0.057799999998678686[39m,
  totalTime: [33m105.95240000000013[39m
}
Chunk (-1, 0) generation metrics: {
  terrainTime: [33m0.4269000000003871[39m,
  biomeTime: [33m98.37910000000011[39m,
  resourceTime: [33m0.09150000000045111[39m,
  structureTime: [33m0.08590000000003783[39m,
  riverTime: [33m0.2598999999991065[39m,
  totalTime: [33m99.25940000000082[39m
}
Chunk (0, 0) generation metrics: {
  terrainTime: [33m0.4408000000003085[39m,
  biomeTime: [33m91.54629999999997[39m,
  resourceTime: [33m0.08479999999872234[39m,
  structureTime: [33m0.06000000000130967[39m,
  riverTime: [33m0.01119999999900756[39m,
  totalTime: [33m92.15819999999985[39m
}
Chunk (1, 0) generation metrics: {
  terrainTime: [33m0.41239999999925203[39m,
  biomeTime: [33m97.57500000000073[39m,
  resourceTime: [33m0.08909999999923457[39m,
  structureTime: [33m0.07630000000062864[39m,
  riverTime: [33m0.011700000000928412[39m,
  totalTime: [33m98.18080000000009[39m
}
Chunk (-1, 1) generation metrics: {
  terrainTime: [33m0.470500000001266[39m,
  biomeTime: [33m124.94859999999971[39m,
  resourceTime: [33m0.08599999999933061[39m,
  structureTime: [33m0.06350000000020373[39m,
  riverTime: [33m0.01299999999901047[39m,
  totalTime: [33m125.59900000000016[39m
}
Chunk (0, 1) generation metrics: {
  terrainTime: [33m0.43029999999998836[39m,
  biomeTime: [33m113.115600000001[39m,
  resourceTime: [33m0.08840000000054715[39m,
  structureTime: [33m0.058100000000194996[39m,
  riverTime: [33m0.011000000000422006[39m,
  totalTime: [33m113.72010000000046[39m
}
Chunk (1, 1) generation metrics: {
  terrainTime: [33m0.40610000000015134[39m,
  biomeTime: [33m99.99289999999928[39m,
  resourceTime: [33m0.0797999999995227[39m,
  structureTime: [33m0.04689999999936845[39m,
  riverTime: [33m0.010999999998603016[39m,
  totalTime: [33m100.55210000000079[39m
}
Loaded 9 chunks in 941.13ms
World generated with seed: 12345

[90mstdout[2m | demo/src/core/DemoApp.lod.integration.test.ts[2m > [22m[2mDemoApp - LOD System Integration[2m > [22m[2mCamera Movement Triggers LOD Updates (Requirement 7.6)[2m > [22m[2mshould recalculate LOD for all loaded chunks on camera move[22m[39m
DemoApp initialized successfully
Chunk (-1, -1) generation metrics: {
  terrainTime: [33m0.40240000000085274[39m,
  biomeTime: [33m92.99859999999899[39m,
  resourceTime: [33m0.11330000000089058[39m,
  structureTime: [33m0.06589999999960128[39m,
  riverTime: [33m0.13570000000072469[39m,
  totalTime: [33m93.73570000000109[39m
}
Chunk (0, -1) generation metrics: {
  terrainTime: [33m0.4363000000012107[39m,
  biomeTime: [33m102.02130000000034[39m,
  resourceTime: [33m0.08449999999902502[39m,
  structureTime: [33m0.055899999999383[39m,
  riverTime: [33m0.010000000000218279[39m,
  totalTime: [33m102.6239000000005[39m
}
Chunk (1, -1) generation metrics: {
  terrainTime: [33m0.42879999999968277[39m,
  biomeTime: [33m90.71910000000025[39m,
  resourceTime: [33m0.08690000000024156[39m,
  structureTime: [33m0.04670000000078289[39m,
  riverTime: [33m0.042400000000270666[39m,
  totalTime: [33m91.33959999999934[39m
}
Chunk (-1, 0) generation metrics: {
  terrainTime: [33m0.4120999999995547[39m,
  biomeTime: [33m83.14689999999973[39m,
  resourceTime: [33m0.08940000000075088[39m,
  structureTime: [33m0.09509999999863794[39m,
  riverTime: [33m0.12930000000051223[39m,
  totalTime: [33m83.89030000000093[39m
}
Chunk (0, 0) generation metrics: {
  terrainTime: [33m0.4239999999990687[39m,
  biomeTime: [33m78.68629999999939[39m,
  resourceTime: [33m0.0485000000007858[39m,
  structureTime: [33m0.041499999999359716[39m,
  riverTime: [33m0.009799999999813735[39m,
  totalTime: [33m79.22549999999865[39m
}
Chunk (1, 0) generation metrics: {
  terrainTime: [33m0.2724999999991269[39m,
  biomeTime: [33m101.42789999999877[39m,
  resourceTime: [33m0.10379999999895517[39m,
  structureTime: [33m0.09209999999984575[39m,
  riverTime: [33m0.011000000000422006[39m,
  totalTime: [33m101.92100000000028[39m
}
Chunk (-1, 1) generation metrics: {
  terrainTime: [33m0.4665999999997439[39m,
  biomeTime: [33m107.73019999999997[39m,
  resourceTime: [33m0.08560000000034051[39m,
  structureTime: [33m0.05910000000039872[39m,
  riverTime: [33m0.012300000000323053[39m,
  totalTime: [33m108.37079999999878[39m
}
Chunk (0, 1) generation metrics: {
  terrainTime: [33m0.4190999999991618[39m,
  biomeTime: [33m197.02390000000014[39m,
  resourceTime: [33m0.04310000000259606[39m,
  structureTime: [33m0.044200000000273576[39m,
  riverTime: [33m0.007399999998597195[39m,
  totalTime: [33m197.55229999999938[39m
}
Chunk (1, 1) generation metrics: {
  terrainTime: [33m0.24049999999988358[39m,
  biomeTime: [33m99.03509999999733[39m,
  resourceTime: [33m0.0882000000019616[39m,
  structureTime: [33m0.06090000000040163[39m,
  riverTime: [33m0.012000000002444722[39m,
  totalTime: [33m99.45190000000002[39m
}
Loaded 9 chunks in 960.20ms
World generated with seed: 12345

[90mstdout[2m | demo/src/core/DemoApp.lod.integration.test.ts[2m > [22m[2mDemoApp - LOD System Integration[2m > [22m[2mCamera Movement Triggers LOD Updates (Requirement 7.6)[2m > [22m[2mshould increase HIGH LOD count when camera moves closer to chunks[22m[39m
DemoApp initialized successfully
Chunk (-3, -3) generation metrics: {
  terrainTime: [33m0.766299999999319[39m,
  biomeTime: [33m114.21599999999671[39m,
  resourceTime: [33m0.08480000000054133[39m,
  structureTime: [33m0.29729999999835854[39m,
  riverTime: [33m0.015600000002450543[39m,
  totalTime: [33m115.42079999999987[39m
}
Chunk (-2, -3) generation metrics: {
  terrainTime: [33m0.41710000000239233[39m,
  biomeTime: [33m118.65120000000024[39m,
  resourceTime: [33m0.08250000000043656[39m,
  structureTime: [33m0.057499999998981366[39m,
  riverTime: [33m0.058100000002013985[39m,
  totalTime: [33m119.28379999999743[39m
}
Chunk (-1, -3) generation metrics: {
  terrainTime: [33m0.4225000000005821[39m,
  biomeTime: [33m117.89869999999792[39m,
  resourceTime: [33m0.07600000000093132[39m,
  structureTime: [33m0.06300000000192085[39m,
  riverTime: [33m0.054200000002310844[39m,
  totalTime: [33m118.53250000000116[39m
}
Chunk (0, -3) generation metrics: {
  terrainTime: [33m0.39730000000054133[39m,
  biomeTime: [33m107.02729999999792[39m,
  resourceTime: [33m0.08550000000104774[39m,
  structureTime: [33m0.1463000000003376[39m,
  riverTime: [33m0.01629999999931897[39m,
  totalTime: [33m107.69620000000214[39m
}
Chunk (1, -3) generation metrics: {
  terrainTime: [33m0.4074000000000524[39m,
  biomeTime: [33m108.92990000000282[39m,
  resourceTime: [33m0.08829999999943539[39m,
  structureTime: [33m0.06409999999959837[39m,
  riverTime: [33m0.011800000000221189[39m,
  totalTime: [33m109.52049999999872[39m
}
Chunk (2, -3) generation metrics: {
  terrainTime: [33m0.4298000000017055[39m,
  biomeTime: [33m120.52669999999853[39m,
  resourceTime: [33m0.08530000000246218[39m,
  structureTime: [33m0.059000000001105946[39m,
  riverTime: [33m0.04709999999977299[39m,
  totalTime: [33m121.16790000000037[39m
}
Chunk (3, -3) generation metrics: {
  terrainTime: [33m0.4121000000013737[39m,
  biomeTime: [33m144.42529999999897[39m,
  resourceTime: [33m0.11120000000300934[39m,
  structureTime: [33m0.07070000000021537[39m,
  riverTime: [33m0.09619999999995343[39m,
  totalTime: [33m145.13519999999698[39m
}
Chunk (-3, -2) generation metrics: {
  terrainTime: [33m0.549299999998766[39m,
  biomeTime: [33m1175.1841999999997[39m,
  resourceTime: [33m0.07600000000093132[39m,
  structureTime: [33m0.05789999999979045[39m,
  riverTime: [33m0.010999999998603016[39m,
  totalTime: [33m1175.8954000000012[39m
}
Chunk (-2, -2) generation metrics: {
  terrainTime: [33m0.3863999999994121[39m,
  biomeTime: [33m107.08940000000075[39m,
  resourceTime: [33m0.08319999999730499[39m,
  structureTime: [33m0.057499999998981366[39m,
  riverTime: [33m0.02140000000144937[39m,
  totalTime: [33m107.65489999999772[39m
}
Chunk (-1, -2) generation metrics: {
  terrainTime: [33m0.4256999999997788[39m,
  biomeTime: [33m112.28640000000087[39m,
  resourceTime: [33m0.0838000000003376[39m,
  structureTime: [33m0.056599999999889405[39m,
  riverTime: [33m0.39830000000074506[39m,
  totalTime: [33m113.26719999999841[39m
}
Chunk (0, -2) generation metrics: {
  terrainTime: [33m0.39619999999922584[39m,
  biomeTime: [33m107.37900000000081[39m,
  resourceTime: [33m0.08780000000115251[39m,
  structureTime: [33m0.09240000000136206[39m,
  riverTime: [33m0.012800000000424916[39m,
  totalTime: [33m107.98689999999988[39m
}
Chunk (1, -2) generation metrics: {
  terrainTime: [33m0.41749999999956344[39m,
  biomeTime: [33m102.55909999999858[39m,
  resourceTime: [33m0.08829999999943539[39m,
  structureTime: [33m0.06599999999889405[39m,
  riverTime: [33m0.011900000001332955[39m,
  totalTime: [33m103.16100000000006[39m
}
Chunk (2, -2) generation metrics: {
  terrainTime: [33m0.4118000000016764[39m,
  biomeTime: [33m109.16210000000137[39m,
  resourceTime: [33m0.10239999999976135[39m,
  structureTime: [33m0.10969999999724678[39m,
  riverTime: [33m0.01719999999841093[39m,
  totalTime: [33m109.83369999999923[39m
}
Chunk (3, -2) generation metrics: {
  terrainTime: [33m0.444100000000617[39m,
  biomeTime: [33m129.80589999999938[39m,
  resourceTime: [33m0.09140000000115833[39m,
  structureTime: [33m0.06179999999949359[39m,
  riverTime: [33m0.012299999998504063[39m,
  totalTime: [33m130.4331999999995[39m
}
Chunk (-3, -1) generation metrics: {
  terrainTime: [33m0.46080000000074506[39m,
  biomeTime: [33m141.95100000000093[39m,
  resourceTime: [33m0.10990000000310829[39m,
  structureTime: [33m0.06710000000020955[39m,
  riverTime: [33m0.047899999997753184[39m,
  totalTime: [33m142.6899999999987[39m
}
Chunk (-2, -1) generation metrics: {
  terrainTime: [33m0.5270000000018626[39m,
  biomeTime: [33m146.90370000000257[39m,
  resourceTime: [33m0.12620000000242726[39m,
  structureTime: [33m0.11059999999997672[39m,
  riverTime: [33m0.06970000000001164[39m,
  totalTime: [33m147.76120000000083[39m
}
Chunk (-1, -1) generation metrics: {
  terrainTime: [33m0.5992999999980384[39m,
  biomeTime: [33m180.5469000000012[39m,
  resourceTime: [33m0.14419999999881838[39m,
  structureTime: [33m0.06460000000151922[39m,
  riverTime: [33m0.15040000000226428[39m,
  totalTime: [33m181.52690000000075[39m
}
Chunk (0, -1) generation metrics: {
  terrainTime: [33m0.7669999999998254[39m,
  biomeTime: [33m189.16660000000047[39m,
  resourceTime: [33m0.0816000000013446[39m,
  structureTime: [33m0.06759999999849242[39m,
  riverTime: [33m0.011599999997997656[39m,
  totalTime: [33m190.1176000000014[39m
}
Chunk (1, -1) generation metrics: {
  terrainTime: [33m0.4687000000012631[39m,
  biomeTime: [33m178.2001999999993[39m,
  resourceTime: [33m0.13810000000012224[39m,
  structureTime: [33m0.08260000000154832[39m,
  riverTime: [33m0.06490000000121654[39m,
  totalTime: [33m178.9796000000024[39m
}
Chunk (2, -1) generation metrics: {
  terrainTime: [33m0.6513000000013562[39m,
  biomeTime: [33m174.91019999999844[39m,
  resourceTime: [33m0.12589999999909196[39m,
  structureTime: [33m0.10460000000239233[39m,
  riverTime: [33m0.01900000000023283[39m,
  totalTime: [33m175.83610000000044[39m
}
Chunk (3, -1) generation metrics: {
  terrainTime: [33m0.910200000002078[39m,
  biomeTime: [33m150.89970000000176[39m,
  resourceTime: [33m0.12470000000030268[39m,
  structureTime: [33m0.11539999999877182[39m,
  riverTime: [33m0.01450000000113505[39m,
  totalTime: [33m155.0599000000002[39m
}
Chunk (-3, 0) generation metrics: {
  terrainTime: [33m0.6306000000004133[39m,
  biomeTime: [33m176.00440000000162[39m,
  resourceTime: [33m0.12880000000222935[39m,
  structureTime: [33m0.12739999999757856[39m,
  riverTime: [33m0.03870000000097207[39m,
  totalTime: [33m176.95550000000003[39m
}
Chunk (-2, 0) generation metrics: {
  terrainTime: [33m1.9536000000007334[39m,
  biomeTime: [33m188.65469999999914[39m,
  resourceTime: [33m0.14349999999831198[39m,
  structureTime: [33m0.12000000000261934[39m,
  riverTime: [33m0.06439999999929569[39m,
  totalTime: [33m190.96410000000105[39m
}
Chunk (-1, 0) generation metrics: {
  terrainTime: [33m0.7043000000012398[39m,
  biomeTime: [33m158.1225000000013[39m,
  resourceTime: [33m0.1353000000017346[39m,
  structureTime: [33m0.11409999999887077[39m,
  riverTime: [33m0.2110999999968044[39m,
  totalTime: [33m159.31070000000182[39m
}
Chunk (0, 0) generation metrics: {
  terrainTime: [33m0.6466000000000349[39m,
  biomeTime: [33m169.91809999999896[39m,
  resourceTime: [33m0.12810000000172295[39m,
  structureTime: [33m0.06400000000212458[39m,
  riverTime: [33m0.01419999999779975[39m,
  totalTime: [33m170.79039999999804[39m
}
Chunk (1, 0) generation metrics: {
  terrainTime: [33m0.5568999999995867[39m,
  biomeTime: [33m161.91560000000027[39m,
  resourceTime: [33m0.12529999999969732[39m,
  structureTime: [33m0.09950000000026193[39m,
  riverTime: [33m0.01540000000022701[39m,
  totalTime: [33m162.7352000000028[39m
}
Chunk (2, 0) generation metrics: {
  terrainTime: [33m0.6082999999998719[39m,
  biomeTime: [33m177.44120000000112[39m,
  resourceTime: [33m0.11490000000048894[39m,
  structureTime: [33m0.07320000000254367[39m,
  riverTime: [33m0.015599999998812564[39m,
  totalTime: [33m178.27639999999883[39m
}
Chunk (3, 0) generation metrics: {
  terrainTime: [33m0.6690999999991618[39m,
  biomeTime: [33m173.08780000000115[39m,
  resourceTime: [33m0.1536999999989348[39m,
  structureTime: [33m0.08179999999993015[39m,
  riverTime: [33m0.018899999999121064[39m,
  totalTime: [33m174.03670000000056[39m
}
Chunk (-3, 1) generation metrics: {
  terrainTime: [33m0.7328000000015891[39m,
  biomeTime: [33m176.2563999999984[39m,
  resourceTime: [33m0.14110000000073342[39m,
  structureTime: [33m0.08179999999993015[39m,
  riverTime: [33m0.016100000000733417[39m,
  totalTime: [33m177.2534999999989[39m
}
Chunk (-2, 1) generation metrics: {
  terrainTime: [33m0.6193999999995867[39m,
  biomeTime: [33m155.74919999999838[39m,
  resourceTime: [33m0.13030000000071595[39m,
  structureTime: [33m0.07019999999829452[39m,
  riverTime: [33m0.01629999999931897[39m,
  totalTime: [33m156.6182000000008[39m
}
Chunk (-1, 1) generation metrics: {
  terrainTime: [33m0.5226000000002387[39m,
  biomeTime: [33m133.82930000000124[39m,
  resourceTime: [33m0.1290000000008149[39m,
  structureTime: [33m0.08390000000144937[39m,
  riverTime: [33m0.014999999999417923[39m,
  totalTime: [33m134.60469999999987[39m
}
Chunk (0, 1) generation metrics: {
  terrainTime: [33m0.5845999999983178[39m,
  biomeTime: [33m143.34749999999985[39m,
  resourceTime: [33m0.125[39m,
  structureTime: [33m0.07760000000052969[39m,
  riverTime: [33m0.014600000002246816[39m,
  totalTime: [33m144.17309999999998[39m
}
Chunk (1, 1) generation metrics: {
  terrainTime: [33m1.91019999999844[39m,
  biomeTime: [33m147.7515999999996[39m,
  resourceTime: [33m0.11549999999988358[39m,
  structureTime: [33m0.07759999999689171[39m,
  riverTime: [33m0.014699999999720603[39m,
  totalTime: [33m149.89410000000134[39m
}
Chunk (2, 1) generation metrics: {
  terrainTime: [33m0.8283000000010361[39m,
  biomeTime: [33m151.32359999999971[39m,
  resourceTime: [33m0.11739999999917927[39m,
  structureTime: [33m0.0790000000015425[39m,
  riverTime: [33m0.013999999999214197[39m,
  totalTime: [33m152.38999999999942[39m
}
Chunk (3, 1) generation metrics: {
  terrainTime: [33m0.5927999999985332[39m,
  biomeTime: [33m150.27980000000025[39m,
  resourceTime: [33m0.14029999999911524[39m,
  structureTime: [33m0.0797999999995227[39m,
  riverTime: [33m0.0871000000006461[39m,
  totalTime: [33m151.20340000000215[39m
}
Chunk (-3, 2) generation metrics: {
  terrainTime: [33m0.6186999999990803[39m,
  biomeTime: [33m162.1286[39m,
  resourceTime: [33m0.0717000000004191[39m,
  structureTime: [33m0.05399999999644933[39m,
  riverTime: [33m0.008499999999912689[39m,
  totalTime: [33m162.90000000000146[39m
}
Chunk (-2, 2) generation metrics: {
  terrainTime: [33m0.39949999999953434[39m,
  biomeTime: [33m150.63720000000103[39m,
  resourceTime: [33m0.12589999999909196[39m,
  structureTime: [33m0.08120000000053551[39m,
  riverTime: [33m0.014299999998911517[39m,
  totalTime: [33m151.28090000000157[39m
}
Chunk (-1, 2) generation metrics: {
  terrainTime: [33m0.6078000000015891[39m,
  biomeTime: [33m186.24789999999848[39m,
  resourceTime: [33m0.15520000000105938[39m,
  structureTime: [33m0.09280000000217115[39m,
  riverTime: [33m0.017400000000634464[39m,
  totalTime: [33m187.14809999999852[39m
}
Chunk (0, 2) generation metrics: {
  terrainTime: [33m0.7072000000007392[39m,
  biomeTime: [33m171.67629999999917[39m,
  resourceTime: [33m0.12970000000132131[39m,
  structureTime: [33m0.07400000000052387[39m,
  riverTime: [33m0.016199999998207204[39m,
  totalTime: [33m172.629399999998[39m
}
Chunk (1, 2) generation metrics: {
  terrainTime: [33m0.6336999999984982[39m,
  biomeTime: [33m154.45560000000114[39m,
  resourceTime: [33m0.12310000000070431[39m,
  structureTime: [33m0.07879999999931897[39m,
  riverTime: [33m0.01420000000143773[39m,
  totalTime: [33m155.33160000000134[39m
}
Chunk (2, 2) generation metrics: {
  terrainTime: [33m0.5810999999994237[39m,
  biomeTime: [33m140.30779999999868[39m,
  resourceTime: [33m0.12529999999969732[39m,
  structureTime: [33m0.09050000000206637[39m,
  riverTime: [33m0.06679999999687425[39m,
  totalTime: [33m141.195499999998[39m
}
Chunk (3, 2) generation metrics: {
  terrainTime: [33m0.578800000002957[39m,
  biomeTime: [33m151.65639999999985[39m,
  resourceTime: [33m0.11700000000200816[39m,
  structureTime: [33m0.062099999999190914[39m,
  riverTime: [33m0.014999999999417923[39m,
  totalTime: [33m152.4488999999994[39m
}
Chunk (-3, 3) generation metrics: {
  terrainTime: [33m0.6464999999989232[39m,
  biomeTime: [33m136.66869999999835[39m,
  resourceTime: [33m0.12069999999948777[39m,
  structureTime: [33m0.07009999999718275[39m,
  riverTime: [33m0.01450000000113505[39m,
  totalTime: [33m137.54349999999977[39m
}
Chunk (-2, 3) generation metrics: {
  terrainTime: [33m0.6026000000019849[39m,
  biomeTime: [33m156.99179999999978[39m,
  resourceTime: [33m0.1250999999974738[39m,
  structureTime: [33m0.07940000000235159[39m,
  riverTime: [33m0.18909999999959837[39m,
  totalTime: [33m158.01080000000002[39m
}
Chunk (-1, 3) generation metrics: {
  terrainTime: [33m0.6084999999984575[39m,
  biomeTime: [33m143.83529999999882[39m,
  resourceTime: [33m0.12269999999989523[39m,
  structureTime: [33m0.08059999999750289[39m,
  riverTime: [33m0.19949999999880674[39m,
  totalTime: [33m144.8742999999995[39m
}
Chunk (0, 3) generation metrics: {
  terrainTime: [33m0.6137999999991735[39m,
  biomeTime: [33m149.20829999999842[39m,
  resourceTime: [33m0.12529999999969732[39m,
  structureTime: [33m0.11999999999898137[39m,
  riverTime: [33m0.014999999999417923[39m,
  totalTime: [33m150.10840000000098[39m
}
Chunk (1, 3) generation metrics: {
  terrainTime: [33m0.61620000000039[39m,
  biomeTime: [33m149.95799999999872[39m,
  resourceTime: [33m0.13220000000001164[39m,
  structureTime: [33m0.09440000000176951[39m,
  riverTime: [33m0.2040000000015425[39m,
  totalTime: [33m151.03340000000026[39m
}
Chunk (2, 3) generation metrics: {
  terrainTime: [33m0.5926999999974214[39m,
  biomeTime: [33m150.03600000000006[39m,
  resourceTime: [33m0.07339999999749125[39m,
  structureTime: [33m0.059300000000803266[39m,
  riverTime: [33m0.010700000002543675[39m,
  totalTime: [33m150.79399999999805[39m
}
Chunk (3, 3) generation metrics: {
  terrainTime: [33m0.41849999999976717[39m,
  biomeTime: [33m149.81330000000162[39m,
  resourceTime: [33m0.15669999999954598[39m,
  structureTime: [33m0.11209999999846332[39m,
  riverTime: [33m0.01810000000114087[39m,
  totalTime: [33m150.54170000000158[39m
}
Loaded 49 chunks in 8315.62ms

[90mstdout[2m | demo/src/core/DemoApp.lod.integration.test.ts[2m > [22m[2mDemoApp - LOD System Integration[2m > [22m[2mCamera Movement Triggers LOD Updates (Requirement 7.6)[2m > [22m[2mshould increase LOW LOD count when camera moves away from chunks[22m[39m
DemoApp initialized successfully
Chunk (-3, -3) generation metrics: {
  terrainTime: [33m0.6217999999971653[39m,
  biomeTime: [33m152.15829999999914[39m,
  resourceTime: [33m0.13030000000071595[39m,
  structureTime: [33m0.0731999999989057[39m,
  riverTime: [33m0.01569999999992433[39m,
  totalTime: [33m153.0197999999982[39m
}
Chunk (-2, -3) generation metrics: {
  terrainTime: [33m0.6005000000004657[39m,
  biomeTime: [33m155.5563000000002[39m,
  resourceTime: [33m0.12629999999990105[39m,
  structureTime: [33m0.07159999999930733[39m,
  riverTime: [33m0.11620000000038999[39m,
  totalTime: [33m156.4910000000018[39m
}
Chunk (-1, -3) generation metrics: {
  terrainTime: [33m0.6455000000023574[39m,
  biomeTime: [33m165.66100000000006[39m,
  resourceTime: [33m0.13100000000122236[39m,
  structureTime: [33m0.07049999999799184[39m,
  riverTime: [33m0.08390000000144937[39m,
  totalTime: [33m166.61349999999948[39m
}
Chunk (0, -3) generation metrics: {
  terrainTime: [33m0.6650000000008731[39m,
  biomeTime: [33m147.9288000000015[39m,
  resourceTime: [33m0.12510000000111177[39m,
  structureTime: [33m0.10329999999885331[39m,
  riverTime: [33m0.015499999997700797[39m,
  totalTime: [33m148.8592000000026[39m
}
Chunk (1, -3) generation metrics: {
  terrainTime: [33m0.6097999999983585[39m,
  biomeTime: [33m160.72499999999854[39m,
  resourceTime: [33m0.15639999999984866[39m,
  structureTime: [33m0.09990000000107102[39m,
  riverTime: [33m0.018899999999121064[39m,
  totalTime: [33m161.63289999999688[39m
}
Chunk (2, -3) generation metrics: {
  terrainTime: [33m0.602100000000064[39m,
  biomeTime: [33m156.8133999999991[39m,
  resourceTime: [33m0.12320000000181608[39m,
  structureTime: [33m0.07530000000042492[39m,
  riverTime: [33m0.12139999999999418[39m,
  totalTime: [33m157.75760000000082[39m
}
Chunk (3, -3) generation metrics: {
  terrainTime: [33m3.15400000000227[39m,
  biomeTime: [33m166.6847999999991[39m,
  resourceTime: [33m0.1268999999992957[39m,
  structureTime: [33m0.08239999999932479[39m,
  riverTime: [33m0.10139999999955762[39m,
  totalTime: [33m170.1768000000011[39m
}
Chunk (-3, -2) generation metrics: {
  terrainTime: [33m0.6327999999994063[39m,
  biomeTime: [33m177.26800000000003[39m,
  resourceTime: [33m0.22550000000046566[39m,
  structureTime: [33m0.07739999999830616[39m,
  riverTime: [33m0.006600000000617001[39m,
  totalTime: [33m178.29439999999886[39m
}
Chunk (-2, -2) generation metrics: {
  terrainTime: [33m0.6549999999988358[39m,
  biomeTime: [33m169.22170000000187[39m,
  resourceTime: [33m0.12470000000030268[39m,
  structureTime: [33m0.07769999999800348[39m,
  riverTime: [33m0.02380000000266591[39m,
  totalTime: [33m170.1281999999992[39m
}
Chunk (-1, -2) generation metrics: {
  terrainTime: [33m0.6097000000008848[39m,
  biomeTime: [33m161.3804999999993[39m,
  resourceTime: [33m0.13359999999738648[39m,
  structureTime: [33m0.0636000000013155[39m,
  riverTime: [33m0.06970000000001164[39m,
  totalTime: [33m162.27690000000075[39m
}
Chunk (0, -2) generation metrics: {
  terrainTime: [33m0.613100000002305[39m,
  biomeTime: [33m151.39270000000033[39m,
  resourceTime: [33m0.12989999999990687[39m,
  structureTime: [33m0.11170000000129221[39m,
  riverTime: [33m0.007300000001123408[39m,
  totalTime: [33m152.27649999999994[39m
}
Chunk (1, -2) generation metrics: {
  terrainTime: [33m0.6192000000010012[39m,
  biomeTime: [33m141.82190000000264[39m,
  resourceTime: [33m0.12930000000051223[39m,
  structureTime: [33m0.06850000000122236[39m,
  riverTime: [33m0.005699999997887062[39m,
  totalTime: [33m142.6648000000023[39m
}
Chunk (2, -2) generation metrics: {
  terrainTime: [33m0.5753000000004249[39m,
  biomeTime: [33m139.1988999999994[39m,
  resourceTime: [33m0.1290000000008149[39m,
  structureTime: [33m0.12560000000303262[39m,
  riverTime: [33m0.007100000002537854[39m,
  totalTime: [33m140.0609000000004[39m
}
Chunk (3, -2) generation metrics: {
  terrainTime: [33m0.5907000000006519[39m,
  biomeTime: [33m151.6222999999991[39m,
  resourceTime: [33m0.12329999999928987[39m,
  structureTime: [33m0.07050000000162981[39m,
  riverTime: [33m0.006600000000617001[39m,
  totalTime: [33m152.4349000000002[39m
}
Chunk (-3, -1) generation metrics: {
  terrainTime: [33m0.5784000000021479[39m,
  biomeTime: [33m160.9255000000012[39m,
  resourceTime: [33m0.12549999999828287[39m,
  structureTime: [33m0.08580000000074506[39m,
  riverTime: [33m0.048499999997147825[39m,
  totalTime: [33m161.78770000000077[39m
}
Chunk (-2, -1) generation metrics: {
  terrainTime: [33m0.5879999999997381[39m,
  biomeTime: [33m134.3834999999999[39m,
  resourceTime: [33m0.12139999999999418[39m,
  structureTime: [33m0.11679999999978463[39m,
  riverTime: [33m0.05909999999857973[39m,
  totalTime: [33m135.293700000002[39m
}
Chunk (-1, -1) generation metrics: {
  terrainTime: [33m0.6013000000020838[39m,
  biomeTime: [33m137.9899000000005[39m,
  resourceTime: [33m0.13430000000153086[39m,
  structureTime: [33m0.10239999999976135[39m,
  riverTime: [33m0.2687000000005355[39m,
  totalTime: [33m139.12319999999818[39m
}
Chunk (0, -1) generation metrics: {
  terrainTime: [33m0.6290000000008149[39m,
  biomeTime: [33m141.0421000000024[39m,
  resourceTime: [33m0.12139999999999418[39m,
  structureTime: [33m0.07449999999880674[39m,
  riverTime: [33m0.006600000000617001[39m,
  totalTime: [33m141.8952999999965[39m
}
Chunk (1, -1) generation metrics: {
  terrainTime: [33m0.624100000000908[39m,
  biomeTime: [33m135.7446000000018[39m,
  resourceTime: [33m0.1264999999984866[39m,
  structureTime: [33m0.06999999999970896[39m,
  riverTime: [33m0.041199999999662396[39m,
  totalTime: [33m136.6257000000005[39m
}
Chunk (2, -1) generation metrics: {
  terrainTime: [33m0.5977999999995518[39m,
  biomeTime: [33m133.78199999999924[39m,
  resourceTime: [33m0.12320000000181608[39m,
  structureTime: [33m0.13339999999880092[39m,
  riverTime: [33m0.006000000001222361[39m,
  totalTime: [33m134.66430000000037[39m
}
Chunk (3, -1) generation metrics: {
  terrainTime: [33m0.7227999999995518[39m,
  biomeTime: [33m141.2525999999998[39m,
  resourceTime: [33m0.12629999999990105[39m,
  structureTime: [33m0.13070000000152504[39m,
  riverTime: [33m0.006600000000617001[39m,
  totalTime: [33m142.26919999999882[39m
}
Chunk (-3, 0) generation metrics: {
  terrainTime: [33m0.6297999999987951[39m,
  biomeTime: [33m128.90209999999934[39m,
  resourceTime: [33m0.06799999999930151[39m,
  structureTime: [33m0.08209999999962747[39m,
  riverTime: [33m0.020399999997607665[39m,
  totalTime: [33m129.72259999999733[39m
}
Chunk (-2, 0) generation metrics: {
  terrainTime: [33m0.4135000000023865[39m,
  biomeTime: [33m135.8869999999988[39m,
  resourceTime: [33m0.12320000000181608[39m,
  structureTime: [33m0.12229999999908614[39m,
  riverTime: [33m0.04170000000158325[39m,
  totalTime: [33m136.6107000000011[39m
}
Chunk (-1, 0) generation metrics: {
  terrainTime: [33m0.6243000000031316[39m,
  biomeTime: [33m141.4464999999982[39m,
  resourceTime: [33m0.1264999999984866[39m,
  structureTime: [33m0.11449999999967986[39m,
  riverTime: [33m0.1254000000008091[39m,
  totalTime: [33m142.46540000000095[39m
}
Chunk (0, 0) generation metrics: {
  terrainTime: [33m0.6136000000005879[39m,
  biomeTime: [33m132.97070000000167[39m,
  resourceTime: [33m0.1242999999994936[39m,
  structureTime: [33m0.07690000000002328[39m,
  riverTime: [33m0.006400000002031447[39m,
  totalTime: [33m133.8132000000005[39m
}
Chunk (1, 0) generation metrics: {
  terrainTime: [33m0.6109999999971478[39m,
  biomeTime: [33m138.33000000000175[39m,
  resourceTime: [33m0.12930000000051223[39m,
  structureTime: [33m0.11200000000098953[39m,
  riverTime: [33m0.006300000000919681[39m,
  totalTime: [33m139.21600000000035[39m
}
Chunk (2, 0) generation metrics: {
  terrainTime: [33m0.5996999999988475[39m,
  biomeTime: [33m139.30129999999917[39m,
  resourceTime: [33m0.1319999999977881[39m,
  structureTime: [33m0.08350000000064028[39m,
  riverTime: [33m0.0076999999982945155[39m,
  totalTime: [33m140.14900000000125[39m
}
Chunk (3, 0) generation metrics: {
  terrainTime: [33m0.6226000000024214[39m,
  biomeTime: [33m146.35320000000138[39m,
  resourceTime: [33m0.12679999999818392[39m,
  structureTime: [33m0.08729999999923166[39m,
  riverTime: [33m0.006600000000617001[39m,
  totalTime: [33m147.22300000000178[39m
}
Chunk (-3, 1) generation metrics: {
  terrainTime: [33m0.6015000000006694[39m,
  biomeTime: [33m154.16949999999997[39m,
  resourceTime: [33m0.1242999999994936[39m,
  structureTime: [33m0.12080000000059954[39m,
  riverTime: [33m0.009600000001228182[39m,
  totalTime: [33m155.05449999999837[39m
}
Chunk (-2, 1) generation metrics: {
  terrainTime: [33m0.6185999999979686[39m,
  biomeTime: [33m145.95770000000266[39m,
  resourceTime: [33m0.07890000000043074[39m,
  structureTime: [33m0.07660000000032596[39m,
  riverTime: [33m0.005600000000413274[39m,
  totalTime: [33m146.7654999999977[39m
}
Chunk (-1, 1) generation metrics: {
  terrainTime: [33m0.4320000000006985[39m,
  biomeTime: [33m134.15070000000196[39m,
  resourceTime: [33m0.16830000000118162[39m,
  structureTime: [33m0.4285999999992782[39m,
  riverTime: [33m0.0076999999982945155[39m,
  totalTime: [33m135.2133999999969[39m
}
Chunk (0, 1) generation metrics: {
  terrainTime: [33m0.5959000000002561[39m,
  biomeTime: [33m157.88070000000153[39m,
  resourceTime: [33m0.12329999999928987[39m,
  structureTime: [33m0.07850000000325963[39m,
  riverTime: [33m0.006199999999807915[39m,
  totalTime: [33m158.70669999999882[39m
}
Chunk (1, 1) generation metrics: {
  terrainTime: [33m0.5681999999978871[39m,
  biomeTime: [33m144.6843000000008[39m,
  resourceTime: [33m0.12359999999898719[39m,
  structureTime: [33m0.08040000000255532[39m,
  riverTime: [33m0.006599999996979022[39m,
  totalTime: [33m145.48609999999826[39m
}
Chunk (2, 1) generation metrics: {
  terrainTime: [33m0.5783999999985099[39m,
  biomeTime: [33m139.37450000000172[39m,
  resourceTime: [33m0.11650000000008731[39m,
  structureTime: [33m0.07560000000012224[39m,
  riverTime: [33m0.007399999998597195[39m,
  totalTime: [33m140.21059999999852[39m
}
Chunk (3, 1) generation metrics: {
  terrainTime: [33m0.563799999999901[39m,
  biomeTime: [33m142.01360000000204[39m,
  resourceTime: [33m0.12130000000252039[39m,
  structureTime: [33m0.07819999999992433[39m,
  riverTime: [33m0.05280000000129803[39m,
  totalTime: [33m142.85250000000087[39m
}
Chunk (-3, 2) generation metrics: {
  terrainTime: [33m0.617099999999482[39m,
  biomeTime: [33m148.15720000000147[39m,
  resourceTime: [33m0.11929999999847496[39m,
  structureTime: [33m0.07120000000213622[39m,
  riverTime: [33m0.006099999998696148[39m,
  totalTime: [33m148.99059999999736[39m
}
Chunk (-2, 2) generation metrics: {
  terrainTime: [33m0.8371000000006461[39m,
  biomeTime: [33m141.10610000000088[39m,
  resourceTime: [33m0.07180000000153086[39m,
  structureTime: [33m0.07659999999668798[39m,
  riverTime: [33m0.004899999999906868[39m,
  totalTime: [33m142.1143000000011[39m
}
Chunk (-1, 2) generation metrics: {
  terrainTime: [33m0.621500000001106[39m,
  biomeTime: [33m134.33980000000156[39m,
  resourceTime: [33m0.17260000000169384[39m,
  structureTime: [33m0.14710000000195578[39m,
  riverTime: [33m0.009099999999307329[39m,
  totalTime: [33m135.31920000000173[39m
}
Chunk (0, 2) generation metrics: {
  terrainTime: [33m0.6070999999974447[39m,
  biomeTime: [33m153.5554000000011[39m,
  resourceTime: [33m0.11279999999896972[39m,
  structureTime: [33m0.10210000000006403[39m,
  riverTime: [33m0.016200000001845183[39m,
  totalTime: [33m154.41909999999916[39m
}
Chunk (1, 2) generation metrics: {
  terrainTime: [33m0.6424000000006345[39m,
  biomeTime: [33m139.20360000000073[39m,
  resourceTime: [33m0.1216999999996915[39m,
  structureTime: [33m0.07930000000123982[39m,
  riverTime: [33m0.0067000000017287675[39m,
  totalTime: [33m140.08050000000003[39m
}
Chunk (2, 2) generation metrics: {
  terrainTime: [33m0.6032999999988533[39m,
  biomeTime: [33m147.97810000000027[39m,
  resourceTime: [33m0.12860000000000582[39m,
  structureTime: [33m0.07749999999941792[39m,
  riverTime: [33m0.04200000000128057[39m,
  totalTime: [33m148.85219999999754[39m
}
Chunk (3, 2) generation metrics: {
  terrainTime: [33m0.5796999999984109[39m,
  biomeTime: [33m136.60440000000017[39m,
  resourceTime: [33m0.06929999999920256[39m,
  structureTime: [33m0.06860000000233413[39m,
  riverTime: [33m0.005599999996775296[39m,
  totalTime: [33m137.34820000000036[39m
}
Chunk (-3, 3) generation metrics: {
  terrainTime: [33m0.3911999999982072[39m,
  biomeTime: [33m147.46789999999964[39m,
  resourceTime: [33m0.1224000000001979[39m,
  structureTime: [33m0.08369999999922584[39m,
  riverTime: [33m0.007000000001426088[39m,
  totalTime: [33m148.09420000000318[39m
}
Chunk (-2, 3) generation metrics: {
  terrainTime: [33m0.57220000000234[39m,
  biomeTime: [33m149.38630000000194[39m,
  resourceTime: [33m0.1334999999999127[39m,
  structureTime: [33m0.06710000000020955[39m,
  riverTime: [33m0.9209000000009837[39m,
  totalTime: [33m151.10250000000087[39m
}
Chunk (-1, 3) generation metrics: {
  terrainTime: [33m0.6627999999982421[39m,
  biomeTime: [33m157.03750000000218[39m,
  resourceTime: [33m0.09389999999984866[39m,
  structureTime: [33m0.07990000000063446[39m,
  riverTime: [33m0.12410000000090804[39m,
  totalTime: [33m158.02210000000196[39m
}
Chunk (0, 3) generation metrics: {
  terrainTime: [33m0.6007000000026892[39m,
  biomeTime: [33m150.77000000000044[39m,
  resourceTime: [33m0.12060000000201399[39m,
  structureTime: [33m0.1106999999974505[39m,
  riverTime: [33m0.005300000000715954[39m,
  totalTime: [33m151.6333999999988[39m
}
Chunk (1, 3) generation metrics: {
  terrainTime: [33m0.5879999999997381[39m,
  biomeTime: [33m145.08320000000094[39m,
  resourceTime: [33m0.10680000000138534[39m,
  structureTime: [33m0.04980000000068685[39m,
  riverTime: [33m0.13559999999779393[39m,
  totalTime: [33m145.97820000000138[39m
}
Chunk (2, 3) generation metrics: {
  terrainTime: [33m0.5636000000013155[39m,
  biomeTime: [33m148.02709999999934[39m,
  resourceTime: [33m0.13109999999869615[39m,
  structureTime: [33m0.08410000000003492[39m,
  riverTime: [33m0.0063999999983934686[39m,
  totalTime: [33m148.83230000000185[39m
}
Chunk (3, 3) generation metrics: {
  terrainTime: [33m0.6124999999992724[39m,
  biomeTime: [33m136.18349999999919[39m,
  resourceTime: [33m0.12810000000172295[39m,
  structureTime: [33m0.09720000000015716[39m,
  riverTime: [33m0.006300000000919681[39m,
  totalTime: [33m137.0502000000015[39m
}
Loaded 49 chunks in 7256.35ms

[90mstdout[2m | demo/src/core/DemoApp.lod.integration.test.ts[2m > [22m[2mDemoApp - LOD System Integration[2m > [22m[2mPerformance Improvement with LOD Enabled (Requirement 7.2)[2m > [22m[2mshould reduce total vertex count with LOD enabled[22m[39m
DemoApp initialized successfully
Chunk (-3, -3) generation metrics: {
  terrainTime: [33m0.611800000002404[39m,
  biomeTime: [33m173.26529999999912[39m,
  resourceTime: [33m0.11369999999806168[39m,
  structureTime: [33m0.1349999999983993[39m,
  riverTime: [33m0.013399999999819556[39m,
  totalTime: [33m174.16730000000098[39m
}
Chunk (-2, -3) generation metrics: {
  terrainTime: [33m0.6357000000025437[39m,
  biomeTime: [33m186.78910000000178[39m,
  resourceTime: [33m0.12939999999798601[39m,
  structureTime: [33m0.08229999999821302[39m,
  riverTime: [33m0.05800000000090222[39m,
  totalTime: [33m187.72069999999803[39m
}
Chunk (-1, -3) generation metrics: {
  terrainTime: [33m0.613100000002305[39m,
  biomeTime: [33m168.245600000002[39m,
  resourceTime: [33m0.12830000000394648[39m,
  structureTime: [33m0.08209999999962747[39m,
  riverTime: [33m0.05040000000008149[39m,
  totalTime: [33m169.14340000000084[39m
}
Chunk (0, -3) generation metrics: {
  terrainTime: [33m0.6109999999971478[39m,
  biomeTime: [33m147.93639999999868[39m,
  resourceTime: [33m0.12919999999576248[39m,
  structureTime: [33m0.12599999999656575[39m,
  riverTime: [33m0.006999999997788109[39m,
  totalTime: [33m148.83410000000003[39m
}
Chunk (1, -3) generation metrics: {
  terrainTime: [33m0.6179000000047381[39m,
  biomeTime: [33m143.98329999999987[39m,
  resourceTime: [33m0.12019999999756692[39m,
  structureTime: [33m0.07669999999779975[39m,
  riverTime: [33m0.0072000000000116415[39m,
  totalTime: [33m144.83209999999963[39m
}
Chunk (2, -3) generation metrics: {
  terrainTime: [33m0.571299999995972[39m,
  biomeTime: [33m135.29649999999674[39m,
  resourceTime: [33m0.127200000002631[39m,
  structureTime: [33m0.0966000000044005[39m,
  riverTime: [33m0.040899999999965075[39m,
  totalTime: [33m136.15860000000248[39m
}
Chunk (3, -3) generation metrics: {
  terrainTime: [33m0.5913000000000466[39m,
  biomeTime: [33m137.27260000000388[39m,
  resourceTime: [33m0.12369999999646097[39m,
  structureTime: [33m0.08000000000174623[39m,
  riverTime: [33m0.06900000000314321[39m,
  totalTime: [33m138.16339999999764[39m
}
Chunk (-3, -2) generation metrics: {
  terrainTime: [33m0.6084999999948195[39m,
  biomeTime: [33m141.58980000000156[39m,
  resourceTime: [33m0.12749999999505235[39m,
  structureTime: [33m0.07310000000143191[39m,
  riverTime: [33m0.0054000000018277206[39m,
  totalTime: [33m142.42619999999442[39m
}
Chunk (-2, -2) generation metrics: {
  terrainTime: [33m0.5872999999992317[39m,
  biomeTime: [33m144.06029999999737[39m,
  resourceTime: [33m0.11110000000189757[39m,
  structureTime: [33m0.07239999999728752[39m,
  riverTime: [33m0.02350000000296859[39m,
  totalTime: [33m144.8747000000003[39m
}
Chunk (-1, -2) generation metrics: {
  terrainTime: [33m0.6618000000016764[39m,
  biomeTime: [33m139.39860000000044[39m,
  resourceTime: [33m0.12489999999525025[39m,
  structureTime: [33m0.09139999999752035[39m,
  riverTime: [33m0.05319999999483116[39m,
  totalTime: [33m140.35689999999886[39m
}
Chunk (0, -2) generation metrics: {
  terrainTime: [33m0.623699999996461[39m,
  biomeTime: [33m143.00760000000446[39m,
  resourceTime: [33m0.12079999999696156[39m,
  structureTime: [33m0.10850000000209548[39m,
  riverTime: [33m0.005900000003748573[39m,
  totalTime: [33m143.89400000000023[39m
}
Chunk (1, -2) generation metrics: {
  terrainTime: [33m0.5819999999948777[39m,
  biomeTime: [33m142.54809999999998[39m,
  resourceTime: [33m0.0684999999939464[39m,
  structureTime: [33m0.06869999999616994[39m,
  riverTime: [33m0.005000000004656613[39m,
  totalTime: [33m143.29270000000542[39m
}
Chunk (2, -2) generation metrics: {
  terrainTime: [33m0.3905000000013388[39m,
  biomeTime: [33m137.72699999999895[39m,
  resourceTime: [33m0.12630000000353903[39m,
  structureTime: [33m0.11869999999908032[39m,
  riverTime: [33m0.007299999997485429[39m,
  totalTime: [33m138.39100000000326[39m
}
Chunk (3, -2) generation metrics: {
  terrainTime: [33m0.6504999999961001[39m,
  biomeTime: [33m146.92379999999685[39m,
  resourceTime: [33m0.11849999999685679[39m,
  structureTime: [33m0.09419999999954598[39m,
  riverTime: [33m0.006800000002840534[39m,
  totalTime: [33m147.81820000000153[39m
}
Chunk (-3, -1) generation metrics: {
  terrainTime: [33m0.5823999999993248[39m,
  biomeTime: [33m139.57719999999972[39m,
  resourceTime: [33m0.12410000000090804[39m,
  structureTime: [33m0.08580000000074506[39m,
  riverTime: [33m0.049999999995634425[39m,
  totalTime: [33m140.44810000000143[39m
}
Chunk (-2, -1) generation metrics: {
  terrainTime: [33m0.6385999999984051[39m,
  biomeTime: [33m136.73969999999827[39m,
  resourceTime: [33m0.13190000000031432[39m,
  structureTime: [33m0.13089999999647262[39m,
  riverTime: [33m0.04829999999492429[39m,
  totalTime: [33m137.7167999999947[39m
}
Chunk (-1, -1) generation metrics: {
  terrainTime: [33m0.6153999999951338[39m,
  biomeTime: [33m149.72170000000187[39m,
  resourceTime: [33m0.07029999999940628[39m,
  structureTime: [33m0.0680999999967753[39m,
  riverTime: [33m0.08989999999903375[39m,
  totalTime: [33m150.58840000000055[39m
}
Chunk (0, -1) generation metrics: {
  terrainTime: [33m0.42489999999816064[39m,
  biomeTime: [33m144.2656999999963[39m,
  resourceTime: [33m0.11520000000018626[39m,
  structureTime: [33m0.07990000000427244[39m,
  riverTime: [33m0.006599999993341044[39m,
  totalTime: [33m144.91249999999854[39m
}
Chunk (1, -1) generation metrics: {
  terrainTime: [33m0.5970000000015716[39m,
  biomeTime: [33m141.5893999999971[39m,
  resourceTime: [33m0.12470000000030268[39m,
  structureTime: [33m0.09690000000409782[39m,
  riverTime: [33m0.038100000005215406[39m,
  totalTime: [33m142.47189999999682[39m
}
Chunk (2, -1) generation metrics: {
  terrainTime: [33m0.7201000000059139[39m,
  biomeTime: [33m149.70820000000094[39m,
  resourceTime: [33m0.12969999999768334[39m,
  structureTime: [33m0.16859999999724096[39m,
  riverTime: [33m0.008899999993445817[39m,
  totalTime: [33m150.7705999999962[39m
}
Chunk (3, -1) generation metrics: {
  terrainTime: [33m0.8229999999966822[39m,
  biomeTime: [33m151.846000000005[39m,
  resourceTime: [33m0.13360000000102445[39m,
  structureTime: [33m0.12150000000110595[39m,
  riverTime: [33m0.006000000001222361[39m,
  totalTime: [33m152.96689999999944[39m
}
Chunk (-3, 0) generation metrics: {
  terrainTime: [33m0.6147000000055414[39m,
  biomeTime: [33m145.83190000000468[39m,
  resourceTime: [33m0.13119999999616994[39m,
  structureTime: [33m0.12010000000009313[39m,
  riverTime: [33m0.030199999993783422[39m,
  totalTime: [33m146.7517000000007[39m
}
Chunk (-2, 0) generation metrics: {
  terrainTime: [33m0.6201999999975669[39m,
  biomeTime: [33m140.31300000000192[39m,
  resourceTime: [33m0.12470000000030268[39m,
  structureTime: [33m0.11110000000189757[39m,
  riverTime: [33m0.03620000000228174[39m,
  totalTime: [33m141.22759999999835[39m
}
Chunk (-1, 0) generation metrics: {
  terrainTime: [33m0.6205000000045402[39m,
  biomeTime: [33m136.6501999999964[39m,
  resourceTime: [33m0.06710000000020955[39m,
  structureTime: [33m0.0768000000025495[39m,
  riverTime: [33m0.07980000000679865[39m,
  totalTime: [33m137.5127999999968[39m
}
Chunk (0, 0) generation metrics: {
  terrainTime: [33m0.3886999999958789[39m,
  biomeTime: [33m142.528999999995[39m,
  resourceTime: [33m0.11450000000331784[39m,
  structureTime: [33m0.06259999999747379[39m,
  riverTime: [33m0.006300000000919681[39m,
  totalTime: [33m143.12099999999919[39m
}
Chunk (1, 0) generation metrics: {
  terrainTime: [33m0.5702999999994063[39m,
  biomeTime: [33m148.69220000000496[39m,
  resourceTime: [33m0.12059999999473803[39m,
  structureTime: [33m0.11669999999867287[39m,
  riverTime: [33m0.006900000000314321[39m,
  totalTime: [33m149.53340000000026[39m
}
Chunk (2, 0) generation metrics: {
  terrainTime: [33m0.5760000000009313[39m,
  biomeTime: [33m159.53620000000228[39m,
  resourceTime: [33m0.12169999999605352[39m,
  structureTime: [33m0.07179999999789288[39m,
  riverTime: [33m0.005900000003748573[39m,
  totalTime: [33m160.36710000000312[39m
}
Chunk (3, 0) generation metrics: {
  terrainTime: [33m0.5806999999986147[39m,
  biomeTime: [33m141.688900000001[39m,
  resourceTime: [33m0.1275000000023283[39m,
  structureTime: [33m0.07839999999850988[39m,
  riverTime: [33m0.006700000005366746[39m,
  totalTime: [33m142.50450000000274[39m
}
Chunk (-3, 1) generation metrics: {
  terrainTime: [33m0.5767999999952735[39m,
  biomeTime: [33m130.10290000000532[39m,
  resourceTime: [33m0.1103000000002794[39m,
  structureTime: [33m0.06560000000172295[39m,
  riverTime: [33m0.006600000000617001[39m,
  totalTime: [33m130.88379999999597[39m
}
Chunk (-2, 1) generation metrics: {
  terrainTime: [33m0.6305999999967753[39m,
  biomeTime: [33m151.056700000001[39m,
  resourceTime: [33m0.12889999999606516[39m,
  structureTime: [33m0.0808000000033644[39m,
  riverTime: [33m0.005599999996775296[39m,
  totalTime: [33m151.9247000000032[39m
}
Chunk (-1, 1) generation metrics: {
  terrainTime: [33m0.6048000000009779[39m,
  biomeTime: [33m174.07480000000214[39m,
  resourceTime: [33m0.07040000000415603[39m,
  structureTime: [33m0.06010000000242144[39m,
  riverTime: [33m0.004000000000814907[39m,
  totalTime: [33m174.8324999999968[39m
}
Chunk (0, 1) generation metrics: {
  terrainTime: [33m0.8977000000013504[39m,
  biomeTime: [33m153.53830000000016[39m,
  resourceTime: [33m0.11549999999988358[39m,
  structureTime: [33m0.07899999999790452[39m,
  riverTime: [33m0.0073999999949592166[39m,
  totalTime: [33m154.65879999999743[39m
}
Chunk (1, 1) generation metrics: {
  terrainTime: [33m0.5956000000005588[39m,
  biomeTime: [33m150.9478999999992[39m,
  resourceTime: [33m0.12000000000261934[39m,
  structureTime: [33m0.07500000000436557[39m,
  riverTime: [33m0.007499999999708962[39m,
  totalTime: [33m151.7690999999977[39m
}
Chunk (2, 1) generation metrics: {
  terrainTime: [33m0.6701000000030035[39m,
  biomeTime: [33m149.9375[39m,
  resourceTime: [33m0.13190000000031432[39m,
  structureTime: [33m0.07870000000548316[39m,
  riverTime: [33m0.0073999999949592166[39m,
  totalTime: [33m150.84990000000107[39m
}
Chunk (3, 1) generation metrics: {
  terrainTime: [33m0.6028999999980442[39m,
  biomeTime: [33m137.53179999999702[39m,
  resourceTime: [33m0.1239999999961583[39m,
  structureTime: [33m0.07279999999445863[39m,
  riverTime: [33m0.05380000000150176[39m,
  totalTime: [33m138.40780000000086[39m
}
Chunk (-3, 2) generation metrics: {
  terrainTime: [33m0.6101999999955297[39m,
  biomeTime: [33m144.73559999999998[39m,
  resourceTime: [33m0.12879999999859137[39m,
  structureTime: [33m0.07349999999860302[39m,
  riverTime: [33m0.007100000002537854[39m,
  totalTime: [33m145.57830000000104[39m
}
Chunk (-2, 2) generation metrics: {
  terrainTime: [33m0.6033999999999651[39m,
  biomeTime: [33m161.18570000000182[39m,
  resourceTime: [33m0.1213999999963562[39m,
  structureTime: [33m0.08660000000236323[39m,
  riverTime: [33m0.0063999999983934686[39m,
  totalTime: [33m162.02769999999873[39m
}
Chunk (-1, 2) generation metrics: {
  terrainTime: [33m0.60740000000078[39m,
  biomeTime: [33m157.3321000000069[39m,
  resourceTime: [33m0.12599999999656575[39m,
  structureTime: [33m0.07850000000325963[39m,
  riverTime: [33m0.006099999998696148[39m,
  totalTime: [33m158.17090000000462[39m
}
Chunk (0, 2) generation metrics: {
  terrainTime: [33m0.6293000000005122[39m,
  biomeTime: [33m145.41619999999966[39m,
  resourceTime: [33m0.08520000000135042[39m,
  structureTime: [33m0.05610000000160653[39m,
  riverTime: [33m0.004699999997683335[39m,
  totalTime: [33m146.21409999999742[39m
}
Chunk (1, 2) generation metrics: {
  terrainTime: [33m0.41890000000421423[39m,
  biomeTime: [33m146.44780000000173[39m,
  resourceTime: [33m0.14510000000154832[39m,
  structureTime: [33m0.06929999999556458[39m,
  riverTime: [33m0.006900000000314321[39m,
  totalTime: [33m147.10840000000462[39m
}
Chunk (2, 2) generation metrics: {
  terrainTime: [33m0.5977999999959138[39m,
  biomeTime: [33m155.05859999999666[39m,
  resourceTime: [33m0.13320000000385335[39m,
  structureTime: [33m0.1823000000003958[39m,
  riverTime: [33m0.0661000000036438[39m,
  totalTime: [33m156.0789999999979[39m
}
Chunk (3, 2) generation metrics: {
  terrainTime: [33m0.6001000000032946[39m,
  biomeTime: [33m154.0550000000003[39m,
  resourceTime: [33m0.11779999999998836[39m,
  structureTime: [33m0.055899999999383[39m,
  riverTime: [33m0.006699999998090789[39m,
  totalTime: [33m154.86559999999736[39m
}
Chunk (-3, 3) generation metrics: {
  terrainTime: [33m0.5747999999948661[39m,
  biomeTime: [33m149.77270000000135[39m,
  resourceTime: [33m0.1275999999998021[39m,
  structureTime: [33m0.0720999999975902[39m,
  riverTime: [33m0.0063999999983934686[39m,
  totalTime: [33m150.57250000000204[39m
}
Chunk (-2, 3) generation metrics: {
  terrainTime: [33m0.583200000000943[39m,
  biomeTime: [33m136.47269999999844[39m,
  resourceTime: [33m0.12889999999606516[39m,
  structureTime: [33m0.06769999999960419[39m,
  riverTime: [33m0.13339999999880092[39m,
  totalTime: [33m137.40929999999935[39m
}
Chunk (-1, 3) generation metrics: {
  terrainTime: [33m0.6163999999989755[39m,
  biomeTime: [33m133.9265000000014[39m,
  resourceTime: [33m0.1224000000001979[39m,
  structureTime: [33m0.08329999999841675[39m,
  riverTime: [33m0.12980000000243308[39m,
  totalTime: [33m134.90170000000217[39m
}
Chunk (0, 3) generation metrics: {
  terrainTime: [33m0.5837000000028638[39m,
  biomeTime: [33m138.8021000000008[39m,
  resourceTime: [33m0.11149999999906868[39m,
  structureTime: [33m0.10549999999784632[39m,
  riverTime: [33m0.0051000000021304[39m,
  totalTime: [33m139.63180000000284[39m
}
Chunk (1, 3) generation metrics: {
  terrainTime: [33m0.5692999999955646[39m,
  biomeTime: [33m149.65329999999813[39m,
  resourceTime: [33m0.12020000000484288[39m,
  structureTime: [33m0.0852999999988242[39m,
  riverTime: [33m0.21669999999721767[39m,
  totalTime: [33m150.66730000000098[39m
}
Chunk (2, 3) generation metrics: {
  terrainTime: [33m0.5763000000006286[39m,
  biomeTime: [33m142.57420000000275[39m,
  resourceTime: [33m0.12519999999494758[39m,
  structureTime: [33m0.07299999999668216[39m,
  riverTime: [33m0.0062000000034458935[39m,
  totalTime: [33m143.37739999999758[39m
}
Chunk (3, 3) generation metrics: {
  terrainTime: [33m0.5964999999996508[39m,
  biomeTime: [33m150.42039999999542[39m,
  resourceTime: [33m0.1235000000015134[39m,
  structureTime: [33m0.1070999999938067[39m,
  riverTime: [33m0.006099999998696148[39m,
  totalTime: [33m151.27769999999873[39m
}
Loaded 49 chunks in 7282.84ms

[90mstdout[2m | demo/src/core/DemoApp.lod.integration.test.ts[2m > [22m[2mDemoApp - LOD System Integration[2m > [22m[2mPerformance Improvement with LOD Enabled (Requirement 7.2)[2m > [22m[2mshould improve chunk generation performance with LOD[22m[39m
DemoApp initialized successfully
Chunk (-1, -1) generation metrics: {
  terrainTime: [33m0.5897000000040862[39m,
  biomeTime: [33m138.38700000000244[39m,
  resourceTime: [33m0.12029999999504071[39m,
  structureTime: [33m0.07809999999881256[39m,
  riverTime: [33m0.11619999999675201[39m,
  totalTime: [33m139.31550000000425[39m
}
Chunk (0, -1) generation metrics: {
  terrainTime: [33m0.5959000000002561[39m,
  biomeTime: [33m132.05329999999958[39m,
  resourceTime: [33m0.12150000000110595[39m,
  structureTime: [33m0.09100000000034925[39m,
  riverTime: [33m0.007299999997485429[39m,
  totalTime: [33m132.893799999998[39m
}
Chunk (1, -1) generation metrics: {
  terrainTime: [33m0.6235000000015134[39m,
  biomeTime: [33m130.7476999999999[39m,
  resourceTime: [33m0.12189999999827705[39m,
  structureTime: [33m0.08060000000114087[39m,
  riverTime: [33m0.03879999999480788[39m,
  totalTime: [33m131.64050000000134[39m
}
Chunk (-1, 0) generation metrics: {
  terrainTime: [33m2.1361000000033528[39m,
  biomeTime: [33m136.5219999999972[39m,
  resourceTime: [33m0.1260000000038417[39m,
  structureTime: [33m0.13240000000223517[39m,
  riverTime: [33m0.12109999999665888[39m,
  totalTime: [33m139.06519999999728[39m
}
Chunk (0, 0) generation metrics: {
  terrainTime: [33m0.602100000003702[39m,
  biomeTime: [33m133.54839999999967[39m,
  resourceTime: [33m0.12529999999969732[39m,
  structureTime: [33m0.0750999999945634[39m,
  riverTime: [33m0.005799999998998828[39m,
  totalTime: [33m134.3778999999995[39m
}
Chunk (1, 0) generation metrics: {
  terrainTime: [33m0.5938999999998487[39m,
  biomeTime: [33m131.8408000000054[39m,
  resourceTime: [33m0.12320000000181608[39m,
  structureTime: [33m0.08950000000186265[39m,
  riverTime: [33m0.006199999996169936[39m,
  totalTime: [33m132.67550000000483[39m
}
Chunk (-1, 1) generation metrics: {
  terrainTime: [33m0.6146000000007916[39m,
  biomeTime: [33m145.44139999999607[39m,
  resourceTime: [33m0.12189999999827705[39m,
  structureTime: [33m0.07890000000043074[39m,
  riverTime: [33m0.006600000000617001[39m,
  totalTime: [33m146.28809999999794[39m
}
Chunk (0, 1) generation metrics: {
  terrainTime: [33m0.5774000000019441[39m,
  biomeTime: [33m136.58669999999984[39m,
  resourceTime: [33m0.131600000000617[39m,
  structureTime: [33m0.09980000000359723[39m,
  riverTime: [33m0.0070000000050640665[39m,
  totalTime: [33m137.42670000000362[39m
}
Chunk (1, 1) generation metrics: {
  terrainTime: [33m0.5815000000002328[39m,
  biomeTime: [33m132.99079999999958[39m,
  resourceTime: [33m0.11890000000130385[39m,
  structureTime: [33m0.07940000000235159[39m,
  riverTime: [33m0.006800000002840534[39m,
  totalTime: [33m133.79790000000503[39m
}
Loaded 9 chunks in 1229.16ms
World generated with seed: 12345
Chunk (-3, -3) generation metrics: {
  terrainTime: [33m0.5884000000005472[39m,
  biomeTime: [33m136.28289999999834[39m,
  resourceTime: [33m0.12060000000201399[39m,
  structureTime: [33m0.08020000000396976[39m,
  riverTime: [33m0.006000000001222361[39m,
  totalTime: [33m137.10020000000077[39m
}
Chunk (-2, -3) generation metrics: {
  terrainTime: [33m0.58360000000539[39m,
  biomeTime: [33m151.25[39m,
  resourceTime: [33m0.07029999999940628[39m,
  structureTime: [33m0.06820000000152504[39m,
  riverTime: [33m0.0415999999968335[39m,
  totalTime: [33m152.0463000000018[39m
}
Chunk (-1, -3) generation metrics: {
  terrainTime: [33m0.4055999999982305[39m,
  biomeTime: [33m140.254399999998[39m,
  resourceTime: [33m0.6865000000034343[39m,
  structureTime: [33m0.08570000000327127[39m,
  riverTime: [33m0.05500000000029104[39m,
  totalTime: [33m141.518799999998[39m
}
Chunk (0, -3) generation metrics: {
  terrainTime: [33m0.6180999999996857[39m,
  biomeTime: [33m157.71889999999985[39m,
  resourceTime: [33m0.12299999999959255[39m,
  structureTime: [33m0.11200000000098953[39m,
  riverTime: [33m0.0063999999983934686[39m,
  totalTime: [33m158.61449999999604[39m
}
Chunk (1, -3) generation metrics: {
  terrainTime: [33m0.5771999999997206[39m,
  biomeTime: [33m163.07040000000416[39m,
  resourceTime: [33m0.12359999999898719[39m,
  structureTime: [33m0.07850000000325963[39m,
  riverTime: [33m0.0062000000034458935[39m,
  totalTime: [33m163.8810999999987[39m
}
Chunk (2, -3) generation metrics: {
  terrainTime: [33m0.5774999999994179[39m,
  biomeTime: [33m176.248599999999[39m,
  resourceTime: [33m0.14680000000225846[39m,
  structureTime: [33m0.09779999999591382[39m,
  riverTime: [33m0.05309999999735737[39m,
  totalTime: [33m177.14820000000327[39m
}
Chunk (3, -3) generation metrics: {
  terrainTime: [33m0.7252000000007683[39m,
  biomeTime: [33m199.07300000000396[39m,
  resourceTime: [33m0.12619999999878928[39m,
  structureTime: [33m0.0717000000004191[39m,
  riverTime: [33m0.07070000000385335[39m,
  totalTime: [33m200.08849999999802[39m
}
Chunk (-3, -2) generation metrics: {
  terrainTime: [33m0.6005000000004657[39m,
  biomeTime: [33m203.26250000000437[39m,
  resourceTime: [33m0.12329999999928987[39m,
  structureTime: [33m0.0750999999945634[39m,
  riverTime: [33m0.006400000005669426[39m,
  totalTime: [33m204.08860000000277[39m
}
Chunk (-2, -2) generation metrics: {
  terrainTime: [33m0.593300000000454[39m,
  biomeTime: [33m159.3136999999988[39m,
  resourceTime: [33m0.131600000000617[39m,
  structureTime: [33m0.07039999999688007[39m,
  riverTime: [33m0.023399999998218846[39m,
  totalTime: [33m160.15750000000116[39m
}
Chunk (-1, -2) generation metrics: {
  terrainTime: [33m0.611799999998766[39m,
  biomeTime: [33m136.3608000000022[39m,
  resourceTime: [33m0.11980000000039581[39m,
  structureTime: [33m0.06850000000122236[39m,
  riverTime: [33m0.05309999999735737[39m,
  totalTime: [33m137.26940000000468[39m
}
Chunk (0, -2) generation metrics: {
  terrainTime: [33m1.058499999999185[39m,
  biomeTime: [33m124.33280000000377[39m,
  resourceTime: [33m0.0680999999967753[39m,
  structureTime: [33m0.07639999999810243[39m,
  riverTime: [33m0.004399999997986015[39m,
  totalTime: [33m125.56159999999363[39m
}
Chunk (1, -2) generation metrics: {
  terrainTime: [33m0.3894000000000233[39m,
  biomeTime: [33m116.59109999999782[39m,
  resourceTime: [33m0.1106999999974505[39m,
  structureTime: [33m0.06349999999656575[39m,
  riverTime: [33m0.00819999999657739[39m,
  totalTime: [33m117.18029999999999[39m
}
Chunk (2, -2) generation metrics: {
  terrainTime: [33m0.5175000000017462[39m,
  biomeTime: [33m130.06830000000627[39m,
  resourceTime: [33m0.06880000000091968[39m,
  structureTime: [33m0.0867999999973108[39m,
  riverTime: [33m0.0054000000018277206[39m,
  totalTime: [33m130.7713999999978[39m
}
Chunk (3, -2) generation metrics: {
  terrainTime: [33m0.38180000000284053[39m,
  biomeTime: [33m135.19060000000172[39m,
  resourceTime: [33m0.13070000000152504[39m,
  structureTime: [33m0.0878999999986263[39m,
  riverTime: [33m0.007500000006984919[39m,
  totalTime: [33m135.8222999999998[39m
}
Chunk (-3, -1) generation metrics: {
  terrainTime: [33m0.5685999999986961[39m,
  biomeTime: [33m137.1377999999968[39m,
  resourceTime: [33m0.12369999999646097[39m,
  structureTime: [33m0.06719999999768334[39m,
  riverTime: [33m0.04400000000168802[39m,
  totalTime: [33m137.96020000000135[39m
}
Chunk (-2, -1) generation metrics: {
  terrainTime: [33m0.6114000000015949[39m,
  biomeTime: [33m150.06330000000162[39m,
  resourceTime: [33m0.13109999999869615[39m,
  structureTime: [33m0.10589999999501742[39m,
  riverTime: [33m0.046300000001792796[39m,
  totalTime: [33m150.98010000000068[39m
}
Chunk (2, -1) generation metrics: {
  terrainTime: [33m0.6100000000005821[39m,
  biomeTime: [33m151.4846000000034[39m,
  resourceTime: [33m0.12470000000030268[39m,
  structureTime: [33m0.10540000000037253[39m,
  riverTime: [33m0.005700000001525041[39m,
  totalTime: [33m152.35310000000027[39m
}
Chunk (3, -1) generation metrics: {
  terrainTime: [33m0.6091999999989639[39m,
  biomeTime: [33m137.5885999999955[39m,
  resourceTime: [33m0.12989999999990687[39m,
  structureTime: [33m0.11279999999533175[39m,
  riverTime: [33m0.006600000000617001[39m,
  totalTime: [33m138.4672999999966[39m
}
Chunk (-3, 0) generation metrics: {
  terrainTime: [33m1.489399999998568[39m,
  biomeTime: [33m141.07760000000417[39m,
  resourceTime: [33m0.12520000000222353[39m,
  structureTime: [33m0.11890000000130385[39m,
  riverTime: [33m0.028599999997823033[39m,
  totalTime: [33m142.86099999999715[39m
}
Chunk (-2, 0) generation metrics: {
  terrainTime: [33m0.6214000000036322[39m,
  biomeTime: [33m132.24779999999737[39m,
  resourceTime: [33m0.12960000000020955[39m,
  structureTime: [33m0.105199999998149[39m,
  riverTime: [33m0.09170000000449363[39m,
  totalTime: [33m133.217899999996[39m
}
Chunk (2, 0) generation metrics: {
  terrainTime: [33m0.6043999999965308[39m,
  biomeTime: [33m156.90750000000116[39m,
  resourceTime: [33m0.0761999999958789[39m,
  structureTime: [33m0.06279999999969732[39m,
  riverTime: [33m0.00480000000243308[39m,
  totalTime: [33m157.67510000000038[39m
}
Chunk (3, 0) generation metrics: {
  terrainTime: [33m0.549300000006042[39m,
  biomeTime: [33m154.80490000000282[39m,
  resourceTime: [33m0.13030000000435393[39m,
  structureTime: [33m0.07559999999648426[39m,
  riverTime: [33m0.006499999995867256[39m,
  totalTime: [33m155.5885000000053[39m
}
Chunk (-3, 1) generation metrics: {
  terrainTime: [33m0.6112000000066473[39m,
  biomeTime: [33m165.0723999999973[39m,
  resourceTime: [33m0.11809999999968568[39m,
  structureTime: [33m0.07710000000224682[39m,
  riverTime: [33m0.006199999996169936[39m,
  totalTime: [33m165.9108000000051[39m
}
Chunk (-2, 1) generation metrics: {
  terrainTime: [33m0.6037999999971362[39m,
  biomeTime: [33m201.28130000000237[39m,
  resourceTime: [33m0.12969999999768334[39m,
  structureTime: [33m0.07089999999880092[39m,
  riverTime: [33m0.006000000001222361[39m,
  totalTime: [33m202.113400000002[39m
}
Chunk (2, 1) generation metrics: {
  terrainTime: [33m0.6319999999977881[39m,
  biomeTime: [33m164.00470000000496[39m,
  resourceTime: [33m0.12829999999667052[39m,
  structureTime: [33m0.07360000000335276[39m,
  riverTime: [33m0.0063999999983934686[39m,
  totalTime: [33m164.86809999999969[39m
}
Chunk (3, 1) generation metrics: {
  terrainTime: [33m0.5939999999973224[39m,
  biomeTime: [33m169.18710000000283[39m,
  resourceTime: [33m0.13089999999647262[39m,
  structureTime: [33m0.0849000000016531[39m,
  riverTime: [33m0.04980000000068685[39m,
  totalTime: [33m170.07299999999668[39m
}
Chunk (-3, 2) generation metrics: {
  terrainTime: [33m0.5993000000016764[39m,
  biomeTime: [33m156.0923000000039[39m,
  resourceTime: [33m0.12279999999736901[39m,
  structureTime: [33m0.06999999999970896[39m,
  riverTime: [33m0.006000000001222361[39m,
  totalTime: [33m156.91489999999612[39m
}
Chunk (-2, 2) generation metrics: {
  terrainTime: [33m0.9858000000022002[39m,
  biomeTime: [33m154.74109999999928[39m,
  resourceTime: [33m0.13069999999424908[39m,
  structureTime: [33m0.07160000000294531[39m,
  riverTime: [33m0.006900000000314321[39m,
  totalTime: [33m155.95910000000003[39m
}
Chunk (-1, 2) generation metrics: {
  terrainTime: [33m0.8249999999970896[39m,
  biomeTime: [33m166.57680000000255[39m,
  resourceTime: [33m0.11880000000383006[39m,
  structureTime: [33m0.07700000000477303[39m,
  riverTime: [33m0.00789999999688007[39m,
  totalTime: [33m167.63040000000183[39m
}
Chunk (0, 2) generation metrics: {
  terrainTime: [33m0.5863000000026659[39m,
  biomeTime: [33m154.9071999999942[39m,
  resourceTime: [33m0.07029999999940628[39m,
  structureTime: [33m0.05350000000180444[39m,
  riverTime: [33m0.004699999997683335[39m,
  totalTime: [33m155.64229999999952[39m
}
Chunk (1, 2) generation metrics: {
  terrainTime: [33m0.4367000000056578[39m,
  biomeTime: [33m158.45439999999508[39m,
  resourceTime: [33m0.12670000000071013[39m,
  structureTime: [33m0.07340000000112923[39m,
  riverTime: [33m0.006999999997788109[39m,
  totalTime: [33m159.11809999999969[39m
}
Chunk (2, 2) generation metrics: {
  terrainTime: [33m0.6000999999960186[39m,
  biomeTime: [33m171.44689999999537[39m,
  resourceTime: [33m0.12529999999969732[39m,
  structureTime: [33m0.09090000000287546[39m,
  riverTime: [33m0.03949999999895226[39m,
  totalTime: [33m172.32940000000235[39m
}
Chunk (3, 2) generation metrics: {
  terrainTime: [33m0.6019000000014785[39m,
  biomeTime: [33m149.48949999999604[39m,
  resourceTime: [33m0.1301000000021304[39m,
  structureTime: [33m0.08439999999973224[39m,
  riverTime: [33m0.0073999999949592166[39m,
  totalTime: [33m150.33810000000085[39m
}
Chunk (-3, 3) generation metrics: {
  terrainTime: [33m0.628499999998894[39m,
  biomeTime: [33m164.2546000000002[39m,
  resourceTime: [33m0.09079999999812571[39m,
  structureTime: [33m0.11019999999552965[39m,
  riverTime: [33m0.008399999998800922[39m,
  totalTime: [33m165.12320000000182[39m
}
Chunk (-2, 3) generation metrics: {
  terrainTime: [33m0.6122000000032131[39m,
  biomeTime: [33m157.23890000000392[39m,
  resourceTime: [33m0.06999999999970896[39m,
  structureTime: [33m0.05580000000190921[39m,
  riverTime: [33m0.07700000000477303[39m,
  totalTime: [33m158.07370000000083[39m
}
Chunk (-1, 3) generation metrics: {
  terrainTime: [33m0.4055999999982305[39m,
  biomeTime: [33m149.0992000000042[39m,
  resourceTime: [33m0.13279999999940628[39m,
  structureTime: [33m0.07289999999920838[39m,
  riverTime: [33m0.11530000000493601[39m,
  totalTime: [33m149.84679999999935[39m
}
Chunk (0, 3) generation metrics: {
  terrainTime: [33m0.609600000003411[39m,
  biomeTime: [33m151.4004999999961[39m,
  resourceTime: [33m0.1283999999941443[39m,
  structureTime: [33m0.10990000000310829[39m,
  riverTime: [33m0.006999999997788109[39m,
  totalTime: [33m152.27850000000035[39m
}
Chunk (1, 3) generation metrics: {
  terrainTime: [33m0.620600000002014[39m,
  biomeTime: [33m147.4475999999995[39m,
  resourceTime: [33m0.13090000000374857[39m,
  structureTime: [33m0.07149999999819556[39m,
  riverTime: [33m0.18570000000181608[39m,
  totalTime: [33m148.47879999999714[39m
}
Chunk (2, 3) generation metrics: {
  terrainTime: [33m0.6652000000030966[39m,
  biomeTime: [33m159.2693999999974[39m,
  resourceTime: [33m0.12250000000494765[39m,
  structureTime: [33m0.08980000000155997[39m,
  riverTime: [33m0.0070000000050640665[39m,
  totalTime: [33m160.17949999999837[39m
}
Chunk (3, 3) generation metrics: {
  terrainTime: [33m0.6108000000022002[39m,
  biomeTime: [33m150.96020000000135[39m,
  resourceTime: [33m0.11140000000159489[39m,
  structureTime: [33m0.12039999999979045[39m,
  riverTime: [33m0.007499999999708962[39m,
  totalTime: [33m151.83719999999448[39m
}
Loaded 40 chunks in 6225.43ms
Chunk (-1, -1) generation metrics: {
  terrainTime: [33m0.6216999999960535[39m,
  biomeTime: [33m151.3333000000057[39m,
  resourceTime: [33m0.1264000000010128[39m,
  structureTime: [33m0.07789999999658903[39m,
  riverTime: [33m0.10240000000339933[39m,
  totalTime: [33m152.2931000000026[39m
}
Chunk (0, -1) generation metrics: {
  terrainTime: [33m0.6178999999974621[39m,
  biomeTime: [33m142.59539999999834[39m,
  resourceTime: [33m0.13190000000031432[39m,
  structureTime: [33m0.08310000000346918[39m,
  riverTime: [33m0.006499999995867256[39m,
  totalTime: [33m143.45810000000347[39m
}
Chunk (1, -1) generation metrics: {
  terrainTime: [33m0.6202000000048429[39m,
  biomeTime: [33m156.86529999999766[39m,
  resourceTime: [33m0.1283999999941443[39m,
  structureTime: [33m0.09149999999499414[39m,
  riverTime: [33m0.03589999999530846[39m,
  totalTime: [33m157.76469999999972[39m
}
Chunk (-1, 0) generation metrics: {
  terrainTime: [33m0.6153999999951338[39m,
  biomeTime: [33m143.9559999999983[39m,
  resourceTime: [33m0.13509999999951106[39m,
  structureTime: [33m0.1224999999976717[39m,
  riverTime: [33m0.1025999999983469[39m,
  totalTime: [33m144.95410000000265[39m
}
Chunk (0, 0) generation metrics: {
  terrainTime: [33m0.6540999999997439[39m,
  biomeTime: [33m138.99520000000484[39m,
  resourceTime: [33m0.12060000000201399[39m,
  structureTime: [33m0.06620000000111759[39m,
  riverTime: [33m0.006800000002840534[39m,
  totalTime: [33m139.86379999999917[39m
}
Chunk (1, 0) generation metrics: {
  terrainTime: [33m0.577899999996589[39m,
  biomeTime: [33m140.30369999999675[39m,
  resourceTime: [33m0.12420000000565778[39m,
  structureTime: [33m0.1342000000004191[39m,
  riverTime: [33m0.008399999998800922[39m,
  totalTime: [33m141.18089999999938[39m
}
Chunk (-1, 1) generation metrics: {
  terrainTime: [33m0.6765999999988708[39m,
  biomeTime: [33m143.57410000000527[39m,
  resourceTime: [33m0.12570000000414439[39m,
  structureTime: [33m0.07500000000436557[39m,
  riverTime: [33m0.007099999995261896[39m,
  totalTime: [33m144.48279999999795[39m
}
Chunk (0, 1) generation metrics: {
  terrainTime: [33m0.5789000000004307[39m,
  biomeTime: [33m161.44610000000102[39m,
  resourceTime: [33m0.12730000000010477[39m,
  structureTime: [33m0.08589999999821885[39m,
  riverTime: [33m0.007300000004761387[39m,
  totalTime: [33m162.30299999999988[39m
}
Chunk (1, 1) generation metrics: {
  terrainTime: [33m0.6114999999990687[39m,
  biomeTime: [33m150.5815999999977[39m,
  resourceTime: [33m0.17669999999634456[39m,
  structureTime: [33m1.4860999999946216[39m,
  riverTime: [33m0.00819999999657739[39m,
  totalTime: [33m152.8926999999967[39m
}
Loaded 9 chunks in 1341.18ms
World generated with seed: 12345
Chunk (-3, -3) generation metrics: {
  terrainTime: [33m0.6342999999978929[39m,
  biomeTime: [33m156.87920000000304[39m,
  resourceTime: [33m0.06810000000405125[39m,
  structureTime: [33m0.04599999999481952[39m,
  riverTime: [33m0.004399999997986015[39m,
  totalTime: [33m157.6524999999965[39m
}
Chunk (-2, -3) generation metrics: {
  terrainTime: [33m0.43729999999777647[39m,
  biomeTime: [33m154.43589999999676[39m,
  resourceTime: [33m0.12410000000090804[39m,
  structureTime: [33m0.05849999999918509[39m,
  riverTime: [33m0.0478000000002794[39m,
  totalTime: [33m155.12550000000192[39m
}
Chunk (-1, -3) generation metrics: {
  terrainTime: [33m0.6045999999987544[39m,
  biomeTime: [33m159.0838999999978[39m,
  resourceTime: [33m0.11590000000433065[39m,
  structureTime: [33m0.05919999999605352[39m,
  riverTime: [33m0.04340000000229338[39m,
  totalTime: [33m159.92989999999554[39m
}
Chunk (0, -3) generation metrics: {
  terrainTime: [33m0.5869999999995343[39m,
  biomeTime: [33m175.83750000000146[39m,
  resourceTime: [33m0.1326000000044587[39m,
  structureTime: [33m0.07660000000032596[39m,
  riverTime: [33m0.00879999999597203[39m,
  totalTime: [33m176.66710000000603[39m
}
Chunk (1, -3) generation metrics: {
  terrainTime: [33m0.6149000000004889[39m,
  biomeTime: [33m158.42089999999735[39m,
  resourceTime: [33m0.16979999999603024[39m,
  structureTime: [33m0.09119999999529682[39m,
  riverTime: [33m0.006999999997788109[39m,
  totalTime: [33m159.34100000000035[39m
}
Chunk (2, -3) generation metrics: {
  terrainTime: [33m0.791799999999057[39m,
  biomeTime: [33m165.00340000000142[39m,
  resourceTime: [33m0.1290999999982887[39m,
  structureTime: [33m0.05879999999888241[39m,
  riverTime: [33m0.03659999999945285[39m,
  totalTime: [33m166.04430000000139[39m
}
Chunk (3, -3) generation metrics: {
  terrainTime: [33m0.6073000000033062[39m,
  biomeTime: [33m156.2430000000022[39m,
  resourceTime: [33m0.13279999999940628[39m,
  structureTime: [33m0.06289999999717111[39m,
  riverTime: [33m0.06590000000142027[39m,
  totalTime: [33m157.1336999999985[39m
}
Chunk (-3, -2) generation metrics: {
  terrainTime: [33m0.6094999999986612[39m,
  biomeTime: [33m165.30750000000262[39m,
  resourceTime: [33m0.12969999999768334[39m,
  structureTime: [33m0.0646000000051572[39m,
  riverTime: [33m0.00810000000637956[39m,
  totalTime: [33m166.1420999999973[39m
}
Chunk (-2, -2) generation metrics: {
  terrainTime: [33m0.6159000000043306[39m,
  biomeTime: [33m146.11529999999766[39m,
  resourceTime: [33m0.12819999999919673[39m,
  structureTime: [33m0.05410000000119908[39m,
  riverTime: [33m0.017700000003969762[39m,
  totalTime: [33m146.9528999999966[39m
}
Chunk (-1, -2) generation metrics: {
  terrainTime: [33m0.6082999999998719[39m,
  biomeTime: [33m161.61369999999442[39m,
  resourceTime: [33m0.1290999999982887[39m,
  structureTime: [33m0.05769999999756692[39m,
  riverTime: [33m0.04529999999795109[39m,
  totalTime: [33m162.47609999999986[39m
}
Chunk (0, -2) generation metrics: {
  terrainTime: [33m0.6299999999973807[39m,
  biomeTime: [33m162.1039000000019[39m,
  resourceTime: [33m0.13899999999557622[39m,
  structureTime: [33m0.1591000000044005[39m,
  riverTime: [33m0.005799999998998828[39m,
  totalTime: [33m163.07910000000265[39m
}
Chunk (1, -2) generation metrics: {
  terrainTime: [33m0.5902999999962049[39m,
  biomeTime: [33m182.6359999999986[39m,
  resourceTime: [33m0.10820000000239816[39m,
  structureTime: [33m0.05619999999908032[39m,
  riverTime: [33m0.007499999999708962[39m,
  totalTime: [33m183.4201999999932[39m
}
Chunk (2, -2) generation metrics: {
  terrainTime: [33m0.5091000000029453[39m,
  biomeTime: [33m137.76550000000134[39m,
  resourceTime: [33m0.13249999999970896[39m,
  structureTime: [33m0.06669999999576248[39m,
  riverTime: [33m0.006300000000919681[39m,
  totalTime: [33m138.50130000000354[39m
}
Chunk (3, -2) generation metrics: {
  terrainTime: [33m0.6036999999996624[39m,
  biomeTime: [33m155.9311000000016[39m,
  resourceTime: [33m0.12960000000020955[39m,
  structureTime: [33m0.05129999999917345[39m,
  riverTime: [33m0.007599999997182749[39m,
  totalTime: [33m156.74289999999746[39m
}
Chunk (-3, -1) generation metrics: {
  terrainTime: [33m0.9967000000033295[39m,
  biomeTime: [33m143.02369999999792[39m,
  resourceTime: [33m0.10650000000168802[39m,
  structureTime: [33m0.03840000000491273[39m,
  riverTime: [33m0.03259999999863794[39m,
  totalTime: [33m144.21630000000005[39m
}
Chunk (-2, -1) generation metrics: {
  terrainTime: [33m0.583200000000943[39m,
  biomeTime: [33m150.0242999999973[39m,
  resourceTime: [33m0.1243999999933294[39m,
  structureTime: [33m0.06629999999859137[39m,
  riverTime: [33m0.03869999999733409[39m,
  totalTime: [33m150.8573000000033[39m
}
Chunk (2, -1) generation metrics: {
  terrainTime: [33m0.6001000000032946[39m,
  biomeTime: [33m136.52909999999974[39m,
  resourceTime: [33m0.12519999999494758[39m,
  structureTime: [33m0.0636000000013155[39m,
  riverTime: [33m0.006000000001222361[39m,
  totalTime: [33m137.4861000000019[39m
}
Chunk (3, -1) generation metrics: {
  terrainTime: [33m1.053299999999581[39m,
  biomeTime: [33m160.04000000000087[39m,
  resourceTime: [33m0.12380000000121072[39m,
  structureTime: [33m0.07519999999931315[39m,
  riverTime: [33m0.008000000001629815[39m,
  totalTime: [33m161.32170000000042[39m
}
Chunk (-3, 0) generation metrics: {
  terrainTime: [33m1.07039999999688[39m,
  biomeTime: [33m153.1550999999963[39m,
  resourceTime: [33m0.09829999999783468[39m,
  structureTime: [33m0.06580000000394648[39m,
  riverTime: [33m0.02200000000448199[39m,
  totalTime: [33m154.43350000000646[39m
}
Chunk (-2, 0) generation metrics: {
  terrainTime: [33m0.6270000000004075[39m,
  biomeTime: [33m134.71650000000227[39m,
  resourceTime: [33m0.13300000000162981[39m,
  structureTime: [33m0.0665999999982887[39m,
  riverTime: [33m0.0334999999977299[39m,
  totalTime: [33m135.59590000000026[39m
}
Chunk (2, 0) generation metrics: {
  terrainTime: [33m0.6074999999982538[39m,
  biomeTime: [33m143.79019999999582[39m,
  resourceTime: [33m0.13629999999830034[39m,
  structureTime: [33m0.059600000000500586[39m,
  riverTime: [33m0.008300000001327135[39m,
  totalTime: [33m144.62140000000363[39m
}
Chunk (3, 0) generation metrics: {
  terrainTime: [33m0.5977999999959138[39m,
  biomeTime: [33m141.58239999999932[39m,
  resourceTime: [33m0.1250999999974738[39m,
  structureTime: [33m0.05749999999534339[39m,
  riverTime: [33m0.006099999998696148[39m,
  totalTime: [33m142.39180000000488[39m
}
Chunk (-3, 1) generation metrics: {
  terrainTime: [33m0.6120999999984633[39m,
  biomeTime: [33m151.15840000000026[39m,
  resourceTime: [33m0.12849999999889405[39m,
  structureTime: [33m0.0507999999972526[39m,
  riverTime: [33m0.006800000002840534[39m,
  totalTime: [33m151.97559999999794[39m
}
Chunk (-2, 1) generation metrics: {
  terrainTime: [33m0.6094000000011874[39m,
  biomeTime: [33m145.87839999999414[39m,
  resourceTime: [33m0.11480000000301516[39m,
  structureTime: [33m0.05430000000342261[39m,
  riverTime: [33m0.006799999995564576[39m,
  totalTime: [33m146.6837000000014[39m
}
Chunk (2, 1) generation metrics: {
  terrainTime: [33m0.6093999999939115[39m,
  biomeTime: [33m146.58920000000217[39m,
  resourceTime: [33m0.1290999999982887[39m,
  structureTime: [33m0.05920000000332948[39m,
  riverTime: [33m0.005899999996472616[39m,
  totalTime: [33m147.41479999999865[39m
}
Chunk (3, 1) generation metrics: {
  terrainTime: [33m0.5977999999959138[39m,
  biomeTime: [33m157.53839999999764[39m,
  resourceTime: [33m0.12810000000172295[39m,
  structureTime: [33m0.0665999999982887[39m,
  riverTime: [33m0.048199999997450504[39m,
  totalTime: [33m158.40209999999934[39m
}
Chunk (-3, 2) generation metrics: {
  terrainTime: [33m0.6111000000018976[39m,
  biomeTime: [33m154.60719999999856[39m,
  resourceTime: [33m0.07070000000385335[39m,
  structureTime: [33m0.04899999999906868[39m,
  riverTime: [33m0.004899999999906868[39m,
  totalTime: [33m155.36000000000058[39m
}
Chunk (-2, 2) generation metrics: {
  terrainTime: [33m0.3996999999944819[39m,
  biomeTime: [33m139.76770000000397[39m,
  resourceTime: [33m0.13039999999455176[39m,
  structureTime: [33m0.07770000000164146[39m,
  riverTime: [33m0.008300000001327135[39m,
  totalTime: [33m140.4047999999966[39m
}
Chunk (-1, 2) generation metrics: {
  terrainTime: [33m0.6184999999968568[39m,
  biomeTime: [33m160.2624999999971[39m,
  resourceTime: [33m0.12639999999373686[39m,
  structureTime: [33m0.0639999999984866[39m,
  riverTime: [33m0.005700000001525041[39m,
  totalTime: [33m161.09900000000198[39m
}
Chunk (0, 2) generation metrics: {
  terrainTime: [33m0.5958000000027823[39m,
  biomeTime: [33m144.44550000000163[39m,
  resourceTime: [33m0.12470000000030268[39m,
  structureTime: [33m0.06830000000627479[39m,
  riverTime: [33m0.007699999994656537[39m,
  totalTime: [33m145.26310000000376[39m
}
Chunk (1, 2) generation metrics: {
  terrainTime: [33m0.608699999997043[39m,
  biomeTime: [33m153.6750000000029[39m,
  resourceTime: [33m0.12069999999948777[39m,
  structureTime: [33m0.06480000000010477[39m,
  riverTime: [33m0.02719999999681022[39m,
  totalTime: [33m154.5184999999983[39m
}
Chunk (2, 2) generation metrics: {
  terrainTime: [33m0.40310000000317814[39m,
  biomeTime: [33m165.74930000000313[39m,
  resourceTime: [33m0.12489999999525025[39m,
  structureTime: [33m0.06419999999343418[39m,
  riverTime: [33m0.03809999999793945[39m,
  totalTime: [33m166.40090000000055[39m
}
Chunk (3, 2) generation metrics: {
  terrainTime: [33m0.5975000000034925[39m,
  biomeTime: [33m145.83490000000165[39m,
  resourceTime: [33m0.10629999999946449[39m,
  structureTime: [33m0.0783000000010361[39m,
  riverTime: [33m0.0072000000000116415[39m,
  totalTime: [33m146.64630000000034[39m
}
Chunk (-3, 3) generation metrics: {
  terrainTime: [33m0.6398000000044703[39m,
  biomeTime: [33m150.62620000000607[39m,
  resourceTime: [33m0.11510000000271248[39m,
  structureTime: [33m0.05789999999979045[39m,
  riverTime: [33m0.006000000001222361[39m,
  totalTime: [33m151.4730999999956[39m
}
Chunk (-2, 3) generation metrics: {
  terrainTime: [33m0.6019000000014785[39m,
  biomeTime: [33m155.09210000000166[39m,
  resourceTime: [33m0.11970000000292202[39m,
  structureTime: [33m0.054199999998672865[39m,
  riverTime: [33m0.1550000000061118[39m,
  totalTime: [33m156.08080000000336[39m
}
Chunk (-1, 3) generation metrics: {
  terrainTime: [33m0.6057000000000698[39m,
  biomeTime: [33m155.27629999999772[39m,
  resourceTime: [33m0.11250000000291038[39m,
  structureTime: [33m0.088900000002468[39m,
  riverTime: [33m0.10990000000310829[39m,
  totalTime: [33m156.21429999999964[39m
}
Chunk (0, 3) generation metrics: {
  terrainTime: [33m0.626300000003539[39m,
  biomeTime: [33m155.3399999999965[39m,
  resourceTime: [33m0.12349999999423744[39m,
  structureTime: [33m0.07499999999708962[39m,
  riverTime: [33m0.006199999996169936[39m,
  totalTime: [33m156.19430000000284[39m
}
Chunk (1, 3) generation metrics: {
  terrainTime: [33m1.3441000000020722[39m,
  biomeTime: [33m156.88469999999506[39m,
  resourceTime: [33m0.12440000000060536[39m,
  structureTime: [33m0.0680999999967753[39m,
  riverTime: [33m0.11799999999493593[39m,
  totalTime: [33m158.5627999999997[39m
}
Chunk (2, 3) generation metrics: {
  terrainTime: [33m5.755000000004657[39m,
  biomeTime: [33m142.46110000000044[39m,
  resourceTime: [33m0.1238999999986845[39m,
  structureTime: [33m0.06459999999788124[39m,
  riverTime: [33m0.007599999997182749[39m,
  totalTime: [33m148.43699999999808[39m
}
Chunk (3, 3) generation metrics: {
  terrainTime: [33m1.0907999999981257[39m,
  biomeTime: [33m142.32979999999952[39m,
  resourceTime: [33m0.13320000000385335[39m,
  structureTime: [33m0.08630000000266591[39m,
[90mstderr[2m | demo/src/core/DemoApp.lod.integration.test.ts[2m > [22m[2mDemoApp - LOD System Integration[2m 
> [22m[2mPerformance Improvement with LOD Enabled (Requirement 7.2)[2m > [22m[2mshould improve chunk generation
 performance with LOD[22m[39m
DemoApp already initialized

  riverTime: [33m0.006499999995867256[39m,
  totalTime: [33m143.6695000000036[39m
}
Loaded 40 chunks in 6173.98ms

[90mstdout[2m | demo/src/core/DemoApp.lod.integration.test.ts[2m > [22m[2mDemoApp - LOD System Integration[2m > [22m[2mPerformance Improvement with LOD Enabled (Requirement 7.2)[2m > [22m[2mshould track LOD statistics correctly[22m[39m
DemoApp initialized successfully
Chunk (-1, -1) generation metrics: {
  terrainTime: [33m0.6111000000018976[39m,
  biomeTime: [33m147.6050000000032[39m,
  resourceTime: [33m0.13130000000091968[39m,
  structureTime: [33m0.06339999999909196[39m,
  riverTime: [33m0.10490000000572763[39m,
  totalTime: [33m148.53970000000118[39m
}
Chunk (0, -1) generation metrics: {
  terrainTime: [33m1.0380999999979394[39m,
  biomeTime: [33m136.1906999999992[39m,
  resourceTime: [33m0.11570000000210712[39m,
  structureTime: [33m0.0717000000004191[39m,
  riverTime: [33m0.007600000004458707[39m,
  totalTime: [33m137.44840000000113[39m
}
Chunk (1, -1) generation metrics: {
  terrainTime: [33m0.6082999999998719[39m,
  biomeTime: [33m151.57559999999648[39m,
  resourceTime: [33m0.12930000000051223[39m,
  structureTime: [33m0.07089999999880092[39m,
  riverTime: [33m0.03689999999915017[39m,
  totalTime: [33m152.44339999999647[39m
}
Chunk (-1, 0) generation metrics: {
  terrainTime: [33m0.6134000000020023[39m,
  biomeTime: [33m132.96169999999984[39m,
  resourceTime: [33m0.07289999999920838[39m,
  structureTime: [33m0.055899999999383[39m,
  riverTime: [33m0.0727000000042608[39m,
  totalTime: [33m133.79479999999603[39m
}
Chunk (0, 0) generation metrics: {
  terrainTime: [33m0.8088999999963562[39m,
  biomeTime: [33m125.88550000000396[39m,
  resourceTime: [33m0.12529999999969732[39m,
  structureTime: [33m0.07609999999840511[39m,
  riverTime: [33m0.006600000000617001[39m,
  totalTime: [33m126.92710000000079[39m
}
Chunk (1, 0) generation metrics: {
  terrainTime: [33m0.6077000000004773[39m,
  biomeTime: [33m142.66909999999916[39m,
  resourceTime: [33m0.12719999999535503[39m,
  structureTime: [33m0.07220000000233995[39m,
  riverTime: [33m0.005599999996775296[39m,
  totalTime: [33m143.50369999999384[39m
}
Chunk (-1, 1) generation metrics: {
  terrainTime: [33m0.606500000001688[39m,
  biomeTime: [33m130.00479999999516[39m,
  resourceTime: [33m0.13089999999647262[39m,
  structureTime: [33m0.0650000000023283[39m,
  riverTime: [33m0.006699999998090789[39m,
  totalTime: [33m130.8367999999973[39m
}
Chunk (0, 1) generation metrics: {
  terrainTime: [33m0.6064000000042142[39m,
  biomeTime: [33m140.90159999999742[39m,
  resourceTime: [33m0.1235000000015134[39m,
  structureTime: [33m0.07009999999718275[39m,
  riverTime: [33m0.007799999999406282[39m,
  totalTime: [33m141.7317999999941[39m
}
Chunk (1, 1) generation metrics: {
  terrainTime: [33m0.5826999999990221[39m,
  biomeTime: [33m155.89319999999861[39m,
  resourceTime: [33m0.1264999999984866[39m,
  structureTime: [33m0.06150000000343425[39m,
  riverTime: [33m0.005899999996472616[39m,
  totalTime: [33m156.6912999999986[39m
}
Loaded 9 chunks in 1273.73ms
World generated with seed: 12345

[90mstdout[2m | demo/src/core/DemoApp.lod.integration.test.ts[2m > [22m[2mDemoApp - LOD System Integration[2m > [22m[2mVisual Quality at Each LOD Level (Requirements 7.3, 7.4)[2m > [22m[2mshould maintain full resolution for HIGH LOD chunks[22m[39m
DemoApp initialized successfully
Chunk (-1, -1) generation metrics: {
  terrainTime: [33m0.605199999998149[39m,
  biomeTime: [33m130.62750000000233[39m,
  resourceTime: [33m0.1228999999948428[39m,
  structureTime: [33m0.06060000000434229[39m,
  riverTime: [33m0.10269999999582069[39m,
  totalTime: [33m131.53800000000047[39m
}
Chunk (0, -1) generation metrics: {
  terrainTime: [33m2.0437000000019907[39m,
  biomeTime: [33m143.60250000000087[39m,
  resourceTime: [33m0.12419999999838183[39m,
  structureTime: [33m0.052400000000488944[39m,
  riverTime: [33m0.006000000001222361[39m,
  totalTime: [33m145.84999999999854[39m
}
Chunk (1, -1) generation metrics: {
  terrainTime: [33m0.6100000000005821[39m,
  biomeTime: [33m178.7998000000007[39m,
  resourceTime: [33m0.13300000000162981[39m,
  structureTime: [33m0.07130000000324799[39m,
  riverTime: [33m0.03620000000228174[39m,
  totalTime: [33m179.67169999999896[39m
}
Chunk (-1, 0) generation metrics: {
  terrainTime: [33m0.6356999999989057[39m,
  biomeTime: [33m153.6226999999999[39m,
  resourceTime: [33m0.12700000000040745[39m,
  structureTime: [33m0.09249999999883585[39m,
  riverTime: [33m0.10579999999754364[39m,
  totalTime: [33m154.6102000000028[39m
}
Chunk (0, 0) generation metrics: {
  terrainTime: [33m0.6203999999997905[39m,
  biomeTime: [33m154.2948000000033[39m,
  resourceTime: [33m0.11789999999746215[39m,
  structureTime: [33m0.06290000000444707[39m,
  riverTime: [33m0.006300000000919681[39m,
  totalTime: [33m155.12460000000283[39m
}
Chunk (1, 0) generation metrics: {
  terrainTime: [33m0.6107000000047265[39m,
  biomeTime: [33m134.22780000000057[39m,
  resourceTime: [33m0.12830000000394648[39m,
  structureTime: [33m0.07450000000244472[39m,
  riverTime: [33m0.006999999997788109[39m,
  totalTime: [33m135.06980000000476[39m
}
Chunk (-1, 1) generation metrics: {
  terrainTime: [33m0.6261000000013155[39m,
  biomeTime: [33m152.90879999999743[39m,
  resourceTime: [33m0.12319999999454012[39m,
  structureTime: [33m0.07349999999860302[39m,
  riverTime: [33m0.007299999997485429[39m,
  totalTime: [33m153.76290000000154[39m
}
Chunk (0, 1) generation metrics: {
  terrainTime: [33m0.5968999999968219[39m,
  biomeTime: [33m137.56260000000475[39m,
  resourceTime: [33m0.12780000000202563[39m,
  structureTime: [33m0.06240000000252621[39m,
  riverTime: [33m0.005700000001525041[39m,
  totalTime: [33m138.37859999999637[39m
}
Chunk (1, 1) generation metrics: {
  terrainTime: [33m0.9611000000004424[39m,
  biomeTime: [33m133.70559999999386[39m,
  resourceTime: [33m0.12840000000142027[39m,
  structureTime: [33m0.060199999999895226[39m,
  riverTime: [33m0.006199999996169936[39m,
  totalTime: [33m134.8836999999985[39m
}
Loaded 9 chunks in 1330.66ms

[90mstdout[2m | demo/src/core/DemoApp.lod.integration.test.ts[2m > [22m[2mDemoApp - LOD System Integration[2m > [22m[2mVisual Quality at Each LOD Level (Requirements 7.3, 7.4)[2m > [22m[2mshould apply MEDIUM LOD to chunks at medium distance[22m[39m
DemoApp initialized successfully
Chunk (-3, -3) generation metrics: {
  terrainTime: [33m1.0210000000006403[39m,
  biomeTime: [33m139.34249999999884[39m,
  resourceTime: [33m0.12589999999909196[39m,
  structureTime: [33m0.06540000000677537[39m,
  riverTime: [33m0.0072000000000116415[39m,
  totalTime: [33m140.58429999999498[39m
}
Chunk (-2, -3) generation metrics: {
  terrainTime: [33m0.6115999999965425[39m,
  biomeTime: [33m145.2740000000049[39m,
  resourceTime: [33m0.12440000000060536[39m,
  structureTime: [33m0.0625[39m,
  riverTime: [33m0.04860000000189757[39m,
  totalTime: [33m146.1426999999967[39m
}
Chunk (-1, -3) generation metrics: {
  terrainTime: [33m0.6045000000012806[39m,
  biomeTime: [33m137.0833000000057[39m,
  resourceTime: [33m0.12629999999626307[39m,
  structureTime: [33m0.06530000000202563[39m,
  riverTime: [33m0.04589999999734573[39m,
  totalTime: [33m137.94720000000234[39m
}
Chunk (0, -3) generation metrics: {
  terrainTime: [33m0.613999999994121[39m,
  biomeTime: [33m145.78629999999976[39m,
  resourceTime: [33m0.07300000000395812[39m,
  structureTime: [33m0.0702000000019325[39m,
  riverTime: [33m0.00480000000243308[39m,
  totalTime: [33m146.56840000000375[39m
}
Chunk (1, -3) generation metrics: {
  terrainTime: [33m0.4055999999982305[39m,
  biomeTime: [33m136.08980000000156[39m,
  resourceTime: [33m0.12979999999515712[39m,
  structureTime: [33m0.07510000000183936[39m,
  riverTime: [33m0.006900000000314321[39m,
  totalTime: [33m136.7277000000031[39m
}
Chunk (2, -3) generation metrics: {
  terrainTime: [33m0.6088999999992666[39m,
  biomeTime: [33m141.9849000000031[39m,
  resourceTime: [33m0.12129999999888241[39m,
  structureTime: [33m0.0650999999998021[39m,
  riverTime: [33m0.033900000002176967[39m,
  totalTime: [33m142.8373999999967[39m
}
Chunk (3, -3) generation metrics: {
  terrainTime: [33m0.6090000000040163[39m,
  biomeTime: [33m139.56809999999678[39m,
  resourceTime: [33m0.1279999999969732[39m,
  structureTime: [33m0.060299999997369014[39m,
  riverTime: [33m0.059900000000197906[39m,
  totalTime: [33m140.4444999999978[39m
}
Chunk (-3, -2) generation metrics: {
  terrainTime: [33m0.608700000004319[39m,
  biomeTime: [33m131.11439999999857[39m,
  resourceTime: [33m0.06859999999869615[39m,
  structureTime: [33m0.05730000000039581[39m,
  riverTime: [33m0.004300000000512227[39m,
  totalTime: [33m131.8738000000012[39m
}
Chunk (-2, -2) generation metrics: {
  terrainTime: [33m0.38880000000062864[39m,
  biomeTime: [33m143.1244000000006[39m,
  resourceTime: [33m0.13610000000335276[39m,
  structureTime: [33m0.061499999996158294[39m,
  riverTime: [33m0.019800000001851004[39m,
  totalTime: [33m143.75070000000414[39m
}
Chunk (-1, -2) generation metrics: {
  terrainTime: [33m0.5862000000051921[39m,
  biomeTime: [33m159.22159999999712[39m,
  resourceTime: [33m0.12660000000323635[39m,
  structureTime: [33m0.08729999999923166[39m,
  riverTime: [33m0.05319999999483116[39m,
  totalTime: [33m160.1478999999963[39m
}
Chunk (0, -2) generation metrics: {
  terrainTime: [33m0.6394999999974971[39m,
  biomeTime: [33m134.3076000000001[39m,
  resourceTime: [33m0.13089999999647262[39m,
  structureTime: [33m0.07699999999749707[39m,
  riverTime: [33m0.0063999999983934686[39m,
  totalTime: [33m135.18449999999575[39m
}
Chunk (1, -2) generation metrics: {
  terrainTime: [33m0.5860000000029686[39m,
  biomeTime: [33m129.01660000000265[39m,
  resourceTime: [33m0.11209999999846332[39m,
  structureTime: [33m0.04769999999552965[39m,
  riverTime: [33m0.006900000000314321[39m,
  totalTime: [33m129.78779999999824[39m
}
Chunk (2, -2) generation metrics: {
  terrainTime: [33m1.073499999998603[39m,
  biomeTime: [33m145.54969999999594[39m,
  resourceTime: [33m0.07069999999657739[39m,
  structureTime: [33m0.06999999999970896[39m,
  riverTime: [33m0.004399999997986015[39m,
  totalTime: [33m146.79000000000087[39m
}
Chunk (3, -2) generation metrics: {
  terrainTime: [33m0.39329999999608845[39m,
  biomeTime: [33m151.42349999999715[39m,
  resourceTime: [33m0.13100000000122236[39m,
  structureTime: [33m0.06730000000243308[39m,
  riverTime: [33m0.006999999997788109[39m,
  totalTime: [33m152.05449999999837[39m
}
Chunk (-3, -1) generation metrics: {
  terrainTime: [33m0.6055000000051223[39m,
  biomeTime: [33m150.04589999999735[39m,
  resourceTime: [33m1.2978999999977532[39m,
  structureTime: [33m0.14820000000327127[39m,
  riverTime: [33m0.055499999994935934[39m,
  totalTime: [33m152.1788000000015[39m
}
Chunk (-2, -1) generation metrics: {
  terrainTime: [33m0.6169999999983702[39m,
  biomeTime: [33m146.1527999999962[39m,
  resourceTime: [33m0.06999999999970896[39m,
  structureTime: [33m0.0705999999991036[39m,
  riverTime: [33m0.02869999999529682[39m,
  totalTime: [33m146.96710000000166[39m
}
Chunk (-1, -1) generation metrics: {
  terrainTime: [33m0.4209000000046217[39m,
  biomeTime: [33m150.38620000000083[39m,
  resourceTime: [33m0.10899999999674037[39m,
  structureTime: [33m0.0970999999990454[39m,
  riverTime: [33m0.1367000000027474[39m,
  totalTime: [33m151.1823000000004[39m
}
Chunk (0, -1) generation metrics: {
  terrainTime: [33m0.6451999999990221[39m,
  biomeTime: [33m141.20240000000194[39m,
  resourceTime: [33m0.1290000000008149[39m,
  structureTime: [33m0.07529999999678694[39m,
  riverTime: [33m0.006600000000617001[39m,
  totalTime: [33m142.08439999999973[39m
}
Chunk (1, -1) generation metrics: {
  terrainTime: [33m0.6172000000005937[39m,
  biomeTime: [33m144.48129999999946[39m,
  resourceTime: [33m0.12440000000060536[39m,
  structureTime: [33m0.06390000000101281[39m,
  riverTime: [33m0.03590000000258442[39m,
  totalTime: [33m145.34419999999955[39m
}
Chunk (2, -1) generation metrics: {
  terrainTime: [33m0.6071999999985565[39m,
  biomeTime: [33m134.85020000000077[39m,
  resourceTime: [33m0.12650000000576256[39m,
  structureTime: [33m0.08480000000417931[39m,
  riverTime: [33m0.006599999993341044[39m,
  totalTime: [33m135.6972999999998[39m
}
Chunk (3, -1) generation metrics: {
  terrainTime: [33m1.1166999999986729[39m,
  biomeTime: [33m143.62449999999808[39m,
  resourceTime: [33m0.0684999999939464[39m,
  structureTime: [33m0.06279999999969732[39m,
  riverTime: [33m0.004099999998288695[39m,
  totalTime: [33m144.89600000000064[39m
}
Chunk (-3, 0) generation metrics: {
  terrainTime: [33m0.40029999999387655[39m,
  biomeTime: [33m137.3824999999997[39m,
  resourceTime: [33m0.12019999999756692[39m,
  structureTime: [33m0.08479999999690335[39m,
  riverTime: [33m0.022599999996600673[39m,
  totalTime: [33m138.0312999999951[39m
}
Chunk (-2, 0) generation metrics: {
  terrainTime: [33m0.5863000000026659[39m,
  biomeTime: [33m136.11260000000038[39m,
  resourceTime: [33m0.12049999999726424[39m,
  structureTime: [33m0.0801999999966938[39m,
  riverTime: [33m0.03439999999682186[39m,
  totalTime: [33m136.9539999999979[39m
}
Chunk (-1, 0) generation metrics: {
  terrainTime: [33m0.6232999999992899[39m,
  biomeTime: [33m140.64770000000135[39m,
  resourceTime: [33m0.12489999999525025[39m,
  structureTime: [33m0.07480000000214204[39m,
  riverTime: [33m0.10160000000178115[39m,
  totalTime: [33m141.5911000000051[39m
}
Chunk (0, 0) generation metrics: {
  terrainTime: [33m0.610499999995227[39m,
  biomeTime: [33m133.33610000000044[39m,
  resourceTime: [33m0.12470000000030268[39m,
  structureTime: [33m0.06309999999939464[39m,
  riverTime: [33m0.006300000000919681[39m,
  totalTime: [33m134.1594000000041[39m
}
Chunk (1, 0) generation metrics: {
  terrainTime: [33m0.6036999999996624[39m,
  biomeTime: [33m130.07110000000102[39m,
  resourceTime: [33m0.12120000000140863[39m,
  structureTime: [33m0.06829999999899883[39m,
  riverTime: [33m0.005399999994551763[39m,
  totalTime: [33m130.88780000000406[39m
}
Chunk (2, 0) generation metrics: {
  terrainTime: [33m0.9665000000022701[39m,
  biomeTime: [33m141.03680000000168[39m,
  resourceTime: [33m1.8698999999978696[39m,
  structureTime: [33m0.062300000005052425[39m,
  riverTime: [33m0.006699999998090789[39m,
  totalTime: [33m143.96790000000328[39m
}
Chunk (3, 0) generation metrics: {
  terrainTime: [33m0.5874000000039814[39m,
  biomeTime: [33m145.7884000000049[39m,
  resourceTime: [33m0.11980000000039581[39m,
  structureTime: [33m0.07090000000607688[39m,
  riverTime: [33m0.006300000000919681[39m,
  totalTime: [33m146.59539999999834[39m
}
Chunk (-3, 1) generation metrics: {
  terrainTime: [33m0.5763999999981024[39m,
  biomeTime: [33m149.66689999999653[39m,
  resourceTime: [33m0.06700000000273576[39m,
  structureTime: [33m0.09060000000317814[39m,
  riverTime: [33m0.004000000000814907[39m,
  totalTime: [33m150.42639999999665[39m
}
Chunk (-2, 1) generation metrics: {
  terrainTime: [33m0.3863000000055763[39m,
  biomeTime: [33m140.12900000000081[39m,
  resourceTime: [33m0.12679999999818392[39m,
  structureTime: [33m0.04500000000552973[39m,
  riverTime: [33m0.005799999998998828[39m,
  totalTime: [33m140.70960000000196[39m
}
Chunk (-1, 1) generation metrics: {
  terrainTime: [33m0.5792999999976018[39m,
  biomeTime: [33m140.22709999999643[39m,
  resourceTime: [33m0.14620000000286382[39m,
  structureTime: [33m0.07189999999536667[39m,
  riverTime: [33m0.007700000001932494[39m,
  totalTime: [33m141.05659999999625[39m
}
Chunk (0, 1) generation metrics: {
  terrainTime: [33m0.5885999999954947[39m,
  biomeTime: [33m144.44490000000224[39m,
  resourceTime: [33m0.127200000002631[39m,
  structureTime: [33m0.061700000005657785[39m,
  riverTime: [33m0.006100000005972106[39m,
  totalTime: [33m145.24900000000343[39m
}
Chunk (1, 1) generation metrics: {
  terrainTime: [33m0.6134999999994761[39m,
  biomeTime: [33m140.41919999999664[39m,
  resourceTime: [33m0.1275999999998021[39m,
  structureTime: [33m0.0687000000034459[39m,
  riverTime: [33m0.007299999997485429[39m,
  totalTime: [33m141.25920000000042[39m
}
Chunk (2, 1) generation metrics: {
  terrainTime: [33m0.608700000004319[39m,
  biomeTime: [33m141.74900000000343[39m,
  resourceTime: [33m0.1753000000026077[39m,
  structureTime: [33m0.07569999999395804[39m,
  riverTime: [33m0.005799999998998828[39m,
  totalTime: [33m142.63869999999588[39m
}
Chunk (3, 1) generation metrics: {
  terrainTime: [33m0.5768000000025495[39m,
  biomeTime: [33m153.0150999999969[39m,
  resourceTime: [33m0.1301999999996042[39m,
  structureTime: [33m0.06579999999667052[39m,
  riverTime: [33m0.12730000000010477[39m,
  totalTime: [33m153.93960000000516[39m
}
Chunk (-3, 2) generation metrics: {
  terrainTime: [33m0.613100000002305[39m,
  biomeTime: [33m151.61369999999442[39m,
  resourceTime: [33m0.12109999999665888[39m,
  structureTime: [33m0.05550000000221189[39m,
  riverTime: [33m0.006800000002840534[39m,
  totalTime: [33m152.43119999999908[39m
}
Chunk (-2, 2) generation metrics: {
  terrainTime: [33m0.6048000000009779[39m,
  biomeTime: [33m147.40759999999864[39m,
  resourceTime: [33m0.1245000000053551[39m,
  structureTime: [33m0.06279999999969732[39m,
  riverTime: [33m0.006499999995867256[39m,
  totalTime: [33m148.22820000000502[39m
}
Chunk (-1, 2) generation metrics: {
  terrainTime: [33m0.6202000000048429[39m,
  biomeTime: [33m149.47649999999703[39m,
  resourceTime: [33m0.1287000000011176[39m,
  structureTime: [33m0.05500000000029104[39m,
  riverTime: [33m0.006799999995564576[39m,
  totalTime: [33m150.3084000000017[39m
}
Chunk (0, 2) generation metrics: {
  terrainTime: [33m0.7988000000041211[39m,
  biomeTime: [33m153.0923000000039[39m,
  resourceTime: [33m0.10779999999795109[39m,
  structureTime: [33m0.06229999999777647[39m,
  riverTime: [33m0.005899999996472616[39m,
  totalTime: [33m154.09079999999813[39m
}
Chunk (1, 2) generation metrics: {
  terrainTime: [33m0.5879999999961001[39m,
  biomeTime: [33m145.8689000000013[39m,
  resourceTime: [33m0.1327000000019325[39m,
  structureTime: [33m0.07519999999931315[39m,
  riverTime: [33m0.007499999999708962[39m,
  totalTime: [33m146.69479999999749[39m
}
Chunk (2, 2) generation metrics: {
  terrainTime: [33m0.6407000000035623[39m,
  biomeTime: [33m137.7624999999971[39m,
  resourceTime: [33m0.1228999999948428[39m,
  structureTime: [33m0.06409999999596039[39m,
  riverTime: [33m0.03900000000430737[39m,
  totalTime: [33m138.65269999999873[39m
}
Chunk (3, 2) generation metrics: {
  terrainTime: [33m0.591999999996915[39m,
  biomeTime: [33m148.01599999999598[39m,
  resourceTime: [33m0.12040000000706641[39m,
  structureTime: [33m0.04869999999937136[39m,
  riverTime: [33m0.006500000003143214[39m,
  totalTime: [33m148.8021000000008[39m
}
Chunk (-3, 3) generation metrics: {
  terrainTime: [33m0.5829999999987194[39m,
  biomeTime: [33m220.6356999999989[39m,
  resourceTime: [33m0.12170000000332948[39m,
  structureTime: [33m0.06799999999930151[39m,
  riverTime: [33m0.006900000000314321[39m,
  totalTime: [33m221.4357999999993[39m
}
Chunk (-2, 3) generation metrics: {
  terrainTime: [33m0.6002999999982421[39m,
  biomeTime: [33m152.5573000000004[39m,
  resourceTime: [33m0.12609999999403954[39m,
  structureTime: [33m0.06930000000284053[39m,
  riverTime: [33m0.10679999999410938[39m,
  totalTime: [33m153.4832000000024[39m
}
Chunk (-1, 3) generation metrics: {
  terrainTime: [33m0.6084000000046217[39m,
  biomeTime: [33m132.24919999999838[39m,
  resourceTime: [33m0.13279999999940628[39m,
  structureTime: [33m0.06789999999455176[39m,
  riverTime: [33m0.11190000000351574[39m,
  totalTime: [33m133.19660000000295[39m
}
Chunk (0, 3) generation metrics: {
  terrainTime: [33m1.0567000000010012[39m,
  biomeTime: [33m148.43450000000303[39m,
  resourceTime: [33m0.12099999999918509[39m,
  structureTime: [33m0.0731999999989057[39m,
  riverTime: [33m0.006100000005972106[39m,
  totalTime: [33m149.71289999999863[39m
}
Chunk (1, 3) generation metrics: {
  terrainTime: [33m0.6100000000005821[39m,
  biomeTime: [33m151.96680000000197[39m,
  resourceTime: [33m0.12479999999777647[39m,
  structureTime: [33m0.07200000000011642[39m,
  riverTime: [33m0.12260000000242144[39m,
  totalTime: [33m152.91709999999875[39m
}
Chunk (2, 3) generation metrics: {
  terrainTime: [33m0.6041999999943073[39m,
  biomeTime: [33m155.6085000000021[39m,
  resourceTime: [33m0.13450000000011642[39m,
  structureTime: [33m0.06680000000051223[39m,
  riverTime: [33m0.0072000000000116415[39m,
  totalTime: [33m156.49409999999625[39m
}
Chunk (3, 3) generation metrics: {
  terrainTime: [33m0.6245999999955529[39m,
  biomeTime: [33m141.61030000000028[39m,
  resourceTime: [33m0.8064000000013039[39m,
  structureTime: [33m0.07970000000204891[39m,
  riverTime: [33m0.007499999999708962[39m,
  totalTime: [33m143.15159999999742[39m
}
Loaded 49 chunks in 7157.06ms

[90mstdout[2m | demo/src/core/DemoApp.lod.integration.test.ts[2m > [22m[2mDemoApp - LOD System Integration[2m > [22m[2mVisual Quality at Each LOD Level (Requirements 7.3, 7.4)[2m > [22m[2mshould apply LOW LOD to chunks far from camera[22m[39m
DemoApp initialized successfully
Chunk (-5, -5) generation metrics: {
  terrainTime: [33m0.5808000000033644[39m,
  biomeTime: [33m157.92280000000028[39m,
  resourceTime: [33m0.1235000000015134[39m,
  structureTime: [33m0.060299999997369014[39m,
  riverTime: [33m0.10689999999885913[39m,
  totalTime: [33m158.8139999999985[39m
}
Chunk (-4, -5) generation metrics: {
  terrainTime: [33m0.681799999998475[39m,
  biomeTime: [33m144.85239999999612[39m,
  resourceTime: [33m0.12679999999818392[39m,
  structureTime: [33m0.06839999999647262[39m,
  riverTime: [33m0.006500000003143214[39m,
  totalTime: [33m145.7597999999998[39m
}
Chunk (-3, -5) generation metrics: {
  terrainTime: [33m0.6034999999974389[39m,
  biomeTime: [33m149.53540000000066[39m,
  resourceTime: [33m0.1264999999984866[39m,
  structureTime: [33m0.08200000000215368[39m,
  riverTime: [33m0.05459999999584397[39m,
  totalTime: [33m150.42469999999594[39m
}
Chunk (-2, -5) generation metrics: {
  terrainTime: [33m0.6143999999985681[39m,
  biomeTime: [33m143.36120000000665[39m,
  resourceTime: [33m0.12160000000585569[39m,
  structureTime: [33m0.06220000000030268[39m,
  riverTime: [33m0.05450000000564614[39m,
  totalTime: [33m144.2367000000013[39m
}
Chunk (-1, -5) generation metrics: {
  terrainTime: [33m4.136899999997695[39m,
  biomeTime: [33m149.55259999999544[39m,
  resourceTime: [33m0.12320000000181608[39m,
  structureTime: [33m0.06420000000071013[39m,
  riverTime: [33m0.006100000005972106[39m,
  totalTime: [33m153.905399999996[39m
}
Chunk (0, -5) generation metrics: {
  terrainTime: [33m0.6028000000005704[39m,
  biomeTime: [33m154.46310000000085[39m,
  resourceTime: [33m0.11959999999817228[39m,
  structureTime: [33m0.07649999999557622[39m,
  riverTime: [33m0.006699999998090789[39m,
  totalTime: [33m155.29060000000027[39m
}
Chunk (1, -5) generation metrics: {
  terrainTime: [33m0.6119000000035157[39m,
  biomeTime: [33m146.652700000006[39m,
  resourceTime: [33m0.12479999999777647[39m,
  structureTime: [33m0.06560000000172295[39m,
  riverTime: [33m0.23709999999846332[39m,
  totalTime: [33m147.71250000000146[39m
}
Chunk (2, -5) generation metrics: {
  terrainTime: [33m0.6101999999955297[39m,
  biomeTime: [33m145.58050000000367[39m,
  resourceTime: [33m0.12080000000423752[39m,
  structureTime: [33m0.09219999999913853[39m,
  riverTime: [33m0.03869999999733409[39m,
  totalTime: [33m146.46480000000156[39m
}
Chunk (3, -5) generation metrics: {
  terrainTime: [33m0.6794999999983702[39m,
  biomeTime: [33m148.31679999999324[39m,
  resourceTime: [33m0.12410000000090804[39m,
  structureTime: [33m0.0731999999989057[39m,
  riverTime: [33m0.007100000002537854[39m,
  totalTime: [33m149.22640000000683[39m
}
Chunk (4, -5) generation metrics: {
  terrainTime: [33m0.5991000000067288[39m,
  biomeTime: [33m143.2268999999942[39m,
  resourceTime: [33m0.1802999999927124[39m,
  structureTime: [33m0.07239999999001157[39m,
  riverTime: [33m0.007400000002235174[39m,
  totalTime: [33m144.10800000000745[39m
}
Chunk (5, -5) generation metrics: {
  terrainTime: [33m2.052800000004936[39m,
  biomeTime: [33m147.48060000000987[39m,
  resourceTime: [33m0.11630000000877772[39m,
  structureTime: [33m0.060299999997369014[39m,
  riverTime: [33m0.004100000005564652[39m,
  totalTime: [33m149.73700000000827[39m
}
Chunk (-5, -4) generation metrics: {
  terrainTime: [33m0.40400000000954606[39m,
  biomeTime: [33m144.93790000000445[39m,
  resourceTime: [33m0.15249999999650754[39m,
  structureTime: [33m0.08139999999548309[39m,
  riverTime: [33m0.036399999997229315[39m,
  totalTime: [33m145.63309999999183[39m
}
Chunk (-4, -4) generation metrics: {
  terrainTime: [33m0.8114000000059605[39m,
  biomeTime: [33m156.1927999999898[39m,
  resourceTime: [33m0.12110000000393484[39m,
  structureTime: [33m0.06610000001091976[39m,
  riverTime: [33m0.005799999998998828[39m,
  totalTime: [33m157.22239999999874[39m
}
Chunk (-3, -4) generation metrics: {
  terrainTime: [33m0.5786000000080094[39m,
  biomeTime: [33m140.35620000000927[39m,
  resourceTime: [33m0.11780000000726432[39m,
  structureTime: [33m0.04170000000158325[39m,
  riverTime: [33m0.006999999997788109[39m,
  totalTime: [33m141.11759999999776[39m
}
Chunk (-2, -4) generation metrics: {
  terrainTime: [33m0.580100000006496[39m,
  biomeTime: [33m146.24079999999958[39m,
  resourceTime: [33m0.12630000000353903[39m,
  structureTime: [33m0.08439999999245629[39m,
  riverTime: [33m0.05859999998938292[39m,
  totalTime: [33m147.11560000000463[39m
}
Chunk (-1, -4) generation metrics: {
  terrainTime: [33m0.5846000000019558[39m,
  biomeTime: [33m142.85809999999765[39m,
  resourceTime: [33m0.12829999999667052[39m,
  structureTime: [33m0.0644999999931315[39m,
  riverTime: [33m0.0063999999983934686[39m,
  totalTime: [33m143.66190000000643[39m
}
Chunk (0, -4) generation metrics: {
  terrainTime: [33m0.5869999999995343[39m,
  biomeTime: [33m164.32669999999052[39m,
  resourceTime: [33m0.12329999999201391[39m,
  structureTime: [33m0.06279999999969732[39m,
  riverTime: [33m0.08809999999357387[39m,
  totalTime: [33m165.20829999999842[39m
}
Chunk (1, -4) generation metrics: {
  terrainTime: [33m0.5789999999979045[39m,
  biomeTime: [33m157.69109999999637[39m,
  resourceTime: [33m0.12639999999373686[39m,
  structureTime: [33m0.07460000000719447[39m,
  riverTime: [33m0.01600000000325963[39m,
  totalTime: [33m158.55439999999362[39m
}
Chunk (2, -4) generation metrics: {
  terrainTime: [33m0.6016999999992549[39m,
  biomeTime: [33m162.57270000000426[39m,
  resourceTime: [33m0.1294999999954598[39m,
  structureTime: [33m0.07240000000456348[39m,
  riverTime: [33m0.008000000001629815[39m,
  totalTime: [33m163.40830000001006[39m
}
Chunk (3, -4) generation metrics: {
  terrainTime: [33m0.6027999999932945[39m,
  biomeTime: [33m173.96370000000752[39m,
  resourceTime: [33m0.12359999999171123[39m,
  structureTime: [33m0.06639999999606516[39m,
  riverTime: [33m0.005900000003748573[39m,
  totalTime: [33m174.78399999999965[39m
}
Chunk (4, -4) generation metrics: {
  terrainTime: [33m0.6018000000040047[39m,
  biomeTime: [33m143.6256999999896[39m,
  resourceTime: [33m0.07039999999688007[39m,
  structureTime: [33m0.06730000000970904[39m,
  riverTime: [33m0.004500000010011718[39m,
  totalTime: [33m144.38919999999052[39m
}
Chunk (5, -4) generation metrics: {
  terrainTime: [33m0.39659999999275897[39m,
  biomeTime: [33m136.43689999998605[39m,
  resourceTime: [33m0.12660000000323635[39m,
  structureTime: [33m0.053200000009383075[39m,
  riverTime: [33m0.007199999992735684[39m,
  totalTime: [33m137.03680000000168[39m
}
Chunk (-5, -3) generation metrics: {
  terrainTime: [33m0.5963000000047032[39m,
  biomeTime: [33m133.63229999999749[39m,
  resourceTime: [33m0.07000000000698492[39m,
  structureTime: [33m0.055300000007264316[39m,
  riverTime: [33m0.029000000009546056[39m,
  totalTime: [33m134.40019999998913[39m
}
Chunk (-4, -3) generation metrics: {
  terrainTime: [33m0.39979999999923166[39m,
  biomeTime: [33m141.01549999999406[39m,
  resourceTime: [33m0.06960000000253785[39m,
  structureTime: [33m0.0580000000045402[39m,
  riverTime: [33m0.005100000009406358[39m,
  totalTime: [33m141.56550000001153[39m
}
Chunk (-3, -3) generation metrics: {
  terrainTime: [33m0.4109000000025844[39m,
  biomeTime: [33m141.9326000000001[39m,
  resourceTime: [33m0.13069999999424908[39m,
  structureTime: [33m0.060899999996763654[39m,
  riverTime: [33m0.006199999988893978[39m,
  totalTime: [33m142.55999999999767[39m
}
Chunk (-2, -3) generation metrics: {
  terrainTime: [33m0.6097000000008848[39m,
  biomeTime: [33m160.36819999999716[39m,
  resourceTime: [33m0.12030000000959262[39m,
  structureTime: [33m0.14999999999417923[39m,
  riverTime: [33m0.046900000001187436[39m,
  totalTime: [33m161.31750000000466[39m
}
Chunk (-1, -3) generation metrics: {
  terrainTime: [33m0.7534000000014203[39m,
  biomeTime: [33m159.84930000000168[39m,
  resourceTime: [33m0.07110000000102445[39m,
  structureTime: [33m0.054799999998067506[39m,
  riverTime: [33m0.0341000000044005[39m,
  totalTime: [33m160.78750000000582[39m
}
Chunk (0, -3) generation metrics: {
  terrainTime: [33m0.4095999999990454[39m,
  biomeTime: [33m135.40559999999823[39m,
  resourceTime: [33m0.07100000001082662[39m,
  structureTime: [33m0.05259999999543652[39m,
  riverTime: [33m0.004799999995157123[39m,
  totalTime: [33m135.96259999999893[39m
}
Chunk (1, -3) generation metrics: {
  terrainTime: [33m0.3993999999947846[39m,
  biomeTime: [33m142.22999999999593[39m,
  resourceTime: [33m0.12640000000828877[39m,
  structureTime: [33m0.06130000000121072[39m,
  riverTime: [33m0.007299999997485429[39m,
  totalTime: [33m142.84159999999974[39m
}
Chunk (2, -3) generation metrics: {
  terrainTime: [33m0.5932999999931781[39m,
  biomeTime: [33m148.42260000000533[39m,
  resourceTime: [33m0.12780000000202563[39m,
  structureTime: [33m0.06180000001040753[39m,
  riverTime: [33m0.035799999997834675[39m,
  totalTime: [33m149.2627000000066[39m
}
Chunk (3, -3) generation metrics: {
  terrainTime: [33m0.5982999999978347[39m,
  biomeTime: [33m132.3628000000026[39m,
  resourceTime: [33m0.13090000000374857[39m,
  structureTime: [33m0.06990000000223517[39m,
  riverTime: [33m0.06010000000242144[39m,
  totalTime: [33m133.24349999999686[39m
}
Chunk (4, -3) generation metrics: {
  terrainTime: [33m0.5821999999898253[39m,
  biomeTime: [33m148.09150000000955[39m,
  resourceTime: [33m0.11800000000221189[39m,
  structureTime: [33m0.0478000000002794[39m,
  riverTime: [33m0.006299999993643723[39m,
  totalTime: [33m148.8637000000017[39m
}
Chunk (5, -3) generation metrics: {
  terrainTime: [33m0.5763000000006286[39m,
  biomeTime: [33m140.74550000000454[39m,
  resourceTime: [33m0.11990000000514556[39m,
  structureTime: [33m0.05869999999413267[39m,
  riverTime: [33m0.0062000000034458935[39m,
  totalTime: [33m141.52440000000934[39m
}
Chunk (-5, -2) generation metrics: {
  terrainTime: [33m0.5780000000086147[39m,
  biomeTime: [33m149.0802999999869[39m,
  resourceTime: [33m0.12679999999818392[39m,
  structureTime: [33m0.09000000001105946[39m,
  riverTime: [33m0.007299999997485429[39m,
  totalTime: [33m149.90529999999853[39m
}
Chunk (-4, -2) generation metrics: {
  terrainTime: [33m1.21129999999539[39m,
  biomeTime: [33m146.60460000000603[39m,
  resourceTime: [33m0.12330000000656582[39m,
  structureTime: [33m0.07600000000093132[39m,
  riverTime: [33m0.007400000002235174[39m,
  totalTime: [33m148.04750000000058[39m
}
Chunk (-3, -2) generation metrics: {
  terrainTime: [33m0.5736999999935506[39m,
  biomeTime: [33m157.43499999999767[39m,
  resourceTime: [33m0.12739999999757856[39m,
  structureTime: [33m0.06079999999201391[39m,
  riverTime: [33m0.006099999998696148[39m,
  totalTime: [33m158.26339999999618[39m
}
Chunk (-2, -2) generation metrics: {
  terrainTime: [33m0.5559999999968568[39m,
  biomeTime: [33m144.56429999999818[39m,
  resourceTime: [33m0.12260000000242144[39m,
  structureTime: [33m0.06169999999110587[39m,
  riverTime: [33m0.018299999996088445[39m,
  totalTime: [33m145.34339999999793[39m
}
Chunk (-1, -2) generation metrics: {
  terrainTime: [33m0.5746999999973923[39m,
  biomeTime: [33m141.83169999999518[39m,
  resourceTime: [33m0.15630000000237487[39m,
  structureTime: [33m0.05460000000311993[39m,
  riverTime: [33m0.04640000000654254[39m,
  totalTime: [33m142.685799999992[39m
}
Chunk (0, -2) generation metrics: {
  terrainTime: [33m1.0635999999940395[39m,
  biomeTime: [33m130.8011000000115[39m,
  resourceTime: [33m0.11789999999746215[39m,
  structureTime: [33m0.08860000000277068[39m,
  riverTime: [33m0.006699999998090789[39m,
  totalTime: [33m132.10139999999956[39m
}
Chunk (1, -2) generation metrics: {
  terrainTime: [33m0.5869999999995343[39m,
  biomeTime: [33m136.81930000000284[39m,
  resourceTime: [33m0.13390000000072177[39m,
  structureTime: [33m0.06680000000051223[39m,
  riverTime: [33m0.007100000002537854[39m,
  totalTime: [33m137.63700000000244[39m
}
Chunk (2, -2) generation metrics: {
  terrainTime: [33m0.6079999999928987[39m,
  biomeTime: [33m151.0494999999937[39m,
  resourceTime: [33m0.1224999999976717[39m,
  structureTime: [33m0.07640000000537839[39m,
  riverTime: [33m0.0062000000034458935[39m,
  totalTime: [33m151.88619999999355[39m
}
Chunk (3, -2) generation metrics: {
  terrainTime: [33m0.5871000000042841[39m,
  biomeTime: [33m150.58000000000175[39m,
  resourceTime: [33m0.12830000001122244[39m,
  structureTime: [33m0.054400000008172356[39m,
  riverTime: [33m0.006300000008195639[39m,
  totalTime: [33m151.3741999999911[39m
}
Chunk (4, -2) generation metrics: {
  terrainTime: [33m0.598599999997532[39m,
  biomeTime: [33m153.51269999999204[39m,
  resourceTime: [33m0.12480000000505242[39m,
  structureTime: [33m0.053200000009383075[39m,
  riverTime: [33m0.006999999997788109[39m,
  totalTime: [33m154.31470000000263[39m
}
Chunk (5, -2) generation metrics: {
  terrainTime: [33m0.6062999999994645[39m,
  biomeTime: [33m156.76699999999255[39m,
  resourceTime: [33m0.07140000000072177[39m,
  structureTime: [33m0.04849999998987187[39m,
  riverTime: [33m0.005399999994551763[39m,
  totalTime: [33m157.51479999998992[39m
}
Chunk (-5, -1) generation metrics: {
  terrainTime: [33m1.064700000002631[39m,
  biomeTime: [33m142.27210000000196[39m,
  resourceTime: [33m0.12540000000444707[39m,
  structureTime: [33m0.06459999999788124[39m,
  riverTime: [33m0.10489999999117572[39m,
  totalTime: [33m143.65050000000338[39m
}
Chunk (-4, -1) generation metrics: {
  terrainTime: [33m0.608299999992596[39m,
  biomeTime: [33m156.02769999999146[39m,
  resourceTime: [33m0.13279999999213032[39m,
  structureTime: [33m0.051800000001094304[39m,
  riverTime: [33m0.08079999999608845[39m,
  totalTime: [33m156.92259999999078[39m
}
Chunk (-3, -1) generation metrics: {
  terrainTime: [33m0.6673000000009779[39m,
  biomeTime: [33m158.45160000000033[39m,
  resourceTime: [33m0.1245000000053551[39m,
  structureTime: [33m0.053800000008777715[39m,
  riverTime: [33m0.03610000001208391[39m,
  totalTime: [33m159.3538000000117[39m
}
Chunk (-2, -1) generation metrics: {
  terrainTime: [33m0.6033999999926891[39m,
  biomeTime: [33m151.6304000000091[39m,
  resourceTime: [33m0.1287000000011176[39m,
  structureTime: [33m0.06629999999131542[39m,
  riverTime: [33m0.038199999995413236[39m,
  totalTime: [33m152.48579999999492[39m
}
Chunk (-1, -1) generation metrics: {
  terrainTime: [33m0.6046999999962281[39m,
  biomeTime: [33m155.12249999999767[39m,
  resourceTime: [33m0.12380000000121072[39m,
  structureTime: [33m0.055000000007566996[39m,
  riverTime: [33m0.09720000000379514[39m,
  totalTime: [33m156.02550000000338[39m
}
Chunk (0, -1) generation metrics: {
  terrainTime: [33m0.606500000008964[39m,
  biomeTime: [33m142.8570999999938[39m,
  resourceTime: [33m0.13229999999748543[39m,
  structureTime: [33m0.052499999990686774[39m,
  riverTime: [33m0.006900000007590279[39m,
  totalTime: [33m143.67889999999898[39m
}
Chunk (1, -1) generation metrics: {
  terrainTime: [33m0.6092999999964377[39m,
  biomeTime: [33m146.82110000000102[39m,
  resourceTime: [33m0.12299999999231659[39m,
  structureTime: [33m0.0537999999942258[39m,
  riverTime: [33m0.04090000000724103[39m,
  totalTime: [33m147.66739999999118[39m
}
Chunk (2, -1) generation metrics: {
  terrainTime: [33m0.6110000000044238[39m,
  biomeTime: [33m168.75449999999546[39m,
  resourceTime: [33m0.1314999999885913[39m,
  structureTime: [33m0.08879999999771826[39m,
  riverTime: [33m0.008000000001629815[39m,
  totalTime: [33m169.61879999999655[39m
}
Chunk (3, -1) generation metrics: {
  terrainTime: [33m0.6025999999983469[39m,
  biomeTime: [33m139.69100000000617[39m,
  resourceTime: [33m0.07399999999324791[39m,
  structureTime: [33m0.05819999999948777[39m,
  riverTime: [33m0.003899999996065162[39m,
  totalTime: [33m140.44720000000962[39m
}
Chunk (4, -1) generation metrics: {
  terrainTime: [33m0.5893000000069151[39m,
  biomeTime: [33m147.6981000000087[39m,
  resourceTime: [33m0.12090000000898726[39m,
  structureTime: [33m0.06090000001131557[39m,
  riverTime: [33m0.09399999999732245[39m,
  totalTime: [33m148.58169999999518[39m
}
Chunk (5, -1) generation metrics: {
  terrainTime: [33m0.5765000000101281[39m,
  biomeTime: [33m154.08199999999488[39m,
  resourceTime: [33m0.06810000000405125[39m,
  structureTime: [33m0.060599999997066334[39m,
  riverTime: [33m0.029900000008638017[39m,
  totalTime: [33m154.8353999999963[39m
}
Chunk (-5, 0) generation metrics: {
  terrainTime: [33m0.3847000000096159[39m,
  biomeTime: [33m136.72580000000016[39m,
  resourceTime: [33m0.11630000000877772[39m,
  structureTime: [33m0.06769999999960419[39m,
  riverTime: [33m0.005000000004656613[39m,
  totalTime: [33m137.32249999999476[39m
}
Chunk (-4, 0) generation metrics: {
  terrainTime: [33m0.5830999999889173[39m,
  biomeTime: [33m127.6484000000055[39m,
  resourceTime: [33m0.12209999999322463[39m,
  structureTime: [33m0.07459999999264255[39m,
  riverTime: [33m0.0063999999983934686[39m,
  totalTime: [33m128.45620000000054[39m
}
Chunk (-3, 0) generation metrics: {
  terrainTime: [33m0.5887999999977183[39m,
  biomeTime: [33m127.17360000000917[39m,
  resourceTime: [33m0.11800000000221189[39m,
  structureTime: [33m0.07339999999385327[39m,
  riverTime: [33m0.023099999991245568[39m,
  totalTime: [33m127.99520000000484[39m
}
Chunk (-2, 0) generation metrics: {
  terrainTime: [33m0.6031000000075437[39m,
  biomeTime: [33m149.021499999988[39m,
  resourceTime: [33m0.12410000000090804[39m,
  structureTime: [33m0.07660000000032596[39m,
  riverTime: [33m0.0328999999910593[39m,
  totalTime: [33m149.87810000000172[39m
}
Chunk (-1, 0) generation metrics: {
  terrainTime: [33m1.1539000000047963[39m,
  biomeTime: [33m136.41130000000703[39m,
  resourceTime: [33m0.1264999999984866[39m,
  structureTime: [33m0.08569999999599531[39m,
  riverTime: [33m0.0996000000013737[39m,
  totalTime: [33m137.89839999999094[39m
}
Chunk (0, 0) generation metrics: {
  terrainTime: [33m0.6019999999989523[39m,
  biomeTime: [33m134.4658999999956[39m,
  resourceTime: [33m0.11690000000817236[39m,
  structureTime: [33m0.043300000004819594[39m,
  riverTime: [33m0.006899999993038364[39m,
  totalTime: [33m135.2511000000086[39m
}
Chunk (1, 0) generation metrics: {
  terrainTime: [33m0.5889999999926658[39m,
  biomeTime: [33m136.0518000000011[39m,
  resourceTime: [33m0.1262999999889871[39m,
  structureTime: [33m0.0731999999989057[39m,
  riverTime: [33m0.005699999994249083[39m,
  totalTime: [33m136.86560000000463[39m
}
Chunk (2, 0) generation metrics: {
  terrainTime: [33m0.600800000000163[39m,
  biomeTime: [33m124.83610000000044[39m,
  resourceTime: [33m0.13709999999264255[39m,
  structureTime: [33m0.0771999999997206[39m,
  riverTime: [33m0.0060000000084983185[39m,
  totalTime: [33m125.68009999999776[39m
}
Chunk (3, 0) generation metrics: {
  terrainTime: [33m0.6180000000022119[39m,
  biomeTime: [33m140.46719999999914[39m,
  resourceTime: [33m0.1309999999939464[39m,
  structureTime: [33m0.05929999999352731[39m,
  riverTime: [33m0.007400000002235174[39m,
  totalTime: [33m141.30139999999665[39m
}
Chunk (4, 0) generation metrics: {
  terrainTime: [33m0.7164999999949941[39m,
  biomeTime: [33m136.36659999999392[39m,
  resourceTime: [33m0.12400000001071021[39m,
  structureTime: [33m0.05939999999827705[39m,
  riverTime: [33m0.006300000008195639[39m,
  totalTime: [33m137.29580000000715[39m
}
Chunk (5, 0) generation metrics: {
  terrainTime: [33m0.6043999999965308[39m,
  biomeTime: [33m141.25719999999274[39m,
  resourceTime: [33m0.12680000001273584[39m,
  structureTime: [33m0.07089999999152496[39m,
  riverTime: [33m0.007099999987985939[39m,
  totalTime: [33m142.08640000000014[39m
}
Chunk (-5, 1) generation metrics: {
  terrainTime: [33m0.5964000000094529[39m,
  biomeTime: [33m155.5954000000056[39m,
  resourceTime: [33m0.14700000001175795[39m,
  structureTime: [33m0.04940000000351574[39m,
  riverTime: [33m0.006700000012642704[39m,
  totalTime: [33m157.31870000000345[39m
}
Chunk (-4, 1) generation metrics: {
  terrainTime: [33m0.6031999999977415[39m,
  biomeTime: [33m162.40630000000237[39m,
  resourceTime: [33m0.12630000000353903[39m,
  structureTime: [33m0.05819999999948777[39m,
  riverTime: [33m0.007100000002537854[39m,
  totalTime: [33m163.21930000001157[39m
}
Chunk (-3, 1) generation metrics: {
  terrainTime: [33m0.6307999999989988[39m,
  biomeTime: [33m147.76789999999164[39m,
  resourceTime: [33m0.07030000000668224[39m,
  structureTime: [33m0.04409999999916181[39m,
  riverTime: [33m0.003899999996065162[39m,
  totalTime: [33m148.5329999999958[39m
}
Chunk (-2, 1) generation metrics: {
  terrainTime: [33m0.7367000000085682[39m,
  biomeTime: [33m141.50860000000102[39m,
  resourceTime: [33m0.07300000000395812[39m,
  structureTime: [33m0.044200000003911555[39m,
  riverTime: [33m0.004700000004959293[39m,
  totalTime: [33m142.3810999999987[39m
}
Chunk (-1, 1) generation metrics: {
  terrainTime: [33m0.4239999999990687[39m,
  biomeTime: [33m155.26969999998983[39m,
  resourceTime: [33m0.12889999999606516[39m,
  structureTime: [33m0.04820000000472646[39m,
  riverTime: [33m0.01780000000144355[39m,
  totalTime: [33m155.90559999999823[39m
}
Chunk (0, 1) generation metrics: {
  terrainTime: [33m0.5996000000013737[39m,
  biomeTime: [33m167.02760000000126[39m,
  resourceTime: [33m0.3266999999905238[39m,
  structureTime: [33m0.05949999998847488[39m,
  riverTime: [33m0.00819999999657739[39m,
  totalTime: [33m168.10800000000745[39m
}
Chunk (1, 1) generation metrics: {
  terrainTime: [33m0.5718999999953667[39m,
  biomeTime: [33m174.5048000000097[39m,
  resourceTime: [33m0.06960000000253785[39m,
  structureTime: [33m0.0503000000026077[39m,
  riverTime: [33m0.0044999999954598024[39m,
  totalTime: [33m175.21809999999823[39m
}
Chunk (2, 1) generation metrics: {
  terrainTime: [33m0.3947000000043772[39m,
  biomeTime: [33m155.05260000001[39m,
  resourceTime: [33m0.12339999999676365[39m,
  structureTime: [33m0.05520000000251457[39m,
  riverTime: [33m0.005299999989802018[39m,
  totalTime: [33m155.6484000000055[39m
}
Chunk (3, 1) generation metrics: {
  terrainTime: [33m0.6518999999971129[39m,
  biomeTime: [33m158.70639999999548[39m,
  resourceTime: [33m0.11569999999483116[39m,
  structureTime: [33m0.07839999999850988[39m,
  riverTime: [33m0.04940000000351574[39m,
  totalTime: [33m159.6238000000012[39m
}
Chunk (4, 1) generation metrics: {
  terrainTime: [33m0.5975999999936903[39m,
  biomeTime: [33m153.87859999999637[39m,
  resourceTime: [33m0.125[39m,
  structureTime: [33m0.08000000000174623[39m,
  riverTime: [33m0.005900000003748573[39m,
  totalTime: [33m154.71289999999863[39m
}
Chunk (5, 1) generation metrics: {
  terrainTime: [33m0.591999999989639[39m,
  biomeTime: [33m150.6987000000081[39m,
  resourceTime: [33m0.13250000000698492[39m,
  structureTime: [33m0.07159999999566935[39m,
  riverTime: [33m0.006699999998090789[39m,
  totalTime: [33m151.52029999998922[39m
}
Chunk (-5, 2) generation metrics: {
  terrainTime: [33m0.6123000000079628[39m,
  biomeTime: [33m153.13880000000063[39m,
  resourceTime: [33m0.1224999999976717[39m,
  structureTime: [33m0.06279999999969732[39m,
  riverTime: [33m0.006699999998090789[39m,
  totalTime: [33m153.96510000000126[39m
}
Chunk (-4, 2) generation metrics: {
  terrainTime: [33m0.5856999999959953[39m,
  biomeTime: [33m148.55079999999725[39m,
  resourceTime: [33m0.12429999999585561[39m,
  structureTime: [33m0.06579999999667052[39m,
  riverTime: [33m0.007300000012037344[39m,
  totalTime: [33m149.35319999999774[39m
}
Chunk (-3, 2) generation metrics: {
  terrainTime: [33m0.6062999999994645[39m,
  biomeTime: [33m160.1826000000001[39m,
  resourceTime: [33m0.12419999999110587[39m,
  structureTime: [33m0.06150000001071021[39m,
  riverTime: [33m0.005999999993946403[39m,
  totalTime: [33m160.9991000000009[39m
}
Chunk (-2, 2) generation metrics: {
  terrainTime: [33m0.6104000000050291[39m,
  biomeTime: [33m202.47239999999874[39m,
  resourceTime: [33m0.1300000000046566[39m,
  structureTime: [33m0.07269999998970889[39m,
  riverTime: [33m0.006600000007892959[39m,
  totalTime: [33m203.31509999999253[39m
}
Chunk (-1, 2) generation metrics: {
  terrainTime: [33m0.618400000006659[39m,
  biomeTime: [33m173.2554999999993[39m,
  resourceTime: [33m0.13340000000607688[39m,
  structureTime: [33m0.06579999999667052[39m,
  riverTime: [33m0.006099999998696148[39m,
  totalTime: [33m174.10310000000754[39m
}
Chunk (0, 2) generation metrics: {
  terrainTime: [33m0.5934999999881256[39m,
  biomeTime: [33m167.31849999999395[39m,
  resourceTime: [33m0.12180000000807922[39m,
  structureTime: [33m0.07160000001022127[39m,
  riverTime: [33m0.006999999997788109[39m,
  totalTime: [33m168.14419999999518[39m
}
Chunk (1, 2) generation metrics: {
  terrainTime: [33m0.5948000000062166[39m,
  biomeTime: [33m159.71869999999763[39m,
  resourceTime: [33m0.1093000000109896[39m,
  structureTime: [33m0.11639999999897555[39m,
  riverTime: [33m0.04060000000754371[39m,
  totalTime: [33m160.6036999999924[39m
}
Chunk (2, 2) generation metrics: {
  terrainTime: [33m0.606999999989057[39m,
  biomeTime: [33m155.04929999999877[39m,
  resourceTime: [33m0.11410000000614673[39m,
  structureTime: [33m0.06569999999192078[39m,
  riverTime: [33m0.0356000000028871[39m,
  totalTime: [33m155.8917999999976[39m
}
Chunk (3, 2) generation metrics: {
  terrainTime: [33m0.5494999999937136[39m,
  biomeTime: [33m141.64890000000014[39m,
  resourceTime: [33m0.1451999999990221[39m,
  structureTime: [33m0.06630000000586733[39m,
  riverTime: [33m0.006099999998696148[39m,
  totalTime: [33m142.43589999999676[39m
}
Chunk (4, 2) generation metrics: {
  terrainTime: [33m0.6024999999935972[39m,
  biomeTime: [33m150.54409999999916[39m,
  resourceTime: [33m0.07209999999031425[39m,
  structureTime: [33m0.052400000000488944[39m,
  riverTime: [33m0.004800000009709038[39m,
  totalTime: [33m151.29249999999593[39m
}
Chunk (5, 2) generation metrics: {
  terrainTime: [33m0.4081999999907566[39m,
  biomeTime: [33m203.7329000000027[39m,
  resourceTime: [33m0.12459999999555293[39m,
  structureTime: [33m0.06530000000202563[39m,
  riverTime: [33m0.0064999999885912985[39m,
  totalTime: [33m204.35839999999735[39m
}
Chunk (-5, 3) generation metrics: {
  terrainTime: [33m0.6068000000086613[39m,
  biomeTime: [33m386.8038000000088[39m,
  resourceTime: [33m0.1337000000057742[39m,
  structureTime: [33m0.0859000000054948[39m,
  riverTime: [33m0.006099999998696148[39m,
  totalTime: [33m387.6560999999929[39m
}
Chunk (-4, 3) generation metrics: {
  terrainTime: [33m0.6103000000002794[39m,
  biomeTime: [33m193.58750000000873[39m,
  resourceTime: [33m0.12260000000242144[39m,
  structureTime: [33m0.07690000000002328[39m,
  riverTime: [33m0.006800000002840534[39m,
  totalTime: [33m194.4268999999913[39m
}
Chunk (-3, 3) generation metrics: {
  terrainTime: [33m0.591999999989639[39m,
  biomeTime: [33m157.40209999999206[39m,
  resourceTime: [33m0.12940000000526197[39m,
  structureTime: [33m0.059999999997671694[39m,
  riverTime: [33m0.013299999991431832[39m,
  totalTime: [33m158.21769999999378[39m
}
Chunk (-2, 3) generation metrics: {
  terrainTime: [33m0.6083999999973457[39m,
  biomeTime: [33m137.4250000000029[39m,
  resourceTime: [33m0.11749999999301508[39m,
  structureTime: [33m0.07289999999920838[39m,
  riverTime: [33m0.1085999999922933[39m,
  totalTime: [33m138.353099999993[39m
}
Chunk (-1, 3) generation metrics: {
  terrainTime: [33m0.5847999999969034[39m,
  biomeTime: [33m153.48339999999735[39m,
  resourceTime: [33m0.1220000000030268[39m,
  structureTime: [33m0.04919999999401625[39m,
  riverTime: [33m0.1088000000017928[39m,
  totalTime: [33m154.3652000000002[39m
}
Chunk (0, 3) generation metrics: {
  terrainTime: [33m0.5815999999904307[39m,
  biomeTime: [33m146.32219999999506[39m,
  resourceTime: [33m0.12089999999443535[39m,
  structureTime: [33m0.0904000000009546[39m,
  riverTime: [33m0.006999999997788109[39m,
  totalTime: [33m147.1423000000068[39m
}
Chunk (1, 3) generation metrics: {
  terrainTime: [33m0.603000000002794[39m,
  biomeTime: [33m148.41700000000128[39m,
  resourceTime: [33m0.12589999999909196[39m,
  structureTime: [33m0.04889999999431893[39m,
  riverTime: [33m0.12239999999292195[39m,
  totalTime: [33m149.33690000000934[39m
}
Chunk (2, 3) generation metrics: {
  terrainTime: [33m0.5737000000081025[39m,
  biomeTime: [33m136.87089999999444[39m,
  resourceTime: [33m0.14289999999164138[39m,
  structureTime: [33m0.07060000000637956[39m,
  riverTime: [33m0.007299999997485429[39m,
  totalTime: [33m137.68480000000272[39m
}
Chunk (3, 3) generation metrics: {
  terrainTime: [33m0.6157000000093831[39m,
  biomeTime: [33m137.9499000000069[39m,
  resourceTime: [33m0.13040000000910368[39m,
  structureTime: [33m0.0722000000096159[39m,
  riverTime: [33m0.005600000004051253[39m,
  totalTime: [33m138.79170000000158[39m
}
Chunk (4, 3) generation metrics: {
  terrainTime: [33m0.6068999999988591[39m,
  biomeTime: [33m139.459400000007[39m,
  resourceTime: [33m0.1147999999957392[39m,
  structureTime: [33m0.06240000000980217[39m,
  riverTime: [33m0.006800000002840534[39m,
  totalTime: [33m140.26859999999579[39m
}
Chunk (5, 3) generation metrics: {
  terrainTime: [33m0.9443999999930384[39m,
  biomeTime: [33m140.1185000000114[39m,
  resourceTime: [33m0.12279999999736901[39m,
  structureTime: [33m0.0597999999881722[39m,
  riverTime: [33m0.006299999993643723[39m,
  totalTime: [33m141.27040000000852[39m
}
Chunk (-5, 4) generation metrics: {
  terrainTime: [33m0.6065999999991618[39m,
  biomeTime: [33m152.58000000000175[39m,
  resourceTime: [33m0.16040000000793952[39m,
  structureTime: [33m0.054499999998370185[39m,
  riverTime: [33m0.006900000007590279[39m,
  totalTime: [33m153.43409999999858[39m
}
Chunk (-4, 4) generation metrics: {
  terrainTime: [33m0.823099999994156[39m,
  biomeTime: [33m143.4436999999889[39m,
  resourceTime: [33m0.12769999999727588[39m,
  structureTime: [33m0.05520000000251457[39m,
  riverTime: [33m0.006699999998090789[39m,
  totalTime: [33m144.47759999999835[39m
}
Chunk (-3, 4) generation metrics: {
  terrainTime: [33m0.6049999999959255[39m,
  biomeTime: [33m147.6296000000002[39m,
  resourceTime: [33m0.12490000000980217[39m,
  structureTime: [33m0.06840000000374857[39m,
  riverTime: [33m0.9426000000094064[39m,
  totalTime: [33m149.3880000000063[39m
}
Chunk (-2, 4) generation metrics: {
  terrainTime: [33m0.6142000000108965[39m,
  biomeTime: [33m156.54270000000542[39m,
  resourceTime: [33m0.12519999999494758[39m,
  structureTime: [33m0.05400000000372529[39m,
  riverTime: [33m0.12110000000393484[39m,
  totalTime: [33m157.47329999999783[39m
}
Chunk (-1, 4) generation metrics: {
  terrainTime: [33m0.6509999999980209[39m,
  biomeTime: [33m158.7627999999968[39m,
  resourceTime: [33m0.1359000000084052[39m,
  structureTime: [33m0.13790000000153668[39m,
  riverTime: [33m0.18030000000726432[39m,
  totalTime: [33m159.8932999999961[39m
}
Chunk (0, 4) generation metrics: {
  terrainTime: [33m0.5737000000081025[39m,
  biomeTime: [33m164.3703000000096[39m,
  resourceTime: [33m0.12080000000423752[39m,
  structureTime: [33m0.13450000000011642[39m,
  riverTime: [33m0.00939999999536667[39m,
  totalTime: [33m165.2395000000106[39m
}
Chunk (1, 4) generation metrics: {
  terrainTime: [33m0.7289000000018859[39m,
  biomeTime: [33m159.3807000000088[39m,
  resourceTime: [33m0.11860000000160653[39m,
  structureTime: [33m0.04869999999937136[39m,
  riverTime: [33m0.10169999999925494[39m,
  totalTime: [33m160.402700000006[39m
}
Chunk (2, 4) generation metrics: {
  terrainTime: [33m0.5960000000050059[39m,
  biomeTime: [33m153.31620000000112[39m,
  resourceTime: [33m0.11620000000402797[39m,
  structureTime: [33m0.053599999999278225[39m,
  riverTime: [33m0.059600000007776543[39m,
  totalTime: [33m154.15980000000854[39m
}
Chunk (3, 4) generation metrics: {
  terrainTime: [33m0.5678999999945518[39m,
  biomeTime: [33m156.95090000001073[39m,
  resourceTime: [33m0.07140000000072177[39m,
  structureTime: [33m0.07130000001052395[39m,
  riverTime: [33m0.0737000000081025[39m,
  totalTime: [33m157.7505999999994[39m
}
Chunk (4, 4) generation metrics: {
  terrainTime: [33m0.3839000000007218[39m,
  biomeTime: [33m140.49069999999483[39m,
  resourceTime: [33m0.13760000000183936[39m,
  structureTime: [33m1.0644000000029337[39m,
  riverTime: [33m0.18309999999473803[39m,
  totalTime: [33m142.27670000000217[39m
}
Chunk (5, 4) generation metrics: {
  terrainTime: [33m0.6080999999976484[39m,
  biomeTime: [33m145.30019999999786[39m,
  resourceTime: [33m0.12290000000211876[39m,
  structureTime: [33m0.06669999999576248[39m,
  riverTime: [33m0.09930000000167638[39m,
  totalTime: [33m146.2173000000039[39m
}
Chunk (-5, 5) generation metrics: {
  terrainTime: [33m0.6057000000000698[39m,
  biomeTime: [33m136.84430000001157[39m,
  resourceTime: [33m0.12329999999201391[39m,
  structureTime: [33m0.05000000000291038[39m,
  riverTime: [33m0.2168999999994412[39m,
  totalTime: [33m137.8579000000027[39m
}
Chunk (-4, 5) generation metrics: {
  terrainTime: [33m0.5997000000061234[39m,
  biomeTime: [33m158.25380000000587[39m,
  resourceTime: [33m0.12890000001061708[39m,
  structureTime: [33m0.052100000000791624[39m,
  riverTime: [33m0.007599999997182749[39m,
  totalTime: [33m159.05839999999444[39m
}
Chunk (-3, 5) generation metrics: {
  terrainTime: [33m0.6116999999940163[39m,
  biomeTime: [33m155.32930000001215[39m,
  resourceTime: [33m0.1309999999939464[39m,
  structureTime: [33m0.045400000002700835[39m,
  riverTime: [33m0.006800000002840534[39m,
  totalTime: [33m156.13969999999972[39m
}
Chunk (-2, 5) generation metrics: {
  terrainTime: [33m0.6141999999963446[39m,
  biomeTime: [33m142.7085999999981[39m,
  resourceTime: [33m0.12320000000181608[39m,
  structureTime: [33m0.05840000000898726[39m,
  riverTime: [33m0.006999999997788109[39m,
  totalTime: [33m143.5283000000054[39m
}
Chunk (-1, 5) generation metrics: {
  terrainTime: [33m1.1827999999950407[39m,
  biomeTime: [33m169.86110000000917[39m,
  resourceTime: [33m0.12459999999555293[39m,
  structureTime: [33m0.05289999999513384[39m,
  riverTime: [33m0.009100000010221265[39m,
  totalTime: [33m171.28770000000077[39m
}
Chunk (0, 5) generation metrics: {
  terrainTime: [33m0.5997999999963213[39m,
  biomeTime: [33m143.11269999999786[39m,
  resourceTime: [33m0.12640000000828877[39m,
  structureTime: [33m0.06829999999899883[39m,
  riverTime: [33m0.006599999993341044[39m,
  totalTime: [33m143.9386000000086[39m
}
Chunk (1, 5) generation metrics: {
  terrainTime: [33m0.5942000000068219[39m,
  biomeTime: [33m151.0578999999998[39m,
  resourceTime: [33m0.13090000000374857[39m,
  structureTime: [33m0.07240000000456348[39m,
  riverTime: [33m0.008099999991827644[39m,
  totalTime: [33m151.88499999999476[39m
}
Chunk (2, 5) generation metrics: {
  terrainTime: [33m0.6202000000048429[39m,
  biomeTime: [33m170.12119999999413[39m,
  resourceTime: [33m0.1300000000046566[39m,
  structureTime: [33m0.07200000000011642[39m,
  riverTime: [33m0.006199999988893978[39m,
  totalTime: [33m170.96799999999348[39m
}
Chunk (3, 5) generation metrics: {
  terrainTime: [33m0.6135999999969499[39m,
  biomeTime: [33m141.0124999999971[39m,
  resourceTime: [33m0.11819999999715947[39m,
  structureTime: [33m0.06580000001122244[39m,
  riverTime: [33m0.005900000003748573[39m,
  totalTime: [33m141.83809999999357[39m
}
Chunk (4, 5) generation metrics: {
  terrainTime: [33m0.5731000000087079[39m,
  biomeTime: [33m129.71600000000035[39m,
  resourceTime: [33m0.07069999999657739[39m,
  structureTime: [33m0.045300000012503006[39m,
  riverTime: [33m0.005699999994249083[39m,
  totalTime: [33m130.44150000000081[39m
}
Chunk (5, 5) generation metrics: {
  terrainTime: [33m0.48420000000623986[39m,
  biomeTime: [33m143.90520000000834[39m,
  resourceTime: [33m0.11719999999331776[39m,
  structureTime: [33m0.0582999999896856[39m,
  riverTime: [33m0.05649999999150168[39m,
  totalTime: [33m144.63820000000123[39m
}
Loaded 121 chunks in 18533.66ms

[90mstdout[2m | demo/src/core/DemoApp.lod.integration.test.ts[2m > [22m[2mDemoApp - LOD System Integration[2m > [22m[2mVisual Quality at Each LOD Level (Requirements 7.3, 7.4)[2m > [22m[2mshould reduce feature density at lower LOD levels[22m[39m
DemoApp initialized successfully
Chunk (-5, -5) generation metrics: {
  terrainTime: [33m0.4015999999974156[39m,
  biomeTime: [33m151.96759999998903[39m,
  resourceTime: [33m0.12610000000859145[39m,
  structureTime: [33m0.069999999992433[39m,
  riverTime: [33m0.10720000001310837[39m,
  totalTime: [33m152.6935999999987[39m
}
Chunk (-4, -5) generation metrics: {
  terrainTime: [33m0.639100000000326[39m,
  biomeTime: [33m155.8481000000029[39m,
  resourceTime: [33m0.12119999999413267[39m,
  structureTime: [33m0.06700000001001172[39m,
  riverTime: [33m0.006800000002840534[39m,
  totalTime: [33m156.70090000001073[39m
}
Chunk (-3, -5) generation metrics: {
  terrainTime: [33m0.6018000000040047[39m,
  biomeTime: [33m154.01710000001185[39m,
  resourceTime: [33m0.12230000000272412[39m,
  structureTime: [33m0.0654999999969732[39m,
  riverTime: [33m0.05060000000230502[39m,
  totalTime: [33m154.875[39m
}
Chunk (-2, -5) generation metrics: {
  terrainTime: [33m0.5802000000112457[39m,
  biomeTime: [33m156.28680000000168[39m,
  resourceTime: [33m0.11830000000190921[39m,
  structureTime: [33m0.07219999999506399[39m,
  riverTime: [33m0.05589999999210704[39m,
  totalTime: [33m157.13259999999718[39m
}
Chunk (-1, -5) generation metrics: {
  terrainTime: [33m0.5909000000101514[39m,
  biomeTime: [33m133.51510000000417[39m,
  resourceTime: [33m0.07389999998849817[39m,
  structureTime: [33m0.04050000000279397[39m,
  riverTime: [33m0.005000000004656613[39m,
  totalTime: [33m134.24109999999928[39m
}
Chunk (0, -5) generation metrics: {
  terrainTime: [33m0.3947000000043772[39m,
  biomeTime: [33m132.28399999999965[39m,
  resourceTime: [33m0.1230000000068685[39m,
  structureTime: [33m0.07590000001073349[39m,
  riverTime: [33m0.006900000007590279[39m,
  totalTime: [33m132.9039000000048[39m
}
Chunk (1, -5) generation metrics: {
  terrainTime: [33m0.6128999999928055[39m,
  biomeTime: [33m146.85030000000552[39m,
  resourceTime: [33m0.12110000000393484[39m,
  structureTime: [33m0.06479999999282882[39m,
  riverTime: [33m0.22119999999995343[39m,
  totalTime: [33m147.8877000000066[39m
}
Chunk (2, -5) generation metrics: {
  terrainTime: [33m0.6590999999898486[39m,
  biomeTime: [33m136.1768999999913[39m,
  resourceTime: [33m0.1252000000094995[39m,
  structureTime: [33m0.06429999999818392[39m,
  riverTime: [33m0.03629999999247957[39m,
  totalTime: [33m137.0780999999988[39m
}
Chunk (3, -5) generation metrics: {
  terrainTime: [33m0.6165000000037253[39m,
  biomeTime: [33m133.76450000000477[39m,
  resourceTime: [33m0.1301999999996042[39m,
  structureTime: [33m0.06459999999788124[39m,
  riverTime: [33m0.006699999998090789[39m,
  totalTime: [33m134.60169999999925[39m
}
Chunk (4, -5) generation metrics: {
  terrainTime: [33m1.1751000000076601[39m,
  biomeTime: [33m151.3350999999966[39m,
  resourceTime: [33m0.12789999999222346[39m,
  structureTime: [33m0.04959999999846332[39m,
  riverTime: [33m0.0063999999983934686[39m,
  totalTime: [33m152.71400000000722[39m
}
Chunk (5, -5) generation metrics: {
  terrainTime: [33m0.600800000000163[39m,
  biomeTime: [33m135.00860000000102[39m,
  resourceTime: [33m0.12610000000859145[39m,
  structureTime: [33m0.0771999999997206[39m,
  riverTime: [33m0.005799999998998828[39m,
  totalTime: [33m135.8420000000042[39m
}
Chunk (-5, -4) generation metrics: {
  terrainTime: [33m0.6085000000020955[39m,
  biomeTime: [33m133.32160000001022[39m,
  resourceTime: [33m0.12299999999231659[39m,
  structureTime: [33m0.0761999999958789[39m,
  riverTime: [33m0.036300000007031485[39m,
  totalTime: [33m134.18519999999262[39m
}
Chunk (-4, -4) generation metrics: {
  terrainTime: [33m0.6067000000039116[39m,
  biomeTime: [33m141.33619999999064[39m,
  resourceTime: [33m0.13039999999455176[39m,
  structureTime: [33m0.0478000000002794[39m,
  riverTime: [33m0.006900000007590279[39m,
  totalTime: [33m142.1466000000073[39m
}
Chunk (-3, -4) generation metrics: {
  terrainTime: [33m1.1915999999910127[39m,
  biomeTime: [33m132.40929999999935[39m,
  resourceTime: [33m0.5880999999935739[39m,
  structureTime: [33m0.06939999999303836[39m,
  riverTime: [33m0.008300000001327135[39m,
  totalTime: [33m134.2884999999951[39m
}
Chunk (-2, -4) generation metrics: {
  terrainTime: [33m0.6062999999994645[39m,
  biomeTime: [33m135.7430999999924[39m,
  resourceTime: [33m0.12339999999676365[39m,
  structureTime: [33m0.05779999999504071[39m,
  riverTime: [33m0.05819999999948777[39m,
  totalTime: [33m136.6079999999929[39m
}
Chunk (-1, -4) generation metrics: {
  terrainTime: [33m0.6114999999990687[39m,
  biomeTime: [33m145.9707999999955[39m,
  resourceTime: [33m0.14739999998710118[39m,
  structureTime: [33m0.06329999999434222[39m,
  riverTime: [33m0.006099999998696148[39m,
  totalTime: [33m146.81750000000466[39m
}
Chunk (0, -4) generation metrics: {
  terrainTime: [33m0.613100000002305[39m,
  biomeTime: [33m154.80800000000454[39m,
  resourceTime: [33m0.1207999999896856[39m,
  structureTime: [33m0.0639999999984866[39m,
  riverTime: [33m0.09450000000651926[39m,
  totalTime: [33m155.72179999999935[39m
}
Chunk (1, -4) generation metrics: {
  terrainTime: [33m0.5804999999963911[39m,
  biomeTime: [33m159.23519999999553[39m,
  resourceTime: [33m0.11770000000251457[39m,
  structureTime: [33m0.05830000000423752[39m,
  riverTime: [33m0.014299999995273538[39m,
  totalTime: [33m160.02539999999863[39m
}
Chunk (2, -4) generation metrics: {
  terrainTime: [33m0.5689000000129454[39m,
  biomeTime: [33m140.50249999998778[39m,
  resourceTime: [33m0.12219999999797437[39m,
  structureTime: [33m0.06220000000030268[39m,
  riverTime: [33m0.006899999993038364[39m,
  totalTime: [33m141.28020000000834[39m
}
Chunk (3, -4) generation metrics: {
  terrainTime: [33m0.6068999999988591[39m,
  biomeTime: [33m141.05959999999322[39m,
  resourceTime: [33m0.11560000000463333[39m,
  structureTime: [33m0.05919999998877756[39m,
  riverTime: [33m0.0063999999983934686[39m,
  totalTime: [33m141.86729999999807[39m
}
Chunk (4, -4) generation metrics: {
  terrainTime: [33m0.588900000002468[39m,
  biomeTime: [33m139.43889999999374[39m,
  resourceTime: [33m0.12829999999667052[39m,
  structureTime: [33m0.0639999999984866[39m,
  riverTime: [33m0.005999999993946403[39m,
  totalTime: [33m140.24259999999776[39m
}
Chunk (5, -4) generation metrics: {
  terrainTime: [33m0.664600000003702[39m,
  biomeTime: [33m140.8874999999971[39m,
  resourceTime: [33m0.10560000000987202[39m,
  structureTime: [33m0.06519999999727588[39m,
  riverTime: [33m0.006100000013248064[39m,
  totalTime: [33m141.74719999999797[39m
}
Chunk (-5, -3) generation metrics: {
  terrainTime: [33m0.586699999999837[39m,
  biomeTime: [33m134.1238000000012[39m,
  resourceTime: [33m0.14599999999336433[39m,
  structureTime: [33m0.06690000000526197[39m,
  riverTime: [33m0.04320000000006985[39m,
  totalTime: [33m135.0118999999977[39m
}
Chunk (-4, -3) generation metrics: {
  terrainTime: [33m0.5807999999960884[39m,
  biomeTime: [33m158.70719999998983[39m,
  resourceTime: [33m0.11409999999159481[39m,
  structureTime: [33m0.06429999999818392[39m,
  riverTime: [33m0.006599999993341044[39m,
  totalTime: [33m159.49629999999888[39m
}
Chunk (-3, -3) generation metrics: {
  terrainTime: [33m0.595499999995809[39m,
  biomeTime: [33m156.5066000000079[39m,
  resourceTime: [33m0.12689999998838175[39m,
  structureTime: [33m0.05849999999918509[39m,
  riverTime: [33m0.005499999999301508[39m,
  totalTime: [33m157.31059999999707[39m
}
Chunk (-2, -3) generation metrics: {
  terrainTime: [33m0.6122000000032131[39m,
  biomeTime: [33m145.4490000000078[39m,
  resourceTime: [33m0.2194000000017695[39m,
  structureTime: [33m0.07930000001215376[39m,
  riverTime: [33m0.06320000000414439[39m,
  totalTime: [33m146.443299999999[39m
}
Chunk (-1, -3) generation metrics: {
  terrainTime: [33m0.6045000000012806[39m,
  biomeTime: [33m140.05169999999634[39m,
  resourceTime: [33m0.1224999999976717[39m,
  structureTime: [33m0.05879999999888241[39m,
  riverTime: [33m0.0478000000002794[39m,
  totalTime: [33m140.9033000000054[39m
}
Chunk (0, -3) generation metrics: {
  terrainTime: [33m0.6235999999917112[39m,
  biomeTime: [33m145.2603999999992[39m,
  resourceTime: [33m0.06960000000253785[39m,
  structureTime: [33m0.051800000001094304[39m,
  riverTime: [33m0.004300000000512227[39m,
  totalTime: [33m146.02599999999802[39m
}
Chunk (1, -3) generation metrics: {
  terrainTime: [33m0.4134000000049127[39m,
  biomeTime: [33m138.39220000000205[39m,
  resourceTime: [33m0.1342000000004191[39m,
  structureTime: [33m0.06739999999990687[39m,
  riverTime: [33m0.005399999994551763[39m,
  totalTime: [33m139.02960000000894[39m
}
Chunk (2, -3) generation metrics: {
  terrainTime: [33m0.5809000000008382[39m,
  biomeTime: [33m148.04619999999704[39m,
  resourceTime: [33m0.12429999999585561[39m,
  structureTime: [33m0.07369999999355059[39m,
  riverTime: [33m0.03539999999338761[39m,
  totalTime: [33m148.8819999999978[39m
}
Chunk (3, -3) generation metrics: {
  terrainTime: [33m0.6051000000006752[39m,
  biomeTime: [33m146.41730000000098[39m,
  resourceTime: [33m0.0702000000019325[39m,
  structureTime: [33m0.052900000009685755[39m,
  riverTime: [33m0.0450999999884516[39m,
  totalTime: [33m147.20709999999963[39m
}
Chunk (4, -3) generation metrics: {
  terrainTime: [33m0.4055999999982305[39m,
  biomeTime: [33m148.7152999999962[39m,
  resourceTime: [33m0.07010000001173466[39m,
  structureTime: [33m0.055600000006961636[39m,
  riverTime: [33m0.005499999999301508[39m,
  totalTime: [33m149.26949999999488[39m
}
Chunk (5, -3) generation metrics: {
  terrainTime: [33m0.4091000000044005[39m,
  biomeTime: [33m143.65529999999853[39m,
  resourceTime: [33m0.12270000000717118[39m,
  structureTime: [33m0.0610000000015134[39m,
  riverTime: [33m0.005499999999301508[39m,
  totalTime: [33m144.27030000000377[39m
}
Chunk (-5, -2) generation metrics: {
  terrainTime: [33m0.5869999999995343[39m,
  biomeTime: [33m173.82210000000487[39m,
  resourceTime: [33m0.12089999999443535[39m,
  structureTime: [33m0.07670000000507571[39m,
  riverTime: [33m0.005499999999301508[39m,
  totalTime: [33m174.6310999999987[39m
}
Chunk (-4, -2) generation metrics: {
  terrainTime: [33m0.5941000000020722[39m,
  biomeTime: [33m138.89270000001125[39m,
  resourceTime: [33m0.12390000000596046[39m,
  structureTime: [33m0.11650000000372529[39m,
  riverTime: [33m0.008600000001024455[39m,
  totalTime: [33m139.75860000000102[39m
}
Chunk (-3, -2) generation metrics: {
  terrainTime: [33m0.5910000000003492[39m,
  biomeTime: [33m145.09240000000864[39m,
  resourceTime: [33m0.1301999999996042[39m,
  structureTime: [33m0.0742000000027474[39m,
  riverTime: [33m0.0063999999983934686[39m,
  totalTime: [33m145.91659999999683[39m
}
Chunk (-2, -2) generation metrics: {
  terrainTime: [33m0.6266000000032363[39m,
  biomeTime: [33m150.9198000000033[39m,
  resourceTime: [33m0.1058000000048196[39m,
  structureTime: [33m0.09470000000146683[39m,
  riverTime: [33m0.022100000001955777[39m,
  totalTime: [33m151.8425000000134[39m
}
Chunk (-1, -2) generation metrics: {
  terrainTime: [33m0.6135000000067521[39m,
  biomeTime: [33m150.70670000000973[39m,
  resourceTime: [33m0.1297000000049593[39m,
  structureTime: [33m0.06519999999727588[39m,
  riverTime: [33m0.04889999999431893[39m,
  totalTime: [33m151.5835999999981[39m
}
Chunk (0, -2) generation metrics: {
  terrainTime: [33m0.6108000000094762[39m,
  biomeTime: [33m144.42690000000584[39m,
  resourceTime: [33m0.0731999999989057[39m,
  structureTime: [33m0.07110000000102445[39m,
  riverTime: [33m0.004799999995157123[39m,
  totalTime: [33m145.20530000000144[39m
}
Chunk (1, -2) generation metrics: {
  terrainTime: [33m0.4078000000008615[39m,
  biomeTime: [33m135.74799999999232[39m,
  resourceTime: [33m0.11930000000575092[39m,
  structureTime: [33m0.07229999999981374[39m,
  riverTime: [33m0.006899999993038364[39m,
  totalTime: [33m136.3758999999991[39m
}
Chunk (2, -2) generation metrics: {
  terrainTime: [33m0.6876999999949476[39m,
  biomeTime: [33m155.92949999999837[39m,
  resourceTime: [33m0.07079999998677522[39m,
  structureTime: [33m0.0610000000015134[39m,
  riverTime: [33m0.005199999999604188[39m,
  totalTime: [33m156.7735999999859[39m
}
Chunk (3, -2) generation metrics: {
  terrainTime: [33m0.38929999999527354[39m,
  biomeTime: [33m134.94590000000608[39m,
  resourceTime: [33m0.07040000001143198[39m,
  structureTime: [33m0.06479999999282882[39m,
  riverTime: [33m0.004300000000512227[39m,
  totalTime: [33m135.49239999998827[39m
}
Chunk (4, -2) generation metrics: {
  terrainTime: [33m0.603000000002794[39m,
  biomeTime: [33m148.67009999998845[39m,
  resourceTime: [33m0.12429999999585561[39m,
  structureTime: [33m0.06570000000647269[39m,
  riverTime: [33m0.007099999987985939[39m,
  totalTime: [33m149.49049999999988[39m
}
Chunk (5, -2) generation metrics: {
  terrainTime: [33m0.6030999999929918[39m,
  biomeTime: [33m156.54300000000512[39m,
  resourceTime: [33m0.1538999999902444[39m,
  structureTime: [33m0.07030000000668224[39m,
  riverTime: [33m0.006299999993643723[39m,
  totalTime: [33m157.4036000000051[39m
}
Chunk (-5, -1) generation metrics: {
  terrainTime: [33m0.6814999999915017[39m,
  biomeTime: [33m153.62170000000333[39m,
  resourceTime: [33m0.12679999999818392[39m,
  structureTime: [33m0.06629999999131542[39m,
  riverTime: [33m0.07940000000235159[39m,
  totalTime: [33m154.60310000000754[39m
}
Chunk (-4, -1) generation metrics: {
  terrainTime: [33m0.6042000000015832[39m,
  biomeTime: [33m137.28459999999905[39m,
  resourceTime: [33m0.11080000000947621[39m,
  structureTime: [33m0.07490000000689179[39m,
  riverTime: [33m0.07189999999536667[39m,
  totalTime: [33m138.16670000000158[39m
}
Chunk (-3, -1) generation metrics: {
  terrainTime: [33m0.5702999999921303[39m,
  biomeTime: [33m128.98050000000512[39m,
  resourceTime: [33m0.06750000000465661[39m,
  structureTime: [33m0.055099999997764826[39m,
  riverTime: [33m0.026100000002770685[39m,
  totalTime: [33m129.71869999999763[39m
}
Chunk (-2, -1) generation metrics: {
  terrainTime: [33m0.4135999999998603[39m,
  biomeTime: [33m142.91210000000137[39m,
  resourceTime: [33m0.12389999999140855[39m,
  structureTime: [33m0.07259999999951106[39m,
  riverTime: [33m0.03929999998945277[39m,
  totalTime: [33m143.58160000000498[39m
}
Chunk (-1, -1) generation metrics: {
  terrainTime: [33m0.5847999999969034[39m,
  biomeTime: [33m145.58280000000377[39m,
  resourceTime: [33m0.12209999999322463[39m,
  structureTime: [33m0.07180000000516884[39m,
  riverTime: [33m0.10689999999885913[39m,
  totalTime: [33m146.48820000000705[39m
}
Chunk (0, -1) generation metrics: {
  terrainTime: [33m0.782100000011269[39m,
  biomeTime: [33m140.5671000000002[39m,
  resourceTime: [33m0.12510000000474975[39m,
  structureTime: [33m0.0717000000004191[39m,
  riverTime: [33m0.006999999997788109[39m,
  totalTime: [33m141.57399999999325[39m
}
Chunk (1, -1) generation metrics: {
  terrainTime: [33m0.41939999999885913[39m,
  biomeTime: [33m136.50950000000012[39m,
  resourceTime: [33m0.12359999999171123[39m,
  structureTime: [33m0.0650000000023283[39m,
  riverTime: [33m0.10599999999976717[39m,
  totalTime: [33m137.2436000000016[39m
}
Chunk (2, -1) generation metrics: {
  terrainTime: [33m0.6034999999974389[39m,
  biomeTime: [33m143.30539999999746[39m,
  resourceTime: [33m0.13159999999334104[39m,
  structureTime: [33m0.08560000000579748[39m,
  riverTime: [33m0.00909999999566935[39m,
  totalTime: [33m144.15499999999884[39m
}
Chunk (3, -1) generation metrics: {
  terrainTime: [33m0.6042000000015832[39m,
  biomeTime: [33m243.03019999999378[39m,
  resourceTime: [33m0.14139999999315478[39m,
  structureTime: [33m0.07669999999052379[39m,
  riverTime: [33m0.006099999998696148[39m,
  totalTime: [33m243.87669999999343[39m
}
Chunk (4, -1) generation metrics: {
  terrainTime: [33m0.6001000000105705[39m,
  biomeTime: [33m149.30970000001253[39m,
  resourceTime: [33m0.1207999999896856[39m,
  structureTime: [33m0.06390000000828877[39m,
  riverTime: [33m0.03209999999671709[39m,
  totalTime: [33m150.1432000000059[39m
}
Chunk (5, -1) generation metrics: {
  terrainTime: [33m0.6051000000006752[39m,
  biomeTime: [33m151.05929999999353[39m,
  resourceTime: [33m0.12609999999403954[39m,
  structureTime: [33m0.06160000000090804[39m,
  riverTime: [33m0.04039999999804422[39m,
  totalTime: [33m151.9149000000034[39m
}
Chunk (-5, 0) generation metrics: {
  terrainTime: [33m0.5967000000091502[39m,
  biomeTime: [33m141.57369999999355[39m,
  resourceTime: [33m0.12290000000211876[39m,
  structureTime: [33m0.061799999995855615[39m,
  riverTime: [33m0.005900000003748573[39m,
  totalTime: [33m142.3804999999993[39m
}
Chunk (-4, 0) generation metrics: {
  terrainTime: [33m0.6028000000078464[39m,
  biomeTime: [33m139.0286000000051[39m,
  resourceTime: [33m0.12679999999818392[39m,
  structureTime: [33m0.06070000000181608[39m,
  riverTime: [33m0.005999999993946403[39m,
  totalTime: [33m139.84299999999348[39m
}
Chunk (-3, 0) generation metrics: {
  terrainTime: [33m0.610499999995227[39m,
  biomeTime: [33m144.9423999999999[39m,
  resourceTime: [33m0.13899999999557622[39m,
  structureTime: [33m0.08920000000216532[39m,
  riverTime: [33m0.024600000004284084[39m,
  totalTime: [33m145.82540000000154[39m
}
Chunk (-2, 0) generation metrics: {
  terrainTime: [33m0.6159999999945285[39m,
  biomeTime: [33m146.34339999999793[39m,
  resourceTime: [33m0.1366999999881955[39m,
  structureTime: [33m0.0864000000001397[39m,
  riverTime: [33m0.034299999999348074[39m,
  totalTime: [33m147.24820000000182[39m
}
Chunk (-1, 0) generation metrics: {
  terrainTime: [33m0.6297999999951571[39m,
  biomeTime: [33m145.94830000000366[39m,
  resourceTime: [33m0.12780000000202563[39m,
  structureTime: [33m0.0859000000054948[39m,
  riverTime: [33m0.10490000000572763[39m,
  totalTime: [33m146.91659999999683[39m
}
Chunk (0, 0) generation metrics: {
  terrainTime: [33m0.6212000000086846[39m,
  biomeTime: [33m140.05520000000251[39m,
  resourceTime: [33m0.1297000000049593[39m,
  structureTime: [33m0.061400000005960464[39m,
  riverTime: [33m0.006699999998090789[39m,
  totalTime: [33m140.89349999999104[39m
}
Chunk (1, 0) generation metrics: {
  terrainTime: [33m0.6027000000030966[39m,
  biomeTime: [33m142.19899999999325[39m,
  resourceTime: [33m0.12679999999818392[39m,
  structureTime: [33m0.08560000000579748[39m,
  riverTime: [33m0.005999999993946403[39m,
  totalTime: [33m143.04009999999835[39m
}
Chunk (2, 0) generation metrics: {
  terrainTime: [33m0.5981999999930849[39m,
  biomeTime: [33m148.7433000000019[39m,
  resourceTime: [33m0.14059999999881256[39m,
  structureTime: [33m0.06429999999818392[39m,
  riverTime: [33m0.005999999993946403[39m,
  totalTime: [33m149.57549999999173[39m
}
Chunk (3, 0) generation metrics: {
  terrainTime: [33m0.6074999999982538[39m,
  biomeTime: [33m149.5451999999932[39m,
  resourceTime: [33m0.12280000001192093[39m,
  structureTime: [33m0.05310000000463333[39m,
  riverTime: [33m0.006599999993341044[39m,
  totalTime: [33m150.3524999999936[39m
}
Chunk (4, 0) generation metrics: {
  terrainTime: [33m0.5963000000047032[39m,
  biomeTime: [33m147.68880000000354[39m,
  resourceTime: [33m0.13290000001143198[39m,
  structureTime: [33m0.07189999999536667[39m,
  riverTime: [33m0.007500000006984919[39m,
  totalTime: [33m148.5164999999979[39m
}
Chunk (5, 0) generation metrics: {
  terrainTime: [33m0.6171000000031199[39m,
  biomeTime: [33m145.35050000000047[39m,
  resourceTime: [33m0.12660000000323635[39m,
  structureTime: [33m0.07129999999597203[39m,
  riverTime: [33m0.006299999993643723[39m,
  totalTime: [33m146.1941000000079[39m
}
Chunk (-5, 1) generation metrics: {
  terrainTime: [33m0.5956000000005588[39m,
  biomeTime: [33m151.46989999999641[39m,
  resourceTime: [33m0.1177999999927124[39m,
  structureTime: [33m0.07139999998616986[39m,
  riverTime: [33m0.005600000004051253[39m,
  totalTime: [33m152.27939999999944[39m
}
Chunk (-4, 1) generation metrics: {
  terrainTime: [33m0.5652000000118278[39m,
  biomeTime: [33m143.10250000000815[39m,
  resourceTime: [33m0.12360000000626314[39m,
  structureTime: [33m0.06530000000202563[39m,
  riverTime: [33m0.0060000000084983185[39m,
  totalTime: [33m143.88280000000668[39m
}
Chunk (-3, 1) generation metrics: {
  terrainTime: [33m0.6273999999975786[39m,
  biomeTime: [33m148.98540000000503[39m,
  resourceTime: [33m0.13390000000072177[39m,
  structureTime: [33m0.07330000000365544[39m,
  riverTime: [33m0.006699999998090789[39m,
  totalTime: [33m149.8463000000047[39m
}
Chunk (-2, 1) generation metrics: {
  terrainTime: [33m0.6625999999960186[39m,
  biomeTime: [33m136.50759999999718[39m,
  resourceTime: [33m0.12579999999434222[39m,
  structureTime: [33m0.05879999999888241[39m,
  riverTime: [33m0.006599999993341044[39m,
  totalTime: [33m137.38589999999385[39m
}
Chunk (-1, 1) generation metrics: {
  terrainTime: [33m0.6203999999997905[39m,
  biomeTime: [33m150.22409999999218[39m,
  resourceTime: [33m0.12709999999788124[39m,
  structureTime: [33m0.0639999999984866[39m,
  riverTime: [33m0.005600000004051253[39m,
  totalTime: [33m151.061200000011[39m
}
Chunk (0, 1) generation metrics: {
  terrainTime: [33m0.5858000000007451[39m,
  biomeTime: [33m178.73709999999846[39m,
  resourceTime: [33m0.12559999999939464[39m,
  structureTime: [33m0.06489999999757856[39m,
  riverTime: [33m0.0063999999983934686[39m,
  totalTime: [33m179.5387000000046[39m
}
Chunk (1, 1) generation metrics: {
  terrainTime: [33m0.6054000000003725[39m,
  biomeTime: [33m157.2033999999985[39m,
  resourceTime: [33m0.1556000000127824[39m,
  structureTime: [33m0.07450000000244472[39m,
  riverTime: [33m0.015200000008917414[39m,
  totalTime: [33m158.08499999999185[39m
}
Chunk (2, 1) generation metrics: {
  terrainTime: [33m1.2277000000030966[39m,
  biomeTime: [33m138.96409999999742[39m,
  resourceTime: [33m0.12780000000202563[39m,
  structureTime: [33m0.05010000000766013[39m,
  riverTime: [33m0.006099999998696148[39m,
  totalTime: [33m140.3966999999975[39m
}
Chunk (3, 1) generation metrics: {
  terrainTime: [33m0.6010999999998603[39m,
  biomeTime: [33m161.50380000000587[39m,
  resourceTime: [33m0.12919999999576248[39m,
  structureTime: [33m0.061799999995855615[39m,
  riverTime: [33m0.04820000000472646[39m,
  totalTime: [33m162.36000000000058[39m
}
Chunk (4, 1) generation metrics: {
  terrainTime: [33m0.5826999999990221[39m,
  biomeTime: [33m148.96829999999318[39m,
  resourceTime: [33m0.12239999999292195[39m,
  structureTime: [33m0.06380000000353903[39m,
  riverTime: [33m0.006600000007892959[39m,
  totalTime: [33m149.7597999999998[39m
}
Chunk (5, 1) generation metrics: {
  terrainTime: [33m0.5982999999978347[39m,
  biomeTime: [33m144.45329999999376[39m,
  resourceTime: [33m0.12199999998847488[39m,
  structureTime: [33m0.05909999999857973[39m,
  riverTime: [33m0.01729999999224674[39m,
  totalTime: [33m145.27090000000317[39m
}
Chunk (-5, 2) generation metrics: {
  terrainTime: [33m0.6051000000006752[39m,
  biomeTime: [33m145.0158999999985[39m,
  resourceTime: [33m0.08960000000661239[39m,
  structureTime: [33m0.05640000000130385[39m,
  riverTime: [33m0.0087000000057742[39m,
  totalTime: [33m145.78989999998885[39m
}
Chunk (-4, 2) generation metrics: {
  terrainTime: [33m0.41370000000461005[39m,
  biomeTime: [33m161.1658999999927[39m,
  resourceTime: [33m0.06940000000759028[39m,
  structureTime: [33m0.04950000000826549[39m,
  riverTime: [33m0.003699999986565672[39m,
  totalTime: [33m161.71800000000803[39m
}
Chunk (-3, 2) generation metrics: {
  terrainTime: [33m0.40520000000833534[39m,
  biomeTime: [33m151.5338999999949[39m,
  resourceTime: [33m0.12170000000332948[39m,
  structureTime: [33m0.06109999999171123[39m,
  riverTime: [33m0.005399999994551763[39m,
  totalTime: [33m152.14590000000317[39m
}
Chunk (-2, 2) generation metrics: {
  terrainTime: [33m0.6125999999931082[39m,
  biomeTime: [33m144.1417999999976[39m,
  resourceTime: [33m0.1337000000057742[39m,
  structureTime: [33m0.06600000000617001[39m,
  riverTime: [33m0.006099999998696148[39m,
  totalTime: [33m144.98049999999057[39m
}
Chunk (-1, 2) generation metrics: {
  terrainTime: [33m0.6973999999900116[39m,
  biomeTime: [33m154.34470000000147[39m,
  resourceTime: [33m0.12639999999373686[39m,
  structureTime: [33m0.07190000000991859[39m,
  riverTime: [33m0.006999999997788109[39m,
  totalTime: [33m155.31449999999313[39m
}
Chunk (0, 2) generation metrics: {
  terrainTime: [33m0.5956999999907566[39m,
  biomeTime: [33m166.1183000000019[39m,
  resourceTime: [33m0.12320000000181608[39m,
  structureTime: [33m0.06419999999343418[39m,
  riverTime: [33m0.0063999999983934686[39m,
  totalTime: [33m166.92930000000342[39m
}
Chunk (1, 2) generation metrics: {
  terrainTime: [33m1.116600000008475[39m,
  biomeTime: [33m160.77019999999902[39m,
  resourceTime: [33m0.13240000000223517[39m,
  structureTime: [33m0.06660000000556465[39m,
  riverTime: [33m0.0062000000034458935[39m,
  totalTime: [33m162.1131000000023[39m
}
Chunk (2, 2) generation metrics: {
  terrainTime: [33m0.620199999990291[39m,
  biomeTime: [33m150.3628000000026[39m,
  resourceTime: [33m0.13559999999415595[39m,
  structureTime: [33m0.06359999999403954[39m,
  riverTime: [33m0.0385999999998603[39m,
  totalTime: [33m151.2387000000017[39m
}
Chunk (3, 2) generation metrics: {
  terrainTime: [33m0.5969000000040978[39m,
  biomeTime: [33m147.52079999999842[39m,
  resourceTime: [33m0.11680000000342261[39m,
  structureTime: [33m0.07620000001043081[39m,
  riverTime: [33m0.006199999988893978[39m,
  totalTime: [33m148.3365000000049[39m
}
Chunk (4, 2) generation metrics: {
  terrainTime: [33m0.5910000000003492[39m,
  biomeTime: [33m131.11670000001322[39m,
  resourceTime: [33m0.14160000000265427[39m,
  structureTime: [33m0.06169999999110587[39m,
  riverTime: [33m0.006899999993038364[39m,
  totalTime: [33m131.9383999999991[39m
}
Chunk (5, 2) generation metrics: {
  terrainTime: [33m0.6013000000093598[39m,
  biomeTime: [33m137.0387000000046[39m,
  resourceTime: [33m0.12589999999909196[39m,
  structureTime: [33m0.07240000000456348[39m,
  riverTime: [33m0.007200000007287599[39m,
  totalTime: [33m137.86560000000463[39m
}
Chunk (-5, 3) generation metrics: {
  terrainTime: [33m0.6062999999994645[39m,
  biomeTime: [33m139.48240000000806[39m,
  resourceTime: [33m0.10510000000067521[39m,
  structureTime: [33m0.07779999999911524[39m,
  riverTime: [33m0.007100000002537854[39m,
  totalTime: [33m140.29830000000948[39m
}
Chunk (-4, 3) generation metrics: {
  terrainTime: [33m0.5224000000016531[39m,
  biomeTime: [33m142.3929000000062[39m,
  resourceTime: [33m0.12069999999948777[39m,
  structureTime: [33m0.05049999999755528[39m,
  riverTime: [33m0.006299999993643723[39m,
  totalTime: [33m143.1128000000026[39m
}
Chunk (-3, 3) generation metrics: {
  terrainTime: [33m0.5838999999978114[39m,
  biomeTime: [33m134.7115999999951[39m,
  resourceTime: [33m0.13659999999799766[39m,
  structureTime: [33m0.07289999999920838[39m,
  riverTime: [33m0.007799999992130324[39m,
  totalTime: [33m135.53399999999965[39m
}
Chunk (-2, 3) generation metrics: {
  terrainTime: [33m0.612699999997858[39m,
  biomeTime: [33m134.5844999999972[39m,
  resourceTime: [33m0.12690000000293367[39m,
  structureTime: [33m0.0702000000019325[39m,
  riverTime: [33m0.1220000000030268[39m,
  totalTime: [33m135.5384000000049[39m
}
Chunk (-1, 3) generation metrics: {
  terrainTime: [33m0.7186999999976251[39m,
  biomeTime: [33m152.23219999999856[39m,
  resourceTime: [33m0.12290000000211876[39m,
  structureTime: [33m0.06220000000030268[39m,
  riverTime: [33m0.11469999999098945[39m,
  totalTime: [33m153.27090000000317[39m
}
Chunk (0, 3) generation metrics: {
  terrainTime: [33m0.6083000000071479[39m,
  biomeTime: [33m148.76880000000529[39m,
  resourceTime: [33m0.13280000000668224[39m,
  structureTime: [33m0.0727000000042608[39m,
  riverTime: [33m0.006300000008195639[39m,
  totalTime: [33m149.60979999999108[39m
}
Chunk (1, 3) generation metrics: {
  terrainTime: [33m0.6166999999986729[39m,
  biomeTime: [33m135.84909999999218[39m,
  resourceTime: [33m0.1187999999965541[39m,
  structureTime: [33m0.043000000005122274[39m,
  riverTime: [33m0.08959999999206048[39m,
  totalTime: [33m136.73390000000654[39m
}
Chunk (2, 3) generation metrics: {
  terrainTime: [33m0.4054000000032829[39m,
  biomeTime: [33m136.96879999998782[39m,
  resourceTime: [33m0.07140000000072177[39m,
  structureTime: [33m0.051800000001094304[39m,
  riverTime: [33m0.004999999990104698[39m,
  totalTime: [33m137.51720000000205[39m
}
Chunk (3, 3) generation metrics: {
  terrainTime: [33m0.40999999998894054[39m,
  biomeTime: [33m140.39489999999932[39m,
  resourceTime: [33m0.06919999999809079[39m,
  structureTime: [33m0.05250000000523869[39m,
  riverTime: [33m0.004199999995762482[39m,
  totalTime: [33m140.94349999999395[39m
}
Chunk (4, 3) generation metrics: {
  terrainTime: [33m0.9707000000053085[39m,
  biomeTime: [33m151.55359999999928[39m,
  resourceTime: [33m0.11659999999392312[39m,
  structureTime: [33m0.06309999999939464[39m,
  riverTime: [33m0.0062000000034458935[39m,
  totalTime: [33m152.728099999993[39m
}
Chunk (5, 3) generation metrics: {
  terrainTime: [33m0.5760999999911292[39m,
  biomeTime: [33m136.5960999999952[39m,
  resourceTime: [33m0.12830000001122244[39m,
  structureTime: [33m0.05160000000614673[39m,
  riverTime: [33m0.006199999988893978[39m,
  totalTime: [33m137.3755000000092[39m
}
Chunk (-5, 4) generation metrics: {
  terrainTime: [33m0.592000000004191[39m,
  biomeTime: [33m129.3619999999937[39m,
  resourceTime: [33m0.1252000000094995[39m,
  structureTime: [33m0.07820000000356231[39m,
  riverTime: [33m0.25560000000405125[39m,
  totalTime: [33m130.43430000000808[39m
}
Chunk (-4, 4) generation metrics: {
  terrainTime: [33m0.6058999999950174[39m,
  biomeTime: [33m147.0057000000088[39m,
  resourceTime: [33m0.12509999999019783[39m,
  structureTime: [33m0.05849999999918509[39m,
  riverTime: [33m0.005199999999604188[39m,
  totalTime: [33m147.8179000000091[39m
}
Chunk (-3, 4) generation metrics: {
  terrainTime: [33m0.6092999999964377[39m,
  biomeTime: [33m132.47340000000258[39m,
  resourceTime: [33m0.06960000000253785[39m,
  structureTime: [33m0.05690000001050066[39m,
  riverTime: [33m0.0044999999954598024[39m,
  totalTime: [33m133.22849999999744[39m
}
Chunk (-2, 4) generation metrics: {
  terrainTime: [33m0.4162999999971362[39m,
  biomeTime: [33m151.59019999999146[39m,
  resourceTime: [33m0.12510000000474975[39m,
  structureTime: [33m0.053599999999278225[39m,
  riverTime: [33m0.06639999999606516[39m,
  totalTime: [33m152.2679000000062[39m
}
Chunk (-1, 4) generation metrics: {
  terrainTime: [33m0.5838000000076136[39m,
  biomeTime: [33m153.95739999999932[39m,
  resourceTime: [33m0.12559999999939464[39m,
  structureTime: [33m0.07760000000416767[39m,
  riverTime: [33m0.3060000000114087[39m,
  totalTime: [33m155.07100000001083[39m
}
Chunk (0, 4) generation metrics: {
  terrainTime: [33m0.9354000000021188[39m,
  biomeTime: [33m157.29969999998866[39m,
  resourceTime: [33m0.07050000000162981[39m,
  structureTime: [33m0.046500000011292286[39m,
  riverTime: [33m0.004800000009709038[39m,
  totalTime: [33m158.3761000000086[39m
}
Chunk (1, 4) generation metrics: {
  terrainTime: [33m0.40670000000682194[39m,
  biomeTime: [33m145.51570000000356[39m,
  resourceTime: [33m0.06960000000253785[39m,
  structureTime: [33m0.04679999999643769[39m,
  riverTime: [33m0.07989999999699648[39m,
  totalTime: [33m146.13120000000345[39m
}
Chunk (2, 4) generation metrics: {
  terrainTime: [33m0.3974000000016531[39m,
  biomeTime: [33m140.00860000000102[39m,
  resourceTime: [33m0.12559999999939464[39m,
  structureTime: [33m0.06160000000090804[39m,
  riverTime: [33m0.06309999999939464[39m,
  totalTime: [33m140.6716000000015[39m
}
Chunk (3, 4) generation metrics: {
  terrainTime: [33m0.5956000000005588[39m,
  biomeTime: [33m146.75079999999434[39m,
  resourceTime: [33m0.13330000000132713[39m,
  structureTime: [33m0.06510000000707805[39m,
  riverTime: [33m0.1103000000002794[39m,
  totalTime: [33m147.67240000001038[39m
}
Chunk (4, 4) generation metrics: {
  terrainTime: [33m0.6135999999969499[39m,
  biomeTime: [33m152.0069999999978[39m,
  resourceTime: [33m0.07029999999213032[39m,
  structureTime: [33m0.04799999999522697[39m,
  riverTime: [33m0.1275000000023283[39m,
  totalTime: [33m152.88180000000284[39m
}
Chunk (5, 4) generation metrics: {
  terrainTime: [33m0.39900000000488944[39m,
  biomeTime: [33m141.22520000000077[39m,
  resourceTime: [33m0.12810000000172295[39m,
  structureTime: [33m0.06380000000353903[39m,
  riverTime: [33m0.1010999999998603[39m,
  totalTime: [33m141.93439999999828[39m
}
Chunk (-5, 5) generation metrics: {
  terrainTime: [33m0.6114999999990687[39m,
  biomeTime: [33m151.7612999999983[39m,
  resourceTime: [33m0.07039999999688007[39m,
  structureTime: [33m0.0415999999968335[39m,
  riverTime: [33m0.15500000001338776[39m,
  totalTime: [33m152.6548000000039[39m
}
Chunk (-4, 5) generation metrics: {
  terrainTime: [33m0.439700000002631[39m,
  biomeTime: [33m140.62940000000526[39m,
  resourceTime: [33m0.07349999999860302[39m,
  structureTime: [33m0.05830000000423752[39m,
  riverTime: [33m0.0042000000103143975[39m,
  totalTime: [33m141.21950000000652[39m
}
Chunk (-3, 5) generation metrics: {
  terrainTime: [33m0.40480000000388827[39m,
  biomeTime: [33m145.33309999998892[39m,
  resourceTime: [33m0.1215000000083819[39m,
  structureTime: [33m0.07589999999618158[39m,
  riverTime: [33m0.006999999997788109[39m,
  totalTime: [33m145.96160000000964[39m
}
Chunk (-2, 5) generation metrics: {
  terrainTime: [33m0.5922999999893364[39m,
  biomeTime: [33m144.57240000000456[39m,
  resourceTime: [33m0.06840000000374857[39m,
  structureTime: [33m0.04179999999178108[39m,
  riverTime: [33m0.004899999999906868[39m,
  totalTime: [33m145.29389999998966[39m
}
Chunk (-1, 5) generation metrics: {
  terrainTime: [33m0.4021000000066124[39m,
  biomeTime: [33m144.63060000000405[39m,
  resourceTime: [33m0.12260000000242144[39m,
  structureTime: [33m0.06260000000474975[39m,
  riverTime: [33m0.00879999999597203[39m,
  totalTime: [33m145.2436000000016[39m
}
Chunk (0, 5) generation metrics: {
  terrainTime: [33m0.5746999999973923[39m,
  biomeTime: [33m141.92350000000442[39m,
  resourceTime: [33m0.12690000000293367[39m,
  structureTime: [33m0.07110000000102445[39m,
  riverTime: [33m0.006199999988893978[39m,
  totalTime: [33m142.72340000000258[39m
}
Chunk (1, 5) generation metrics: {
  terrainTime: [33m0.5815000000002328[39m,
  biomeTime: [33m147.22819999999774[39m,
  resourceTime: [33m0.12440000000060536[39m,
  structureTime: [33m0.05910000001313165[39m,
  riverTime: [33m0.006199999988893978[39m,
  totalTime: [33m148.01910000000498[39m
}
Chunk (2, 5) generation metrics: {
  terrainTime: [33m0.5841999999975087[39m,
  biomeTime: [33m153.16079999999783[39m,
  resourceTime: [33m0.11849999999685679[39m,
  structureTime: [33m0.07660000000032596[39m,
  riverTime: [33m0.005699999994249083[39m,
  totalTime: [33m153.9646999999968[39m
}
Chunk (3, 5) generation metrics: {
  terrainTime: [33m0.5895999999920605[39m,
  biomeTime: [33m147.33859999998822[39m,
  resourceTime: [33m0.15200000000186265[39m,
  structureTime: [33m0.05830000000423752[39m,
  riverTime: [33m0.007700000001932494[39m,
  totalTime: [33m148.16770000000542[39m
}
Chunk (4, 5) generation metrics: {
  terrainTime: [33m0.6141000000061467[39m,
  biomeTime: [33m143.89019999999437[39m,
  resourceTime: [33m0.1230000000068685[39m,
  structureTime: [33m0.04970000000321306[39m,
  riverTime: [33m0.007100000002537854[39m,
  totalTime: [33m144.70170000000508[39m
}
Chunk (5, 5) generation metrics: {
  terrainTime: [33m0.6181999999971595[39m,
  biomeTime: [33m152.75539999999455[39m,
  resourceTime: [33m0.12480000000505242[39m,
  structureTime: [33m0.046900000001187436[39m,
  riverTime: [33m0.05670000000100117[39m,
  totalTime: [33m153.61900000000605[39m
}
Loaded 121 chunks in 17857.66ms

[90mstdout[2m | demo/src/core/DemoApp.lod.integration.test.ts[2m > [22m[2mDemoApp - LOD System Integration[2m > [22m[2mVisual Quality at Each LOD Level (Requirements 7.3, 7.4)[2m > [22m[2mshould preserve biome data at all LOD levels[22m[39m
DemoApp initialized successfully
Chunk (-5, -5) generation metrics: {
  terrainTime: [33m0.6059999999997672[39m,
  biomeTime: [33m155.88860000000568[39m,
  resourceTime: [33m0.12769999999727588[39m,
  structureTime: [33m0.06320000000414439[39m,
  riverTime: [33m0.09940000000642613[39m,
  totalTime: [33m156.80279999999038[39m
}
Chunk (-4, -5) generation metrics: {
  terrainTime: [33m0.6082000000023982[39m,
  biomeTime: [33m156.14939999999478[39m,
  resourceTime: [33m0.06889999999839347[39m,
  structureTime: [33m0.06010000000242144[39m,
  riverTime: [33m0.004899999999906868[39m,
  totalTime: [33m156.90909999998985[39m
}
Chunk (-3, -5) generation metrics: {
  terrainTime: [33m0.3989000000001397[39m,
  biomeTime: [33m165.63379999999597[39m,
  resourceTime: [33m0.11449999999604188[39m,
  structureTime: [33m0.07129999999597203[39m,
  riverTime: [33m0.04990000001271255[39m,
  totalTime: [33m166.28669999999693[39m
}
Chunk (-2, -5) generation metrics: {
  terrainTime: [33m0.5895000000018626[39m,
  biomeTime: [33m148.87819999999192[39m,
  resourceTime: [33m0.12340000001131557[39m,
  structureTime: [33m0.05160000000614673[39m,
  riverTime: [33m0.05520000000251457[39m,
  totalTime: [33m149.75359999999637[39m
}
Chunk (-1, -5) generation metrics: {
  terrainTime: [33m0.6039000000018859[39m,
  biomeTime: [33m157.71719999999914[39m,
  resourceTime: [33m0.11809999999240972[39m,
  structureTime: [33m0.06669999999576248[39m,
  riverTime: [33m0.005799999998998828[39m,
  totalTime: [33m158.53050000000803[39m
}
Chunk (0, -5) generation metrics: {
  terrainTime: [33m0.5855000000010477[39m,
  biomeTime: [33m142.4310000000114[39m,
  resourceTime: [33m0.1275000000023283[39m,
  structureTime: [33m0.055600000006961636[39m,
  riverTime: [33m0.006899999993038364[39m,
  totalTime: [33m143.2228000000032[39m
}
Chunk (1, -5) generation metrics: {
  terrainTime: [33m0.5918999999994412[39m,
  biomeTime: [33m149.17960000000312[39m,
  resourceTime: [33m0.13160000000789296[39m,
  structureTime: [33m0.055799999987357296[39m,
  riverTime: [33m0.2606999999989057[39m,
  totalTime: [33m150.23859999999695[39m
}
Chunk (2, -5) generation metrics: {
  terrainTime: [33m0.604799999986426[39m,
  biomeTime: [33m148.52999999999884[39m,
  resourceTime: [33m0.1301999999996042[39m,
  structureTime: [33m0.08299999999871943[39m,
  riverTime: [33m0.03989999998884741[39m,
  totalTime: [33m149.4131999999954[39m
}
Chunk (3, -5) generation metrics: {
  terrainTime: [33m0.6107999999949243[39m,
  biomeTime: [33m135.9247999999934[39m,
  resourceTime: [33m0.12069999999948777[39m,
  structureTime: [33m0.05460000000311993[39m,
  riverTime: [33m0.005699999994249083[39m,
  totalTime: [33m136.7329999999929[39m
}
Chunk (4, -5) generation metrics: {
  terrainTime: [33m0.6132000000070548[39m,
  biomeTime: [33m143.45780000000377[39m,
  resourceTime: [33m0.12149999999382999[39m,
  structureTime: [33m0.07050000000162981[39m,
  riverTime: [33m0.0063999999983934686[39m,
  totalTime: [33m144.289300000004[39m
}
Chunk (5, -5) generation metrics: {
  terrainTime: [33m0.588000000003376[39m,
  biomeTime: [33m130.37290000000212[39m,
  resourceTime: [33m0.07210000000486616[39m,
  structureTime: [33m0.06440000000293367[39m,
  riverTime: [33m0.004300000000512227[39m,
  totalTime: [33m131.11840000000666[39m
}
Chunk (-5, -4) generation metrics: {
  terrainTime: [33m0.40520000000833534[39m,
  biomeTime: [33m162.17459999999846[39m,
  resourceTime: [33m0.12420000000565778[39m,
  structureTime: [33m0.05690000001050066[39m,
  riverTime: [33m0.03400000001420267[39m,
  totalTime: [33m162.81429999999818[39m
}
Chunk (-4, -4) generation metrics: {
  terrainTime: [33m0.6147000000055414[39m,
  biomeTime: [33m153.93210000000545[39m,
  resourceTime: [33m0.12440000000060536[39m,
  structureTime: [33m0.05109999999694992[39m,
  riverTime: [33m0.007599999997182749[39m,
  totalTime: [33m154.74670000000333[39m
}
Chunk (-3, -4) generation metrics: {
  terrainTime: [33m0.5826000000088243[39m,
  biomeTime: [33m150.0060000000085[39m,
  resourceTime: [33m0.12789999999222346[39m,
  structureTime: [33m0.043900000004214235[39m,
  riverTime: [33m0.006600000007892959[39m,
  totalTime: [33m150.7841000000044[39m
}
Chunk (-2, -4) generation metrics: {
  terrainTime: [33m0.608699999997043[39m,
  biomeTime: [33m140.6875[39m,
  resourceTime: [33m0.12619999999878928[39m,
  structureTime: [33m0.0443000000086613[39m,
  riverTime: [33m0.05490000000281725[39m,
  totalTime: [33m141.5401000000129[39m
}
Chunk (-1, -4) generation metrics: {
  terrainTime: [33m0.5914000000047963[39m,
  biomeTime: [33m143.4730000000127[39m,
  resourceTime: [33m0.13330000000132713[39m,
  structureTime: [33m0.05879999999888241[39m,
  riverTime: [33m0.0078000000066822395[39m,
  totalTime: [33m144.2841999999946[39m
}
Chunk (0, -4) generation metrics: {
  terrainTime: [33m0.593799999987823[39m,
  biomeTime: [33m160.1420000000071[39m,
  resourceTime: [33m0.13289999999688007[39m,
  structureTime: [33m0.06429999999818392[39m,
  riverTime: [33m0.09390000000712462[39m,
  totalTime: [33m161.05929999999353[39m
}
Chunk (1, -4) generation metrics: {
  terrainTime: [33m0.6157000000093831[39m,
  biomeTime: [33m152.9091000000044[39m,
  resourceTime: [33m0.13379999999597203[39m,
  structureTime: [33m0.05619999999180436[39m,
  riverTime: [33m0.01570000000356231[39m,
  totalTime: [33m153.7503999999899[39m
}
Chunk (2, -4) generation metrics: {
  terrainTime: [33m0.604300000006333[39m,
  biomeTime: [33m156.4383000000089[39m,
  resourceTime: [33m0.12810000000172295[39m,
  structureTime: [33m0.0552999999927124[39m,
  riverTime: [33m0.006900000007590279[39m,
  totalTime: [33m157.25419999999576[39m
}
Chunk (3, -4) generation metrics: {
  terrainTime: [33m0.6155999999900814[39m,
  biomeTime: [33m164.32759999998962[39m,
  resourceTime: [33m0.13330000000132713[39m,
  structureTime: [33m0.06760000000940636[39m,
  riverTime: [33m0.006999999997788109[39m,
  totalTime: [33m165.1689999999944[39m
}
Chunk (4, -4) generation metrics: {
  terrainTime: [33m0.5761000000056811[39m,
  biomeTime: [33m150.64310000000114[39m,
  resourceTime: [33m0.12890000001061708[39m,
  structureTime: [33m0.07989999999699648[39m,
  riverTime: [33m0.005699999994249083[39m,
  totalTime: [33m151.45300000000861[39m
}
Chunk (5, -4) generation metrics: {
  terrainTime: [33m0.6284999999916181[39m,
  biomeTime: [33m152.27460000000428[39m,
  resourceTime: [33m0.125[39m,
  structureTime: [33m0.07189999999536667[39m,
  riverTime: [33m0.006999999997788109[39m,
  totalTime: [33m153.12700000000768[39m
}
Chunk (-5, -3) generation metrics: {
  terrainTime: [33m0.5752000000065891[39m,
  biomeTime: [33m156.63889999999083[39m,
  resourceTime: [33m0.12580000000889413[39m,
  structureTime: [33m0.2796999999991385[39m,
  riverTime: [33m0.08080000001064036[39m,
  totalTime: [33m157.74039999999513[39m
}
Chunk (-4, -3) generation metrics: {
  terrainTime: [33m0.577000000004773[39m,
  biomeTime: [33m150.95620000000054[39m,
  resourceTime: [33m0.13130000000819564[39m,
  structureTime: [33m0.0644999999931315[39m,
  riverTime: [33m0.006699999998090789[39m,
  totalTime: [33m151.75590000000375[39m
}
Chunk (-3, -3) generation metrics: {
  terrainTime: [33m0.6266000000032363[39m,
  biomeTime: [33m155.3067999999912[39m,
  resourceTime: [33m0.12369999999646097[39m,
  structureTime: [33m0.06420000000798609[39m,
  riverTime: [33m0.0060000000084983185[39m,
  totalTime: [33m156.1475000000064[39m
}
Chunk (-2, -3) generation metrics: {
  terrainTime: [33m0.6098999999958323[39m,
  biomeTime: [33m153.6070000000036[39m,
  resourceTime: [33m0.1284999999916181[39m,
  structureTime: [33m0.07329999998910353[39m,
  riverTime: [33m0.05000000000291038[39m,
  totalTime: [33m154.4899000000005[39m
}
Chunk (-1, -3) generation metrics: {
  terrainTime: [33m0.6364000000030501[39m,
  biomeTime: [33m151.9881000000023[39m,
  resourceTime: [33m0.1287000000011176[39m,
  structureTime: [33m0.06260000000474975[39m,
  riverTime: [33m0.046600000001490116[39m,
  totalTime: [33m152.88460000000487[39m
}
Chunk (0, -3) generation metrics: {
  terrainTime: [33m0.6201000000000931[39m,
  biomeTime: [33m134.9484000000084[39m,
  resourceTime: [33m0.11509999999543652[39m,
  structureTime: [33m0.07409999999799766[39m,
  riverTime: [33m0.006299999993643723[39m,
  totalTime: [33m135.78399999999965[39m
}
Chunk (1, -3) generation metrics: {
  terrainTime: [33m0.559399999998277[39m,
  biomeTime: [33m149.8350999999966[39m,
  resourceTime: [33m0.1239999999961583[39m,
  structureTime: [33m0.06369999999878928[39m,
  riverTime: [33m0.0062000000034458935[39m,
  totalTime: [33m150.6076999999932[39m
}
Chunk (2, -3) generation metrics: {
  terrainTime: [33m0.5882999999885214[39m,
  biomeTime: [33m148.96959999999672[39m,
  resourceTime: [33m0.11400000000139698[39m,
  structureTime: [33m0.07180000000516884[39m,
  riverTime: [33m0.034800000008544885[39m,
  totalTime: [33m149.79750000000058[39m
}
Chunk (3, -3) generation metrics: {
  terrainTime: [33m1.0773000000044703[39m,
  biomeTime: [33m141.0286999999953[39m,
  resourceTime: [33m0.07609999999112915[39m,
  structureTime: [33m0.0582999999896856[39m,
  riverTime: [33m0.04299999999057036[39m,
  totalTime: [33m142.3018000000011[39m
}
Chunk (4, -3) generation metrics: {
  terrainTime: [33m1.0050000000046566[39m,
  biomeTime: [33m134.26459999999497[39m,
  resourceTime: [33m0.12029999999504071[39m,
  structureTime: [33m0.05830000000423752[39m,
  riverTime: [33m0.004899999999906868[39m,
  totalTime: [33m135.47290000000794[39m
}
Chunk (5, -3) generation metrics: {
  terrainTime: [33m0.5987000000022817[39m,
  biomeTime: [33m149.17029999999795[39m,
  resourceTime: [33m0.12739999999757856[39m,
  structureTime: [33m0.05689999999594875[39m,
  riverTime: [33m0.005600000004051253[39m,
  totalTime: [33m149.97360000001208[39m
}
Chunk (-5, -2) generation metrics: {
  terrainTime: [33m0.6064000000042142[39m,
  biomeTime: [33m138.46970000000147[39m,
  resourceTime: [33m0.1287000000011176[39m,
  structureTime: [33m0.08630000000994187[39m,
  riverTime: [33m0.007199999992735684[39m,
  totalTime: [33m139.3173999999999[39m
}
Chunk (-4, -2) generation metrics: {
  terrainTime: [33m0.6165999999939231[39m,
  biomeTime: [33m148.10229999999865[39m,
  resourceTime: [33m0.11899999999150168[39m,
  structureTime: [33m0.04370000000926666[39m,
  riverTime: [33m0.006099999998696148[39m,
  totalTime: [33m148.90609999999288[39m
}
Chunk (-3, -2) generation metrics: {
  terrainTime: [33m0.5774999999994179[39m,
  biomeTime: [33m150.4890000000014[39m,
  resourceTime: [33m0.12960000000020955[39m,
  structureTime: [33m0.06429999999818392[39m,
  riverTime: [33m0.006599999993341044[39m,
  totalTime: [33m151.28469999998924[39m
}
Chunk (-2, -2) generation metrics: {
  terrainTime: [33m0.6160999999992782[39m,
  biomeTime: [33m147.0225999999966[39m,
  resourceTime: [33m0.12230000000272412[39m,
  structureTime: [33m0.0595000000030268[39m,
  riverTime: [33m0.01870000000053551[39m,
  totalTime: [33m147.85510000000068[39m
}
Chunk (-1, -2) generation metrics: {
  terrainTime: [33m0.6085000000020955[39m,
  biomeTime: [33m154.56110000000626[39m,
  resourceTime: [33m0.06919999999809079[39m,
  structureTime: [33m0.04439999999885913[39m,
  riverTime: [33m0.03530000000318978[39m,
  totalTime: [33m155.33260000000882[39m
}
Chunk (0, -2) generation metrics: {
  terrainTime: [33m0.9973000000027241[39m,
  biomeTime: [33m144.3819999999978[39m,
  resourceTime: [33m0.12580000000889413[39m,
  structureTime: [33m0.0868999999947846[39m,
  riverTime: [33m0.0063999999983934686[39m,
  totalTime: [33m145.61740000000282[39m
}
Chunk (1, -2) generation metrics: {
  terrainTime: [33m0.6095000000059372[39m,
  biomeTime: [33m144.65380000000005[39m,
  resourceTime: [33m0.12360000000626314[39m,
  structureTime: [33m0.0443000000086613[39m,
  riverTime: [33m0.005499999999301508[39m,
  totalTime: [33m145.4902000000002[39m
}
Chunk (2, -2) generation metrics: {
  terrainTime: [33m0.6013999999995576[39m,
  biomeTime: [33m156.14919999999984[39m,
  resourceTime: [33m0.1235000000015134[39m,
  structureTime: [33m0.08179999999993015[39m,
  riverTime: [33m0.007599999997182749[39m,
  totalTime: [33m156.98330000000715[39m
}
Chunk (3, -2) generation metrics: {
  terrainTime: [33m0.5623000000050524[39m,
  biomeTime: [33m168.10480000000098[39m,
  resourceTime: [33m0.13629999999830034[39m,
  structureTime: [33m0.04970000000321306[39m,
  riverTime: [33m0.006999999997788109[39m,
  totalTime: [33m168.87789999999222[39m
}
Chunk (4, -2) generation metrics: {
  terrainTime: [33m1.1723000000056345[39m,
  biomeTime: [33m156.27649999999267[39m,
  resourceTime: [33m0.13250000000698492[39m,
  structureTime: [33m0.0644999999931315[39m,
  riverTime: [33m0.006300000008195639[39m,
  totalTime: [33m157.67489999999816[39m
}
Chunk (5, -2) generation metrics: {
  terrainTime: [33m0.6316999999980908[39m,
  biomeTime: [33m152.78029999999853[39m,
  resourceTime: [33m0.12819999999192078[39m,
  structureTime: [33m0.06689999999071006[39m,
  riverTime: [33m0.005999999993946403[39m,
  totalTime: [33m153.6350999999995[39m
}
Chunk (-5, -1) generation metrics: {
  terrainTime: [33m0.6047000000107801[39m,
  biomeTime: [33m158.94050000001153[39m,
  resourceTime: [33m0.12540000000444707[39m,
  structureTime: [33m0.06710000000020955[39m,
  riverTime: [33m0.07820000000356231[39m,
  totalTime: [33m159.8350000000064[39m
}
Chunk (-4, -1) generation metrics: {
  terrainTime: [33m0.5852000000013504[39m,
  biomeTime: [33m162.0737000000081[39m,
  resourceTime: [33m0.293100000009872[39m,
  structureTime: [33m0.10510000000067521[39m,
  riverTime: [33m0.0784000000130618[39m,
  totalTime: [33m163.15610000000743[39m
}
Chunk (-3, -1) generation metrics: {
  terrainTime: [33m0.6867000000056578[39m,
  biomeTime: [33m187.28609999999753[39m,
  resourceTime: [33m0.14800000000104774[39m,
  structureTime: [33m0.04799999999522697[39m,
  riverTime: [33m0.04170000000158325[39m,
  totalTime: [33m188.22969999999623[39m
}
Chunk (-2, -1) generation metrics: {
  terrainTime: [33m0.7502999999996973[39m,
  biomeTime: [33m166.1261999999988[39m,
  resourceTime: [33m0.13850000000093132[39m,
  structureTime: [33m0.08060000000114087[39m,
  riverTime: [33m0.042799999995622784[39m,
  totalTime: [33m167.15840000000026[39m
}
Chunk (-1, -1) generation metrics: {
  terrainTime: [33m0.667700000005425[39m,
  biomeTime: [33m152.62049999999[39m,
  resourceTime: [33m0.11669999999867287[39m,
  structureTime: [33m0.061199999996460974[39m,
  riverTime: [33m0.10540000000037253[39m,
  totalTime: [33m153.590200000006[39m
}
Chunk (0, -1) generation metrics: {
  terrainTime: [33m0.5625[39m,
  biomeTime: [33m131.960699999996[39m,
  resourceTime: [33m0.11610000001383014[39m,
  structureTime: [33m0.05619999999180436[39m,
  riverTime: [33m0.005900000003748573[39m,
  totalTime: [33m132.721000000005[39m
}
Chunk (1, -1) generation metrics: {
  terrainTime: [33m0.5651999999972759[39m,
  biomeTime: [33m142.46960000001127[39m,
  resourceTime: [33m0.1157999999995809[39m,
  structureTime: [33m0.05879999999888241[39m,
  riverTime: [33m0.03490000001329463[39m,
  totalTime: [33m143.2609000000084[39m
}
Chunk (2, -1) generation metrics: {
  terrainTime: [33m0.5771999999997206[39m,
  biomeTime: [33m138.242900000012[39m,
  resourceTime: [33m0.12189999999827705[39m,
  structureTime: [33m0.05889999998908024[39m,
  riverTime: [33m0.0060000000084983185[39m,
  totalTime: [33m139.0225000000064[39m
}
Chunk (3, -1) generation metrics: {
  terrainTime: [33m0.5759000000107335[39m,
  biomeTime: [33m145.16739999999118[39m,
  resourceTime: [33m0.10920000000623986[39m,
  structureTime: [33m0.081400000010035[39m,
  riverTime: [33m0.005799999998998828[39m,
  totalTime: [33m145.95739999999932[39m
}
Chunk (4, -1) generation metrics: {
  terrainTime: [33m0.577000000004773[39m,
  biomeTime: [33m146.71940000000177[39m,
  resourceTime: [33m0.11260000000766013[39m,
  structureTime: [33m0.03770000000076834[39m,
  riverTime: [33m0.029900000008638017[39m,
  totalTime: [33m147.4930999999924[39m
}
Chunk (5, -1) generation metrics: {
  terrainTime: [33m0.5959999999904539[39m,
  biomeTime: [33m139.6603000000032[39m,
  resourceTime: [33m0.11800000000221189[39m,
  structureTime: [33m0.08259999999427237[39m,
  riverTime: [33m0.04050000000279397[39m,
  totalTime: [33m140.51909999999043[39m
}
Chunk (-5, 0) generation metrics: {
  terrainTime: [33m0.5810000000055879[39m,
  biomeTime: [33m117.62219999999797[39m,
  resourceTime: [33m0.13430000000516884[39m,
  structureTime: [33m0.04959999999846332[39m,
  riverTime: [33m0.006500000003143214[39m,
  totalTime: [33m118.41060000000289[39m
}
Chunk (-4, 0) generation metrics: {
  terrainTime: [33m0.6116999999940163[39m,
  biomeTime: [33m132.84790000000794[39m,
  resourceTime: [33m0.12610000000859145[39m,
  structureTime: [33m0.0595000000030268[39m,
  riverTime: [33m0.006300000008195639[39m,
  totalTime: [33m133.66860000000452[39m
}
Chunk (-3, 0) generation metrics: {
  terrainTime: [33m0.5961999999999534[39m,
  biomeTime: [33m140.6603000000032[39m,
  resourceTime: [33m0.11980000000039581[39m,
  structureTime: [33m0.06960000000253785[39m,
  riverTime: [33m0.022400000001653098[39m,
  totalTime: [33m141.48829999999725[39m
}
Chunk (-2, 0) generation metrics: {
  terrainTime: [33m0.5893999999971129[39m,
  biomeTime: [33m136.85689999999886[39m,
  resourceTime: [33m0.11710000000311993[39m,
  structureTime: [33m0.0595000000030268[39m,
  riverTime: [33m0.03290000000561122[39m,
  totalTime: [33m137.6710999999923[39m
}
Chunk (-1, 0) generation metrics: {
  terrainTime: [33m0.620199999990291[39m,
  biomeTime: [33m127.75620000000345[39m,
  resourceTime: [33m0.13060000000405125[39m,
  structureTime: [33m0.07660000000032596[39m,
  riverTime: [33m0.19999999999708962[39m,
  totalTime: [33m128.8061000000016[39m
}
Chunk (0, 0) generation metrics: {
  terrainTime: [33m0.6394000000000233[39m,
  biomeTime: [33m144.23490000001038[39m,
  resourceTime: [33m0.12440000000060536[39m,
  structureTime: [33m0.05980000000272412[39m,
  riverTime: [33m0.005600000004051253[39m,
  totalTime: [33m145.08199999999488[39m
}
Chunk (1, 0) generation metrics: {
  terrainTime: [33m0.6355000000039581[39m,
  biomeTime: [33m130.12669999999343[39m,
  resourceTime: [33m0.1690999999991618[39m,
  structureTime: [33m0.0811999999859836[39m,
  riverTime: [33m0.006699999998090789[39m,
  totalTime: [33m131.04260000000068[39m
}
Chunk (2, 0) generation metrics: {
  terrainTime: [33m0.9573999999993248[39m,
  biomeTime: [33m162.91150000000198[39m,
  resourceTime: [33m0.12330000000656582[39m,
  structureTime: [33m0.05920000000332948[39m,
  riverTime: [33m0.0062000000034458935[39m,
  totalTime: [33m164.07739999999467[39m
}
Chunk (3, 0) generation metrics: {
  terrainTime: [33m0.6076999999932013[39m,
  biomeTime: [33m156.48619999999937[39m,
  resourceTime: [33m0.1297000000049593[39m,
  structureTime: [33m0.06300000000919681[39m,
  riverTime: [33m0.006199999988893978[39m,
  totalTime: [33m157.3122000000003[39m
}
Chunk (4, 0) generation metrics: {
  terrainTime: [33m0.7522999999928288[39m,
  biomeTime: [33m151.03190000000177[39m,
  resourceTime: [33m0.12989999999990687[39m,
  structureTime: [33m0.05510000001231674[39m,
  riverTime: [33m0.005999999993946403[39m,
  totalTime: [33m151.99550000000454[39m
}
Chunk (5, 0) generation metrics: {
  terrainTime: [33m0.5957000000053085[39m,
  biomeTime: [33m143.76089999999385[39m,
  resourceTime: [33m0.11759999999776483[39m,
  structureTime: [33m0.0565000000060536[39m,
  riverTime: [33m0.005999999993946403[39m,
  totalTime: [33m144.5521000000008[39m
}
Chunk (-5, 1) generation metrics: {
  terrainTime: [33m0.5734000000084052[39m,
  biomeTime: [33m199.78570000000764[39m,
  resourceTime: [33m0.14049999999406282[39m,
  structureTime: [33m0.0595000000030268[39m,
  riverTime: [33m0.006099999998696148[39m,
  totalTime: [33m200.5844999999972[39m
}
Chunk (-4, 1) generation metrics: {
  terrainTime: [33m0.6293000000005122[39m,
  biomeTime: [33m167.6347999999998[39m,
  resourceTime: [33m0.06889999999839347[39m,
  structureTime: [33m0.04400000000896398[39m,
  riverTime: [33m0.004600000000209548[39m,
  totalTime: [33m168.39740000000165[39m
}
Chunk (-3, 1) generation metrics: {
  terrainTime: [33m0.4158999999926891[39m,
  biomeTime: [33m163.16210000000137[39m,
  resourceTime: [33m0.11830000000190921[39m,
  structureTime: [33m0.05779999999504071[39m,
  riverTime: [33m0.006099999998696148[39m,
  totalTime: [33m163.77760000000126[39m
}
Chunk (-2, 1) generation metrics: {
  terrainTime: [33m0.5945999999967171[39m,
  biomeTime: [33m157.90479999998934[39m,
  resourceTime: [33m0.13310000000637956[39m,
  structureTime: [33m0.0639999999984866[39m,
  riverTime: [33m0.007700000001932494[39m,
  totalTime: [33m158.72209999999905[39m
}
Chunk (-1, 1) generation metrics: {
  terrainTime: [33m0.639500000004773[39m,
  biomeTime: [33m171.09219999999914[39m,
  resourceTime: [33m0.13360000000102445[39m,
  structureTime: [33m0.07380000001285225[39m,
  riverTime: [33m0.007400000002235174[39m,
  totalTime: [33m171.96330000000307[39m
}
Chunk (0, 1) generation metrics: {
  terrainTime: [33m0.6234000000113156[39m,
  biomeTime: [33m142.72400000000198[39m,
  resourceTime: [33m0.1322000000072876[39m,
  structureTime: [33m0.062399999995250255[39m,
  riverTime: [33m0.006600000007892959[39m,
  totalTime: [33m143.56580000001122[39m
}
Chunk (1, 1) generation metrics: {
  terrainTime: [33m0.6131999999925029[39m,
  biomeTime: [33m154.88239999998768[39m,
  resourceTime: [33m0.12199999998847488[39m,
  structureTime: [33m0.05400000000372529[39m,
  riverTime: [33m0.0062000000034458935[39m,
  totalTime: [33m155.69680000000517[39m
}
Chunk (2, 1) generation metrics: {
  terrainTime: [33m0.6048999999911757[39m,
  biomeTime: [33m151.39459999999963[39m,
  resourceTime: [33m0.13350000001082662[39m,
  structureTime: [33m0.05520000000251457[39m,
  riverTime: [33m0.006800000002840534[39m,
  totalTime: [33m152.21289999999863[39m
}
Chunk (3, 1) generation metrics: {
  terrainTime: [33m0.6107000000047265[39m,
  biomeTime: [33m154.76980000000913[39m,
  resourceTime: [33m0.12279999999736901[39m,
  structureTime: [33m0.052700000000186265[39m,
  riverTime: [33m0.04469999999855645[39m,
  totalTime: [33m155.61849999999686[39m
}
Chunk (4, 1) generation metrics: {
  terrainTime: [33m0.6088000000017928[39m,
  biomeTime: [33m164.83050000001094[39m,
  resourceTime: [33m0.12719999998807907[39m,
  structureTime: [33m0.07650000001012813[39m,
  riverTime: [33m0.006800000002840534[39m,
  totalTime: [33m165.6698000000033[39m
}
Chunk (5, 1) generation metrics: {
  terrainTime: [33m0.6037000000069384[39m,
  biomeTime: [33m149.4033000000054[39m,
  resourceTime: [33m0.12490000000980217[39m,
  structureTime: [33m0.06079999999201391[39m,
  riverTime: [33m0.005999999993946403[39m,
  totalTime: [33m150.2164000000048[39m
}
Chunk (-5, 2) generation metrics: {
  terrainTime: [33m0.6186000000016065[39m,
  biomeTime: [33m150.21080000000075[39m,
  resourceTime: [33m0.12430000001040753[39m,
  structureTime: [33m0.061100000006263144[39m,
  riverTime: [33m0.007199999992735684[39m,
  totalTime: [33m151.03759999999602[39m
}
Chunk (-4, 2) generation metrics: {
  terrainTime: [33m0.6088000000017928[39m,
  biomeTime: [33m138.45149999999558[39m,
  resourceTime: [33m0.1172999999980675[39m,
  structureTime: [33m0.06169999999110587[39m,
  riverTime: [33m0.006800000002840534[39m,
  totalTime: [33m139.26919999999518[39m
}
Chunk (-3, 2) generation metrics: {
  terrainTime: [33m0.6019000000087544[39m,
  biomeTime: [33m148.05490000000282[39m,
  resourceTime: [33m0.1322000000072876[39m,
  structureTime: [33m0.08479999999690335[39m,
  riverTime: [33m0.007700000001932494[39m,
  totalTime: [33m148.90200000000186[39m
}
Chunk (-2, 2) generation metrics: {
  terrainTime: [33m0.5861000000004424[39m,
  biomeTime: [33m155.31699999999546[39m,
  resourceTime: [33m0.12359999999171123[39m,
  structureTime: [33m0.05719999999564607[39m,
  riverTime: [33m0.006300000008195639[39m,
  totalTime: [33m156.1079000000027[39m
}
Chunk (-1, 2) generation metrics: {
  terrainTime: [33m0.6156000000046333[39m,
  biomeTime: [33m141.5402999999933[39m,
  resourceTime: [33m0.11609999999927823[39m,
  structureTime: [33m0.06650000000081491[39m,
  riverTime: [33m0.00990000000456348[39m,
  totalTime: [33m142.36939999999595[39m
}
Chunk (0, 2) generation metrics: {
  terrainTime: [33m1.8592999999964377[39m,
  biomeTime: [33m143.949099999998[39m,
  resourceTime: [33m0.06969999999273568[39m,
  structureTime: [33m0.05060000000230502[39m,
  riverTime: [33m0.005099999994854443[39m,
  totalTime: [33m145.95850000000792[39m
}
Chunk (1, 2) generation metrics: {
  terrainTime: [33m0.4103999999933876[39m,
  biomeTime: [33m192.63720000001194[39m,
  resourceTime: [33m0.15080000000307336[39m,
  structureTime: [33m0.06759999999485444[39m,
  riverTime: [33m0.006600000007892959[39m,
  totalTime: [33m193.341499999995[39m
}
Chunk (2, 2) generation metrics: {
  terrainTime: [33m0.7163000000000466[39m,
  biomeTime: [33m169.37739999999758[39m,
  resourceTime: [33m0.1255000000091968[39m,
  structureTime: [33m0.06879999999364372[39m,
  riverTime: [33m0.03910000000905711[39m,
  totalTime: [33m170.34889999999723[39m
}
Chunk (3, 2) generation metrics: {
  terrainTime: [33m0.5671999999904074[39m,
  biomeTime: [33m145.4838000000018[39m,
  resourceTime: [33m0.11609999999927823[39m,
  structureTime: [33m0.05959999999322463[39m,
  riverTime: [33m0.006300000008195639[39m,
  totalTime: [33m146.2543000000005[39m
}
Chunk (4, 2) generation metrics: {
  terrainTime: [33m0.5463000000017928[39m,
  biomeTime: [33m142.89070000000356[39m,
  resourceTime: [33m0.10220000000845175[39m,
  structureTime: [33m0.06390000000828877[39m,
  riverTime: [33m0.007199999992735684[39m,
  totalTime: [33m143.62940000000526[39m
}
Chunk (5, 2) generation metrics: {
  terrainTime: [33m0.42570000000705477[39m,
  biomeTime: [33m155.20839999998861[39m,
  resourceTime: [33m0.12239999999292195[39m,
  structureTime: [33m0.06319999998959247[39m,
  riverTime: [33m0.006599999993341044[39m,
  totalTime: [33m155.85139999999956[39m
}
Chunk (-5, 3) generation metrics: {
  terrainTime: [33m0.6059999999997672[39m,
  biomeTime: [33m168.62110000000393[39m,
  resourceTime: [33m0.1269999999931315[39m,
  structureTime: [33m0.06459999999788124[39m,
  riverTime: [33m0.007499999992433004[39m,
  totalTime: [33m169.4433999999892[39m
}
Chunk (-4, 3) generation metrics: {
  terrainTime: [33m0.6120000000082655[39m,
  biomeTime: [33m166.01509999998962[39m,
  resourceTime: [33m0.13180000000284053[39m,
  structureTime: [33m0.0637000000133412[39m,
  riverTime: [33m0.006099999998696148[39m,
  totalTime: [33m166.8515000000043[39m
}
Chunk (-3, 3) generation metrics: {
  terrainTime: [33m0.6042000000015832[39m,
  biomeTime: [33m187.8524999999936[39m,
  resourceTime: [33m0.1466999999975087[39m,
  structureTime: [33m0.07730000000447035[39m,
  riverTime: [33m0.007299999997485429[39m,
  totalTime: [33m188.71140000000014[39m
}
Chunk (-2, 3) generation metrics: {
  terrainTime: [33m0.8568000000086613[39m,
  biomeTime: [33m160.7841000000044[39m,
  resourceTime: [33m0.13250000000698492[39m,
  structureTime: [33m0.05559999999240972[39m,
  riverTime: [33m0.111799999998766[39m,
  totalTime: [33m161.96289999999863[39m
}
Chunk (-1, 3) generation metrics: {
  terrainTime: [33m0.625[39m,
  biomeTime: [33m158.93850000000384[39m,
  resourceTime: [33m0.11709999998856802[39m,
  structureTime: [33m0.03900000000430737[39m,
  riverTime: [33m0.10670000000391155[39m,
  totalTime: [33m159.84560000000056[39m
}
Chunk (0, 3) generation metrics: {
  terrainTime: [33m0.5890999999974156[39m,
  biomeTime: [33m125.63809999999648[39m,
  resourceTime: [33m0.12189999999827705[39m,
  structureTime: [33m0.07809999999881256[39m,
  riverTime: [33m0.006500000003143214[39m,
  totalTime: [33m126.45279999999912[39m
}
Chunk (1, 3) generation metrics: {
  terrainTime: [33m0.8436999999976251[39m,
  biomeTime: [33m145.09219999999914[39m,
  resourceTime: [33m0.1252000000094995[39m,
  structureTime: [33m0.0786999999982072[39m,
  riverTime: [33m0.12230000000272412[39m,
  totalTime: [33m146.28510000000824[39m
}
Chunk (2, 3) generation metrics: {
  terrainTime: [33m0.5766999999905238[39m,
  biomeTime: [33m134.3113000000012[39m,
  resourceTime: [33m0.075700000001234[39m,
  structureTime: [33m0.05680000000575092[39m,
  riverTime: [33m0.005199999999604188[39m,
  totalTime: [33m135.04309999999532[39m
}
Chunk (3, 3) generation metrics: {
  terrainTime: [33m0.4123000000108732[39m,
  biomeTime: [33m150.38700000000244[39m,
  resourceTime: [33m0.13210000000253785[39m,
  structureTime: [33m0.09219999999913853[39m,
  riverTime: [33m0.006899999993038364[39m,
  totalTime: [33m151.06530000000203[39m
}
Chunk (4, 3) generation metrics: {
  terrainTime: [33m0.6841999999887776[39m,
  biomeTime: [33m146.28700000001118[39m,
  resourceTime: [33m0.1279999999969732[39m,
  structureTime: [33m0.07310000000870787[39m,
  riverTime: [33m0.006899999993038364[39m,
  totalTime: [33m147.20179999999527[39m
}
Chunk (5, 3) generation metrics: {
  terrainTime: [33m0.6343999999953667[39m,
  biomeTime: [33m143.6518999999971[39m,
  resourceTime: [33m0.12930000000051223[39m,
  structureTime: [33m0.0650000000023283[39m,
  riverTime: [33m0.006699999998090789[39m,
  totalTime: [33m144.50909999999567[39m
}
Chunk (-5, 4) generation metrics: {
  terrainTime: [33m0.608699999997043[39m,
  biomeTime: [33m146.49749999999767[39m,
  resourceTime: [33m0.07069999999657739[39m,
  structureTime: [33m0.04920000000856817[39m,
  riverTime: [33m0.003699999986565672[39m,
  totalTime: [33m147.24710000000778[39m
}
Chunk (-4, 4) generation metrics: {
  terrainTime: [33m0.40399999999499414[39m,
  biomeTime: [33m145.6826000000001[39m,
  resourceTime: [33m0.12810000000172295[39m,
  structureTime: [33m0.060200000007171184[39m,
  riverTime: [33m0.005700000008800998[39m,
  totalTime: [33m146.29850000000442[39m
}
Chunk (-3, 4) generation metrics: {
  terrainTime: [33m0.6067999999941094[39m,
  biomeTime: [33m153.88450000000012[39m,
  resourceTime: [33m0.13240000000223517[39m,
  structureTime: [33m0.07710000000952277[39m,
  riverTime: [33m0.006600000007892959[39m,
  totalTime: [33m154.72450000001118[39m
}
Chunk (-2, 4) generation metrics: {
  terrainTime: [33m0.6405999999988126[39m,
  biomeTime: [33m137.9774999999936[39m,
  resourceTime: [33m0.12529999999969732[39m,
  structureTime: [33m0.062099999995552935[39m,
  riverTime: [33m0.14270000001124572[39m,
  totalTime: [33m138.96869999999763[39m
}
Chunk (-1, 4) generation metrics: {
  terrainTime: [33m0.6031999999977415[39m,
  biomeTime: [33m144.03280000000086[39m,
  resourceTime: [33m0.07860000000800937[39m,
  structureTime: [33m0.06010000000242144[39m,
  riverTime: [33m0.11759999999776483[39m,
  totalTime: [33m144.91010000000824[39m
}
Chunk (0, 4) generation metrics: {
  terrainTime: [33m0.41619999999238644[39m,
  biomeTime: [33m151.55940000001283[39m,
  resourceTime: [33m0.12139999998908024[39m,
  structureTime: [33m0.04290000000037253[39m,
  riverTime: [33m0.005799999998998828[39m,
  totalTime: [33m152.16150000000198[39m
}
Chunk (1, 4) generation metrics: {
  terrainTime: [33m0.5975000000034925[39m,
  biomeTime: [33m132.5338000000047[39m,
  resourceTime: [33m0.07030000000668224[39m,
  structureTime: [33m0.05019999999785796[39m,
  riverTime: [33m0.07859999999345746[39m,
  totalTime: [33m133.34590000000026[39m
}
Chunk (2, 4) generation metrics: {
  terrainTime: [33m0.39949999999953434[39m,
  biomeTime: [33m134.9533000000083[39m,
  resourceTime: [33m0.12560000001394656[39m,
  structureTime: [33m0.055399999997462146[39m,
  riverTime: [33m0.0806999999913387[39m,
  totalTime: [33m135.63250000000698[39m
}
Chunk (3, 4) generation metrics: {
  terrainTime: [33m0.7850999999936903[39m,
  biomeTime: [33m137.7658999999985[39m,
  resourceTime: [33m0.125[39m,
  structureTime: [33m0.07080000000132713[39m,
  riverTime: [33m0.10450000000128057[39m,
  totalTime: [33m138.8701999999903[39m
}
Chunk (4, 4) generation metrics: {
  terrainTime: [33m0.6066000000137137[39m,
  biomeTime: [33m151.44229999999516[39m,
  resourceTime: [33m0.12369999999646097[39m,
  structureTime: [33m0.060200000007171184[39m,
  riverTime: [33m0.1768000000010943[39m,
  totalTime: [33m152.43009999999776[39m
}
Chunk (5, 4) generation metrics: {
  terrainTime: [33m0.6028999999980442[39m,
  biomeTime: [33m145.23739999999816[39m,
  resourceTime: [33m0.12519999999494758[39m,
  structureTime: [33m0.060800000006565824[39m,
  riverTime: [33m0.09380000000237487[39m,
  totalTime: [33m146.13780000001134[39m
}
Chunk (-5, 5) generation metrics: {
  terrainTime: [33m0.602999999988242[39m,
  biomeTime: [33m158.8798999999999[39m,
  resourceTime: [33m0.13309999999182764[39m,
  structureTime: [33m0.0610000000015134[39m,
  riverTime: [33m0.22620000000461005[39m,
  totalTime: [33m159.92179999999644[39m
}
Chunk (-4, 5) generation metrics: {
  terrainTime: [33m0.6120999999984633[39m,
  biomeTime: [33m141.8018000000011[39m,
  resourceTime: [33m0.12420000000565778[39m,
  structureTime: [33m0.05019999999785796[39m,
  riverTime: [33m0.0063999999983934686[39m,
  totalTime: [33m142.61160000000382[39m
}
Chunk (-3, 5) generation metrics: {
  terrainTime: [33m1.314700000002631[39m,
  biomeTime: [33m131.34040000000095[39m,
  resourceTime: [33m0.1301999999996042[39m,
  structureTime: [33m0.06389999999373686[39m,
  riverTime: [33m0.006800000002840534[39m,
  totalTime: [33m132.87639999999374[39m
}
Chunk (-2, 5) generation metrics: {
  terrainTime: [33m0.6385999999911292[39m,
  biomeTime: [33m139.04159999999683[39m,
  resourceTime: [33m0.07310000000870787[39m,
  structureTime: [33m0.05899999999382999[39m,
  riverTime: [33m0.0044999999954598024[39m,
  totalTime: [33m139.83580000000075[39m
}
Chunk (-1, 5) generation metrics: {
  terrainTime: [33m0.4028000000107568[39m,
  biomeTime: [33m137.72980000000098[39m,
  resourceTime: [33m0.12380000000121072[39m,
  structureTime: [33m0.05340000000433065[39m,
  riverTime: [33m0.008900000000721775[39m,
  totalTime: [33m138.33379999999306[39m
}
Chunk (0, 5) generation metrics: {
  terrainTime: [33m0.597299999993993[39m,
  biomeTime: [33m141.89850000001024[39m,
  resourceTime: [33m0.12059999999473803[39m,
  structureTime: [33m0.045100000003003515[39m,
  riverTime: [33m0.005900000003748573[39m,
  totalTime: [33m142.68330000000424[39m
}
Chunk (1, 5) generation metrics: {
  terrainTime: [33m0.5726999999897089[39m,
  biomeTime: [33m142.62020000000484[39m,
  resourceTime: [33m0.13089999998919666[39m,
  structureTime: [33m0.04819999999017455[39m,
  riverTime: [33m0.0062000000034458935[39m,
  totalTime: [33m143.39850000001024[39m
}
Chunk (2, 5) generation metrics: {
  terrainTime: [33m0.6070000000036089[39m,
  biomeTime: [33m144.5750999999873[39m,
  resourceTime: [33m0.12380000000121072[39m,
  structureTime: [33m0.06799999999930151[39m,
  riverTime: [33m0.005700000008800998[39m,
  totalTime: [33m145.39519999999902[39m
}
Chunk (3, 5) generation metrics: {
  terrainTime: [33m0.6119999999937136[39m,
  biomeTime: [33m149.6241000000009[39m,
  resourceTime: [33m0.12619999999878928[39m,
  structureTime: [33m0.05550000000221189[39m,
  riverTime: [33m0.005900000003748573[39m,
  totalTime: [33m150.44010000000708[39m
}
Chunk (4, 5) generation metrics: {
  terrainTime: [33m0.6028999999980442[39m,
  biomeTime: [33m160.20930000000226[39m,
  resourceTime: [33m0.12610000000859145[39m,
  structureTime: [33m0.054799999998067506[39m,
  riverTime: [33m0.007700000001932494[39m,
  totalTime: [33m161.01840000000084[39m
}
Chunk (5, 5) generation metrics: {
  terrainTime: [33m0.597700000012992[39m,
  biomeTime: [33m154.119200000001[39m,
  resourceTime: [33m0.1239999999961583[39m,
  structureTime: [33m0.05709999999089632[39m,
  riverTime: [33m0.05550000000221189[39m,
  totalTime: [33m154.97110000000976[39m
}
Loaded 121 chunks in 18287.24ms

[90mstdout[2m | demo/src/core/DemoApp.lod.integration.test.ts[2m > [22m[2mDemoApp - LOD System Integration[2m > [22m[2mVisual Quality at Each LOD Level (Requirements 7.3, 7.4)[2m > [22m[2mshould maintain heightmap data at all LOD levels[22m[39m
DemoApp initialized successfully
Chunk (-5, -5) generation metrics: {
  terrainTime: [33m0.6107999999949243[39m,
  biomeTime: [33m165.99220000000787[39m,
  resourceTime: [33m0.12540000000444707[39m,
  structureTime: [33m0.05269999998563435[39m,
  riverTime: [33m0.08809999999357387[39m,
  totalTime: [33m166.8874000000069[39m
}
Chunk (-4, -5) generation metrics: {
  terrainTime: [33m0.6241999999911059[39m,
  biomeTime: [33m156.15280000001076[39m,
  resourceTime: [33m0.11530000000493601[39m,
  structureTime: [33m0.054499999998370185[39m,
  riverTime: [33m0.005900000003748573[39m,
  totalTime: [33m156.96969999998691[39m
}
Chunk (-3, -5) generation metrics: {
  terrainTime: [33m0.5871000000042841[39m,
  biomeTime: [33m155.4033000000054[39m,
  resourceTime: [33m0.12480000000505242[39m,
  structureTime: [33m0.05640000000130385[39m,
  riverTime: [33m0.05119999998714775[39m,
  totalTime: [33m156.2395000000106[39m
}
Chunk (-2, -5) generation metrics: {
  terrainTime: [33m0.607800000012503[39m,
  biomeTime: [33m163.1649000000034[39m,
  resourceTime: [33m0.12569999998959247[39m,
  structureTime: [33m0.05720000001019798[39m,
  riverTime: [33m0.05349999999452848[39m,
  totalTime: [33m164.02290000001085[39m
}
Chunk (-1, -5) generation metrics: {
  terrainTime: [33m0.6135000000067521[39m,
  biomeTime: [33m155.63270000000193[39m,
  resourceTime: [33m0.12570000000414439[39m,
  structureTime: [33m0.05740000000514556[39m,
  riverTime: [33m0.007199999992735684[39m,
  totalTime: [33m156.4530999999988[39m
}
Chunk (0, -5) generation metrics: {
  terrainTime: [33m0.6073000000033062[39m,
  biomeTime: [33m169.65810000000056[39m,
  resourceTime: [33m0.13330000000132713[39m,
  structureTime: [33m0.054799999998067506[39m,
  riverTime: [33m0.0063999999983934686[39m,
  totalTime: [33m170.4768999999942[39m
}
Chunk (1, -5) generation metrics: {
  terrainTime: [33m0.6116000000038184[39m,
  biomeTime: [33m161.09719999998924[39m,
  resourceTime: [33m0.11590000000433065[39m,
  structureTime: [33m0.04769999999552965[39m,
  riverTime: [33m0.15750000000116415[39m,
  totalTime: [33m162.07799999999406[39m
}
Chunk (2, -5) generation metrics: {
  terrainTime: [33m0.5903000000107568[39m,
  biomeTime: [33m159.21530000001076[39m,
  resourceTime: [33m0.1245000000053551[39m,
  structureTime: [33m0.06990000000223517[39m,
  riverTime: [33m0.03689999999187421[39m,
  totalTime: [33m160.05250000000524[39m
}
Chunk (3, -5) generation metrics: {
  terrainTime: [33m0.6156000000046333[39m,
  biomeTime: [33m139.43039999999746[39m,
  resourceTime: [33m0.11760000001231674[39m,
  structureTime: [33m0.046300000001792796[39m,
  riverTime: [33m0.007500000006984919[39m,
  totalTime: [33m140.23330000000715[39m
}
Chunk (4, -5) generation metrics: {
  terrainTime: [33m0.577900000003865[39m,
  biomeTime: [33m150.58209999999963[39m,
  resourceTime: [33m0.12219999999797437[39m,
  structureTime: [33m0.05340000000433065[39m,
  riverTime: [33m0.006900000007590279[39m,
  totalTime: [33m151.35959999999614[39m
}
Chunk (5, -5) generation metrics: {
  terrainTime: [33m0.5953999999910593[39m,
  biomeTime: [33m164.77330000000075[39m,
  resourceTime: [33m0.12709999999788124[39m,
  structureTime: [33m0.06659999999101274[39m,
  riverTime: [33m0.00789999999688007[39m,
  totalTime: [33m165.58899999999267[39m
}
Chunk (-5, -4) generation metrics: {
  terrainTime: [33m0.5858999999909429[39m,
  biomeTime: [33m158.1417999999976[39m,
  resourceTime: [33m0.12840000000142027[39m,
  structureTime: [33m0.0687000000034459[39m,
  riverTime: [33m0.03460000001359731[39m,
  totalTime: [33m158.9774000000034[39m
}
Chunk (-4, -4) generation metrics: {
  terrainTime: [33m0.6076000000030035[39m,
  biomeTime: [33m156.78800000000047[39m,
  resourceTime: [33m0.13760000000183936[39m,
  structureTime: [33m0.06840000000374857[39m,
  riverTime: [33m0.006299999993643723[39m,
  totalTime: [33m157.62700000000768[39m
}
Chunk (-3, -4) generation metrics: {
  terrainTime: [33m0.7589000000007218[39m,
  biomeTime: [33m135.0561000000016[39m,
  resourceTime: [33m0.1275000000023283[39m,
  structureTime: [33m0.06030000001192093[39m,
  riverTime: [33m0.006099999998696148[39m,
  totalTime: [33m136.0286000000051[39m
}
Chunk (-2, -4) generation metrics: {
  terrainTime: [33m0.6046999999962281[39m,
  biomeTime: [33m148.69439999999304[39m,
  resourceTime: [33m0.12129999999888241[39m,
  structureTime: [33m0.06380000000353903[39m,
  riverTime: [33m0.05830000000423752[39m,
  totalTime: [33m149.5619000000006[39m
}
Chunk (-1, -4) generation metrics: {
  terrainTime: [33m0.6057999999902677[39m,
  biomeTime: [33m158.6308999999892[39m,
  resourceTime: [33m0.12780000000202563[39m,
  structureTime: [33m0.07660000000032596[39m,
  riverTime: [33m0.007299999997485429[39m,
  totalTime: [33m159.46859999999288[39m
}
Chunk (0, -4) generation metrics: {
  terrainTime: [33m0.6107000000047265[39m,
  biomeTime: [33m145.51369999999588[39m,
  resourceTime: [33m0.13479999999981374[39m,
  structureTime: [33m0.0727000000042608[39m,
  riverTime: [33m0.19009999999252614[39m,
  totalTime: [33m146.54290000000037[39m
}
Chunk (1, -4) generation metrics: {
  terrainTime: [33m0.6279000000067754[39m,
  biomeTime: [33m145.48949999999604[39m,
  resourceTime: [33m0.06889999999839347[39m,
  structureTime: [33m0.04910000000381842[39m,
  riverTime: [33m0.010399999999208376[39m,
  totalTime: [33m146.26489999999467[39m
}
Chunk (2, -4) generation metrics: {
  terrainTime: [33m0.40580000000773[39m,
  biomeTime: [33m144.2728000000061[39m,
  resourceTime: [33m0.5111000000033528[39m,
  structureTime: [33m0.06859999999869615[39m,
  riverTime: [33m0.0078000000066822395[39m,
  totalTime: [33m145.2853999999934[39m
}
Chunk (3, -4) generation metrics: {
  terrainTime: [33m0.6192000000010012[39m,
  biomeTime: [33m147.91849999999977[39m,
  resourceTime: [33m0.12910000000556465[39m,
  structureTime: [33m0.06800000001385342[39m,
  riverTime: [33m0.006899999993038364[39m,
  totalTime: [33m148.7621999999974[39m
}
Chunk (4, -4) generation metrics: {
  terrainTime: [33m3.618900000001304[39m,
  biomeTime: [33m150.35950000000594[39m,
  resourceTime: [33m0.117500000007567[39m,
  structureTime: [33m0.07630000000062864[39m,
  riverTime: [33m0.005600000004051253[39m,
  totalTime: [33m154.1988999999885[39m
}
Chunk (5, -4) generation metrics: {
  terrainTime: [33m0.5769000000000233[39m,
  biomeTime: [33m145.683400000009[39m,
  resourceTime: [33m0.12470000000030268[39m,
  structureTime: [33m0.06519999999727588[39m,
  riverTime: [33m0.01759999999194406[39m,
  totalTime: [33m146.4890000000014[39m
}
Chunk (-5, -3) generation metrics: {
  terrainTime: [33m0.546699999991688[39m,
  biomeTime: [33m144.47999999999593[39m,
  resourceTime: [33m0.12390000000596046[39m,
  structureTime: [33m0.04700000000593718[39m,
  riverTime: [33m0.03500000000349246[39m,
  totalTime: [33m145.2497000000003[39m
}
Chunk (-4, -3) generation metrics: {
  terrainTime: [33m0.5813000000052853[39m,
  biomeTime: [33m153.6201000000001[39m,
  resourceTime: [33m0.12660000000323635[39m,
  structureTime: [33m0.05680000000575092[39m,
  riverTime: [33m0.007400000002235174[39m,
  totalTime: [33m154.4100999999937[39m
}
Chunk (-3, -3) generation metrics: {
  terrainTime: [33m0.6177000000025146[39m,
  biomeTime: [33m194.15439999999944[39m,
  resourceTime: [33m0.12519999999494758[39m,
  structureTime: [33m0.05620000000635628[39m,
  riverTime: [33m0.006299999993643723[39m,
  totalTime: [33m194.97819999999774[39m
}
Chunk (-2, -3) generation metrics: {
  terrainTime: [33m0.6005000000004657[39m,
  biomeTime: [33m176.33780000000843[39m,
  resourceTime: [33m0.11959999999089632[39m,
  structureTime: [33m0.05139999999664724[39m,
  riverTime: [33m0.04679999999643769[39m,
  totalTime: [33m177.17399999999907[39m
}
Chunk (-1, -3) generation metrics: {
  terrainTime: [33m0.6204999999899883[39m,
  biomeTime: [33m166.89040000000386[39m,
  resourceTime: [33m0.12410000000090804[39m,
  structureTime: [33m0.051599999991594814[39m,
  riverTime: [33m0.051200000001699664[39m,
  totalTime: [33m167.75399999998626[39m
}
Chunk (0, -3) generation metrics: {
  terrainTime: [33m0.6031999999977415[39m,
  biomeTime: [33m182.09269999999378[39m,
  resourceTime: [33m0.12360000000626314[39m,
  structureTime: [33m0.060500000006868504[39m,
  riverTime: [33m0.006099999998696148[39m,
  totalTime: [33m182.9021999999968[39m
}
Chunk (1, -3) generation metrics: {
  terrainTime: [33m0.6114999999990687[39m,
  biomeTime: [33m158.82380000001285[39m,
  resourceTime: [33m0.12420000000565778[39m,
  structureTime: [33m0.05920000000332948[39m,
  riverTime: [33m0.005999999993946403[39m,
  totalTime: [33m159.64100000000326[39m
}
Chunk (2, -3) generation metrics: {
  terrainTime: [33m0.6068999999988591[39m,
  biomeTime: [33m165.45630000000529[39m,
  resourceTime: [33m0.0786999999982072[39m,
  structureTime: [33m0.044200000003911555[39m,
  riverTime: [33m0.02659999999741558[39m,
  totalTime: [33m166.23119999999471[39m
}
Chunk (3, -3) generation metrics: {
  terrainTime: [33m0.41449999999895226[39m,
  biomeTime: [33m143.02490000000398[39m,
  resourceTime: [33m0.12260000000242144[39m,
  structureTime: [33m0.053899999998975545[39m,
  riverTime: [33m0.060200000007171184[39m,
  totalTime: [33m143.68929999999818[39m
}
Chunk (4, -3) generation metrics: {
  terrainTime: [33m0.59330000000773[39m,
  biomeTime: [33m151.96570000000065[39m,
  resourceTime: [33m0.12440000000060536[39m,
  structureTime: [33m0.06309999999939464[39m,
  riverTime: [33m0.0060000000084983185[39m,
  totalTime: [33m152.77039999999397[39m
}
Chunk (5, -3) generation metrics: {
  terrainTime: [33m1.0722999999998137[39m,
  biomeTime: [33m176.31040000000212[39m,
  resourceTime: [33m0.12459999999555293[39m,
  structureTime: [33m0.05890000000363216[39m,
  riverTime: [33m0.007400000002235174[39m,
  totalTime: [33m177.59229999998934[39m
}
Chunk (-5, -2) generation metrics: {
  terrainTime: [33m0.6085000000020955[39m,
  biomeTime: [33m147.95059999999648[39m,
  resourceTime: [33m0.12610000000859145[39m,
  structureTime: [33m0.06680000000051223[39m,
  riverTime: [33m0.006500000003143214[39m,
  totalTime: [33m148.77559999999357[39m
}
Chunk (-4, -2) generation metrics: {
  terrainTime: [33m0.613100000002305[39m,
  biomeTime: [33m154.39970000000903[39m,
  resourceTime: [33m0.12669999999343418[39m,
  structureTime: [33m0.056299999996554106[39m,
  riverTime: [33m0.007299999997485429[39m,
  totalTime: [33m155.22090000000026[39m
}
Chunk (-3, -2) generation metrics: {
  terrainTime: [33m0.5910000000003492[39m,
  biomeTime: [33m168.3127999999997[39m,
  resourceTime: [33m0.12730000000738073[39m,
  structureTime: [33m0.053399999989778735[39m,
  riverTime: [33m0.006999999997788109[39m,
  totalTime: [33m169.10990000001038[39m
}
Chunk (-2, -2) generation metrics: {
  terrainTime: [33m0.8343999999924563[39m,
  biomeTime: [33m157.84079999999085[39m,
  resourceTime: [33m0.1287000000011176[39m,
  structureTime: [33m0.049299999998766[39m,
  riverTime: [33m0.017399999996996485[39m,
  totalTime: [33m158.8871000000072[39m
}
Chunk (-1, -2) generation metrics: {
  terrainTime: [33m1.097299999993993[39m,
  biomeTime: [33m159.74770000000717[39m,
  resourceTime: [33m0.07030000000668224[39m,
  structureTime: [33m0.046399999991990626[39m,
  riverTime: [33m0.030899999997927807[39m,
  totalTime: [33m161.00729999999749[39m
}
Chunk (0, -2) generation metrics: {
  terrainTime: [33m0.4048999999940861[39m,
  biomeTime: [33m158.37870000000112[39m,
  resourceTime: [33m0.8755999999993946[39m,
  structureTime: [33m0.1384000000107335[39m,
  riverTime: [33m0.006599999993341044[39m,
  totalTime: [33m159.8182000000088[39m
}
Chunk (1, -2) generation metrics: {
  terrainTime: [33m1.0886000000027707[39m,
  biomeTime: [33m155.2664999999979[39m,
  resourceTime: [33m0.07190000000991859[39m,
  structureTime: [33m0.04179999999178108[39m,
  riverTime: [33m0.004300000000512227[39m,
  totalTime: [33m156.4886000000115[39m
}
Chunk (2, -2) generation metrics: {
  terrainTime: [33m0.5905999999959022[39m,
  biomeTime: [33m162.04880000000412[39m,
  resourceTime: [33m0.12489999999525025[39m,
  structureTime: [33m0.06829999999899883[39m,
  riverTime: [33m0.007199999992735684[39m,
  totalTime: [33m162.86009999999078[39m
}
Chunk (3, -2) generation metrics: {
  terrainTime: [33m1.5078000000066822[39m,
  biomeTime: [33m155.20890000001236[39m,
  resourceTime: [33m0.12669999999343418[39m,
  structureTime: [33m0.061700000005657785[39m,
  riverTime: [33m0.006299999993643723[39m,
  totalTime: [33m156.92889999999898[39m
}
Chunk (4, -2) generation metrics: {
  terrainTime: [33m0.6169999999983702[39m,
  biomeTime: [33m145.59849999999278[39m,
  resourceTime: [33m0.12459999999555293[39m,
  structureTime: [33m0.053599999999278225[39m,
  riverTime: [33m0.006100000013248064[39m,
  totalTime: [33m146.41690000001108[39m
}
Chunk (5, -2) generation metrics: {
  terrainTime: [33m0.5945999999967171[39m,
  biomeTime: [33m169.38230000001204[39m,
  resourceTime: [33m0.08499999999185093[39m,
  structureTime: [33m0.04830000000947621[39m,
  riverTime: [33m0.005000000004656613[39m,
  totalTime: [33m170.1316000000079[39m
}
Chunk (-5, -1) generation metrics: {
  terrainTime: [33m0.500899999999092[39m,
  biomeTime: [33m191.30890000000363[39m,
  resourceTime: [33m0.12639999999373686[39m,
  structureTime: [33m0.053299999999580905[39m,
  riverTime: [33m0.07799999999406282[39m,
  totalTime: [33m192.08520000000135[39m
}
Chunk (-4, -1) generation metrics: {
  terrainTime: [33m0.6327000000019325[39m,
  biomeTime: [33m142.8240000000078[39m,
  resourceTime: [33m0.0697000000072876[39m,
  structureTime: [33m0.044299999994109385[39m,
  riverTime: [33m0.05060000000230502[39m,
  totalTime: [33m143.63649999999325[39m
}
Chunk (-3, -1) generation metrics: {
  terrainTime: [33m0.40600000000267755[39m,
  biomeTime: [33m148.5951999999961[39m,
  resourceTime: [33m0.11849999999685679[39m,
  structureTime: [33m0.04820000000472646[39m,
  riverTime: [33m0.033699999999953434[39m,
  totalTime: [33m149.21659999999974[39m
}
Chunk (-2, -1) generation metrics: {
  terrainTime: [33m0.5317999999970198[39m,
  biomeTime: [33m160.46869999999763[39m,
  resourceTime: [33m0.12470000000030268[39m,
  structureTime: [33m0.07140000000072177[39m,
  riverTime: [33m0.03830000000016298[39m,
  totalTime: [33m161.25340000000142[39m
}
Chunk (-1, -1) generation metrics: {
  terrainTime: [33m0.597700000012992[39m,
  biomeTime: [33m153.24430000000575[39m,
  resourceTime: [33m0.13550000000395812[39m,
  structureTime: [33m0.05969999999797437[39m,
  riverTime: [33m0.10189999999420252[39m,
  totalTime: [33m154.16010000000824[39m
}
Chunk (0, -1) generation metrics: {
  terrainTime: [33m0.6154999999998836[39m,
  biomeTime: [33m189.86579999999958[39m,
  resourceTime: [33m0.11969999999564607[39m,
  structureTime: [33m0.05889999998908024[39m,
  riverTime: [33m0.006799999988288619[39m,
  totalTime: [33m190.71860000000743[39m
}
Chunk (1, -1) generation metrics: {
  terrainTime: [33m0.6135000000067521[39m,
  biomeTime: [33m165.1984000000084[39m,
  resourceTime: [33m0.1167999999888707[39m,
  structureTime: [33m0.053599999999278225[39m,
  riverTime: [33m0.035899999988032505[39m,
  totalTime: [33m166.03310000000056[39m
}
Chunk (2, -1) generation metrics: {
  terrainTime: [33m0.6077999999979511[39m,
  biomeTime: [33m148.36590000000433[39m,
  resourceTime: [33m0.11980000000039581[39m,
  structureTime: [33m0.06810000000405125[39m,
  riverTime: [33m0.006099999998696148[39m,
  totalTime: [33m149.18580000000657[39m
}
Chunk (3, -1) generation metrics: {
  terrainTime: [33m0.5970999999990454[39m,
  biomeTime: [33m140.46399999999267[39m,
  resourceTime: [33m0.12179999999352731[39m,
  structureTime: [33m0.0761999999958789[39m,
  riverTime: [33m0.008300000001327135[39m,
  totalTime: [33m141.28639999999723[39m
}
Chunk (4, -1) generation metrics: {
  terrainTime: [33m0.6037000000069384[39m,
  biomeTime: [33m153.59990000000107[39m,
  resourceTime: [33m0.12179999999352731[39m,
  structureTime: [33m0.0565000000060536[39m,
  riverTime: [33m0.029799999989336357[39m,
  totalTime: [33m154.42980000001262[39m
}
Chunk (5, -1) generation metrics: {
  terrainTime: [33m0.7577000000019325[39m,
  biomeTime: [33m148.27610000000277[39m,
  resourceTime: [33m0.1402000000089174[39m,
  structureTime: [33m0.06990000000223517[39m,
  riverTime: [33m0.04010000001289882[39m,
  totalTime: [33m149.3018000000011[39m
}
Chunk (-5, 0) generation metrics: {
  terrainTime: [33m0.6000000000058208[39m,
  biomeTime: [33m145.71519999999146[39m,
  resourceTime: [33m0.08580000000074506[39m,
  structureTime: [33m0.04910000000381842[39m,
  riverTime: [33m0.005000000004656613[39m,
  totalTime: [33m146.47470000000612[39m
}
Chunk (-4, 0) generation metrics: {
  terrainTime: [33m0.4103999999933876[39m,
  biomeTime: [33m143.33329999999842[39m,
  resourceTime: [33m0.07360000000335276[39m,
  structureTime: [33m0.046300000001792796[39m,
  riverTime: [33m0.004099999991012737[39m,
  totalTime: [33m143.8813000000082[39m
}
Chunk (-3, 0) generation metrics: {
  terrainTime: [33m0.42539999999280553[39m,
  biomeTime: [33m136.0728999999992[39m,
  resourceTime: [33m0.12129999999888241[39m,
  structureTime: [33m0.07959999999729916[39m,
  riverTime: [33m0.021500000002561137[39m,
  totalTime: [33m136.7402000000002[39m
}
Chunk (-2, 0) generation metrics: {
  terrainTime: [33m0.5909000000101514[39m,
  biomeTime: [33m132.55259999999544[39m,
  resourceTime: [33m0.1235000000015134[39m,
  structureTime: [33m0.055000000007566996[39m,
  riverTime: [33m0.031000000002677552[39m,
  totalTime: [33m133.36729999999807[39m
}
Chunk (-1, 0) generation metrics: {
  terrainTime: [33m0.6303999999945518[39m,
  biomeTime: [33m146.14860000000044[39m,
  resourceTime: [33m0.13089999998919666[39m,
  structureTime: [33m0.06279999999969732[39m,
  riverTime: [33m0.10540000000037253[39m,
  totalTime: [33m147.09769999999844[39m
}
Chunk (0, 0) generation metrics: {
  terrainTime: [33m0.6209000000089873[39m,
  biomeTime: [33m158.8926999999967[39m,
  resourceTime: [33m0.07390000000305008[39m,
  structureTime: [33m0.043099999995320104[39m,
  riverTime: [33m0.004000000000814907[39m,
  totalTime: [33m159.64919999999984[39m
}
Chunk (1, 0) generation metrics: {
  terrainTime: [33m0.4277999999903841[39m,
  biomeTime: [33m137.2430999999924[39m,
  resourceTime: [33m0.12989999999990687[39m,
  structureTime: [33m0.07660000000032596[39m,
  riverTime: [33m0.006299999993643723[39m,
  totalTime: [33m137.90119999999297[39m
}
Chunk (2, 0) generation metrics: {
  terrainTime: [33m0.6092999999964377[39m,
  biomeTime: [33m148.1143999999913[39m,
  resourceTime: [33m0.12259999998786952[39m,
  structureTime: [33m0.05580000000190921[39m,
  riverTime: [33m0.005699999994249083[39m,
  totalTime: [33m148.92639999999665[39m
}
Chunk (3, 0) generation metrics: {
  terrainTime: [33m0.609199999991688[39m,
  biomeTime: [33m140.6293999999907[39m,
  resourceTime: [33m0.13900000001012813[39m,
  structureTime: [33m0.045400000002700835[39m,
  riverTime: [33m0.005799999998998828[39m,
  totalTime: [33m141.44719999999506[39m
}
Chunk (4, 0) generation metrics: {
  terrainTime: [33m0.6004000000102678[39m,
  biomeTime: [33m152.2268999999942[39m,
  resourceTime: [33m0.14630000000761356[39m,
  structureTime: [33m0.10190000000875443[39m,
  riverTime: [33m0.008900000000721775[39m,
  totalTime: [33m153.15020000000368[39m
}
Chunk (5, 0) generation metrics: {
  terrainTime: [33m0.6931999999942491[39m,
  biomeTime: [33m147.6435000000056[39m,
  resourceTime: [33m0.14630000000761356[39m,
  structureTime: [33m0.07010000001173466[39m,
  riverTime: [33m0.007399999987683259[39m,
  totalTime: [33m148.58219999998983[39m
}
Chunk (-5, 1) generation metrics: {
  terrainTime: [33m0.6722999999910826[39m,
  biomeTime: [33m144.81560000000172[39m,
  resourceTime: [33m0.1264999999984866[39m,
  structureTime: [33m0.05730000000039581[39m,
  riverTime: [33m0.005799999998998828[39m,
  totalTime: [33m145.6996000000072[39m
}
Chunk (-4, 1) generation metrics: {
  terrainTime: [33m0.5905000000057044[39m,
  biomeTime: [33m156.30939999999828[39m,
  resourceTime: [33m0.12170000000332948[39m,
  structureTime: [33m0.055600000006961636[39m,
  riverTime: [33m0.005900000003748573[39m,
  totalTime: [33m157.1006999999954[39m
}
Chunk (-3, 1) generation metrics: {
  terrainTime: [33m0.6065999999991618[39m,
  biomeTime: [33m147.9831000000122[39m,
  resourceTime: [33m0.13250000000698492[39m,
  structureTime: [33m0.04869999999937136[39m,
  riverTime: [33m0.006600000007892959[39m,
  totalTime: [33m148.79390000000421[39m
}
Chunk (-2, 1) generation metrics: {
  terrainTime: [33m0.6114999999990687[39m,
  biomeTime: [33m155.46189999999478[39m,
  resourceTime: [33m0.1254999999946449[39m,
  structureTime: [33m0.0639999999984866[39m,
  riverTime: [33m0.010500000003958121[39m,
  totalTime: [33m156.29250000001048[39m
}
Chunk (-1, 1) generation metrics: {
  terrainTime: [33m0.623699999996461[39m,
  biomeTime: [33m160.44970000001194[39m,
  resourceTime: [33m0.1503999999986263[39m,
  structureTime: [33m0.06259999999019783[39m,
  riverTime: [33m0.007500000006984919[39m,
  totalTime: [33m161.3173999999999[39m
}
Chunk (0, 1) generation metrics: {
  terrainTime: [33m0.7183999999979278[39m,
  biomeTime: [33m160.3813000000082[39m,
  resourceTime: [33m0.13380000001052395[39m,
  structureTime: [33m0.05490000000281725[39m,
  riverTime: [33m0.006500000003143214[39m,
  totalTime: [33m161.31320000000414[39m
}
Chunk (1, 1) generation metrics: {
  terrainTime: [33m0.6644999999989523[39m,
  biomeTime: [33m152.16240000000107[39m,
  resourceTime: [33m0.12230000000272412[39m,
  structureTime: [33m0.05259999999543652[39m,
  riverTime: [33m0.006300000008195639[39m,
  totalTime: [33m153.0268999999971[39m
}
Chunk (2, 1) generation metrics: {
  terrainTime: [33m0.5761999999958789[39m,
  biomeTime: [33m136.52049999999872[39m,
  resourceTime: [33m0.1264999999984866[39m,
  structureTime: [33m0.05469999999331776[39m,
  riverTime: [33m0.0062000000034458935[39m,
  totalTime: [33m137.2997999999934[39m
}
Chunk (3, 1) generation metrics: {
  terrainTime: [33m1.1848000000027241[39m,
  biomeTime: [33m134.07209999999031[39m,
  resourceTime: [33m0.12220000001252629[39m,
  structureTime: [33m0.04649999999674037[39m,
  riverTime: [33m0.04250000001047738[39m,
  totalTime: [33m135.48549999999523[39m
}
Chunk (4, 1) generation metrics: {
  terrainTime: [33m0.5730000000039581[39m,
  biomeTime: [33m142.38319999999658[39m,
  resourceTime: [33m0.12059999999473803[39m,
  structureTime: [33m0.0639999999984866[39m,
  riverTime: [33m0.0062000000034458935[39m,
  totalTime: [33m143.1634999999951[39m
}
Chunk (5, 1) generation metrics: {
  terrainTime: [33m0.5702000000019325[39m,
  biomeTime: [33m150.59300000000803[39m,
  resourceTime: [33m0.1315000000031432[39m,
  structureTime: [33m1.1469000000070082[39m,
  riverTime: [33m0.009500000000116415[39m,
  totalTime: [33m152.46639999999024[39m
}
Chunk (-5, 2) generation metrics: {
  terrainTime: [33m0.597299999993993[39m,
  biomeTime: [33m157.29869999999937[39m,
  resourceTime: [33m0.11220000000321306[39m,
  structureTime: [33m0.05399999997462146[39m,
  riverTime: [33m0.007299999997485429[39m,
  totalTime: [33m158.08860000000277[39m
}
Chunk (-4, 2) generation metrics: {
  terrainTime: [33m0.5690000000176951[39m,
  biomeTime: [33m161.96960000001127[39m,
  resourceTime: [33m0.11890000000130385[39m,
  structureTime: [33m0.05859999998938292[39m,
  riverTime: [33m0.00829999998677522[39m,
  totalTime: [33m162.73990000001504[39m
}
Chunk (-3, 2) generation metrics: {
  terrainTime: [33m0.5948999999964144[39m,
  biomeTime: [33m148.98059999998077[39m,
  resourceTime: [33m0.07329999998910353[39m,
  structureTime: [33m0.051299999991897494[39m,
  riverTime: [33m0.0044000000052619725[39m,
  totalTime: [33m149.72370000000228[39m
}
Chunk (-2, 2) generation metrics: {
  terrainTime: [33m0.41020000001299195[39m,
  biomeTime: [33m152.67420000000857[39m,
  resourceTime: [33m0.1304999999993015[39m,
  structureTime: [33m0.06539999999222346[39m,
  riverTime: [33m0.0076000000117346644[39m,
  totalTime: [33m153.30609999998705[39m
}
Chunk (-1, 2) generation metrics: {
  terrainTime: [33m0.509699999995064[39m,
  biomeTime: [33m141.16929999997956[39m,
  resourceTime: [33m0.13089999998919666[39m,
  structureTime: [33m0.0565000000060536[39m,
  riverTime: [33m0.006099999998696148[39m,
  totalTime: [33m141.89240000001155[39m
}
Chunk (0, 2) generation metrics: {
  terrainTime: [33m0.602900000027148[39m,
  biomeTime: [33m158.9825000000128[39m,
  resourceTime: [33m0.13029999998980202[39m,
  structureTime: [33m0.060399999987566844[39m,
  riverTime: [33m0.0087000000057742[39m,
  totalTime: [33m159.81049999999232[39m
}
Chunk (1, 2) generation metrics: {
  terrainTime: [33m0.937900000018999[39m,
  biomeTime: [33m159.05960000000778[39m,
  resourceTime: [33m0.13200000001234002[39m,
  structureTime: [33m0.054700000007869676[39m,
  riverTime: [33m0.006800000002840534[39m,
  totalTime: [33m160.2088999999978[39m
}
Chunk (2, 2) generation metrics: {
  terrainTime: [33m1.1586999999999534[39m,
  biomeTime: [33m164.15099999998347[39m,
  resourceTime: [33m0.1215000000083819[39m,
  structureTime: [33m0.05259999999543652[39m,
  riverTime: [33m0.035100000008242205[39m,
  totalTime: [33m165.53719999999157[39m
}
Chunk (3, 2) generation metrics: {
  terrainTime: [33m0.6994999999878928[39m,
  biomeTime: [33m159.23089999999502[39m,
  resourceTime: [33m0.1339000000152737[39m,
  structureTime: [33m0.05850000001373701[39m,
  riverTime: [33m0.006900000007590279[39m,
  totalTime: [33m160.14809999999125[39m
}
Chunk (4, 2) generation metrics: {
  terrainTime: [33m0.5890999999828637[39m,
  biomeTime: [33m182.28659999999218[39m,
  resourceTime: [33m0.16219999999157153[39m,
  structureTime: [33m0.0625[39m,
  riverTime: [33m0.007199999992735684[39m,
  totalTime: [33m183.125[39m
}
Chunk (5, 2) generation metrics: {
  terrainTime: [33m0.7766999999876134[39m,
  biomeTime: [33m168.71379999999772[39m,
  resourceTime: [33m0.1578999999910593[39m,
  structureTime: [33m0.0679000000236556[39m,
  riverTime: [33m0.007500000006984919[39m,
  totalTime: [33m169.74760000000242[39m
}
Chunk (-5, 3) generation metrics: {
  terrainTime: [33m0.7065000000002328[39m,
  biomeTime: [33m168.47349999999278[39m,
  resourceTime: [33m0.12239999999292195[39m,
  structureTime: [33m0.07540000000153668[39m,
  riverTime: [33m0.007099999987985939[39m,
  totalTime: [33m169.40359999999055[39m
}
Chunk (-4, 3) generation metrics: {
  terrainTime: [33m0.5792999999830499[39m,
  biomeTime: [33m131.8171999999904[39m,
  resourceTime: [33m0.11810000002151355[39m,
  structureTime: [33m0.05069999999250285[39m,
  riverTime: [33m0.005600000004051253[39m,
  totalTime: [33m132.58840000000782[39m
}
Chunk (-3, 3) generation metrics: {
  terrainTime: [33m0.559399999998277[39m,
  biomeTime: [33m154.81630000000587[39m,
  resourceTime: [33m0.126700000022538[39m,
  structureTime: [33m0.05929999999352731[39m,
  riverTime: [33m0.006800000002840534[39m,
  totalTime: [33m155.58770000000368[39m
}
Chunk (-2, 3) generation metrics: {
  terrainTime: [33m0.6626000000105705[39m,
  biomeTime: [33m146.46390000000247[39m,
  resourceTime: [33m0.0737000000081025[39m,
  structureTime: [33m0.046400000021094456[39m,
  riverTime: [33m0.1376999999920372[39m,
  totalTime: [33m147.40050000001793[39m
}
Chunk (-1, 3) generation metrics: {
  terrainTime: [33m0.5776000000187196[39m,
  biomeTime: [33m139.87140000000363[39m,
  resourceTime: [33m0.12489999999525025[39m,
  structureTime: [33m0.04820000001927838[39m,
  riverTime: [33m0.1075999999884516[39m,
  totalTime: [33m140.74559999999474[39m
}
Chunk (0, 3) generation metrics: {
  terrainTime: [33m0.6142000000108965[39m,
  biomeTime: [33m146.3399999999965[39m,
  resourceTime: [33m0.12349999998696148[39m,
  structureTime: [33m0.06729999999515712[39m,
  riverTime: [33m0.005999999993946403[39m,
  totalTime: [33m147.20730000000913[39m
}
Chunk (1, 3) generation metrics: {
  terrainTime: [33m0.6125999999931082[39m,
  biomeTime: [33m152.37219999998342[39m,
  resourceTime: [33m0.1270000000076834[39m,
  structureTime: [33m0.060799999977461994[39m,
  riverTime: [33m0.12179999999352731[39m,
  totalTime: [33m153.3125[39m
}
Chunk (2, 3) generation metrics: {
  terrainTime: [33m0.605600000009872[39m,
  biomeTime: [33m153.4364999999816[39m,
  resourceTime: [33m0.12509999997564591[39m,
  structureTime: [33m0.07260000001406297[39m,
  riverTime: [33m0.006400000012945384[39m,
  totalTime: [33m154.26469999999972[39m
}
Chunk (3, 3) generation metrics: {
  terrainTime: [33m0.6146000000007916[39m,
  biomeTime: [33m145.00860000000102[39m,
  resourceTime: [33m0.13520000001881272[39m,
  structureTime: [33m0.06720000001951121[39m,
  riverTime: [33m0.005700000008800998[39m,
  totalTime: [33m145.84960000001593[39m
}
Chunk (4, 3) generation metrics: {
  terrainTime: [33m0.625[39m,
  biomeTime: [33m181.7955999999831[39m,
  resourceTime: [33m0.1379999999771826[39m,
  structureTime: [33m0.05819999999948777[39m,
  riverTime: [33m0.006800000002840534[39m,
  totalTime: [33m182.64139999999315[39m
}
Chunk (5, 3) generation metrics: {
  terrainTime: [33m0.6604000000224914[39m,
  biomeTime: [33m171.39180000001215[39m,
  resourceTime: [33m0.13899999999557622[39m,
  structureTime: [33m0.05760000000009313[39m,
  riverTime: [33m0.006699999998090789[39m,
  totalTime: [33m172.28030000001309[39m
}
Chunk (-5, 4) generation metrics: {
  terrainTime: [33m0.6754000000073574[39m,
  biomeTime: [33m155.465200000006[39m,
  resourceTime: [33m0.1190000000060536[39m,
  structureTime: [33m0.06339999998454005[39m,
  riverTime: [33m0.005700000008800998[39m,
  totalTime: [33m156.35010000001057[39m
}
Chunk (-4, 4) generation metrics: {
  terrainTime: [33m0.5866000000096392[39m,
  biomeTime: [33m143.02859999999055[39m,
  resourceTime: [33m0.11739999998826534[39m,
  structureTime: [33m0.051899999991292134[39m,
  riverTime: [33m0.005999999993946403[39m,
  totalTime: [33m143.8067999999912[39m
}
Chunk (-3, 4) generation metrics: {
  terrainTime: [33m0.5767999999807216[39m,
  biomeTime: [33m157.80160000000615[39m,
  resourceTime: [33m0.12089999997988343[39m,
  structureTime: [33m0.06429999999818392[39m,
  riverTime: [33m0.005499999999301508[39m,
  totalTime: [33m158.585299999977[39m
}
Chunk (-2, 4) generation metrics: {
  terrainTime: [33m0.5769000000145752[39m,
  biomeTime: [33m151.12709999998333[39m,
  resourceTime: [33m0.1190000000060536[39m,
  structureTime: [33m0.04829999999492429[39m,
  riverTime: [33m0.06699999998090789[39m,
  totalTime: [33m151.95699999999488[39m
}
Chunk (-1, 4) generation metrics: {
  terrainTime: [33m0.6137999999918975[39m,
  biomeTime: [33m162.11109999998007[39m,
  resourceTime: [33m0.27929999999469146[39m,
  structureTime: [33m0.053100000019185245[39m,
  riverTime: [33m0.1750999999931082[39m,
  totalTime: [33m163.24910000001546[39m
}
Chunk (0, 4) generation metrics: {
  terrainTime: [33m0.5996000000159256[39m,
  biomeTime: [33m161.5555999999924[39m,
  resourceTime: [33m0.13010000000940636[39m,
  structureTime: [33m0.08999999999650754[39m,
  riverTime: [33m0.007199999992735684[39m,
  totalTime: [33m162.39869999999064[39m
}
Chunk (1, 4) generation metrics: {
  terrainTime: [33m0.6576000000059139[39m,
  biomeTime: [33m186.40789999999106[39m,
  resourceTime: [33m0.1481999999959953[39m,
  structureTime: [33m0.06660000002011657[39m,
  riverTime: [33m0.18929999999818392[39m,
  totalTime: [33m187.49189999999362[39m
}
Chunk (2, 4) generation metrics: {
  terrainTime: [33m1.2207000000053085[39m,
  biomeTime: [33m168.3706999999995[39m,
  resourceTime: [33m0.12969999999040738[39m,
  structureTime: [33m0.050500000012107193[39m,
  riverTime: [33m0.05989999999292195[39m,
  totalTime: [33m169.8515999999945[39m
}
Chunk (3, 4) generation metrics: {
  terrainTime: [33m0.5872000000090338[39m,
  biomeTime: [33m155.25519999998505[39m,
  resourceTime: [33m0.12399999998160638[39m,
  structureTime: [33m0.06409999998868443[39m,
  riverTime: [33m0.10090000001946464[39m,
  totalTime: [33m156.14690000002156[39m
}
Chunk (4, 4) generation metrics: {
  terrainTime: [33m0.7594000000099186[39m,
  biomeTime: [33m152.69739999997546[39m,
  resourceTime: [33m0.16619999997783452[39m,
  structureTime: [33m0.09320000000298023[39m,
  riverTime: [33m0.17440000001806766[39m,
  totalTime: [33m153.90969999998924[39m
}
Chunk (5, 4) generation metrics: {
  terrainTime: [33m0.5846000000019558[39m,
  biomeTime: [33m140.83640000000014[39m,
  resourceTime: [33m0.06960000001708977[39m,
  structureTime: [33m0.04199999998672865[39m,
  riverTime: [33m0.07060000000637956[39m,
  totalTime: [33m141.6186999999918[39m
}
Chunk (-5, 5) generation metrics: {
  terrainTime: [33m1.114899999985937[39m,
  biomeTime: [33m131.84049999999115[39m,
  resourceTime: [33m0.07349999999860302[39m,
  structureTime: [33m0.046000000002095476[39m,
  riverTime: [33m0.15420000001904555[39m,
  totalTime: [33m133.24620000002324[39m
}
Chunk (-4, 5) generation metrics: {
  terrainTime: [33m0.41169999999692664[39m,
  biomeTime: [33m152.47390000001178[39m,
  resourceTime: [33m0.13579999998910353[39m,
  structureTime: [33m0.05749999999534339[39m,
  riverTime: [33m0.006300000008195639[39m,
  totalTime: [33m153.10169999999925[39m
}
Chunk (-3, 5) generation metrics: {
  terrainTime: [33m0.6001000000105705[39m,
  biomeTime: [33m151.12169999998878[39m,
  resourceTime: [33m0.13139999998384155[39m,
  structureTime: [33m0.05660000001080334[39m,
  riverTime: [33m0.007099999987985939[39m,
  totalTime: [33m151.93339999997988[39m
}
Chunk (-2, 5) generation metrics: {
  terrainTime: [33m0.415099999983795[39m,
  biomeTime: [33m137.4366999999911[39m,
  resourceTime: [33m0.1063000000140164[39m,
  structureTime: [33m0.04050000000279397[39m,
  riverTime: [33m0.0046999999904073775[39m,
  totalTime: [33m138.0169000000169[39m
}
Chunk (-1, 5) generation metrics: {
  terrainTime: [33m0.5908999999810476[39m,
  biomeTime: [33m153.0691999999981[39m,
  resourceTime: [33m0.12230000001727603[39m,
  structureTime: [33m0.05620000002090819[39m,
  riverTime: [33m0.009400000009918585[39m,
  totalTime: [33m153.86650000000373[39m
}
Chunk (0, 5) generation metrics: {
  terrainTime: [33m0.5951000000059139[39m,
  biomeTime: [33m159.7160000000149[39m,
  resourceTime: [33m0.11980000001494773[39m,
  structureTime: [33m0.053899999998975545[39m,
  riverTime: [33m0.005900000018300489[39m,
  totalTime: [33m160.50750000000698[39m
}
Chunk (1, 5) generation metrics: {
  terrainTime: [33m0.5847000000067055[39m,
  biomeTime: [33m201.13839999999618[39m,
  resourceTime: [33m0.14370000001508743[39m,
  structureTime: [33m0.05939999999827705[39m,
  riverTime: [33m0.006699999998090789[39m,
  totalTime: [33m201.95069999998668[39m
}
Chunk (2, 5) generation metrics: {
  terrainTime: [33m0.6912999999767635[39m,
  biomeTime: [33m168.21100000001024[39m,
  resourceTime: [33m0.12480000001960434[39m,
  structureTime: [33m0.06829999998444691[39m,
  riverTime: [33m0.005700000008800998[39m,
  totalTime: [33m169.12020000000484[39m
}
Chunk (3, 5) generation metrics: {
  terrainTime: [33m0.6030999999784399[39m,
  biomeTime: [33m158.164300000004[39m,
  resourceTime: [33m0.12600000001839362[39m,
  structureTime: [33m0.05710000000544824[39m,
  riverTime: [33m0.007199999992735684[39m,
  totalTime: [33m158.9771999999939[39m
}
Chunk (4, 5) generation metrics: {
  terrainTime: [33m0.5881999999983236[39m,
  biomeTime: [33m173.39869999999064[39m,
  resourceTime: [33m0.13210000001708977[39m,
  structureTime: [33m0.04839999999967404[39m,
  riverTime: [33m0.006699999998090789[39m,
  totalTime: [33m174.1886999999988[39m
}
Chunk (5, 5) generation metrics: {
  terrainTime: [33m0.5907999999762978[39m,
  biomeTime: [33m164.72039999999106[39m,
  resourceTime: [33m0.12719999998807907[39m,
  structureTime: [33m0.05910000001313165[39m,
  riverTime: [33m0.0565000000060536[39m,
  totalTime: [33m165.57159999999567[39m
}
Loaded 121 chunks in 18964.10ms

[90mstdout[2m | demo/src/core/DemoApp.lod.integration.test.ts[2m > [22m[2mDemoApp - LOD System Integration[2m > [22m[2mLOD Level Calculation (Requirement 7.1)[2m > [22m[2mshould calculate HIGH LOD for chunks close to camera[22m[39m
DemoApp initialized successfully

[90mstdout[2m | demo/src/core/DemoApp.lod.integration.test.ts[2m > [22m[2mDemoApp - LOD System Integration[2m > [22m[2mLOD Level Calculation (Requirement 7.1)[2m > [22m[2mshould calculate MEDIUM LOD for chunks at medium distance[22m[39m
DemoApp initialized successfully

[90mstdout[2m | demo/src/core/DemoApp.lod.integration.test.ts[2m > [22m[2mDemoApp - LOD System Integration[2m > [22m[2mLOD Level Calculation (Requirement 7.1)[2m > [22m[2mshould calculate LOW LOD for chunks far from camera[22m[39m
DemoApp initialized successfully

[90mstdout[2m | demo/src/core/DemoApp.lod.integration.test.ts[2m > [22m[2mDemoApp - LOD System Integration[2m > [22m[2mLOD Level Calculation (Requirement 7.1)[2m > [22m[2mshould use distance thresholds from config[22m[39m
DemoApp initialized successfully

[90mstdout[2m | demo/src/core/DemoApp.lod.integration.test.ts[2m > [22m[2mDemoApp - LOD System Integration[2m > [22m[2mLOD Configuration Management (Requirement 7.1)[2m > [22m[2mshould initialize without LOD manager by default[22m[39m
DemoApp initialized successfully

[90mstdout[2m | demo/src/core/DemoApp.lod.integration.test.ts[2m > [22m[2mDemoApp - LOD System Integration[2m > [22m[2mLOD Configuration Management (Requirement 7.1)[2m > [22m[2mshould create LOD manager when LOD config is set[22m[39m
DemoApp initialized successfully

[90mstdout[2m | demo/src/core/DemoApp.lod.integration.test.ts[2m > [22m[2mDemoApp - LOD System Integration[2m > [22m[2mLOD Configuration Management (Requirement 7.1)[2m > [22m[2mshould remove LOD manager when LOD config is disabled[22m[39m
DemoApp initialized successfully

[90mstdout[2m | demo/src/core/DemoApp.lod.integration.test.ts[2m > [22m[2mDemoApp - LOD System Integration[2m > [22m[2mLOD Configuration Management (Requirement 7.1)[2m > [22m[2mshould apply LOD to chunks when loading with LOD enabled[22m[39m
DemoApp initialized successfully
Chunk (-2, -2) generation metrics: {
  terrainTime: [33m0.6000999999814667[39m,
  biomeTime: [33m193.74969999998575[39m,
  resourceTime: [33m0.12510000000474975[39m,
  structureTime: [33m0.05739999999059364[39m,
  riverTime: [33m0.019299999985378236[39m,
  totalTime: [33m194.57120000000577[39m
}
Chunk (-1, -2) generation metrics: {
  terrainTime: [33m0.641700000007404[39m,
  biomeTime: [33m166.63019999998505[39m,
  resourceTime: [33m0.1429000000061933[39m,
  structureTime: [33m0.0654999999969732[39m,
  riverTime: [33m0.051500000001396984[39m,
  totalTime: [33m167.55139999999665[39m
}
Chunk (0, -2) generation metrics: {
  terrainTime: [33m0.7572999999974854[39m,
  biomeTime: [33m194.3691000000108[39m,
  resourceTime: [33m0.11530000000493601[39m,
  structureTime: [33m0.06789999999455176[39m,
  riverTime: [33m0.007099999987985939[39m,
  totalTime: [33m195.3353000000061[39m
}
Chunk (1, -2) generation metrics: {
  terrainTime: [33m0.5918999999994412[39m,
  biomeTime: [33m150.33600000001024[39m,
  resourceTime: [33m0.12859999999636784[39m,
  structureTime: [33m0.06070000000181608[39m,
  riverTime: [33m0.006799999973736703[39m,
  totalTime: [33m151.14139999999315[39m
}
Chunk (2, -2) generation metrics: {
  terrainTime: [33m0.6111000000091735[39m,
  biomeTime: [33m146.26529999999912[39m,
  resourceTime: [33m0.12149999997927807[39m,
  structureTime: [33m0.06739999999990687[39m,
  riverTime: [33m0.005700000008800998[39m,
  totalTime: [33m147.0899999999965[39m
}
Chunk (-2, -1) generation metrics: {
  terrainTime: [33m0.5714999999909196[39m,
  biomeTime: [33m142.6487999999954[39m,
  resourceTime: [33m0.11449999999604188[39m,
  structureTime: [33m0.06109999999171123[39m,
  riverTime: [33m0.03620000000228174[39m,
  totalTime: [33m143.44700000001467[39m
}
Chunk (-1, -1) generation metrics: {
  terrainTime: [33m0.5638999999791849[39m,
  biomeTime: [33m145.8798999999999[39m,
  resourceTime: [33m0.13060000000405125[39m,
  structureTime: [33m0.054100000008475035[39m,
  riverTime: [33m0.10250000000814907[39m,
  totalTime: [33m146.74760000000242[39m
}
Chunk (0, -1) generation metrics: {
  terrainTime: [33m0.6071999999985565[39m,
  biomeTime: [33m157.33339999997406[39m,
  resourceTime: [33m0.12659999998868443[39m,
  structureTime: [33m0.05480000001261942[39m,
  riverTime: [33m0.006699999998090789[39m,
  totalTime: [33m158.17919999998412[39m
}
Chunk (1, -1) generation metrics: {
  terrainTime: [33m0.6193000000203028[39m,
  biomeTime: [33m149.62679999999818[39m,
  resourceTime: [33m0.12129999999888241[39m,
  structureTime: [33m0.0590000000083819[39m,
  riverTime: [33m0.03659999999217689[39m,
  totalTime: [33m150.48050000000512[39m
}
Chunk (2, -1) generation metrics: {
  terrainTime: [33m0.5930999999982305[39m,
  biomeTime: [33m147.9489000000176[39m,
  resourceTime: [33m0.12989999999990687[39m,
  structureTime: [33m0.07180000000516884[39m,
  riverTime: [33m0.007000000012340024[39m,
  totalTime: [33m148.76990000001388[39m
}
Chunk (-2, 0) generation metrics: {
  terrainTime: [33m0.616600000008475[39m,
  biomeTime: [33m144.16730000000098[39m,
  resourceTime: [33m0.12299999999231659[39m,
  structureTime: [33m0.16099999999278225[39m,
  riverTime: [33m0.0420999999914784[39m,
  totalTime: [33m145.12859999999637[39m
}
Chunk (-1, 0) generation metrics: {
  terrainTime: [33m0.5913000000000466[39m,
  biomeTime: [33m141.89939999999478[39m,
  resourceTime: [33m0.11920000001555309[39m,
  structureTime: [33m0.0734000000229571[39m,
  riverTime: [33m0.10240000000339933[39m,
  totalTime: [33m142.80489999998827[39m
}
Chunk (0, 0) generation metrics: {
  terrainTime: [33m2.0064000000129454[39m,
  biomeTime: [33m141.2141999999876[39m,
  resourceTime: [33m0.12030000000959262[39m,
  structureTime: [33m0.059600000007776543[39m,
  riverTime: [33m0.0076000000117346644[39m,
  totalTime: [33m143.4267000000109[39m
}
Chunk (1, 0) generation metrics: {
  terrainTime: [33m0.5687000000034459[39m,
  biomeTime: [33m134.9956999999995[39m,
  resourceTime: [33m0.13010000000940636[39m,
  structureTime: [33m0.068200000008801[39m,
  riverTime: [33m0.006699999998090789[39m,
  totalTime: [33m135.78729999999632[39m
}
Chunk (2, 0) generation metrics: {
  terrainTime: [33m0.618400000006659[39m,
  biomeTime: [33m129.5460000000021[39m,
  resourceTime: [33m0.08409999997820705[39m,
  structureTime: [33m0.06580000001122244[39m,
  riverTime: [33m0.007100000017089769[39m,
  totalTime: [33m130.3408000000054[39m
}
Chunk (-2, 1) generation metrics: {
  terrainTime: [33m0.6132000000216067[39m,
  biomeTime: [33m166.0510999999824[39m,
  resourceTime: [33m0.3251999999920372[39m,
  structureTime: [33m0.062000000005355105[39m,
  riverTime: [33m0.006599999993341044[39m,
  totalTime: [33m167.0810000000056[39m
}
Chunk (-1, 1) generation metrics: {
  terrainTime: [33m0.5938000000023749[39m,
  biomeTime: [33m124.3465000000142[39m,
  resourceTime: [33m0.10629999998491257[39m,
  structureTime: [33m0.05660000001080334[39m,
  riverTime: [33m0.007200000021839514[39m,
  totalTime: [33m125.12770000001183[39m
}
Chunk (0, 1) generation metrics: {
  terrainTime: [33m0.5331000000005588[39m,
  biomeTime: [33m146.98070000001462[39m,
  resourceTime: [33m0.1316999999980908[39m,
  structureTime: [33m0.05439999999362044[39m,
  riverTime: [33m0.10260000001289882[39m,
  totalTime: [33m147.8288000000175[39m
}
Chunk (1, 1) generation metrics: {
  terrainTime: [33m0.5913000000000466[39m,
  biomeTime: [33m166.27760000000126[39m,
  resourceTime: [33m1.5517000000108965[39m,
  structureTime: [33m0.05259999999543652[39m,
  riverTime: [33m0.00789999999688007[39m,
  totalTime: [33m168.5001999999804[39m
}
Chunk (2, 1) generation metrics: {
  terrainTime: [33m0.588900000002468[39m,
  biomeTime: [33m168.296399999992[39m,
  resourceTime: [33m0.12559999999939464[39m,
  structureTime: [33m0.059999999997671694[39m,
  riverTime: [33m0.007199999992735684[39m,
  totalTime: [33m169.09930000000168[39m
}
Chunk (-2, 2) generation metrics: {
  terrainTime: [33m0.5755000000062864[39m,
  biomeTime: [33m164.36350000000675[39m,
  resourceTime: [33m0.1224999999976717[39m,
  structureTime: [33m0.05180000001564622[39m,
  riverTime: [33m0.010999999998603016[39m,
  totalTime: [33m165.140699999989[39m
}
Chunk (-1, 2) generation metrics: {
  terrainTime: [33m0.6140999999770429[39m,
  biomeTime: [33m163.47990000000573[39m,
  resourceTime: [33m0.1316999999980908[39m,
  structureTime: [33m0.05919999998877756[39m,
  riverTime: [33m0.007000000012340024[39m,
  totalTime: [33m164.30730000001495[39m
}
Chunk (0, 2) generation metrics: {
  terrainTime: [33m0.6086999999824911[39m,
  biomeTime: [33m160.36000000001513[39m,
  resourceTime: [33m0.12679999999818392[39m,
  structureTime: [33m0.054100000008475035[39m,
  riverTime: [33m0.013000000006286427[39m,
  totalTime: [33m161.1811999999918[39m
}
Chunk (1, 2) generation metrics: {
  terrainTime: [33m0.6520000000018626[39m,
  biomeTime: [33m146.95999999999185[39m,
  resourceTime: [33m0.12860000002547167[39m,
  structureTime: [33m0.05869999999413267[39m,
  riverTime: [33m0.00830000001587905[39m,
  totalTime: [33m147.82520000002114[39m
}
Chunk (2, 2) generation metrics: {
  terrainTime: [33m0.610899999999674[39m,
  biomeTime: [33m149.18549999999232[39m,
  resourceTime: [33m0.1252000000094995[39m,
  structureTime: [33m0.06230000001960434[39m,
  riverTime: [33m0.03759999998146668[39m,
  totalTime: [33m150.0390999999945[39m
}
Loaded 25 chunks in 3871.75ms

[90mstdout[2m | demo/src/core/DemoApp.lod.integration.test.ts[2m > [22m[2mDemoApp - LOD System Integration[2m > [22m[2mFull LOD Workflow Integration (Task 8)[2m > [22m[2mshould complete full LOD workflow without errors[22m[39m
DemoApp initialized successfully
Chunk (-1, -1) generation metrics: {
  terrainTime: [33m0.626700000022538[39m,
  biomeTime: [33m141.88369999997667[39m,
  resourceTime: [33m0.13010000000940636[39m,
  structureTime: [33m0.0717000000004191[39m,
  riverTime: [33m0.13409999999566935[39m,
  totalTime: [33m142.86329999999725[39m
}
Chunk (0, -1) generation metrics: {
  terrainTime: [33m0.6420999999972992[39m,
  biomeTime: [33m136.8027000000002[39m,
  resourceTime: [33m0.1275000000023283[39m,
  structureTime: [33m0.0774000000092201[39m,
  riverTime: [33m0.009200000000419095[39m,
  totalTime: [33m137.68439999999828[39m
}
Chunk (1, -1) generation metrics: {
  terrainTime: [33m0.6420000000216532[39m,
  biomeTime: [33m135.73459999999614[39m,
  resourceTime: [33m0.13230000002658926[39m,
  structureTime: [33m0.056799999991199[39m,
  riverTime: [33m0.007299999997485429[39m,
  totalTime: [33m136.58969999998226[39m
}
Chunk (-1, 0) generation metrics: {
  terrainTime: [33m0.6381999999866821[39m,
  biomeTime: [33m139.43539999998757[39m,
  resourceTime: [33m0.12940000000526197[39m,
  structureTime: [33m0.07560000001103617[39m,
  riverTime: [33m0.183500000013737[39m,
  totalTime: [33m140.4822999999742[39m
}
Chunk (0, 0) generation metrics: {
  terrainTime: [33m0.6187999999965541[39m,
  biomeTime: [33m185.74599999998463[39m,
  resourceTime: [33m0.12560000002849847[39m,
  structureTime: [33m0.0597999999881722[39m,
  riverTime: [33m0.008200000011129305[39m,
  totalTime: [33m186.5752999999968[39m
}
Chunk (1, 0) generation metrics: {
  terrainTime: [33m0.6309000000183005[39m,
  biomeTime: [33m128.08830000000307[39m,
  resourceTime: [33m0.13250000000698492[39m,
  structureTime: [33m0.05539999998291023[39m,
  riverTime: [33m0.006600000022444874[39m,
  totalTime: [33m128.93009999999776[39m
}
Chunk (-1, 1) generation metrics: {
  terrainTime: [33m0.633800000010524[39m,
  biomeTime: [33m144.12170000001788[39m,
  resourceTime: [33m0.1222999999881722[39m,
  structureTime: [33m0.05419999998412095[39m,
  riverTime: [33m0.010500000003958121[39m,
  totalTime: [33m144.960299999977[39m
}
Chunk (0, 1) generation metrics: {
  terrainTime: [33m0.5828000000037719[39m,
  biomeTime: [33m133.33580000000075[39m,
  resourceTime: [33m0.12090000000898726[39m,
  structureTime: [33m0.053899999998975545[39m,
  riverTime: [33m0.016900000016903505[39m,
  totalTime: [33m134.12870000000112[39m
}
Chunk (1, 1) generation metrics: {
  terrainTime: [33m0.5996000000159256[39m,
  biomeTime: [33m151.4942999999912[39m,
  resourceTime: [33m0.12299999999231659[39m,
  structureTime: [33m0.07039999999688007[39m,
  riverTime: [33m0.007000000012340024[39m,
  totalTime: [33m152.31020000000717[39m
}
Loaded 9 chunks in 1306.25ms
World generated with seed: 54321
Chunk (-3, -3) generation metrics: {
  terrainTime: [33m0.6065999999991618[39m,
  biomeTime: [33m148.023600000015[39m,
  resourceTime: [33m0.12299999999231659[39m,
  structureTime: [33m0.06270000000949949[39m,
  riverTime: [33m0.007000000012340024[39m,
  totalTime: [33m148.84030000001076[39m
}
Chunk (-2, -3) generation metrics: {
  terrainTime: [33m0.6107999999949243[39m,
  biomeTime: [33m141.5623000000196[39m,
  resourceTime: [33m0.12559999999939464[39m,
  structureTime: [33m0.06610000002547167[39m,
  riverTime: [33m0.006400000012945384[39m,
  totalTime: [33m142.39020000002347[39m
}
Chunk (-1, -3) generation metrics: {
  terrainTime: [33m0.599900000001071[39m,
  biomeTime: [33m136.34329999997863[39m,
  resourceTime: [33m0.13229999999748543[39m,
  structureTime: [33m0.05969999998342246[39m,
  riverTime: [33m0.006800000002840534[39m,
  totalTime: [33m137.1588000000047[39m
}
Chunk (0, -3) generation metrics: {
  terrainTime: [33m0.6160000000090804[39m,
  biomeTime: [33m137.6420999999973[39m,
  resourceTime: [33m0.1270000000076834[39m,
  structureTime: [33m0.053699999989476055[39m,
  riverTime: [33m0.036099999997531995[39m,
  totalTime: [33m138.49150000000373[39m
}
Chunk (1, -3) generation metrics: {
  terrainTime: [33m0.6088000000163447[39m,
  biomeTime: [33m166.84779999998864[39m,
  resourceTime: [33m0.12819999997736886[39m,
  structureTime: [33m0.04839999999967404[39m,
  riverTime: [33m0.0956000000005588[39m,
  totalTime: [33m167.7768999999971[39m
}
Chunk (2, -3) generation metrics: {
  terrainTime: [33m0.6149999999906868[39m,
  biomeTime: [33m190.50400000001537[39m,
  resourceTime: [33m0.11060000001452863[39m,
  structureTime: [33m0.07189999998081475[39m,
  riverTime: [33m0.007100000017089769[39m,
  totalTime: [33m191.32910000000265[39m
}
Chunk (3, -3) generation metrics: {
  terrainTime: [33m0.6052999999956228[39m,
  biomeTime: [33m171.69109999999637[39m,
  resourceTime: [33m0.12380000000121072[39m,
  structureTime: [33m0.04870000001392327[39m,
  riverTime: [33m0.006400000012945384[39m,
  totalTime: [33m172.4936999999918[39m
}
Chunk (-3, -2) generation metrics: {
  terrainTime: [33m0.5911000000196509[39m,
  biomeTime: [33m164.80789999998524[39m,
  resourceTime: [33m0.12369999999646097[39m,
  structureTime: [33m0.05439999999362044[39m,
  riverTime: [33m0.1907999999821186[39m,
  totalTime: [33m165.7844000000041[39m
}
Chunk (-2, -2) generation metrics: {
  terrainTime: [33m0.5976000000082422[39m,
  biomeTime: [33m163.38470000002417[39m,
  resourceTime: [33m0.1633999999903608[39m,
  structureTime: [33m0.0799000000115484[39m,
  riverTime: [33m0.007099999987985939[39m,
  totalTime: [33m164.2510000000184[39m
}
Chunk (-1, -2) generation metrics: {
  terrainTime: [33m0.7759000000078231[39m,
  biomeTime: [33m180.11650000000373[39m,
  resourceTime: [33m0.1451999999990221[39m,
  structureTime: [33m0.06070000000181608[39m,
  riverTime: [33m0.006599999993341044[39m,
  totalTime: [33m181.1246000000101[39m
}
Chunk (0, -2) generation metrics: {
  terrainTime: [33m0.6918000000005122[39m,
  biomeTime: [33m161.1663000000117[39m,
  resourceTime: [33m0.06829999998444691[39m,
  structureTime: [33m0.04490000000805594[39m,
  riverTime: [33m0.04409999999916181[39m,
  totalTime: [33m162.03020000000834[39m
}
Chunk (1, -2) generation metrics: {
  terrainTime: [33m0.42120000001159497[39m,
  biomeTime: [33m136.04769999999553[39m,
  resourceTime: [33m0.10580000001937151[39m,
  structureTime: [33m0.05219999997643754[39m,
  riverTime: [33m0.1633000000147149[39m,
  totalTime: [33m136.80260000002454[39m
}
Chunk (2, -2) generation metrics: {
  terrainTime: [33m0.9851000000198837[39m,
  biomeTime: [33m145.84979999999632[39m,
  resourceTime: [33m0.123299999977462[39m,
  structureTime: [33m0.06409999998868443[39m,
  riverTime: [33m0.006599999993341044[39m,
  totalTime: [33m147.04759999999078[39m
}
Chunk (3, -2) generation metrics: {
  terrainTime: [33m0.5709000000206288[39m,
  biomeTime: [33m135.32680000000983[39m,
  resourceTime: [33m0.17290000000502914[39m,
  structureTime: [33m0.05919999998877756[39m,
  riverTime: [33m0.12069999999948777[39m,
  totalTime: [33m136.26939999999013[39m
}
Chunk (-3, -1) generation metrics: {
  terrainTime: [33m0.629400000005262[39m,
  biomeTime: [33m148.8126999999804[39m,
  resourceTime: [33m0.1312000000034459[39m,
  structureTime: [33m0.07110000000102445[39m,
  riverTime: [33m0.05929999999352731[39m,
  totalTime: [33m149.7231000000029[39m
}
Chunk (-2, -1) generation metrics: {
  terrainTime: [33m0.6128999999782536[39m,
  biomeTime: [33m133.7494000000006[39m,
  resourceTime: [33m0.12419999999110587[39m,
  structureTime: [33m0.06779999998980202[39m,
  riverTime: [33m0.1337000000057742[39m,
  totalTime: [33m134.70429999998305[39m
}
Chunk (2, -1) generation metrics: {
  terrainTime: [33m0.6119999999937136[39m,
  biomeTime: [33m143.17860000001383[39m,
  resourceTime: [33m0.12880000000586733[39m,
  structureTime: [33m0.054499999998370185[39m,
  riverTime: [33m0.006600000022444874[39m,
  totalTime: [33m143.996300000028[39m
}
Chunk (3, -1) generation metrics: {
  terrainTime: [33m0.6125000000174623[39m,
  biomeTime: [33m180.91649999999208[39m,
  resourceTime: [33m0.08100000000558794[39m,
  structureTime: [33m0.05839999997988343[39m,
  riverTime: [33m0.061199999996460974[39m,
  totalTime: [33m181.74790000001667[39m
}
Chunk (-3, 0) generation metrics: {
  terrainTime: [33m0.47250000000349246[39m,
  biomeTime: [33m157.10550000000512[39m,
  resourceTime: [33m0.12769999998272397[39m,
  structureTime: [33m0.055900000006658956[39m,
  riverTime: [33m0.0503000000026077[39m,
  totalTime: [33m157.82740000000922[39m
}
Chunk (-2, 0) generation metrics: {
  terrainTime: [33m0.6505999999935739[39m,
  biomeTime: [33m128.60050000000047[39m,
  resourceTime: [33m0.10370000000693835[39m,
  structureTime: [33m0.09360000002197921[39m,
  riverTime: [33m0.05019999999785796[39m,
  totalTime: [33m129.51540000000386[39m
}
Chunk (2, 0) generation metrics: {
  terrainTime: [33m0.5852999999769963[39m,
  biomeTime: [33m144.25260000000708[39m,
  resourceTime: [33m0.11560000001918525[39m,
  structureTime: [33m0.05160000000614673[39m,
  riverTime: [33m0.005600000004051253[39m,
  totalTime: [33m145.03010000000359[39m
}
Chunk (3, 0) generation metrics: {
  terrainTime: [33m0.5568999999959487[39m,
  biomeTime: [33m128.7226999999839[39m,
  resourceTime: [33m0.12330000000656582[39m,
  structureTime: [33m0.07189999998081475[39m,
  riverTime: [33m0.006900000007590279[39m,
  totalTime: [33m129.5002000000095[39m
}
Chunk (-3, 1) generation metrics: {
  terrainTime: [33m0.5806999999913387[39m,
  biomeTime: [33m140.18980000002193[39m,
  resourceTime: [33m0.12429999999585561[39m,
  structureTime: [33m0.0560000000114087[39m,
  riverTime: [33m0.0062000000034458935[39m,
  totalTime: [33m140.97370000000228[39m
}
Chunk (-2, 1) generation metrics: {
  terrainTime: [33m0.5952000000106636[39m,
  biomeTime: [33m150.04710000002524[39m,
  resourceTime: [33m0.12780000001657754[39m,
  structureTime: [33m0.05809999999473803[39m,
  riverTime: [33m0.006300000008195639[39m,
  totalTime: [33m150.851800000004[39m
}
Chunk (2, 1) generation metrics: {
  terrainTime: [33m0.8964999999734573[39m,
  biomeTime: [33m149.01010000001406[39m,
  resourceTime: [33m0.07490000000689179[39m,
  structureTime: [33m0.05340000000433065[39m,
  riverTime: [33m0.004500000010011718[39m,
  totalTime: [33m150.05550000001676[39m
}
Chunk (3, 1) generation metrics: {
  terrainTime: [33m0.40400000000954606[39m,
  biomeTime: [33m148.53409999998985[39m,
  resourceTime: [33m0.12369999999646097[39m,
  structureTime: [33m0.05619999999180436[39m,
  riverTime: [33m0.0064999999885912985[39m,
  totalTime: [33m149.1425000000163[39m
}
Chunk (-3, 2) generation metrics: {
  terrainTime: [33m0.603000000002794[39m,
  biomeTime: [33m152.0060999999987[39m,
  resourceTime: [33m0.12449999997625127[39m,
  structureTime: [33m0.06230000001960434[39m,
  riverTime: [33m0.006799999973736703[39m,
  totalTime: [33m152.81789999999455[39m
}
Chunk (-2, 2) generation metrics: {
  terrainTime: [33m0.604300000006333[39m,
  biomeTime: [33m163.79670000000624[39m,
  resourceTime: [33m0.12060000002384186[39m,
  structureTime: [33m0.052299999981187284[39m,
  riverTime: [33m0.006800000002840534[39m,
  totalTime: [33m164.5954999999958[39m
}
Chunk (-1, 2) generation metrics: {
  terrainTime: [33m0.5988999999826774[39m,
  biomeTime: [33m146.898199999996[39m,
  resourceTime: [33m0.1406999999890104[39m,
  structureTime: [33m0.055100000026868656[39m,
  riverTime: [33m0.056099999987054616[39m,
  totalTime: [33m147.76449999999022[39m
}
Chunk (0, 2) generation metrics: {
  terrainTime: [33m0.597700000012992[39m,
  biomeTime: [33m167.69940000001225[39m,
  resourceTime: [33m0.1459000000031665[39m,
  structureTime: [33m0.06070000000181608[39m,
  riverTime: [33m0.37189999999827705[39m,
  totalTime: [33m168.89560000001802[39m
}
Chunk (1, 2) generation metrics: {
  terrainTime: [33m0.7213000000047032[39m,
  biomeTime: [33m178.72410000002128[39m,
  resourceTime: [33m0.1459000000031665[39m,
  structureTime: [33m0.053699999989476055[39m,
  riverTime: [33m0.007500000006984919[39m,
  totalTime: [33m179.66949999998906[39m
}
Chunk (2, 2) generation metrics: {
  terrainTime: [33m0.6755000000121072[39m,
  biomeTime: [33m172.22159999998985[39m,
  resourceTime: [33m0.12099999998463318[39m,
  structureTime: [33m0.054099999979371205[39m,
  riverTime: [33m0.005999999993946403[39m,
  totalTime: [33m173.12230000001728[39m
}
Chunk (3, 2) generation metrics: {
  terrainTime: [33m0.5792999999830499[39m,
  biomeTime: [33m131.9673999999941[39m,
  resourceTime: [33m0.11860000001615845[39m,
  structureTime: [33m0.10729999997420236[39m,
  riverTime: [33m0.0094999999855645[39m,
  totalTime: [33m132.80120000001625[39m
}
Chunk (-3, 3) generation metrics: {
  terrainTime: [33m0.5577000000048429[39m,
  biomeTime: [33m152.76050000000396[39m,
  resourceTime: [33m0.12050000001909211[39m,
  structureTime: [33m0.056099999987054616[39m,
  riverTime: [33m0.228899999987334[39m,
  totalTime: [33m153.74280000000726[39m
}
Chunk (-2, 3) generation metrics: {
  terrainTime: [33m0.5841000000073109[39m,
  biomeTime: [33m144.12129999999888[39m,
  resourceTime: [33m0.1275000000023283[39m,
  structureTime: [33m0.06230000001960434[39m,
  riverTime: [33m0.009400000009918585[39m,
  totalTime: [33m144.92089999999735[39m
}
Chunk (-1, 3) generation metrics: {
  terrainTime: [33m0.6052999999956228[39m,
  biomeTime: [33m141.75920000000042[39m,
  resourceTime: [33m0.11899999997694977[39m,
  structureTime: [33m0.0560000000114087[39m,
  riverTime: [33m0.140400000003865[39m,
  totalTime: [33m142.69740000000456[39m
}
Chunk (0, 3) generation metrics: {
  terrainTime: [33m0.5978999999933876[39m,
  biomeTime: [33m149.43500000002678[39m,
  resourceTime: [33m0.07079999998677522[39m,
  structureTime: [33m0.046800000010989606[39m,
  riverTime: [33m0.053700000018579885[39m,
  totalTime: [33m150.21990000002552[39m
}
Chunk (1, 3) generation metrics: {
  terrainTime: [33m0.9818000000086613[39m,
  biomeTime: [33m149.95859999998356[39m,
  resourceTime: [33m0.12189999999827705[39m,
  structureTime: [33m0.06320000000414439[39m,
  riverTime: [33m0.006099999998696148[39m,
  totalTime: [33m151.14569999999367[39m
}
Chunk (2, 3) generation metrics: {
  terrainTime: [33m0.5887999999977183[39m,
  biomeTime: [33m146.2915000000212[39m,
  resourceTime: [33m0.15330000000540167[39m,
  structureTime: [33m0.06090000001131557[39m,
  riverTime: [33m0.006699999998090789[39m,
  totalTime: [33m147.12049999999[39m
}
Chunk (3, 3) generation metrics: {
  terrainTime: [33m0.8541000000259373[39m,
  biomeTime: [33m162.316599999991[39m,
  resourceTime: [33m0.12400000001071021[39m,
  structureTime: [33m0.07699999999022111[39m,
  riverTime: [33m0.006099999998696148[39m,
  totalTime: [33m163.39519999999902[39m
}
Loaded 40 chunks in 6137.61ms

[90mstdout[2m | demo/src/core/DemoApp.lod.integration.test.ts[2m > [22m[2mDemoApp - LOD System Integration[2m > [22m[2mFull LOD Workflow Integration (Task 8)[2m > [22m[2mshould handle LOD transitions when camera moves[22m[39m
DemoApp initialized successfully
Chunk (-1, -1) generation metrics: {
  terrainTime: [33m0.6165000000037253[39m,
  biomeTime: [33m137.22359999999753[39m,
  resourceTime: [33m0.11369999998714775[39m,
  structureTime: [33m0.060999999986961484[39m,
  riverTime: [33m0.10889999999199063[39m,
  totalTime: [33m138.14300000001094[39m
}
Chunk (0, -1) generation metrics: {
  terrainTime: [33m0.566499999986263[39m,
  biomeTime: [33m150.1772999999812[39m,
  resourceTime: [33m0.11449999999604188[39m,
  structureTime: [33m0.05710000000544824[39m,
  riverTime: [33m0.006399999983841553[39m,
  totalTime: [33m150.93859999999404[39m
}
Chunk (1, -1) generation metrics: {
  terrainTime: [33m0.5781000000133645[39m,
  biomeTime: [33m145.09380000000237[39m,
  resourceTime: [33m0.1262999999744352[39m,
  structureTime: [33m0.05929999999352731[39m,
  riverTime: [33m0.006600000022444874[39m,
  totalTime: [33m145.88440000000992[39m
}
Chunk (-1, 0) generation metrics: {
  terrainTime: [33m0.5936999999976251[39m,
  biomeTime: [33m147.8451000000059[39m,
  resourceTime: [33m0.11639999999897555[39m,
  structureTime: [33m0.068200000008801[39m,
  riverTime: [33m0.09400000001187436[39m,
  totalTime: [33m148.73399999999674[39m
}
Chunk (0, 0) generation metrics: {
  terrainTime: [33m0.599499999982072[39m,
  biomeTime: [33m150.52670000001672[39m,
  resourceTime: [33m0.12810000000172295[39m,
  structureTime: [33m0.04860000000917353[39m,
  riverTime: [33m0.006300000008195639[39m,
  totalTime: [33m151.32380000001285[39m
}
Chunk (1, 0) generation metrics: {
  terrainTime: [33m0.6325000000069849[39m,
  biomeTime: [33m145.93600000001607[39m,
  resourceTime: [33m0.07180000000516884[39m,
  structureTime: [33m0.0473000000056345[39m,
  riverTime: [33m0.004599999985657632[39m,
  totalTime: [33m146.70839999997406[39m
}
Chunk (-1, 1) generation metrics: {
  terrainTime: [33m0.41049999999813735[39m,
  biomeTime: [33m167.12799999999697[39m,
  resourceTime: [33m0.1392000000050757[39m,
  structureTime: [33m0.05620000002090819[39m,
  riverTime: [33m0.01029999999445863[39m,
  totalTime: [33m167.76050000000396[39m
}
Chunk (0, 1) generation metrics: {
  terrainTime: [33m0.6075999999884516[39m,
  biomeTime: [33m167.03130000000237[39m,
  resourceTime: [33m0.12429999999585561[39m,
  structureTime: [33m0.05749999999534339[39m,
  riverTime: [33m0.01639999999315478[39m,
  totalTime: [33m167.8536000000022[39m
}
Chunk (1, 1) generation metrics: {
  terrainTime: [33m0.6022999999986496[39m,
  biomeTime: [33m149.0751000000164[39m,
  resourceTime: [33m0.13110000002779998[39m,
  structureTime: [33m0.06269999998039566[39m,
  riverTime: [33m0.005799999984446913[39m,
  totalTime: [33m149.8932999999961[39m
}
Loaded 9 chunks in 1368.90ms
World generated with seed: 54321
Chunk (-5, -5) generation metrics: {
  terrainTime: [33m0.6015999999945052[39m,
  biomeTime: [33m155.95079999999143[39m,
  resourceTime: [33m0.12960000001476146[39m,
  structureTime: [33m0.06729999999515712[39m,
  riverTime: [33m0.007400000002235174[39m,
  totalTime: [33m156.77349999998114[39m
}
Chunk (-4, -5) generation metrics: {
  terrainTime: [33m0.6201000000000931[39m,
  biomeTime: [33m155.23809999998775[39m,
  resourceTime: [33m0.11650000000372529[39m,
  structureTime: [33m0.05180000001564622[39m,
  riverTime: [33m0.18630000000121072[39m,
  totalTime: [33m156.23199999998906[39m
}
Chunk (-3, -5) generation metrics: {
  terrainTime: [33m0.588499999983469[39m,
  biomeTime: [33m141.75949999998556[39m,
  resourceTime: [33m0.12309999999706633[39m,
  structureTime: [33m0.07409999999799766[39m,
  riverTime: [33m0.1309000000183005[39m,
  totalTime: [33m142.69269999998505[39m
}
Chunk (-2, -5) generation metrics: {
  terrainTime: [33m0.6641999999992549[39m,
  biomeTime: [33m148.00320000000647[39m,
  resourceTime: [33m0.12289999998756684[39m,
  structureTime: [33m0.0629999999946449[39m,
  riverTime: [33m0.20129999998607673[39m,
  totalTime: [33m149.07110000000102[39m
}
Chunk (-1, -5) generation metrics: {
  terrainTime: [33m0.5825999999942724[39m,
  biomeTime: [33m147.88469999999506[39m,
  resourceTime: [33m0.12659999998868443[39m,
  structureTime: [33m0.06229999999050051[39m,
  riverTime: [33m0.008199999982025474[39m,
  totalTime: [33m148.6814000000013[39m
}
Chunk (0, -5) generation metrics: {
  terrainTime: [33m0.606900000013411[39m,
  biomeTime: [33m173.00010000000475[39m,
  resourceTime: [33m0.1165999999793712[39m,
  structureTime: [33m0.054499999998370185[39m,
  riverTime: [33m0.0062000000034458935[39m,
  totalTime: [33m173.80200000002515[39m
}
Chunk (1, -5) generation metrics: {
  terrainTime: [33m0.6003999999957159[39m,
  biomeTime: [33m148.61189999998896[39m,
  resourceTime: [33m0.12959999998565763[39m,
  structureTime: [33m0.0898999999917578[39m,
  riverTime: [33m0.0076000000117346644[39m,
  totalTime: [33m149.45679999998538[39m
}
Chunk (2, -5) generation metrics: {
  terrainTime: [33m0.6079000000027008[39m,
  biomeTime: [33m130.8115000000107[39m,
  resourceTime: [33m0.12129999999888241[39m,
  structureTime: [33m0.06460000001243316[39m,
  riverTime: [33m0.05540000001201406[39m,
  totalTime: [33m131.67929999998887[39m
}
Chunk (3, -5) generation metrics: {
  terrainTime: [33m0.5880999999935739[39m,
  biomeTime: [33m139.98509999999078[39m,
  resourceTime: [33m0.06940000000759028[39m,
  structureTime: [33m0.045800000021699816[39m,
  riverTime: [33m0.11840000000665896[39m,
  totalTime: [33m140.82089999999152[39m
}
Chunk (4, -5) generation metrics: {
  terrainTime: [33m0.38430000000516884[39m,
  biomeTime: [33m148.0108000000182[39m,
  resourceTime: [33m0.12060000002384186[39m,
  structureTime: [33m0.06309999999939464[39m,
  riverTime: [33m0.08600000001024455[39m,
  totalTime: [33m148.68189999999595[39m
}
Chunk (5, -5) generation metrics: {
  terrainTime: [33m0.39859999998589046[39m,
  biomeTime: [33m151.27840000001015[39m,
  resourceTime: [33m0.1279000000213273[39m,
  structureTime: [33m0.06280000001424924[39m,
  riverTime: [33m0.007099999987985939[39m,
  totalTime: [33m151.89029999999912[39m
}
Chunk (-5, -4) generation metrics: {
  terrainTime: [33m0.5953000000154134[39m,
  biomeTime: [33m167.76510000001872[39m,
  resourceTime: [33m0.12030000000959262[39m,
  structureTime: [33m0.05619999999180436[39m,
  riverTime: [33m0.007500000006984919[39m,
  totalTime: [33m168.56140000000596[39m
}
Chunk (-4, -4) generation metrics: {
  terrainTime: [33m0.6075999999884516[39m,
  biomeTime: [33m164.69389999998384[39m,
  resourceTime: [33m0.12240000002202578[39m,
  structureTime: [33m0.054499999998370185[39m,
  riverTime: [33m0.14960000000428408[39m,
  totalTime: [33m165.64600000000792[39m
}
Chunk (-3, -4) generation metrics: {
  terrainTime: [33m0.5899000000208616[39m,
  biomeTime: [33m159.69960000002175[39m,
  resourceTime: [33m0.12539999998989515[39m,
  structureTime: [33m0.05700000000069849[39m,
  riverTime: [33m0.006400000012945384[39m,
  totalTime: [33m160.49669999998878[39m
}
Chunk (-2, -4) generation metrics: {
  terrainTime: [33m0.6316999999980908[39m,
  biomeTime: [33m181.34900000001653[39m,
  resourceTime: [33m0.13039999999455176[39m,
  structureTime: [33m0.06779999998980202[39m,
  riverTime: [33m0.008000000001629815[39m,
  totalTime: [33m182.25130000000354[39m
}
Chunk (-1, -4) generation metrics: {
  terrainTime: [33m0.5982999999832828[39m,
  biomeTime: [33m149.465200000006[39m,
  resourceTime: [33m0.13159999999334104[39m,
  structureTime: [33m0.05280000000493601[39m,
  riverTime: [33m0.0064999999885912985[39m,
  totalTime: [33m150.27129999999306[39m
}
Chunk (0, -4) generation metrics: {
  terrainTime: [33m0.5997999999963213[39m,
  biomeTime: [33m160.28620000000228[39m,
  resourceTime: [33m0.13490000000456348[39m,
  structureTime: [33m0.06109999999171123[39m,
  riverTime: [33m0.006599999993341044[39m,
  totalTime: [33m161.11189999998896[39m
}
Chunk (1, -4) generation metrics: {
  terrainTime: [33m0.6024000000033993[39m,
  biomeTime: [33m153.69839999999385[39m,
  resourceTime: [33m0.06930000000284053[39m,
  structureTime: [33m0.04569999998784624[39m,
  riverTime: [33m0.004800000024260953[39m,
  totalTime: [33m154.43539999998757[39m
}
Chunk (2, -4) generation metrics: {
  terrainTime: [33m0.4092999999993481[39m,
  biomeTime: [33m160.79279999999562[39m,
  resourceTime: [33m0.13150000001769513[39m,
  structureTime: [33m0.0595000000030268[39m,
  riverTime: [33m0.010599999979604036[39m,
  totalTime: [33m161.4200000000128[39m
}
Chunk (3, -4) generation metrics: {
  terrainTime: [33m0.6062000000092667[39m,
  biomeTime: [33m152.17800000001444[39m,
  resourceTime: [33m0.12729999999282882[39m,
  structureTime: [33m0.05779999998048879[39m,
  riverTime: [33m0.07479999997303821[39m,
  totalTime: [33m153.06059999999707[39m
}
Chunk (4, -4) generation metrics: {
  terrainTime: [33m0.6005000000004657[39m,
  biomeTime: [33m164.20019999999204[39m,
  resourceTime: [33m0.1302000000141561[39m,
  structureTime: [33m0.06799999999930151[39m,
  riverTime: [33m0.007500000006984919[39m,
  totalTime: [33m165.02640000000247[39m
}
Chunk (5, -4) generation metrics: {
  terrainTime: [33m0.5947999999916647[39m,
  biomeTime: [33m151.523199999996[39m,
  resourceTime: [33m0.12220000001252629[39m,
  structureTime: [33m0.05840000000898726[39m,
  riverTime: [33m0.005899999989196658[39m,
  totalTime: [33m152.32360000000335[39m
}
Chunk (-5, -3) generation metrics: {
  terrainTime: [33m0.5973999999987427[39m,
  biomeTime: [33m152.29820000001928[39m,
  resourceTime: [33m0.1247000000148546[39m,
  structureTime: [33m0.054099999979371205[39m,
  riverTime: [33m0.0064999999885912985[39m,
  totalTime: [33m153.0966999999946[39m
}
Chunk (-4, -3) generation metrics: {
  terrainTime: [33m0.5997999999963213[39m,
  biomeTime: [33m168.61060000001453[39m,
  resourceTime: [33m0.0834000000031665[39m,
  structureTime: [33m0.056099999987054616[39m,
  riverTime: [33m0.006099999998696148[39m,
  totalTime: [33m169.37570000000414[39m
}
Chunk (-3, -3) generation metrics: {
  terrainTime: [33m0.5173999999824446[39m,
  biomeTime: [33m157.64009999998962[39m,
  resourceTime: [33m0.13459999999031425[39m,
  structureTime: [33m0.05200000002514571[39m,
  riverTime: [33m0.007500000006984919[39m,
  totalTime: [33m158.36629999999423[39m
}
Chunk (-2, -3) generation metrics: {
  terrainTime: [33m0.6093000000109896[39m,
  biomeTime: [33m154.71379999999772[39m,
  resourceTime: [33m0.11760000002686866[39m,
  structureTime: [33m0.06879999997909181[39m,
  riverTime: [33m0.008399999991524965[39m,
  totalTime: [33m155.5350000000035[39m
}
Chunk (-1, -3) generation metrics: {
  terrainTime: [33m0.5719000000099186[39m,
  biomeTime: [33m137.5113999999885[39m,
  resourceTime: [33m0.16450000001350418[39m,
  structureTime: [33m0.055500000016763806[39m,
  riverTime: [33m0.008000000001629815[39m,
  totalTime: [33m138.398600000015[39m
}
Chunk (0, -3) generation metrics: {
  terrainTime: [33m0.5874999999941792[39m,
  biomeTime: [33m128.72990000000573[39m,
  resourceTime: [33m0.12059999999473803[39m,
  structureTime: [33m0.05419999998412095[39m,
  riverTime: [33m0.03479999999399297[39m,
  totalTime: [33m129.54430000000866[39m
}
Chunk (1, -3) generation metrics: {
  terrainTime: [33m0.584900000016205[39m,
  biomeTime: [33m137.27190000002156[39m,
  resourceTime: [33m0.09880000000703149[39m,
  structureTime: [33m0.04670000000623986[39m,
  riverTime: [33m0.06570000000647269[39m,
  totalTime: [33m138.08439999999246[39m
}
Chunk (2, -3) generation metrics: {
  terrainTime: [33m0.39679999998770654[39m,
  biomeTime: [33m150.0860999999859[39m,
  resourceTime: [33m0.11759999999776483[39m,
  structureTime: [33m0.06779999998980202[39m,
  riverTime: [33m0.006099999998696148[39m,
  totalTime: [33m150.68880000000354[39m
}
Chunk (3, -3) generation metrics: {
  terrainTime: [33m0.6063999999896623[39m,
  biomeTime: [33m139.5500999999931[39m,
  resourceTime: [33m0.13380000001052395[39m,
  structureTime: [33m0.05819999999948777[39m,
  riverTime: [33m0.00770000001648441[39m,
  totalTime: [33m140.37290000001667[39m
}
Chunk (4, -3) generation metrics: {
  terrainTime: [33m0.5787000000127591[39m,
  biomeTime: [33m143.48790000000736[39m,
  resourceTime: [33m0.13490000000456348[39m,
  structureTime: [33m0.053099999990081415[39m,
  riverTime: [33m0.006699999998090789[39m,
  totalTime: [33m144.28469999998924[39m
}
Chunk (5, -3) generation metrics: {
  terrainTime: [33m0.6003999999957159[39m,
  biomeTime: [33m145.28249999997206[39m,
  resourceTime: [33m0.07189999998081475[39m,
  structureTime: [33m0.043000000005122274[39m,
  riverTime: [33m0.0044000000052619725[39m,
  totalTime: [33m146.01529999999912[39m
}
Chunk (-5, -2) generation metrics: {
  terrainTime: [33m0.5278000000107568[39m,
  biomeTime: [33m150.26110000000335[39m,
  resourceTime: [33m0.12769999998272397[39m,
  structureTime: [33m0.06479999999282882[39m,
  riverTime: [33m0.006300000008195639[39m,
  totalTime: [33m151.00420000002487[39m
}
Chunk (-4, -2) generation metrics: {
  terrainTime: [33m0.5961999999999534[39m,
  biomeTime: [33m151.93299999999[39m,
  resourceTime: [33m0.07180000000516884[39m,
  structureTime: [33m0.04529999999795109[39m,
  riverTime: [33m0.03140000000712462[39m,
  totalTime: [33m152.6934000000183[39m
}
Chunk (-3, -2) generation metrics: {
  terrainTime: [33m0.4016999999876134[39m,
  biomeTime: [33m141.06580000001122[39m,
  resourceTime: [33m0.12909999999101274[39m,
  structureTime: [33m0.04869999998481944[39m,
  riverTime: [33m0.1967000000004191[39m,
  totalTime: [33m141.85949999999139[39m
}
Chunk (-2, -2) generation metrics: {
  terrainTime: [33m0.626300000003539[39m,
  biomeTime: [33m155.44980000000214[39m,
  resourceTime: [33m0.12989999999990687[39m,
  structureTime: [33m0.068200000008801[39m,
  riverTime: [33m0.006800000002840534[39m,
  totalTime: [33m156.29829999999492[39m
}
Chunk (-1, -2) generation metrics: {
  terrainTime: [33m0.5873999999894295[39m,
  biomeTime: [33m147.36619999998948[39m,
  resourceTime: [33m0.12290000001667067[39m,
  structureTime: [33m0.054499999998370185[39m,
  riverTime: [33m0.0058000000135507435[39m,
  totalTime: [33m148.15239999999176[39m
}
Chunk (0, -2) generation metrics: {
  terrainTime: [33m0.6077000000223052[39m,
  biomeTime: [33m139.0515000000014[39m,
  resourceTime: [33m0.07219999999506399[39m,
  structureTime: [33m0.051500000001396984[39m,
  riverTime: [33m0.0931999999738764[39m,
  totalTime: [33m139.89319999999134[39m
}
Chunk (1, -2) generation metrics: {
  terrainTime: [33m0.5899000000208616[39m,
  biomeTime: [33m186.9018999999971[39m,
  resourceTime: [33m0.12369999999646097[39m,
  structureTime: [33m0.0684999999939464[39m,
  riverTime: [33m0.11139999999431893[39m,
  totalTime: [33m187.81930000000284[39m
}
Chunk (2, -2) generation metrics: {
  terrainTime: [33m0.5910000000149012[39m,
  biomeTime: [33m179.3341000000073[39m,
  resourceTime: [33m0.12960000001476146[39m,
  structureTime: [33m0.05180000001564622[39m,
  riverTime: [33m0.006399999983841553[39m,
  totalTime: [33m180.13159999999334[39m
}
Chunk (3, -2) generation metrics: {
  terrainTime: [33m0.5939999999827705[39m,
  biomeTime: [33m156.52069999999367[39m,
  resourceTime: [33m0.1601000000082422[39m,
  structureTime: [33m0.061599999986356124[39m,
  riverTime: [33m0.15050000001792796[39m,
  totalTime: [33m157.50580000001355[39m
}
Chunk (4, -2) generation metrics: {
  terrainTime: [33m0.7270999999891501[39m,
  biomeTime: [33m200.324099999998[39m,
  resourceTime: [33m0.14079999999376014[39m,
  structureTime: [33m0.05709999997634441[39m,
  riverTime: [33m0.15049999998882413[39m,
  totalTime: [33m201.41750000001048[39m
}
Chunk (5, -2) generation metrics: {
  terrainTime: [33m0.6286000000254717[39m,
  biomeTime: [33m154.69920000000275[39m,
  resourceTime: [33m0.12959999998565763[39m,
  structureTime: [33m0.06979999999748543[39m,
  riverTime: [33m0.007200000021839514[39m,
  totalTime: [33m155.55389999999898[39m
}
Chunk (-5, -1) generation metrics: {
  terrainTime: [33m1.0908000000054017[39m,
  biomeTime: [33m164.98079999999027[39m,
  resourceTime: [33m0.12440000000060536[39m,
  structureTime: [33m0.051500000001396984[39m,
  riverTime: [33m0.0076000000117346644[39m,
  totalTime: [33m166.27210000000196[39m
}
Chunk (-4, -1) generation metrics: {
  terrainTime: [33m0.6039999999920838[39m,
  biomeTime: [33m164.9597000000067[39m,
  resourceTime: [33m0.12320000000181608[39m,
  structureTime: [33m0.07320000001345761[39m,
  riverTime: [33m0.04649999999674037[39m,
  totalTime: [33m165.8232999999891[39m
}
Chunk (-3, -1) generation metrics: {
  terrainTime: [33m0.570899999991525[39m,
  biomeTime: [33m140.65589999998338[39m,
  resourceTime: [33m0.12349999998696148[39m,
  structureTime: [33m0.05479999998351559[39m,
  riverTime: [33m0.054299999988870695[39m,
  totalTime: [33m141.476399999985[39m
}
Chunk (-2, -1) generation metrics: {
  terrainTime: [33m0.5881999999983236[39m,
  biomeTime: [33m144.96849999998813[39m,
  resourceTime: [33m0.1270000000076834[39m,
  structureTime: [33m0.06479999999282882[39m,
  riverTime: [33m0.1371999999973923[39m,
  totalTime: [33m145.90570000000298[39m
}
Chunk (2, -1) generation metrics: {
  terrainTime: [33m0.6845999999786727[39m,
  biomeTime: [33m170.03669999999693[39m,
  resourceTime: [33m0.126700000022538[39m,
  structureTime: [33m0.054299999988870695[39m,
  riverTime: [33m0.006699999998090789[39m,
  totalTime: [33m170.92740000001504[39m
}
Chunk (3, -1) generation metrics: {
  terrainTime: [33m0.6008999999903608[39m,
  biomeTime: [33m143.48179999997956[39m,
  resourceTime: [33m0.13679999997839332[39m,
  structureTime: [33m0.05779999998048879[39m,
  riverTime: [33m0.0724999999802094[39m,
  totalTime: [33m144.36579999999958[39m
}
Chunk (4, -1) generation metrics: {
  terrainTime: [33m0.6214999999792781[39m,
  biomeTime: [33m145.20509999999194[39m,
  resourceTime: [33m0.12559999999939464[39m,
  structureTime: [33m0.06560000000172295[39m,
  riverTime: [33m0.12619999999878928[39m,
  totalTime: [33m146.16379999998026[39m
}
Chunk (5, -1) generation metrics: {
  terrainTime: [33m0.5983999999880325[39m,
  biomeTime: [33m137.34260000000359[39m,
  resourceTime: [33m0.12380000000121072[39m,
  structureTime: [33m0.07569999998668209[39m,
  riverTime: [33m0.007100000017089769[39m,
  totalTime: [33m138.16740000000573[39m
}
Chunk (-5, 0) generation metrics: {
  terrainTime: [33m0.6255000000237487[39m,
  biomeTime: [33m156.80079999999725[39m,
  resourceTime: [33m0.12780000001657754[39m,
  structureTime: [33m0.05580000000190921[39m,
  riverTime: [33m0.007000000012340024[39m,
  totalTime: [33m157.6634999999951[39m
}
Chunk (-4, 0) generation metrics: {
  terrainTime: [33m0.8624000000127126[39m,
  biomeTime: [33m162.19160000002012[39m,
  resourceTime: [33m0.12739999999757856[39m,
  structureTime: [33m0.053299999999580905[39m,
  riverTime: [33m0.034099999989848584[39m,
  totalTime: [33m163.28649999998743[39m
}
Chunk (-3, 0) generation metrics: {
  terrainTime: [33m0.6088999999919906[39m,
  biomeTime: [33m142.66500000000815[39m,
  resourceTime: [33m2.774299999990035[39m,
  structureTime: [33m0.04370000000926666[39m,
  riverTime: [33m0.05240000001504086[39m,
  totalTime: [33m146.16200000001118[39m
}
Chunk (-2, 0) generation metrics: {
  terrainTime: [33m0.8804999999993015[39m,
  biomeTime: [33m185.76329999999143[39m,
  resourceTime: [33m0.14949999999953434[39m,
  structureTime: [33m0.06409999998868443[39m,
  riverTime: [33m0.06709999998565763[39m,
  totalTime: [33m186.94610000000102[39m
}
Chunk (2, 0) generation metrics: {
  terrainTime: [33m0.6937000000034459[39m,
  biomeTime: [33m164.74179999998887[39m,
  resourceTime: [33m0.12209999997867271[39m,
  structureTime: [33m0.053100000019185245[39m,
  riverTime: [33m0.006599999993341044[39m,
  totalTime: [33m165.6347999999998[39m
}
Chunk (3, 0) generation metrics: {
  terrainTime: [33m0.5828000000037719[39m,
  biomeTime: [33m157.20069999998668[39m,
  resourceTime: [33m0.15619999999762513[39m,
  structureTime: [33m0.07810000001336448[39m,
  riverTime: [33m0.015699999989010394[39m,
  totalTime: [33m158.04899999999907[39m
}
Chunk (4, 0) generation metrics: {
  terrainTime: [33m0.7419000000227243[39m,
  biomeTime: [33m143.0741000000271[39m,
  resourceTime: [33m0.12059999999473803[39m,
  structureTime: [33m0.06510000000707805[39m,
  riverTime: [33m0.0062000000034458935[39m,
  totalTime: [33m144.0335999999952[39m
}
Chunk (5, 0) generation metrics: {
  terrainTime: [33m0.7079000000085216[39m,
  biomeTime: [33m175.93390000000363[39m,
  resourceTime: [33m0.12590000001364388[39m,
  structureTime: [33m0.054100000008475035[39m,
  riverTime: [33m0.0064999999885912985[39m,
  totalTime: [33m176.8453000000154[39m
}
Chunk (-5, 1) generation metrics: {
  terrainTime: [33m0.5990999999921769[39m,
  biomeTime: [33m160.26509999998962[39m,
  resourceTime: [33m0.12760000000707805[39m,
  structureTime: [33m0.06600000002072193[39m,
  riverTime: [33m0.006599999993341044[39m,
  totalTime: [33m161.08130000001984[39m
}
Chunk (-4, 1) generation metrics: {
  terrainTime: [33m0.610000000015134[39m,
  biomeTime: [33m192.13269999998738[39m,
  resourceTime: [33m0.11840000000665896[39m,
  structureTime: [33m0.05720000001019798[39m,
  riverTime: [33m0.006800000002840534[39m,
  totalTime: [33m192.94210000001476[39m
}
Chunk (-3, 1) generation metrics: {
  terrainTime: [33m0.5807999999960884[39m,
  biomeTime: [33m154.53770000001532[39m,
  resourceTime: [33m0.1254999999946449[39m,
  structureTime: [33m0.05709999997634441[39m,
  riverTime: [33m0.007299999997485429[39m,
  totalTime: [33m155.32620000001043[39m
}
Chunk (-2, 1) generation metrics: {
  terrainTime: [33m0.6204999999899883[39m,
  biomeTime: [33m168.7563000000082[39m,
  resourceTime: [33m0.15409999998519197[39m,
  structureTime: [33m0.06450000000768341[39m,
  riverTime: [33m0.00810000000637956[39m,
  totalTime: [33m169.6247999999905[39m
}
Chunk (2, 1) generation metrics: {
  terrainTime: [33m0.7550000000046566[39m,
  biomeTime: [33m205.13380000001052[39m,
  resourceTime: [33m0.14690000002156012[39m,
  structureTime: [33m0.0650000000023283[39m,
  riverTime: [33m0.006800000002840534[39m,
  totalTime: [33m206.1255999999994[39m
}
Chunk (3, 1) generation metrics: {
  terrainTime: [33m0.7006000000110362[39m,
  biomeTime: [33m182.4247000000032[39m,
  resourceTime: [33m0.11529999997583218[39m,
  structureTime: [33m0.04099999999743886[39m,
  riverTime: [33m0.0062000000034458935[39m,
  totalTime: [33m183.30380000002333[39m
}
Chunk (4, 1) generation metrics: {
  terrainTime: [33m0.5838000000221655[39m,
  biomeTime: [33m175.43390000000363[39m,
  resourceTime: [33m0.13880000001518056[39m,
  structureTime: [33m0.07999999998719431[39m,
  riverTime: [33m0.020099999994272366[39m,
  totalTime: [33m176.2719999999972[39m
}
Chunk (5, 1) generation metrics: {
  terrainTime: [33m1.1805000000167638[39m,
  biomeTime: [33m137.9702999999863[39m,
  resourceTime: [33m0.11400000000139698[39m,
  structureTime: [33m0.05259999999543652[39m,
  riverTime: [33m0.011700000002747402[39m,
  totalTime: [33m139.35369999997783[39m
}
Chunk (-5, 2) generation metrics: {
  terrainTime: [33m0.5632000000041444[39m,
  biomeTime: [33m152.41110000002664[39m,
  resourceTime: [33m0.12299999999231659[39m,
  structureTime: [33m0.05069999999250285[39m,
  riverTime: [33m0.0058000000135507435[39m,
  totalTime: [33m153.17029999999795[39m
}
Chunk (-4, 2) generation metrics: {
  terrainTime: [33m0.4023000000161119[39m,
  biomeTime: [33m145.82699999999022[39m,
  resourceTime: [33m0.11859999998705462[39m,
  structureTime: [33m0.06130000000121072[39m,
  riverTime: [33m0.006399999983841553[39m,
  totalTime: [33m146.43009999999776[39m
}
Chunk (-3, 2) generation metrics: {
  terrainTime: [33m0.5842999999877065[39m,
  biomeTime: [33m158.5685999999987[39m,
  resourceTime: [33m0.11610000001383014[39m,
  structureTime: [33m3.701200000010431[39m,
  riverTime: [33m0.007800000021234155[39m,
  totalTime: [33m162.9991999999911[39m
}
Chunk (-2, 2) generation metrics: {
  terrainTime: [33m0.630700000008801[39m,
  biomeTime: [33m158.69640000001527[39m,
  resourceTime: [33m0.12039999998523854[39m,
  structureTime: [33m0.07050000000162981[39m,
  riverTime: [33m0.009200000000419095[39m,
  totalTime: [33m159.54849999997532[39m
}
Chunk (-1, 2) generation metrics: {
  terrainTime: [33m0.6064999999944121[39m,
  biomeTime: [33m182.64540000000852[39m,
  resourceTime: [33m0.1287000000011176[39m,
  structureTime: [33m0.05439999999362044[39m,
  riverTime: [33m0.07540000000153668[39m,
  totalTime: [33m183.52719999998226[39m
}
Chunk (0, 2) generation metrics: {
  terrainTime: [33m0.5969000000040978[39m,
  biomeTime: [33m160.43520000000717[39m,
  resourceTime: [33m0.12460000001010485[39m,
  structureTime: [33m0.054299999988870695[39m,
  riverTime: [33m0.4126000000105705[39m,
  totalTime: [33m161.64320000002044[39m
}
Chunk (1, 2) generation metrics: {
  terrainTime: [33m0.6679999999760184[39m,
  biomeTime: [33m159.23560000001453[39m,
  resourceTime: [33m0.12399999998160638[39m,
  structureTime: [33m0.05749999999534339[39m,
  riverTime: [33m0.006599999993341044[39m,
  totalTime: [33m160.10899999999674[39m
}
Chunk (2, 2) generation metrics: {
  terrainTime: [33m0.5898999999917578[39m,
  biomeTime: [33m170.4145000000135[39m,
  resourceTime: [33m0.12729999999282882[39m,
  structureTime: [33m0.055099999997764826[39m,
  riverTime: [33m0.007599999982630834[39m,
  totalTime: [33m171.21549999999115[39m
}
Chunk (3, 2) generation metrics: {
  terrainTime: [33m0.5960000000195578[39m,
  biomeTime: [33m168.65320000000065[39m,
  resourceTime: [33m2.9051999999792315[39m,
  structureTime: [33m0.07760000001871958[39m,
  riverTime: [33m0.0087000000057742[39m,
  totalTime: [33m172.26209999999264[39m
}
Chunk (4, 2) generation metrics: {
  terrainTime: [33m0.5556999999971595[39m,
  biomeTime: [33m128.56909999999334[39m,
  resourceTime: [33m0.1137999999918975[39m,
  structureTime: [33m0.07399999999324791[39m,
  riverTime: [33m0.00829999998677522[39m,
  totalTime: [33m129.33689999999478[39m
}
Chunk (5, 2) generation metrics: {
  terrainTime: [33m0.5856999999959953[39m,
  biomeTime: [33m138.59460000001127[39m,
  resourceTime: [33m0.12880000000586733[39m,
  structureTime: [33m0.06429999999818392[39m,
  riverTime: [33m0.007000000012340024[39m,
  totalTime: [33m139.40279999998165[39m
}
Chunk (-5, 3) generation metrics: {
  terrainTime: [33m0.616699999984121[39m,
  biomeTime: [33m129.92189999998664[39m,
  resourceTime: [33m0.06769999998505227[39m,
  structureTime: [33m0.0420999999914784[39m,
  riverTime: [33m0.030400000017834827[39m,
  totalTime: [33m130.69310000000405[39m
}
Chunk (-4, 3) generation metrics: {
  terrainTime: [33m0.4018999999971129[39m,
  biomeTime: [33m151.3060000000114[39m,
  resourceTime: [33m0.06669999999576248[39m,
  structureTime: [33m0.04250000001047738[39m,
  riverTime: [33m0.007699999987380579[39m,
  totalTime: [33m151.83759999999893[39m
}
Chunk (-3, 3) generation metrics: {
  terrainTime: [33m0.3896000000240747[39m,
  biomeTime: [33m164.94959999999264[39m,
  resourceTime: [33m0.12850000002072193[39m,
  structureTime: [33m0.051899999991292134[39m,
  riverTime: [33m0.21950000000651926[39m,
  totalTime: [33m165.7516000000178[39m
}
Chunk (-2, 3) generation metrics: {
  terrainTime: [33m0.5970000000088476[39m,
  biomeTime: [33m157.17220000000088[39m,
  resourceTime: [33m0.12539999998989515[39m,
  structureTime: [33m0.05340000000433065[39m,
  riverTime: [33m0.005899999989196658[39m,
  totalTime: [33m157.97329999998328[39m
}
Chunk (-1, 3) generation metrics: {
  terrainTime: [33m0.6017000000283588[39m,
  biomeTime: [33m146.64999999999418[39m,
  resourceTime: [33m0.12230000001727603[39m,
  structureTime: [33m0.05220000000554137[39m,
  riverTime: [33m0.07389999998849817[39m,
  totalTime: [33m147.51550000000861[39m
}
Chunk (0, 3) generation metrics: {
  terrainTime: [33m0.6008000000147149[39m,
  biomeTime: [33m144.23480000000563[39m,
  resourceTime: [33m0.0712000000057742[39m,
  structureTime: [33m0.04879999998956919[39m,
  riverTime: [33m0.054100000008475035[39m,
  totalTime: [33m145.02559999999357[39m
}
Chunk (1, 3) generation metrics: {
  terrainTime: [33m1.0725999999849591[39m,
  biomeTime: [33m160.37570000000414[39m,
  resourceTime: [33m0.125[39m,
  structureTime: [33m0.06349999998928979[39m,
  riverTime: [33m0.006199999974342063[39m,
  totalTime: [33m161.6594000000041[39m
}
Chunk (2, 3) generation metrics: {
  terrainTime: [33m0.5846000000019558[39m,
  biomeTime: [33m163.34759999997914[39m,
  resourceTime: [33m0.12810000000172295[39m,
  structureTime: [33m0.06150000001071021[39m,
  riverTime: [33m0.006399999983841553[39m,
  totalTime: [33m164.14590000000317[39m
}
Chunk (3, 3) generation metrics: {
  terrainTime: [33m0.5923999999940861[39m,
  biomeTime: [33m187.07579999999143[39m,
  resourceTime: [33m0.12609999999403954[39m,
  structureTime: [33m0.07550000000628643[39m,
  riverTime: [33m0.007000000012340024[39m,
  totalTime: [33m187.89459999999963[39m
}
Chunk (4, 3) generation metrics: {
  terrainTime: [33m0.5921000000089407[39m,
  biomeTime: [33m221.4667999999947[39m,
  resourceTime: [33m0.14500000001862645[39m,
  structureTime: [33m0.05280000000493601[39m,
  riverTime: [33m0.05919999998877756[39m,
  totalTime: [33m222.33580000000075[39m
}
Chunk (5, 3) generation metrics: {
  terrainTime: [33m0.7056999999913387[39m,
  biomeTime: [33m189.11190000001807[39m,
  resourceTime: [33m0.11639999999897555[39m,
  structureTime: [33m0.0565000000060536[39m,
  riverTime: [33m0.007199999992735684[39m,
  totalTime: [33m190.01840000000084[39m
}
Chunk (-5, 4) generation metrics: {
  terrainTime: [33m4.745400000014342[39m,
  biomeTime: [33m179.92939999999362[39m,
  resourceTime: [33m0.12369999999646097[39m,
  structureTime: [33m0.05400000000372529[39m,
  riverTime: [33m0.006699999998090789[39m,
  totalTime: [33m184.87760000000708[39m
}
Chunk (-4, 4) generation metrics: {
  terrainTime: [33m0.5892000000167172[39m,
  biomeTime: [33m153.27350000001024[39m,
  resourceTime: [33m0.22250000000349246[39m,
  structureTime: [33m0.08110000001033768[39m,
  riverTime: [33m0.006699999998090789[39m,
  totalTime: [33m154.18949999997858[39m
}
Chunk (-3, 4) generation metrics: {
  terrainTime: [33m0.5879999999888241[39m,
  biomeTime: [33m149.83010000002105[39m,
  resourceTime: [33m0.12619999999878928[39m,
  structureTime: [33m0.04860000000917353[39m,
  riverTime: [33m0.006099999998696148[39m,
  totalTime: [33m150.61699999999837[39m
}
Chunk (-2, 4) generation metrics: {
  terrainTime: [33m0.6484000000054948[39m,
  biomeTime: [33m158.426300000021[39m,
  resourceTime: [33m0.16019999998388812[39m,
  structureTime: [33m0.0784999999741558[39m,
  riverTime: [33m0.015699999989010394[39m,
  totalTime: [33m159.3465000000142[39m
}
Chunk (-1, 4) generation metrics: {
  terrainTime: [33m0.7578999999968801[39m,
  biomeTime: [33m152.48929999998654[39m,
  resourceTime: [33m0.11499999999068677[39m,
  structureTime: [33m0.06229999999050051[39m,
  riverTime: [33m0.019300000014482066[39m,
  totalTime: [33m153.46940000000177[39m
}
Chunk (0, 4) generation metrics: {
  terrainTime: [33m1.3571999999985565[39m,
  biomeTime: [33m145.7221000000136[39m,
  resourceTime: [33m0.11509999999543652[39m,
  structureTime: [33m0.05439999999362044[39m,
  riverTime: [33m0.21620000002440065[39m,
  totalTime: [33m147.48089999999502[39m
}
Chunk (1, 4) generation metrics: {
  terrainTime: [33m0.5944999999774154[39m,
  biomeTime: [33m134.36170000000857[39m,
  resourceTime: [33m0.1309999999939464[39m,
  structureTime: [33m0.06409999998868443[39m,
  riverTime: [33m0.006400000012945384[39m,
  totalTime: [33m135.17380000001867[39m
}
Chunk (2, 4) generation metrics: {
  terrainTime: [33m1.2383999999728985[39m,
  biomeTime: [33m133.2094999999972[39m,
  resourceTime: [33m0.22090000001480803[39m,
  structureTime: [33m0.0717000000004191[39m,
  riverTime: [33m0.006999999983236194[39m,
  totalTime: [33m134.8064000000013[39m
}
Chunk (3, 4) generation metrics: {
  terrainTime: [33m0.6328999999968801[39m,
  biomeTime: [33m140.68880000000354[39m,
  resourceTime: [33m0.11780000000726432[39m,
  structureTime: [33m0.06630000000586733[39m,
  riverTime: [33m0.006900000007590279[39m,
  totalTime: [33m141.52780000001076[39m
}
Chunk (4, 4) generation metrics: {
  terrainTime: [33m0.5695999999879859[39m,
  biomeTime: [33m129.2797000000137[39m,
  resourceTime: [33m0.07050000000162981[39m,
  structureTime: [33m0.04449999998905696[39m,
  riverTime: [33m0.004700000019511208[39m,
  totalTime: [33m129.98360000000685[39m
}
Chunk (5, 4) generation metrics: {
  terrainTime: [33m0.4397000000171829[39m,
  biomeTime: [33m128.2446999999811[39m,
  resourceTime: [33m0.11619999998947605[39m,
  structureTime: [33m0.054299999988870695[39m,
  riverTime: [33m0.007299999997485429[39m,
  totalTime: [33m128.87719999998808[39m
}
Chunk (-5, 5) generation metrics: {
  terrainTime: [33m0.5750999999872874[39m,
  biomeTime: [33m150.77090000000317[39m,
  resourceTime: [33m0.12110000001848675[39m,
  structureTime: [33m0.05320000002393499[39m,
  riverTime: [33m0.04570000001695007[39m,
  totalTime: [33m151.58619999999064[39m
}
Chunk (-4, 5) generation metrics: {
  terrainTime: [33m0.6138000000210013[39m,
  biomeTime: [33m144.32020000001648[39m,
  resourceTime: [33m0.11860000001615845[39m,
  structureTime: [33m0.04940000001806766[39m,
  riverTime: [33m0.06190000000060536[39m,
  totalTime: [33m145.17889999999898[39m
}
Chunk (-3, 5) generation metrics: {
  terrainTime: [33m0.6615999999921769[39m,
  biomeTime: [33m136.4262999999919[39m,
  resourceTime: [33m0.1312000000034459[39m,
  structureTime: [33m0.052499999990686774[39m,
  riverTime: [33m0.006699999998090789[39m,
  totalTime: [33m137.29720000000088[39m
}
Chunk (-2, 5) generation metrics: {
  terrainTime: [33m0.5998000000254251[39m,
  biomeTime: [33m161.01759999999194[39m,
  resourceTime: [33m0.06819999997969717[39m,
  structureTime: [33m0.04920000000856817[39m,
  riverTime: [33m0.24249999999301508[39m,
  totalTime: [33m161.99559999999474[39m
}
Chunk (-1, 5) generation metrics: {
  terrainTime: [33m0.6181000000215136[39m,
  biomeTime: [33m144.99139999999898[39m,
  resourceTime: [33m0.12550000002374873[39m,
  structureTime: [33m0.06229999999050051[39m,
  riverTime: [33m0.2664999999979045[39m,
  totalTime: [33m146.08790000001318[39m
}
Chunk (0, 5) generation metrics: {
  terrainTime: [33m0.5928000000130851[39m,
  biomeTime: [33m125.50279999998747[39m,
  resourceTime: [33m0.12110000001848675[39m,
  structureTime: [33m0.06560000000172295[39m,
  riverTime: [33m0.10339999999268912[39m,
  totalTime: [33m126.40519999997923[39m
}
Chunk (1, 5) generation metrics: {
  terrainTime: [33m0.5495000000228174[39m,
  biomeTime: [33m123.12859999999637[39m,
  resourceTime: [33m0.10440000001108274[39m,
  structureTime: [33m0.0754999999771826[39m,
  riverTime: [33m0.007200000021839514[39m,
  totalTime: [33m123.88519999998971[39m
}
Chunk (2, 5) generation metrics: {
  terrainTime: [33m0.4016999999876134[39m,
  biomeTime: [33m92.88560000000871[39m,
  resourceTime: [33m0.06550000002607703[39m,
  structureTime: [33m0.052900000009685755[39m,
  riverTime: [33m0.005000000004656613[39m,
  totalTime: [33m93.42839999997523[39m
}
Chunk (3, 5) generation metrics: {
  terrainTime: [33m0.380700000008801[39m,
  biomeTime: [33m87.17199999999139[39m,
  resourceTime: [33m0.06109999999171123[39m,
  structureTime: [33m0.04889999999431893[39m,
  riverTime: [33m0.0038000000058673322[39m,
  totalTime: [33m87.68429999999353[39m
}
Chunk (4, 5) generation metrics: {
  terrainTime: [33m0.3522999999986496[39m,
  biomeTime: [33m104.2451000000001[39m,
  resourceTime: [33m0.10750000001280569[39m,
  structureTime: [33m0.06669999999576248[39m,
  riverTime: [33m0.006699999998090789[39m,
  totalTime: [33m104.79759999999078[39m
}
Chunk (5, 5) generation metrics: {
  terrainTime: [33m0.519399999990128[39m,
  biomeTime: [33m89.58650000000489[39m,
  resourceTime: [33m0.05830000000423752[39m,
  structureTime: [33m0.054499999998370185[39m,
  riverTime: [33m0.0038000000058673322[39m,
  totalTime: [33m90.23889999999665[39m
}
Loaded 112 chunks in 17298.62ms

[90mstdout[2m | demo/src/core/DemoApp.lod.integration.test.ts[2m > [22m[2mDemoApp - LOD System Integration[2m > [22m[2mFull LOD Workflow Integration (Task 8)[2m > [22m[2mshould render chunks correctly through WorldViewer[22m[39m
DemoApp initialized successfully
Chunk (-1, -1) generation metrics: {
  terrainTime: [33m0.3344000000215601[39m,
  biomeTime: [33m70.85549999997602[39m,
  resourceTime: [33m0.05780000000959262[39m,
  structureTime: [33m0.04670000000623986[39m,
  riverTime: [33m0.07279999999445863[39m,
  totalTime: [33m71.38330000001588[39m
}
Chunk (0, -1) generation metrics: {
  terrainTime: [33m0.3354000000108499[39m,
  biomeTime: [33m80.21259999999893[39m,
  resourceTime: [33m0.05760000000009313[39m,
  structureTime: [33m0.055699999997159466[39m,
  riverTime: [33m0.0039000000106170774[39m,
  totalTime: [33m80.68059999999241[39m
}
Chunk (1, -1) generation metrics: {
  terrainTime: [33m0.3396999999822583[39m,
  biomeTime: [33m72.45650000000023[39m,
  resourceTime: [33m0.10439999998197891[39m,
  structureTime: [33m0.062200000014854595[39m,
  riverTime: [33m0.005100000009406358[39m,
  totalTime: [33m72.98410000000149[39m
}
Chunk (-1, 0) generation metrics: {
  terrainTime: [33m0.4935999999870546[39m,
  biomeTime: [33m112.04019999998854[39m,
  resourceTime: [33m1.9378999999898952[39m,
  structureTime: [33m0.07000000000698492[39m,
  riverTime: [33m0.10719999999855645[39m,
  totalTime: [33m114.66779999999562[39m
}
Chunk (0, 0) generation metrics: {
  terrainTime: [33m0.5322999999916647[39m,
  biomeTime: [33m81.43250000002445[39m,
  resourceTime: [33m0.0597999999881722[39m,
  structureTime: [33m0.04790000000502914[39m,
  riverTime: [33m0.0038000000058673322[39m,
  totalTime: [33m82.09260000000359[39m
}
Chunk (1, 0) generation metrics: {
  terrainTime: [33m0.34479999999166466[39m,
  biomeTime: [33m68.04730000000563[39m,
  resourceTime: [33m0.056299999996554106[39m,
  structureTime: [33m0.03479999999399297[39m,
  riverTime: [33m0.0040000000153668225[39m,
  totalTime: [33m68.49850000001607[39m
}
Chunk (-1, 1) generation metrics: {
  terrainTime: [33m0.3361999999906402[39m,
  biomeTime: [33m83.29389999998966[39m,
  resourceTime: [33m0.05809999999473803[39m,
  structureTime: [33m0.04909999997471459[39m,
  riverTime: [33m0.007299999997485429[39m,
  totalTime: [33m83.75979999999981[39m
}
Chunk (0, 1) generation metrics: {
  terrainTime: [33m0.3361999999906402[39m,
  biomeTime: [33m75.42920000001322[39m,
  resourceTime: [33m0.06859999999869615[39m,
  structureTime: [33m0.04789999997592531[39m,
  riverTime: [33m0.01069999998435378[39m,
  totalTime: [33m75.90640000000712[39m
}
Chunk (1, 1) generation metrics: {
  terrainTime: [33m0.3438000000023749[39m,
  biomeTime: [33m88.09520000001066[39m,
  resourceTime: [33m0.05879999999888241[39m,
  structureTime: [33m0.056099999987054616[39m,
  riverTime: [33m0.004200000024866313[39m,
  totalTime: [33m88.57310000000871[39m
}
Loaded 9 chunks in 740.02ms
World generated with seed: 54321
Chunk (-3, -3) generation metrics: {
  terrainTime: [33m0.3342000000120606[39m,
  biomeTime: [33m76.93399999997928[39m,
  resourceTime: [33m0.05710000000544824[39m,
  structureTime: [33m0.04949999999371357[39m,
  riverTime: [33m0.0037999999767635018[39m,
  totalTime: [33m77.39420000000973[39m
}
Chunk (-2, -3) generation metrics: {
  terrainTime: [33m0.32800000000861473[39m,
  biomeTime: [33m78.72529999999097[39m,
  resourceTime: [33m0.0565000000060536[39m,
  structureTime: [33m0.04980000000796281[39m,
  riverTime: [33m0.003999999986262992[39m,
  totalTime: [33m79.17660000000615[39m
}
Chunk (-1, -3) generation metrics: {
  terrainTime: [33m0.3361999999906402[39m,
  biomeTime: [33m82.5633000000089[39m,
  resourceTime: [33m0.10460000002058223[39m,
  structureTime: [33m0.05460000000311993[39m,
  riverTime: [33m0.005100000009406358[39m,
  totalTime: [33m83.11699999999837[39m
}
Chunk (0, -3) generation metrics: {
  terrainTime: [33m0.5081000000063796[39m,
  biomeTime: [33m78.75800000000163[39m,
  resourceTime: [33m0.05859999998938292[39m,
  structureTime: [33m0.04740000001038425[39m,
  riverTime: [33m0.021999999997206032[39m,
  totalTime: [33m79.4089999999851[39m
}
Chunk (1, -3) generation metrics: {
  terrainTime: [33m0.33280000000377186[39m,
  biomeTime: [33m71.99150000000373[39m,
  resourceTime: [33m0.05890000000363216[39m,
  structureTime: [33m0.04910000000381842[39m,
  riverTime: [33m0.05580000000190921[39m,
  totalTime: [33m72.50299999999697[39m
}
Chunk (2, -3) generation metrics: {
  terrainTime: [33m0.3214999999909196[39m,
  biomeTime: [33m77.4155000000028[39m,
  resourceTime: [33m0.05830000000423752[39m,
  structureTime: [33m0.05819999999948777[39m,
  riverTime: [33m0.0035000000207219273[39m,
  totalTime: [33m77.87230000001728[39m
}
Chunk (3, -3) generation metrics: {
  terrainTime: [33m0.32800000000861473[39m,
  biomeTime: [33m82.78599999999278[39m,
  resourceTime: [33m0.05739999999059364[39m,
  structureTime: [33m0.047200000000884756[39m,
  riverTime: [33m0.0044000000052619725[39m,
  totalTime: [33m83.23660000000382[39m
}
Chunk (-3, -2) generation metrics: {
  terrainTime: [33m0.32880000001750886[39m,
  biomeTime: [33m93.21249999999418[39m,
  resourceTime: [33m0.15750000000116415[39m,
  structureTime: [33m0.12219999998342246[39m,
  riverTime: [33m0.46499999999650754[39m,
  totalTime: [33m94.30400000000373[39m
}
Chunk (-2, -2) generation metrics: {
  terrainTime: [33m0.5684999999939464[39m,
  biomeTime: [33m84.4201999999932[39m,
  resourceTime: [33m0.05799999998998828[39m,
  structureTime: [33m0.052700000000186265[39m,
  riverTime: [33m0.004500000010011718[39m,
  totalTime: [33m85.12249999999767[39m
}
Chunk (-1, -2) generation metrics: {
  terrainTime: [33m0.3349999999918509[39m,
  biomeTime: [33m99.54429999997956[39m,
  resourceTime: [33m0.05780000000959262[39m,
  structureTime: [33m0.046000000002095476[39m,
  riverTime: [33m0.003700000001117587[39m,
  totalTime: [33m100[39m
}
Chunk (0, -2) generation metrics: {
  terrainTime: [33m0.33030000000144355[39m,
  biomeTime: [33m73.32459999999264[39m,
  resourceTime: [33m0.06979999999748543[39m,
  structureTime: [33m0.051299999991897494[39m,
  riverTime: [33m0.04019999998854473[39m,
  totalTime: [33m73.83090000000084[39m
}
Chunk (1, -2) generation metrics: {
  terrainTime: [33m0.32830000002286397[39m,
  biomeTime: [33m79.8692999999912[39m,
  resourceTime: [33m0.055900000006658956[39m,
  structureTime: [33m0.05259999999543652[39m,
  riverTime: [33m0.06990000000223517[39m,
  totalTime: [33m80.39029999999912[39m
}
Chunk (2, -2) generation metrics: {
  terrainTime: [33m0.33179999998537824[39m,
  biomeTime: [33m78.48460000002524[39m,
  resourceTime: [33m0.10180000000400469[39m,
  structureTime: [33m0.0485999999800697[39m,
  riverTime: [33m0.005399999994551763[39m,
  totalTime: [33m78.98790000000736[39m
}
Chunk (3, -2) generation metrics: {
  terrainTime: [33m0.4949999999953434[39m,
  biomeTime: [33m82.05810000002384[39m,
  resourceTime: [33m0.055500000016763806[39m,
  structureTime: [33m0.046999999991385266[39m,
  riverTime: [33m0.06889999998384155[39m,
  totalTime: [33m82.73960000000079[39m
}
Chunk (-3, -1) generation metrics: {
  terrainTime: [33m0.3230000000039581[39m,
  biomeTime: [33m73.48639999999432[39m,
  resourceTime: [33m0.05890000000363216[39m,
  structureTime: [33m0.05099999997764826[39m,
  riverTime: [33m0.03680000000167638[39m,
  totalTime: [33m73.9716999999946[39m
}
Chunk (-2, -1) generation metrics: {
  terrainTime: [33m0.33940000002621673[39m,
  biomeTime: [33m84.25249999997322[39m,
  resourceTime: [33m0.056799999991199[39m,
  structureTime: [33m0.05220000000554137[39m,
  riverTime: [33m0.07910000000265427[39m,
  totalTime: [33m84.79309999998077[39m
}
Chunk (2, -1) generation metrics: {
  terrainTime: [33m0.3286000000080094[39m,
  biomeTime: [33m79.22179999999935[39m,
  resourceTime: [33m0.0565000000060536[39m,
  structureTime: [33m0.044800000003306195[39m,
  riverTime: [33m0.0033999999868683517[39m,
  totalTime: [33m79.66939999998431[39m
}
Chunk (3, -1) generation metrics: {
  terrainTime: [33m0.3501000000105705[39m,
  biomeTime: [33m86.69180000000051[39m,
  resourceTime: [33m0.10099999999511056[39m,
  structureTime: [33m0.0659999999916181[39m,
  riverTime: [33m0.05970000001252629[39m,
  totalTime: [33m87.28609999999753[39m
}
Chunk (-3, 0) generation metrics: {
  terrainTime: [33m0.5108000000182074[39m,
  biomeTime: [33m72.45339999999851[39m,
  resourceTime: [33m0.05709999997634441[39m,
  structureTime: [33m0.04889999999431893[39m,
  riverTime: [33m0.03029999998398125[39m,
  totalTime: [33m73.11620000001858[39m
}
Chunk (-2, 0) generation metrics: {
  terrainTime: [33m0.33209999999962747[39m,
  biomeTime: [33m78.93040000001201[39m,
  resourceTime: [33m0.05800000001909211[39m,
  structureTime: [33m0.05440000002272427[39m,
  riverTime: [33m0.03539999999338761[39m,
  totalTime: [33m79.42499999998836[39m
}
Chunk (2, 0) generation metrics: {
  terrainTime: [33m0.3625999999931082[39m,
  biomeTime: [33m76.6883000000089[39m,
  resourceTime: [33m0.0572999999858439[39m,
  structureTime: [33m0.04690000001573935[39m,
  riverTime: [33m0.003999999986262992[39m,
  totalTime: [33m77.17449999999371[39m
}
Chunk (3, 0) generation metrics: {
  terrainTime: [33m0.32409999999799766[39m,
  biomeTime: [33m96.1087000000116[39m,
  resourceTime: [33m0.05689999999594875[39m,
  structureTime: [33m0.05760000000009313[39m,
  riverTime: [33m0.0031000000017229468[39m,
  totalTime: [33m96.56359999999404[39m
}
Chunk (-3, 1) generation metrics: {
  terrainTime: [33m0.31959999998798594[39m,
  biomeTime: [33m73.5908000000054[39m,
  resourceTime: [33m0.05689999999594875[39m,
  structureTime: [33m0.04370000000926666[39m,
  riverTime: [33m0.003700000001117587[39m,
  totalTime: [33m74.02760000000126[39m
}
Chunk (-2, 1) generation metrics: {
  terrainTime: [33m0.3225000000093132[39m,
  biomeTime: [33m77.98720000000321[39m,
  resourceTime: [33m0.05700000000069849[39m,
  structureTime: [33m0.04980000000796281[39m,
  riverTime: [33m0.004199999995762482[39m,
  totalTime: [33m78.43430000002263[39m
}
Chunk (2, 1) generation metrics: {
  terrainTime: [33m0.32110000000102445[39m,
  biomeTime: [33m79.7445000000007[39m,
  resourceTime: [33m0.05779999998048879[39m,
  structureTime: [33m0.052899999980581924[39m,
  riverTime: [33m0.003599999996367842[39m,
  totalTime: [33m80.19370000000345[39m
}
Chunk (3, 1) generation metrics: {
  terrainTime: [33m0.31789999999455176[39m,
  biomeTime: [33m71.75190000000293[39m,
  resourceTime: [33m0.05580000000190921[39m,
  structureTime: [33m0.04769999999552965[39m,
  riverTime: [33m0.0046999999904073775[39m,
  totalTime: [33m72.19250000000466[39m
}
Chunk (-3, 2) generation metrics: {
  terrainTime: [33m0.3338999999978114[39m,
  biomeTime: [33m86.36460000000079[39m,
  resourceTime: [33m0.056099999987054616[39m,
  structureTime: [33m0.053899999998975545[39m,
  riverTime: [33m0.0068999999784864485[39m,
  totalTime: [33m86.82849999997416[39m
}
Chunk (-2, 2) generation metrics: {
  terrainTime: [33m0.4694999999774154[39m,
  biomeTime: [33m84.55559999999241[39m,
  resourceTime: [33m0.05720000001019798[39m,
  structureTime: [33m0.047399999981280416[39m,
  riverTime: [33m0.003999999986262992[39m,
  totalTime: [33m85.15109999998822[39m
}
Chunk (-1, 2) generation metrics: {
  terrainTime: [33m0.34570000000530854[39m,
  biomeTime: [33m69.4482999999891[39m,
  resourceTime: [33m0.05809999999473803[39m,
  structureTime: [33m0.04630000001634471[39m,
  riverTime: [33m0.034899999998742715[39m,
  totalTime: [33m69.94810000000871[39m
}
Chunk (0, 2) generation metrics: {
  terrainTime: [33m0.3255000000062864[39m,
  biomeTime: [33m68.9720999999845[39m,
  resourceTime: [33m0.05789999998523854[39m,
  structureTime: [33m0.04979999997885898[39m,
  riverTime: [33m0.1912000000011176[39m,
  totalTime: [33m69.60920000000624[39m
}
Chunk (1, 2) generation metrics: {
  terrainTime: [33m0.327900000003865[39m,
  biomeTime: [33m69.50179999999818[39m,
  resourceTime: [33m0.05739999999059364[39m,
  structureTime: [33m0.035300000017741695[39m,
  riverTime: [33m0.0044000000052619725[39m,
  totalTime: [33m69.93840000001364[39m
}
Chunk (2, 2) generation metrics: {
  terrainTime: [33m0.32200000001466833[39m,
  biomeTime: [33m83.34839999998803[39m,
  resourceTime: [33m0.09130000000004657[39m,
  structureTime: [33m0.06009999997331761[39m,
  riverTime: [33m0.005700000008800998[39m,
  totalTime: [33m83.84309999999823[39m
}
Chunk (3, 2) generation metrics: {
  terrainTime: [33m0.45630000001983717[39m,
  biomeTime: [33m75.28469999998924[39m,
  resourceTime: [33m0.1098000000056345[39m,
  structureTime: [33m0.07079999998677522[39m,
  riverTime: [33m0.005499999999301508[39m,
  totalTime: [33m75.94740000000456[39m
}
Chunk (-3, 3) generation metrics: {
  terrainTime: [33m0.498699999996461[39m,
  biomeTime: [33m76.74249999999302[39m,
  resourceTime: [33m0.05619999999180436[39m,
  structureTime: [33m0.04879999998956919[39m,
  riverTime: [33m0.1300000000046566[39m,
  totalTime: [33m77.49040000000969[39m
}
Chunk (-2, 3) generation metrics: {
  terrainTime: [33m0.4947999999858439[39m,
  biomeTime: [33m91.7158000000054[39m,
  resourceTime: [33m0.05970000001252629[39m,
  structureTime: [33m0.05040000000735745[39m,
  riverTime: [33m0.003700000001117587[39m,
  totalTime: [33m92.34659999998985[39m
}
Chunk (-1, 3) generation metrics: {
  terrainTime: [33m0.4539999999979045[39m,
  biomeTime: [33m92.04060000000754[39m,
  resourceTime: [33m0.05689999999594875[39m,
  structureTime: [33m0.04890000002342276[39m,
  riverTime: [33m0.043800000014016405[39m,
  totalTime: [33m92.66029999998864[39m
}
Chunk (0, 3) generation metrics: {
  terrainTime: [33m0.34879999997792765[39m,
  biomeTime: [33m83.72829999998794[39m,
  resourceTime: [33m0.09700000000884756[39m,
  structureTime: [33m0.05660000001080334[39m,
  riverTime: [33m0.06070000000181608[39m,
  totalTime: [33m84.30799999998999[39m
}
Chunk (1, 3) generation metrics: {
  terrainTime: [33m0.48320000001695007[39m,
  biomeTime: [33m90.95300000000861[39m,
  resourceTime: [33m0.055500000016763806[39m,
  structureTime: [33m0.056299999996554106[39m,
  riverTime: [33m0.003599999996367842[39m,
  totalTime: [33m91.56549999999697[39m
}
Chunk (2, 3) generation metrics: {
  terrainTime: [33m0.31560000000172295[39m,
  biomeTime: [33m74.75239999999758[39m,
  resourceTime: [33m0.05560000002151355[39m,
  structureTime: [33m0.05009999999310821[39m,
  riverTime: [33m0.0040000000153668225[39m,
  totalTime: [33m75.19190000000526[39m
}
Chunk (3, 3) generation metrics: {
  terrainTime: [33m0.3281999999890104[39m,
  biomeTime: [33m76.89520000002813[39m,
  resourceTime: [33m0.09700000000884756[39m,
  structureTime: [33m0.06570000000647269[39m,
  riverTime: [33m0.005000000004656613[39m,
  totalTime: [33m77.40770000001066[39m
}
Loaded 40 chunks in 3243.68ms

[90mstdout[2m | demo/src/core/DemoApp.lod.integration.test.ts[2m > [22m[2mDemoApp - LOD System Integration[2m > [22m[2mLOD Statistics Display (Requirement 7.5)[2m > [22m[2mshould display count of chunks at each LOD level[22m[39m
DemoApp initialized successfully
Chunk (-1, -1) generation metrics: {
  terrainTime: [33m0.3254000000015367[39m,
  biomeTime: [33m68.12119999999413[39m,
  resourceTime: [33m0.06270000000949949[39m,
  structureTime: [33m0.046399999991990626[39m,
  riverTime: [33m0.059600000007776543[39m,
  totalTime: [33m68.62949999998091[39m
}
Chunk (0, -1) generation metrics: {
  terrainTime: [33m0.32500000001164153[39m,
  biomeTime: [33m71.51959999999963[39m,
  resourceTime: [33m0.05739999999059364[39m,
  structureTime: [33m0.04789999997592531[39m,
  riverTime: [33m0.0037999999767635018[39m,
  totalTime: [33m71.97010000000591[39m
}
Chunk (1, -1) generation metrics: {
  terrainTime: [33m0.32750000001396984[39m,
  biomeTime: [33m89.22370000000228[39m,
  resourceTime: [33m0.10320000001229346[39m,
  structureTime: [33m0.05880000002798624[39m,
  riverTime: [33m0.02950000000419095[39m,
  totalTime: [33m89.75829999998678[39m
}
Chunk (-1, 0) generation metrics: {
  terrainTime: [33m0.9519000000145752[39m,
  biomeTime: [33m78.77909999998519[39m,
  resourceTime: [33m0.05540000001201406[39m,
  structureTime: [33m0.05540000001201406[39m,
  riverTime: [33m0.05879999999888241[39m,
  totalTime: [33m79.91649999999208[39m
}
Chunk (0, 0) generation metrics: {
  terrainTime: [33m0.3341000000073109[39m,
  biomeTime: [33m77.71109999998589[39m,
  resourceTime: [33m0.09969999999157153[39m,
  structureTime: [33m0.055300000007264316[39m,
  riverTime: [33m0.005499999999301508[39m,
  totalTime: [33m78.2210999999952[39m
}
Chunk (1, 0) generation metrics: {
  terrainTime: [33m0.484599999996135[39m,
  biomeTime: [33m73.48419999997714[39m,
  resourceTime: [33m0.10019999998621643[39m,
  structureTime: [33m0.060999999986961484[39m,
  riverTime: [33m0.005000000004656613[39m,
  totalTime: [33m74.15170000001672[39m
}
Chunk (-1, 1) generation metrics: {
  terrainTime: [33m0.3301000000210479[39m,
  biomeTime: [33m74.66769999999087[39m,
  resourceTime: [33m0.05499999999301508[39m,
  structureTime: [33m0.045199999993201345[39m,
  riverTime: [33m0.0039000000106170774[39m,
  totalTime: [33m75.11630000002333[39m
}
Chunk (0, 1) generation metrics: {
  terrainTime: [33m0.3209999999962747[39m,
  biomeTime: [33m95.54839999999967[39m,
  resourceTime: [33m0.055900000006658956[39m,
  structureTime: [33m0.04490000000805594[39m,
  riverTime: [33m0.004300000000512227[39m,
  totalTime: [33m96.01810000001569[39m
}
Chunk (1, 1) generation metrics: {
  terrainTime: [33m0.32850000000325963[39m,
  biomeTime: [33m83.64660000000731[39m,
  resourceTime: [33m0.05440000002272427[39m,
  structureTime: [33m0.09979999999632128[39m,
  riverTime: [33m0.003599999996367842[39m,
  totalTime: [33m84.14660000000731[39m
}
Loaded 9 chunks in 719.26ms
World generated with seed: 12345

[90mstdout[2m | demo/src/core/DemoApp.lod.integration.test.ts[2m > [22m[2mDemoApp - LOD System Integration[2m > [22m[2mLOD Statistics Display (Requirement 7.5)[2m > [22m[2mshould update LOD statistics when chunks are loaded[22m[39m
DemoApp initialized successfully
Chunk (-1, -1) generation metrics: {
  terrainTime: [33m0.3331000000180211[39m,
  biomeTime: [33m69.9539999999979[39m,
  resourceTime: [33m0.05749999999534339[39m,
  structureTime: [33m0.034899999998742715[39m,
  riverTime: [33m0.06909999999334104[39m,
  totalTime: [33m70.46119999999064[39m
}
Chunk (0, -1) generation metrics: {
  terrainTime: [33m0.3242000000027474[39m,
  biomeTime: [33m81.23079999999027[39m,
  resourceTime: [33m0.10300000000279397[39m,
  structureTime: [33m0.06030000001192093[39m,
  riverTime: [33m0.005999999993946403[39m,
  totalTime: [33m81.73910000000615[39m
}
Chunk (1, -1) generation metrics: {
  terrainTime: [33m0.4940000000060536[39m,
  biomeTime: [33m82.98070000001462[39m,
  resourceTime: [33m0.05520000000251457[39m,
  structureTime: [33m0.05049999998300336[39m,
  riverTime: [33m0.022599999996600673[39m,
  totalTime: [33m83.61920000001555[39m
}
Chunk (-1, 0) generation metrics: {
  terrainTime: [33m0.3288999999931548[39m,
  biomeTime: [33m73.45290000000386[39m,
  resourceTime: [33m0.055300000007264316[39m,
  structureTime: [33m0.05579999997280538[39m,
  riverTime: [33m0.06289999998989515[39m,
  totalTime: [33m73.96940000000177[39m
}
Chunk (0, 0) generation metrics: {
  terrainTime: [33m0.3267000000050757[39m,
  biomeTime: [33m77.00969999999506[39m,
  resourceTime: [33m0.05700000000069849[39m,
  structureTime: [33m0.033500000019557774[39m,
  riverTime: [33m0.004599999985657632[39m,
  totalTime: [33m77.44450000001234[39m
}
Chunk (1, 0) generation metrics: {
  terrainTime: [33m0.32110000000102445[39m,
  biomeTime: [33m91.73919999998179[39m,
  resourceTime: [33m0.05789999998523854[39m,
  structureTime: [33m0.050900000002002344[39m,
  riverTime: [33m0.004099999991012737[39m,
  totalTime: [33m92.18700000000536[39m
}
Chunk (-1, 1) generation metrics: {
  terrainTime: [33m0.3283999999985099[39m,
  biomeTime: [33m85.80039999997825[39m,
  resourceTime: [33m0.06149999998160638[39m,
  structureTime: [33m0.04910000000381842[39m,
  riverTime: [33m0.004499999980907887[39m,
  totalTime: [33m86.25810000000638[39m
}
Chunk (0, 1) generation metrics: {
  terrainTime: [33m0.33179999998537824[39m,
  biomeTime: [33m79.58350000000792[39m,
  resourceTime: [33m0.0650000000023283[39m,
  structureTime: [33m0.09910000002128072[39m,
  riverTime: [33m0.005799999984446913[39m,
  totalTime: [33m80.10109999999986[39m
}
Chunk (1, 1) generation metrics: {
  terrainTime: [33m0.4882999999972526[39m,
  biomeTime: [33m90.67739999998594[39m,
  resourceTime: [33m0.10839999999734573[39m,
  structureTime: [33m0.05879999999888241[39m,
  riverTime: [33m0.005499999999301508[39m,
  totalTime: [33m91.35950000002049[39m
}
Loaded 9 chunks in 738.58ms
World generated with seed: 12345

[90mstdout[2m | demo/src/core/DemoApp.lod.integration.test.ts[2m > [22m[2mDemoApp - LOD System Integration[2m > [22m[2mLOD Statistics Display (Requirement 7.5)[2m > [22m[2mshould update LOD statistics when camera moves[22m[39m
DemoApp initialized successfully
Chunk (-1, -1) generation metrics: {
  terrainTime: [33m0.5020000000076834[39m,
  biomeTime: [33m88.95750000001863[39m,
  resourceTime: [33m0.10250000000814907[39m,
  structureTime: [33m0.0590000000083819[39m,
  riverTime: [33m0.13980000000447035[39m,
  totalTime: [33m89.77969999998459[39m
}
Chunk (0, -1) generation metrics: {
  terrainTime: [33m0.5627999999851454[39m,
  biomeTime: [33m72.1710000000021[39m,
  resourceTime: [33m0.056799999991199[39m,
  structureTime: [33m0.052700000000186265[39m,
  riverTime: [33m0.004300000000512227[39m,
  totalTime: [33m72.86490000001504[39m
}
Chunk (1, -1) generation metrics: {
  terrainTime: [33m0.34000000002561137[39m,
  biomeTime: [33m77.80050000001211[39m,
  resourceTime: [33m0.056099999987054616[39m,
  structureTime: [33m0.03960000001825392[39m,
  riverTime: [33m0.022300000011455268[39m,
  totalTime: [33m78.27100000000792[39m
}
Chunk (-1, 0) generation metrics: {
  terrainTime: [33m0.33030000000144355[39m,
  biomeTime: [33m66.98430000001099[39m,
  resourceTime: [33m0.0587000000232365[39m,
  structureTime: [33m0.06229999999050051[39m,
  riverTime: [33m0.0602999999828171[39m,
  totalTime: [33m67.51279999999679[39m
}
Chunk (0, 0) generation metrics: {
  terrainTime: [33m0.33050000001094304[39m,
  biomeTime: [33m70.93929999999818[39m,
  resourceTime: [33m0.05910000001313165[39m,
  structureTime: [33m0.0595000000030268[39m,
  riverTime: [33m0.004600000014761463[39m,
  totalTime: [33m71.40849999999045[39m
}
Chunk (1, 0) generation metrics: {
  terrainTime: [33m0.33209999999962747[39m,
  biomeTime: [33m89.68559999999707[39m,
  resourceTime: [33m0.05539999998291023[39m,
  structureTime: [33m0.05199999999604188[39m,
  riverTime: [33m0.004300000000512227[39m,
  totalTime: [33m90.1420999999973[39m
}
Chunk (-1, 1) generation metrics: {
  terrainTime: [33m0.3334000000031665[39m,
  biomeTime: [33m70.99130000002333[39m,
  resourceTime: [33m0.056099999987054616[39m,
  structureTime: [33m0.04980000000796281[39m,
  riverTime: [33m0.004599999985657632[39m,
  totalTime: [33m71.44920000000275[39m
}
Chunk (0, 1) generation metrics: {
  terrainTime: [33m0.3161000000254717[39m,
  biomeTime: [33m79.26069999998435[39m,
  resourceTime: [33m0.055900000006658956[39m,
  structureTime: [33m0.0478000000002794[39m,
  riverTime: [33m0.0044000000052619725[39m,
  totalTime: [33m79.69940000001225[39m
}
Chunk (1, 1) generation metrics: {
  terrainTime: [33m0.3260000000009313[39m,
  biomeTime: [33m70.49669999998878[39m,
  resourceTime: [33m0.05739999999059364[39m,
  structureTime: [33m0.055300000007264316[39m,
  riverTime: [33m0.004899999999906868[39m,
  totalTime: [33m70.95510000002105[39m
}
Loaded 9 chunks in 693.50ms
World generated with seed: 12345

 [32mтЬУ[39m tests/property/chunk-interior-biome-preservation.property.test.ts [2m ([22m[2m6 tests[22m[2m)[22m[33m 145310[2mms[22m[39m
 [32mтЬУ[39m tests/property/chunk-manager.property.test.ts [2m ([22m[2m10 tests[22m[2m)[22m[33m 215886[2mms[22m[39m

[2m Test Files [22m [1m[32m92 passed[39m[22m[2m | [22m[33m2 skipped[39m[90m (94)[39m
[2m      Tests [22m [1m[32m1682 passed[39m[22m[2m | [22m[33m35 skipped[39m[90m (1717)[39m
[2m   Start at [22m 23:37:41
[2m   Duration [22m 265.57s[2m (transform 4.21s, setup 11ms, collect 21.21s, tests 1182.84s, environment 40.49s, prepare 28.83s)[22m

